%LC清佳・蛍
%LC清佳・蛍
「ゆーびきりげーんまん、\n　うそついたら、はりせーんぼんのーますっ」%K%P
「유비키리게은만, \n 거짓말을 하면, 하리세은본노마슷」%K%P
%LC清佳
%LC清佳
「えへへ、約束よ、蛍？\n　絶対のぜーったいにまた会いにきてねっ？」%K%P
「えへへ、約束よ、蛍？\n　絶対のぜーったいにまた会いにきてねっ？」%K%P
%LC蛍
%LC蛍
「うんっ、必ずここへ戻ってくるっ。\n　清佳ちゃんに会いに、戻ってくるからっ」%K%P
「うんっ、必ずここへ戻ってくるっ。\n　清佳ちゃんに会いに、戻ってくるからっ」%K%P
色とりどりの花が咲き誇る中、\n誓いの言葉を交わす。%K%P
色とりどりの花が咲き誇る中、\n誓いの言葉を交わす。%K%P
目の前の、大好きな女の子の笑顔を見つめながら、\n痛いくらいに小指を絡ませ合ってゆびきりをする。%K%P
目の前の、大好きな女の子の笑顔を見つめながら、\n痛いくらいに小指を絡ませ合ってゆびきりをする。%K%P
そして大切な約束を心に刻みつけるように――%K%P
そして大切な約束を心に刻みつけるように――%K%P
%LC清佳・蛍
%LC清佳・蛍
「ゆーびきったっ！」%K%P
「ゆーびきったっ！」%K%P
めいっぱい強く――ゆびをきった。%K%P
めいっぱい強く――ゆびをきった。%K%P
%LC清佳
%LC清佳
「ふふ。あまりにも帰ってくるのが遅かったら\n　私から会いに行っちゃうから」%K%P
「ふふ。あまりにも帰ってくるのが遅かったら\n　私から会いに行っちゃうから」%K%P
%LC清佳
%LC清佳
「だから絶対にまた――ひっくっ……！\n　嘘ついたら、ひっく、針千本なんだからねっ……！」%K%P
「だから絶対にまた――ひっくっ……！\n　嘘ついたら、ひっく、針千本なんだからねっ……！」%K%P
%LC蛍
%LC蛍
「っっ。うんっ……！」%K%P
「っっ。うんっ……！」%K%P
%LC清佳
%LC清佳
「約束よっ？　約束だからねっ……？」%K%P
「約束よっ？　約束だからねっ……？」%K%P
%LC蛍
%LC蛍
「うんっ…………！」%K%P
「うんっ…………！」%K%P
涙ながらに訴えてくれる清佳ちゃんに、\nわたしも力いっぱい頷き返して誓う。%K%P
涙ながらに訴えてくれる清佳ちゃんに、\nわたしも力いっぱい頷き返して誓う。%K%P
ゆびきりの約束を。再会の約束を。%K%P
ゆびきりの約束を。再会の約束を。%K%P
でも……「嘘ついたら針千本」というのなら、\nわたしは今すぐにでも飲まなくちゃいけない。%K%P
でも……「嘘ついたら針千本」というのなら、\nわたしは今すぐにでも飲まなくちゃいけない。%K%P
だってわたしは……ううん。『僕』は――%K%P
だってわたしは……ううん。『僕』は――%K%P
僕は、ずっと彼女に嘘をつき続けているんだから。%K%P
僕は、ずっと彼女に嘘をつき続けているんだから。%K%P
