………………%K%P
………………%K%P
…………%K%P
…………%K%P
……%K%P
……%K%P
%LC春樹
%LC春樹
「ん……」%K%P
「ん……」%K%P
頭が重い……。な、何が起こったんだっけ……？%K%P
頭が重い……。な、何が起こったんだっけ……？%K%P
そうだ……。登校中に清佳ちゃんが突然現れて……。%K%P
そうだ……。登校中に清佳ちゃんが突然現れて……。%K%P
車に乗り込んだ途端、猛烈な眠気が襲ってきて……。%K%P
車に乗り込んだ途端、猛烈な眠気が襲ってきて……。%K%P
起き上がろうとするけれど、\n身体が一切合切動かない。%K%P
起き上がろうとするけれど、\n身体が一切合切動かない。%K%P
身じろぎしても縄の軋む音が\n聞こえるばかりで――って、縄……？%K%P
身じろぎしても縄の軋む音が\n聞こえるばかりで――って、縄……？%K%P
%LC愛
%LC愛
「あ、清佳様ぁ〜。春樹さんが\n　目を覚ましたみたいですよぉ？」%K%P
「あ、清佳様ぁ〜。春樹さんが\n　目を覚ましたみたいですよぉ？」%K%P
%LC清佳
%LC清佳
「ふふ。無駄な抵抗はやめなさい？\n　ま、抵抗自体が無駄だろうけど」%K%P
「ふふ。無駄な抵抗はやめなさい？\n　ま、抵抗自体が無駄だろうけど」%K%P
目の前から二人の声が聞こえてくる。%K%P
目の前から二人の声が聞こえてくる。%K%P
恐る恐る目を開けてみると――%K%P
恐る恐る目を開けてみると――%K%P
%LC春樹
%LC春樹
「ななな、何これぇぇえええっっ〜〜！！？」%K%P
「ななな、何これぇぇえええっっ〜〜！！？」%K%P
椅子の上に縄でぐるぐる巻きにされて……！！？\nこんなのフィクションの世界でしか見たことないよ！！%K%P
椅子の上に縄でぐるぐる巻きにされて……！！？\nこんなのフィクションの世界でしか見たことないよ！！%K%P
%LC愛
%LC愛
「騙してごめんね〜先輩♪　流石の愛もぉ\n　身体を安売りするつもりは毛頭ないんで〜」%K%P
「騙してごめんね〜先輩♪　流石の愛もぉ\n　身体を安売りするつもりは毛頭ないんで〜」%K%P
%LC清佳
%LC清佳
「いくら騒いでも助けは来ないわよ？\n　ここ、使われていない体育倉庫だから」%K%P
「いくら騒いでも助けは来ないわよ？\n　ここ、使われていない体育倉庫だから」%K%P
%LC春樹
%LC春樹
「ま、待って……！？　これはどういうこと……！？\n　ぼ――俺に何をするつもり！？」%K%P
「ま、待って……！？　これはどういうこと……！？\n　ぼ――俺に何をするつもり！？」%K%P
%LC清佳
%LC清佳
「ふふふ、怖がらなくてもいいわ。\n　言ったでしょ？　蛍について話を聞きたいだけよ」%K%P
「ふふふ、怖がらなくてもいいわ。\n　言ったでしょ？　蛍について話を聞きたいだけよ」%K%P
%LC清佳
%LC清佳
「ただ……素直に話さないようなら、\n　それ相応の責め苦は覚悟してもらうけれどね？」%K%P
「ただ……素直に話さないようなら、\n　それ相応の責め苦は覚悟してもらうけれどね？」%K%P
完全に尋問じゃん！？%K%P
完全に尋問じゃん！？%K%P
%LC春樹
%LC春樹
「こんなことしなくても話すってば……！\n　俺は本当に清佳さんの力になろうと思って……！」%K%P
「こんなことしなくても話すってば……！\n　俺は本当に清佳さんの力になろうと思って……！」%K%P
%LC清佳
%LC清佳
「悪いけど、その手には乗らないわ。\n　善人のフリをして近づいてくる輩を\n　今まで何十人と見てきたんだから」%K%P
「悪いけど、その手には乗らないわ。\n　善人のフリをして近づいてくる輩を\n　今まで何十人と見てきたんだから」%K%P
%LC清佳
%LC清佳
「そうでなくてもあなたには恥をかかせちゃったしね。\n　私が恨まれていることは誰の目から見ても明らかだもの」%K%P
「そうでなくてもあなたには恥をかかせちゃったしね。\n　私が恨まれていることは誰の目から見ても明らかだもの」%K%P
%LC清佳
%LC清佳
「なら仕返しに間違った情報を寄越して、\n　私と蛍の仲をより深く瓦解させようとしても……ええ。\n　全くおかしくはないわ」%K%P
「なら仕返しに間違った情報を寄越して、\n　私と蛍の仲をより深く瓦解させようとしても……ええ。\n　全くおかしくはないわ」%K%P
%LC春樹
%LC春樹
「そんなつもりは一切ないから！！」%K%P
「そんなつもりは一切ないから！！」%K%P
%LC清佳
%LC清佳
「信用できないわ。口ではどうとでも言えるもの」%K%P
「信用できないわ。口ではどうとでも言えるもの」%K%P
ぴしゃりと清佳ちゃんに言いのけられる。\n……僕の信頼度は相当低いみたいだ。%K%P
ぴしゃりと清佳ちゃんに言いのけられる。\n……僕の信頼度は相当低いみたいだ。%K%P
%LC清佳
%LC清佳
「そ、それで……どこまで蛍に聞いたの？」%K%P
「そ、それで……どこまで蛍に聞いたの？」%K%P
%LC春樹
%LC春樹
「へ？　な、何を？」%K%P
「へ？　な、何を？」%K%P
%LC清佳
%LC清佳
「だから昨日のことよ……！！\n　あなた、言ってたわよねっ？\n　昨日の話を蛍から聞いたって……！！」%K%P
「だから昨日のことよ……！！\n　あなた、言ってたわよねっ？\n　昨日の話を蛍から聞いたって……！！」%K%P
%LC清佳
%LC清佳
「いったい蛍はなんて言ってたの……！？\n　怒ってた……？　私のこと愚痴ってた……！？」%K%P
「いったい蛍はなんて言ってたの……！？\n　怒ってた……？　私のこと愚痴ってた……！？」%K%P
%LC清佳
%LC清佳
「春樹くんに相談しちゃうくらいだもんね……！\n　きっと私のこと嫌いになっちゃったわよね……！」%K%P
「春樹くんに相談しちゃうくらいだもんね……！\n　きっと私のこと嫌いになっちゃったわよね……！」%K%P
%LC愛
%LC愛
「元々好かれていたのかもわかりませんけどね♪」%K%P
「元々好かれていたのかもわかりませんけどね♪」%K%P
%LC清佳
%LC清佳
「ぐふっ！？」%K%P
「ぐふっ！？」%K%P
%LC愛
%LC愛
「昨夜の清佳様ってば、超避けられてましたもん。\n　ま〜当然ですよねー。めちゃウザムーブしてましたし」%K%P
「昨夜の清佳様ってば、超避けられてましたもん。\n　ま〜当然ですよねー。めちゃウザムーブしてましたし」%K%P
%LC清佳
%LC清佳
「はぅ！！？」%K%P
「はぅ！！？」%K%P
%LC愛
%LC愛
「まるでメンヘラみたいでしたよぉ〜？\n　蛍さんにどうこうっていう以前にぃ、\n　人間として老若男女に嫌われる感じって言いますかぁ？」%K%P
「まるでメンヘラみたいでしたよぉ〜？\n　蛍さんにどうこうっていう以前にぃ、\n　人間として老若男女に嫌われる感じって言いますかぁ？」%K%P
%LC清佳
%LC清佳
「ううっ、うぅぅぅ〜〜……！！」%K%P
「ううっ、うぅぅぅ〜〜……！！」%K%P
%LC春樹
%LC春樹
「ちょっ、やめてあげて愛さん……！！\n　清佳さんが大泣きしちゃってるから……！！」%K%P
「ちょっ、やめてあげて愛さん……！！\n　清佳さんが大泣きしちゃってるから……！！」%K%P
%LC愛
%LC愛
「あはは、気づきませんでしたぁ♪\n　まぁまぁ元気出して下さい、清佳様。\n　昨日も帰ってから散々泣きわめいてたじゃないですか」%K%P
「あはは、気づきませんでしたぁ♪\n　まぁまぁ元気出して下さい、清佳様。\n　昨日も帰ってから散々泣きわめいてたじゃないですか」%K%P
%LC愛
%LC愛
「まるで赤子の夜泣きみたいでウザ――もとい、\n　可愛かったですよぉ？　おかげで愛は寝不足で〜す」%K%P
「まるで赤子の夜泣きみたいでウザ――もとい、\n　可愛かったですよぉ？　おかげで愛は寝不足で〜す」%K%P
%LC清佳
%LC清佳
「ここぞとばかりに仕返ししてくるんじゃないわよ！？\n　昨日は愛にも悪かったと思ってるわよぉ……！！」%K%P
「ここぞとばかりに仕返ししてくるんじゃないわよ！？\n　昨日は愛にも悪かったと思ってるわよぉ……！！」%K%P
%LC愛
%LC愛
「うわ。マジ泣きしちゃってますね。\n　せっかくの綺麗なお顔が台無しですよ？」%K%P
「うわ。マジ泣きしちゃってますね。\n　せっかくの綺麗なお顔が台無しですよ？」%K%P
%LC清佳
%LC清佳
「あなたの、ひっく、せいでしょうに……！！\n　このドＳメイドぉ……！！」%K%P
「あなたの、ひっく、せいでしょうに……！！\n　このドＳメイドぉ……！！」%K%P
……どうして清佳ちゃんは\n愛さんを自分の使用人に選んだんだろう。%K%P
……どうして清佳ちゃんは\n愛さんを自分の使用人に選んだんだろう。%K%P
%LC春樹
%LC春樹
「あ、安心して。蛍は全然怒ってなかったから」%K%P
「あ、安心して。蛍は全然怒ってなかったから」%K%P
%LC清佳
%LC清佳
「ぐすっ……。ホ、ホント……？」%K%P
「ぐすっ……。ホ、ホント……？」%K%P
%LC春樹
%LC春樹
「う、うん。むしろ後悔してたよ……？\n　清佳さんを避けちゃったこと……」%K%P
「う、うん。むしろ後悔してたよ……？\n　清佳さんを避けちゃったこと……」%K%P
%LC清佳
%LC清佳
「そ……そうなんだ……」%K%P
「そ……そうなんだ……」%K%P
%LC愛
%LC愛
「あ。やっぱり避けられたのは避けられてたんですね♪」%K%P
「あ。やっぱり避けられたのは避けられてたんですね♪」%K%P
%LC清佳
%LC清佳
「うぅ〜……！　ふえぇぇっっ〜〜……！！」%K%P
「うぅ〜……！　ふえぇぇっっ〜〜……！！」%K%P
%LC春樹
%LC春樹
「余計な茶々を入れないで！？」%K%P
「余計な茶々を入れないで！？」%K%P
%LC清佳
%LC清佳
「いいのっ、当然だもん……！\n　私、蛍に嫌われるようなことばっかりしてたし……！」%K%P
「いいのっ、当然だもん……！\n　私、蛍に嫌われるようなことばっかりしてたし……！」%K%P
%LC清佳
%LC清佳
「その上、昨日は押しかけていったクセに、\n　めちゃくちゃ感じ悪く出て行っちゃって……！\n　避けられても、ひっく、仕方なくて……！」%K%P
「その上、昨日は押しかけていったクセに、\n　めちゃくちゃ感じ悪く出て行っちゃって……！\n　避けられても、ひっく、仕方なくて……！」%K%P
%LC春樹
%LC春樹
「そ、そんなことないって……！！\n　蛍は、そのっ。仲直りしたいって言ってたよ！」%K%P
「そ、そんなことないって……！！\n　蛍は、そのっ。仲直りしたいって言ってたよ！」%K%P
%LC清佳
%LC清佳
「ほ、蛍が……？」%K%P
「ほ、蛍が……？」%K%P
%LC春樹
%LC春樹
「うんっ……！　だから安心して……！！」%K%P
「うんっ……！　だから安心して……！！」%K%P
%LC清佳
%LC清佳
「春樹くん……」%K%P
「春樹くん……」%K%P
%LC愛
%LC愛
「仲違いしたとは蛍さんも\n　感じていらっしゃったんですね♪」%K%P
「仲違いしたとは蛍さんも\n　感じていらっしゃったんですね♪」%K%P
%LC清佳
%LC清佳
「ふえぇぇんんっっ〜〜！！」%K%P
「ふえぇぇんんっっ〜〜！！」%K%P
%LC春樹
%LC春樹
「愛さんはもう喋らないで！？\n　話が進まないから！！」%K%P
「愛さんはもう喋らないで！？\n　話が進まないから！！」%K%P
%LC愛
%LC愛
「あらら、怒られちゃいました」%K%P
「あらら、怒られちゃいました」%K%P
あっけらかんと愛さんが笑って応える。\n……今更だけど相当ドＳだよね、この人。%K%P
あっけらかんと愛さんが笑って応える。\n……今更だけど相当ドＳだよね、この人。%K%P
%LC清佳
%LC清佳
「いいえ、ひっく……！　ナイスだわ、愛……！\n　おかげで、ぐすっ、少し冷静になれた……！」%K%P
「いいえ、ひっく……！　ナイスだわ、愛……！\n　おかげで、ぐすっ、少し冷静になれた……！」%K%P
すると清佳ちゃんはグイっと目尻を拭って――%K%P
すると清佳ちゃんはグイっと目尻を拭って――%K%P
%LC清佳
%LC清佳
「思えば……これも罠かもしれないものね。\n　春樹くんの言葉が真実だという証拠はないもの」%K%P
「思えば……これも罠かもしれないものね。\n　春樹くんの言葉が真実だという証拠はないもの」%K%P
%LC春樹
%LC春樹
「ほ、本当だってば！　信じてよ……！！」%K%P
「ほ、本当だってば！　信じてよ……！！」%K%P
%LC清佳
%LC清佳
「なら教えなさい。蛍と仲直りする方法を」%K%P
「なら教えなさい。蛍と仲直りする方法を」%K%P
%LC清佳
%LC清佳
「もし間違った方法を言って、より蛍との仲が\n　こじれるようなことがあれば――」%K%P
「もし間違った方法を言って、より蛍との仲が\n　こじれるようなことがあれば――」%K%P
%LC春樹
%LC春樹
「あ、あれば……？」%K%P
「あ、あれば……？」%K%P
%LC清佳
%LC清佳
「ふふ。ご想像にお任せするわ」%K%P
「ふふ。ご想像にお任せするわ」%K%P
逆に怖いんだけど！？%K%P
逆に怖いんだけど！？%K%P
%LC清佳
%LC清佳
「さぁ吐きなさい！　どうすれば蛍の機嫌を取れるの！？\n　蛍の好きなものは？　好みの性格は？\n　逆に嫌いなものは？　スリーサイズは！？」%K%P
「さぁ吐きなさい！　どうすれば蛍の機嫌を取れるの！？\n　蛍の好きなものは？　好みの性格は？\n　逆に嫌いなものは？　スリーサイズは！？」%K%P
%LC清佳
%LC清佳
「恋敵にこんなことを聞くのは癪だけど……！\n　あなたの方が蛍と付き合いは長いわ……！\n　どんな些細なことでもいいから吐きなさい！」%K%P
「恋敵にこんなことを聞くのは癪だけど……！\n　あなたの方が蛍と付き合いは長いわ……！\n　どんな些細なことでもいいから吐きなさい！」%K%P
%LC春樹
%LC春樹
「わ、わかった！　わかったって！！\n　そもそも俺は最初から話すって言って――」%K%P
「わ、わかった！　わかったって！！\n　そもそも俺は最初から話すって言って――」%K%P
%LC清佳
%LC清佳
「だから素直すぎて信用できないって言ってるの！！\n　あなたには無条件に私と蛍の\n　仲を取り持つメリットがないじゃない！！」%K%P
「だから素直すぎて信用できないって言ってるの！！\n　あなたには無条件に私と蛍の\n　仲を取り持つメリットがないじゃない！！」%K%P
%LC春樹
%LC春樹
「ならどうすれば信じてもらえるのさ！？」%K%P
「ならどうすれば信じてもらえるのさ！？」%K%P
これじゃあ何を話しても信じてもらえそうにない。\n一体どうすれば――%K%P
これじゃあ何を話しても信じてもらえそうにない。\n一体どうすれば――%K%P
%LC愛
%LC愛
「あ、清佳様。お昼休み終わっちゃいますよ〜？」%K%P
「あ、清佳様。お昼休み終わっちゃいますよ〜？」%K%P
%LC清佳
%LC清佳
「そんなことどうだっていいわ！\n　今は蛍の情報を――」%K%P
「そんなことどうだっていいわ！\n　今は蛍の情報を――」%K%P
%LC愛
%LC愛
「情報なら愛が聞き出しておきますから〜。\n　ぶっちゃけぇ清佳様がいると話が進みませんし」%K%P
「情報なら愛が聞き出しておきますから〜。\n　ぶっちゃけぇ清佳様がいると話が進みませんし」%K%P
%LC春樹
%LC春樹
「あ、愛さんも邪魔してきてたような……」%K%P
「あ、愛さんも邪魔してきてたような……」%K%P
%LC愛
%LC愛
「はい？」%K%P
「はい？」%K%P
%LC春樹
%LC春樹
「なんでもありません！」%K%P
「なんでもありません！」%K%P
というか昼休みって言った？\nいったい僕は何時間眠らされて……！？%K%P
というか昼休みって言った？\nいったい僕は何時間眠らされて……！？%K%P
%LC清佳
%LC清佳
「……そうね。愛の方がそういうのは上手そうだし。\n　これ以上授業をサボるとメンツも立たないものね」%K%P
「……そうね。愛の方がそういうのは上手そうだし。\n　これ以上授業をサボるとメンツも立たないものね」%K%P
%LC清佳
%LC清佳
「わかった。でも必ず聞き出すのよ。\n　どんなことをしても仲直りの方法を探りなさい！」%K%P
「わかった。でも必ず聞き出すのよ。\n　どんなことをしても仲直りの方法を探りなさい！」%K%P
%LC愛
%LC愛
「はいはーい」%K%P
「はいはーい」%K%P
そうして清佳ちゃんが立ち去る。\n僕、転校してから皆勤賞だったのに……。%K%P
そうして清佳ちゃんが立ち去る。\n僕、転校してから皆勤賞だったのに……。%K%P
%LC愛
%LC愛
「さて、と。うふふ、どう聞き出しちゃいましょうかね〜」%K%P
「さて、と。うふふ、どう聞き出しちゃいましょうかね〜」%K%P
%LC愛
%LC愛
「先輩はぁ、どんな拷問がお好きですかぁ？\n　痛いのですかぁ？　気持ちいいのですかぁ？」%K%P
「先輩はぁ、どんな拷問がお好きですかぁ？\n　痛いのですかぁ？　気持ちいいのですかぁ？」%K%P
そしてまだ危機は去ってない！\nむしろ、清佳ちゃんがいた方がマシだったかも！！%K%P
そしてまだ危機は去ってない！\nむしろ、清佳ちゃんがいた方がマシだったかも！！%K%P
%LC愛
%LC愛
「――なーんて。冗談ですよ、冗談」%K%P
「――なーんて。冗談ですよ、冗談」%K%P
%LC春樹
%LC春樹
「へ？」%K%P
「へ？」%K%P
愛さんが縄を解いて自由にしてくれる。%K%P
愛さんが縄を解いて自由にしてくれる。%K%P
%LC愛
%LC愛
「朝から災難でしたねぇ、先輩。\n　けど、できれば清佳様のこと嫌わないであげて下さい」%K%P
「朝から災難でしたねぇ、先輩。\n　けど、できれば清佳様のこと嫌わないであげて下さい」%K%P
%LC愛
%LC愛
「これでもだいぶ丸くなった方なんですよ？\n　蛍さんと出会う前はもっと人間不信でしたしぃ」%K%P
「これでもだいぶ丸くなった方なんですよ？\n　蛍さんと出会う前はもっと人間不信でしたしぃ」%K%P
%LC春樹
%LC春樹
「に、人間不信？」%K%P
「に、人間不信？」%K%P
%LC愛
%LC愛
「お家柄と言うか、清佳様ってあれでも\n　大財閥のお嬢様じゃないですかぁ？」%K%P
「お家柄と言うか、清佳様ってあれでも\n　大財閥のお嬢様じゃないですかぁ？」%K%P
%LC愛
%LC愛
「小さい頃からずーっと権謀術策飛び交う場所で\n　過ごしてきましたからね〜。損得勘定なしの\n　人間関係ってものに慣れてないんですよー」%K%P
「小さい頃からずーっと権謀術策飛び交う場所で\n　過ごしてきましたからね〜。損得勘定なしの\n　人間関係ってものに慣れてないんですよー」%K%P
%LC愛
%LC愛
「会う人会う人、清佳様に媚びを売る人ばかりですし。\n　まぁ誰も信用できなくなるのも当然ですよね」%K%P
「会う人会う人、清佳様に媚びを売る人ばかりですし。\n　まぁ誰も信用できなくなるのも当然ですよね」%K%P
%LC愛
%LC愛
「だからというか……正直すぎると\n　逆に疑われちゃうんですよ」%K%P
「だからというか……正直すぎると\n　逆に疑われちゃうんですよ」%K%P
%LC春樹
%LC春樹
「なるほど……。\n　だから聞く耳を持ってくれなかったんだ……」%K%P
「なるほど……。\n　だから聞く耳を持ってくれなかったんだ……」%K%P
%LC愛
%LC愛
「そうなんですよー。なのであまり気にしないで下さい。\n　清佳様の疑心暗鬼はクセみたいなものですから」%K%P
「そうなんですよー。なのであまり気にしないで下さい。\n　清佳様の疑心暗鬼はクセみたいなものですから」%K%P
%LC愛
%LC愛
「一応、愛も言ったんですけどね？　こんなバカな真似\n　しなくても春樹さんは相談に乗ってくれるって」%K%P
「一応、愛も言ったんですけどね？　こんなバカな真似\n　しなくても春樹さんは相談に乗ってくれるって」%K%P
%LC愛
%LC愛
「でも……まぁ、この通りですよ。\n　はぁ。だから友達が増えないんです」%K%P
「でも……まぁ、この通りですよ。\n　はぁ。だから友達が増えないんです」%K%P
やれやれと愛さんが肩を竦める。%K%P
やれやれと愛さんが肩を竦める。%K%P
%LC愛
%LC愛
「ああ見えて寂しがり屋なんですけどね？\n　未だに抱き枕を手放せないくらいには子供ですし」%K%P
「ああ見えて寂しがり屋なんですけどね？\n　未だに抱き枕を手放せないくらいには子供ですし」%K%P
%LC愛
%LC愛
「といってもそんな姿は相当信用してる人にしか\n　見せませんけど。愛ですら滅多にお目にかかれませんし」%K%P
「といってもそんな姿は相当信用してる人にしか\n　見せませんけど。愛ですら滅多にお目にかかれませんし」%K%P
%LC愛
%LC愛
「それこそ――蛍さんくらいです。\n　清佳様があんなにも心のままに接している人は」%K%P
「それこそ――蛍さんくらいです。\n　清佳様があんなにも心のままに接している人は」%K%P
不意に愛さんが表情を曇らせる。%K%P
不意に愛さんが表情を曇らせる。%K%P
%LC愛
%LC愛
「だからこそ……昨日はショックだったんでしょうね」%K%P
「だからこそ……昨日はショックだったんでしょうね」%K%P
%LC愛
%LC愛
「蛍さんに露骨に距離を取られてしまって……。\n　社交界に出ている時のような表面的な付き合いをされて」%K%P
「蛍さんに露骨に距離を取られてしまって……。\n　社交界に出ている時のような表面的な付き合いをされて」%K%P
%LC愛
%LC愛
「清佳様にとって蛍さんは唯一無二の親友……。\n　信頼の置けるただ一人の対等な人間でしたから……」%K%P
「清佳様にとって蛍さんは唯一無二の親友……。\n　信頼の置けるただ一人の対等な人間でしたから……」%K%P
%LC春樹
%LC春樹
「…………」%K%P
「…………」%K%P
愛さんの言葉が深く深く胸に刺さる。%K%P
愛さんの言葉が深く深く胸に刺さる。%K%P
思えば……清佳ちゃんは何度も言っていた。%K%P
思えば……清佳ちゃんは何度も言っていた。%K%P
敬語で対応する蛍に、口調を崩して欲しい。って。\nかしこまらないで欲しい。って。%K%P
敬語で対応する蛍に、口調を崩して欲しい。って。\nかしこまらないで欲しい。って。%K%P
きっとあれは、蛍にだけは対等に接して欲しいという、\n清佳ちゃんの心の現れだったんだ……。%K%P
きっとあれは、蛍にだけは対等に接して欲しいという、\n清佳ちゃんの心の現れだったんだ……。%K%P
そんな彼女の気持ちに……僕は全く気づいてなかった。%K%P
そんな彼女の気持ちに……僕は全く気づいてなかった。%K%P
気づかずに、自分勝手な感情で避けてしまった。%K%P
気づかずに、自分勝手な感情で避けてしまった。%K%P
蛍にとっても、清佳さんは\n信頼の置ける対等で大好きな友達だったはずなのに――%K%P
蛍にとっても、清佳さんは\n信頼の置ける対等で大好きな友達だったはずなのに――%K%P
%LC愛
%LC愛
「ですから是非、春樹さんには\n　蛍さんと清佳さんの仲を取り持って頂けると――って」%K%P
「ですから是非、春樹さんには\n　蛍さんと清佳さんの仲を取り持って頂けると――って」%K%P
%LC春樹
%LC春樹
「っっ」%K%P
「っっ」%K%P
%LC愛
%LC愛
「あ、ちょっと……！？　どこ行くんですか！？\n　愛の話はまだ終わって――」%K%P
「あ、ちょっと……！？　どこ行くんですか！？\n　愛の話はまだ終わって――」%K%P
体育倉庫から抜け出して教室へと走る。%K%P
体育倉庫から抜け出して教室へと走る。%K%P
傷つけてしまったことを謝りたい……！%K%P
傷つけてしまったことを謝りたい……！%K%P
たとえ正体を明かしてでも、\n今すぐにでも仲直りしたい……！！%K%P
たとえ正体を明かしてでも、\n今すぐにでも仲直りしたい……！！%K%P
%LC春樹
%LC春樹
「清佳さん……！」%K%P
「清佳さん……！」%K%P
%LC清佳
%LC清佳
「わっ……！？　あ、あなた、\n　愛に詰められてるはずじゃ……！？」%K%P
「わっ……！？　あ、あなた、\n　愛に詰められてるはずじゃ……！？」%K%P
蛍には見せないその顔を見て、\n喉から出かかった謝罪の言葉を呑み込む。%K%P
蛍には見せないその顔を見て、\n喉から出かかった謝罪の言葉を呑み込む。%K%P
{春樹:ぼく}が謝っても意味がない。\nここで正体を明かしても話がこじれるだけだ。%K%P
{春樹:ぼく}が謝っても意味がない。\nここで正体を明かしても話がこじれるだけだ。%K%P
僕がここで口にできることは――%K%P
僕がここで口にできることは――%K%P
%LC春樹
%LC春樹
「蛍は今も昔も清佳さんのことを\n　大切な友達だと思ってるよ――！！」%K%P
「蛍は今も昔も清佳さんのことを\n　大切な友達だと思ってるよ――！！」%K%P
%LC清佳
%LC清佳
「えっ？」%K%P
「えっ？」%K%P
%LC春樹
%LC春樹
「だから……そうっ。\n　難しく考えずに会いに行ってあげてっ？」%K%P
「だから……そうっ。\n　難しく考えずに会いに行ってあげてっ？」%K%P
%LC春樹
%LC春樹
「最初から蛍は清佳さんのことを\n　嫌いになんてなってないんだから……！」%K%P
「最初から蛍は清佳さんのことを\n　嫌いになんてなってないんだから……！」%K%P
%LC清佳
%LC清佳
「春樹くん……」%K%P
「春樹くん……」%K%P
%LC春樹
%LC春樹
「蛍も待ってるから……！\n　友情の証を用意して、待ってるから……！！」%K%P
「蛍も待ってるから……！\n　友情の証を用意して、待ってるから……！！」%K%P
%LC清佳
%LC清佳
「友情の、証……」%K%P
「友情の、証……」%K%P
すると清佳ちゃんはしばしの間、\n僕を呆然と見つめて――%K%P
すると清佳ちゃんはしばしの間、\n僕を呆然と見つめて――%K%P
%LC清佳
%LC清佳
「い、言われなくても会いに行くつもりよ……！\n　私が臆して会いに行かないとでも思ったっ？」%K%P
「い、言われなくても会いに行くつもりよ……！\n　私が臆して会いに行かないとでも思ったっ？」%K%P
%LC清佳
%LC清佳
「私と蛍はあなたなんかよりもよっぽど\n　固い絆で結ばれてるんだから……！」%K%P
「私と蛍はあなたなんかよりもよっぽど\n　固い絆で結ばれてるんだから……！」%K%P
%LC春樹
%LC春樹
「ふふ、その意気だよ、清佳さん」%K%P
「ふふ、その意気だよ、清佳さん」%K%P
プイと照れて逸らせる彼女の顔を眺めながら、\n今日はどこにも寄らずに帰ろうと心に決める。%K%P
プイと照れて逸らせる彼女の顔を眺めながら、\n今日はどこにも寄らずに帰ろうと心に決める。%K%P
きっとすぐに、清佳ちゃんが訪ねてくるはずだから。%K%P
きっとすぐに、清佳ちゃんが訪ねてくるはずだから。%K%P
%LC清佳
%LC清佳
「……でも友情の証、か。\n　蛍も覚えていてくれて……」%K%P
「……でも友情の証、か。\n　蛍も覚えていてくれて……」%K%P
%LC春樹
%LC春樹
「え？」%K%P
「え？」%K%P
%LC清佳
%LC清佳
「っっ。なんでもないわ」%K%P
「っっ。なんでもないわ」%K%P
%LC清佳
%LC清佳
「それよりもあなた……。\n　思ってたより勇ましいところもあるのね？」%K%P
「それよりもあなた……。\n　思ってたより勇ましいところもあるのね？」%K%P
%LC春樹
%LC春樹
「そ、そうかな？」%K%P
「そ、そうかな？」%K%P
%LC清佳
%LC清佳
「ええ……授業中にこんなにも目立つことするなんて」%K%P
「ええ……授業中にこんなにも目立つことするなんて」%K%P
%LC春樹
%LC春樹
「へ？　あ――〜〜っっ！！」%K%P
「へ？　あ――〜〜っっ！！」%K%P
クラス中の視線を集めていたことに気づいて、\n羞恥心が一気に全身を駆け巡ってくる。%K%P
クラス中の視線を集めていたことに気づいて、\n羞恥心が一気に全身を駆け巡ってくる。%K%P
%LC清佳
%LC清佳
「……なるほど。熱くなってただけってわけね。\n　ふふ、でもちょっぴり印象変わってきたかも」%K%P
「……なるほど。熱くなってただけってわけね。\n　ふふ、でもちょっぴり印象変わってきたかも」%K%P
そんな僕を見て清佳ちゃんがおかしそうに微笑む。%K%P
そんな僕を見て清佳ちゃんがおかしそうに微笑む。%K%P
その時初めて、蛍に向けるような顔を\n僕にも向けてもらえたような気がした。%K%P
その時初めて、蛍に向けるような顔を\n僕にも向けてもらえたような気がした。%K%P
