%LC千鶴
%LC千鶴
「ね〜……まだ食べちゃダメなの〜？」%K%P
「ね〜……まだ食べちゃダメなの〜？」%K%P
%LC蛍
%LC蛍
「ダーメ。今夜は清佳ちゃんたちの歓迎会なんだから」%K%P
「ダーメ。今夜は清佳ちゃんたちの歓迎会なんだから」%K%P
その夜――僕は蛍姿に着替えて、\n清佳ちゃんたちを待っていた。%K%P
その夜――僕は蛍姿に着替えて、\n清佳ちゃんたちを待っていた。%K%P
%LC千鶴
%LC千鶴
「でも歓迎会とはね〜？　昨日は清佳ちゃんが\n　泊まんのあんなに反対してたクセに」%K%P
「でも歓迎会とはね〜？　昨日は清佳ちゃんが\n　泊まんのあんなに反対してたクセに」%K%P
%LC蛍
%LC蛍
「き、気が変わったの！」%K%P
「き、気が変わったの！」%K%P
%LC千鶴
%LC千鶴
「ふふ、そかそか。なら良かった」%K%P
「ふふ、そかそか。なら良かった」%K%P
%LC千鶴
%LC千鶴
「お姉ちゃんもこー見えて心配してたんだよ？\n　清佳ちゃんとの仲がこじれそうになっててさ」%K%P
「お姉ちゃんもこー見えて心配してたんだよ？\n　清佳ちゃんとの仲がこじれそうになっててさ」%K%P
%LC千鶴
%LC千鶴
「春樹は蛍としての自分を捨てたがっているけど……\n　でも蛍としての春樹を大切にしている人もいる」%K%P
「春樹は蛍としての自分を捨てたがっているけど……\n　でも蛍としての春樹を大切にしている人もいる」%K%P
%LC千鶴
%LC千鶴
「それは、覚えていてあげて欲しいな？\n　友達が急に素っ気なくなるのは誰だって辛いし」%K%P
「それは、覚えていてあげて欲しいな？\n　友達が急に素っ気なくなるのは誰だって辛いし」%K%P
%LC蛍
%LC蛍
「お姉ちゃん……」%K%P
「お姉ちゃん……」%K%P
もしかしてお姉ちゃんは気づいていたのかもしれない。%K%P
もしかしてお姉ちゃんは気づいていたのかもしれない。%K%P
清佳ちゃんにとって、蛍がどれだけ大切な存在なのかを。%K%P
清佳ちゃんにとって、蛍がどれだけ大切な存在なのかを。%K%P
%LC蛍
%LC蛍
「ごめんなさい……」%K%P
「ごめんなさい……」%K%P
%LC千鶴
%LC千鶴
「あたしに謝っても仕方ないって。\n　謝るなら清佳ちゃんに……ね？」%K%P
「あたしに謝っても仕方ないって。\n　謝るなら清佳ちゃんに……ね？」%K%P
%LC蛍
%LC蛍
「うん……」%K%P
「うん……」%K%P
%LC千鶴
%LC千鶴
「ま、大丈夫だよ。一言謝れば終わりだろうし。\n　メイド服を脱ぎ捨てた姿を見れば、\n　清佳ちゃんにも想いはばっちり伝わるって」%K%P
「ま、大丈夫だよ。一言謝れば終わりだろうし。\n　メイド服を脱ぎ捨てた姿を見れば、\n　清佳ちゃんにも想いはばっちり伝わるって」%K%P
%LC蛍
%LC蛍
「う、うん……！」%K%P
「う、うん……！」%K%P
ちょっぴり弱気になりかけた心を\nお姉ちゃんが励ましてくれる。%K%P
ちょっぴり弱気になりかけた心を\nお姉ちゃんが励ましてくれる。%K%P
また難しく考えちゃうところだった。\nもし仲直りできなかったら――なんて考えちゃって。%K%P
また難しく考えちゃうところだった。\nもし仲直りできなかったら――なんて考えちゃって。%K%P
そんなこと考えず、\nただ自分の気持ちを真摯に伝えればいい。%K%P
そんなこと考えず、\nただ自分の気持ちを真摯に伝えればいい。%K%P
子供の時のようにアレも作ったんだ。\nこれを渡して、清佳ちゃんと仲直りしたい。%K%P
子供の時のようにアレも作ったんだ。\nこれを渡して、清佳ちゃんと仲直りしたい。%K%P
%LC千鶴
%LC千鶴
「お。やっと来たみたい」%K%P
「お。やっと来たみたい」%K%P
%LC蛍
%LC蛍
「出てくるねっ」%K%P
「出てくるねっ」%K%P
%LC千鶴
%LC千鶴
「あたしも行くよ〜。\n　一応家主って立ち位置だし」%K%P
「あたしも行くよ〜。\n　一応家主って立ち位置だし」%K%P
%LC蛍
%LC蛍
「清佳ちゃん……！」%K%P
「清佳ちゃん……！」%K%P
%LC蛍
%LC蛍
「って、あれ？　誰もいない……」%K%P
「って、あれ？　誰もいない……」%K%P
きょろきょろと周りを見回していると、\n不意に真下から不機嫌そうな声が聞こえてきた。%K%P
きょろきょろと周りを見回していると、\n不意に真下から不機嫌そうな声が聞こえてきた。%K%P
%LC愛
%LC愛
「……相変わらず失礼なお方ですね。\n　そんなにも愛をチビだと仰りたいのですか？」%K%P
「……相変わらず失礼なお方ですね。\n　そんなにも愛をチビだと仰りたいのですか？」%K%P
%LC蛍
%LC蛍
「あっ……！　ごめんなさい……！\n　てっきり清佳ちゃんがいると思って……！」%K%P
「あっ……！　ごめんなさい……！\n　てっきり清佳ちゃんがいると思って……！」%K%P
%LC千鶴
%LC千鶴
「あたしは気づいてたよ〜？\n　よく来てくれたね、愛ちゃ〜ん」%K%P
「あたしは気づいてたよ〜？\n　よく来てくれたね、愛ちゃ〜ん」%K%P
%LC愛
%LC愛
「抱きつかないで下さい。暑苦しいです。\n　近づかないで下さい。ロリコンがうつります」%K%P
「抱きつかないで下さい。暑苦しいです。\n　近づかないで下さい。ロリコンがうつります」%K%P
%LC千鶴
%LC千鶴
「冷たいところも可愛い〜！\n　ねね、頬ずりしてあげよっかっ？」%K%P
「冷たいところも可愛い〜！\n　ねね、頬ずりしてあげよっかっ？」%K%P
%LC愛
%LC愛
「それより……清佳様はいらっしゃってないのですか？\n　お邪魔しているのでは？」%K%P
「それより……清佳様はいらっしゃってないのですか？\n　お邪魔しているのでは？」%K%P
%LC蛍
%LC蛍
「う、ううん、来てないよ？\n　愛さんこそ一緒じゃないの？」%K%P
「う、ううん、来てないよ？\n　愛さんこそ一緒じゃないの？」%K%P
%LC愛
%LC愛
「はい。愛は留守番を命じられましたので。\n　一人で行くと頑なでしたから」%K%P
「はい。愛は留守番を命じられましたので。\n　一人で行くと頑なでしたから」%K%P
%LC愛
%LC愛
「ですが、それも２時間も前のこと。\n　愛はそろそろ清佳様がご迷惑をおかけする頃だろうと\n　思い、参ったのですが……」%K%P
「ですが、それも２時間も前のこと。\n　愛はそろそろ清佳様がご迷惑をおかけする頃だろうと\n　思い、参ったのですが……」%K%P
%LC千鶴
%LC千鶴
「それってヤバくない？　清佳ちゃん、お嬢様だし、\n　もしも誘拐とかされちゃってたら……！」%K%P
「それってヤバくない？　清佳ちゃん、お嬢様だし、\n　もしも誘拐とかされちゃってたら……！」%K%P
%LC愛
%LC愛
「……少し失礼します」%K%P
「……少し失礼します」%K%P
そう言って愛さんが電話をかけ始める。\nきっと清佳ちゃんへだろう。%K%P
そう言って愛さんが電話をかけ始める。\nきっと清佳ちゃんへだろう。%K%P
%LC愛
%LC愛
「……出ませんね。あのアホお嬢様……」%K%P
「……出ませんね。あのアホお嬢様……」%K%P
%LC千鶴
%LC千鶴
「ヤ、ヤバイじゃん！　ヤバイよねっ……！？」%K%P
「ヤ、ヤバイじゃん！　ヤバイよねっ……！？」%K%P
%LC愛
%LC愛
「千鶴様と蛍様はここで清佳様をお待ち下さい。\n　愛は清佳様の捜索に向かいます」%K%P
「千鶴様と蛍様はここで清佳様をお待ち下さい。\n　愛は清佳様の捜索に向かいます」%K%P
%LC蛍
%LC蛍
「それならわたしも行く……！\n　おうちで待ってるなんてできないよ……！」%K%P
「それならわたしも行く……！\n　おうちで待ってるなんてできないよ……！」%K%P
%LC千鶴
%LC千鶴
「あたしもっ……！\n　一人でも頭数は多い方がいいっしょ……！」%K%P
「あたしもっ……！\n　一人でも頭数は多い方がいいっしょ……！」%K%P
%LC愛
%LC愛
「いえ。もしも清佳様がいらっしゃった時に\n　すれ違いになっては困りますから」%K%P
「いえ。もしも清佳様がいらっしゃった時に\n　すれ違いになっては困りますから」%K%P
%LC愛
%LC愛
「ですが頭数が多い方が良いというのは仰る通りです。\n　……愛としたことが冷静さを欠いておりました」%K%P
「ですが頭数が多い方が良いというのは仰る通りです。\n　……愛としたことが冷静さを欠いておりました」%K%P
そう言って愛さんが電話をかけ始める。%K%P
そう言って愛さんが電話をかけ始める。%K%P
%LC愛
%LC愛
「メイド長ですか？　はい、実は清佳様が……。\n　はい。警察の方にも協力を……」%K%P
「メイド長ですか？　はい、実は清佳様が……。\n　はい。警察の方にも協力を……」%K%P
落ち着いているように見えて、愛さんも焦ってるんだ。\n一体、清佳ちゃんはどこに……。%K%P
落ち着いているように見えて、愛さんも焦ってるんだ。\n一体、清佳ちゃんはどこに……。%K%P
%LC愛
%LC愛
「……はい。蛍様へ贈り物をすると仰っていたので、\n　どこかのお店に立ち寄ったと考えて良いかと……」%K%P
「……はい。蛍様へ贈り物をすると仰っていたので、\n　どこかのお店に立ち寄ったと考えて良いかと……」%K%P
%LC蛍
%LC蛍
「わたしへ贈り物を……」%K%P
「わたしへ贈り物を……」%K%P
聞こえてきた愛さんの言葉を聞いて、\nなお清佳ちゃんが心配になる。%K%P
聞こえてきた愛さんの言葉を聞いて、\nなお清佳ちゃんが心配になる。%K%P
もし僕と仲直りするためのプレゼントを選んでいる時に\n悪い人にさらわれたのだとしたら――%K%P
もし僕と仲直りするためのプレゼントを選んでいる時に\n悪い人にさらわれたのだとしたら――%K%P
%LC蛍
%LC蛍
「っっ……！」%K%P
「っっ……！」%K%P
悔やんでいる場合じゃない。\nそんなことしても事態は好転しないんだ。%K%P
悔やんでいる場合じゃない。\nそんなことしても事態は好転しないんだ。%K%P
清佳ちゃんへの贈り物を入れた鞄を握り込む。\nこんなもの作っている場合じゃなかった。%K%P
清佳ちゃんへの贈り物を入れた鞄を握り込む。\nこんなもの作っている場合じゃなかった。%K%P
こんなことならいち早く素直に謝っておけば――%K%P
こんなことならいち早く素直に謝っておけば――%K%P
%LC蛍
%LC蛍
「あ……」%K%P
「あ……」%K%P
そう思ったところで――ハっとする。%K%P
そう思ったところで――ハっとする。%K%P
そういえば清佳ちゃん、\n学園で何か言っていたような。%K%P
そういえば清佳ちゃん、\n学園で何か言っていたような。%K%P
%LC清佳
%LC清佳
「……でも友情の証、か。\n　蛍も覚えていてくれて……」%K%P
「……でも友情の証、か。\n　蛍も覚えていてくれて……」%K%P
%LC春樹
%LC春樹
「え？」%K%P
「え？」%K%P
%LC清佳
%LC清佳
「っっ。なんでもないわ」%K%P
「っっ。なんでもないわ」%K%P
%LC蛍
%LC蛍
「もしかして――」%K%P
「もしかして――」%K%P
%LC千鶴
%LC千鶴
「あっ、蛍！？　どこ行くのさっ！？」%K%P
「あっ、蛍！？　どこ行くのさっ！？」%K%P
%LC蛍
%LC蛍
「清佳ちゃんを探しに行ってくる……！！\n　あそこにいるかもしれないから……！！」%K%P
「清佳ちゃんを探しに行ってくる……！！\n　あそこにいるかもしれないから……！！」%K%P
%LC愛
%LC愛
「待って下さい、蛍様……！\n　それはどちらのことを仰って――」%K%P
「待って下さい、蛍様……！\n　それはどちらのことを仰って――」%K%P
二人の声に応える余裕もなく、\n無我夢中で駆け出していく。%K%P
二人の声に応える余裕もなく、\n無我夢中で駆け出していく。%K%P
僕の予想が正しければ、\n清佳ちゃんはきっと――%K%P
僕の予想が正しければ、\n清佳ちゃんはきっと――%K%P
