………………%K%P
………………%K%P
…………%K%P
…………%K%P
……%K%P
……%K%P
%LC蛍
%LC蛍
「ん、ふああ……」%K%P
「ん、ふああ……」%K%P
寝ぼけ眼を擦りながら身体を起こす。%K%P
寝ぼけ眼を擦りながら身体を起こす。%K%P
いつもよりも眠気が強い。\n昨日、清佳ちゃんと一晩中遊んでたせいかも……。%K%P
いつもよりも眠気が強い。\n昨日、清佳ちゃんと一晩中遊んでたせいかも……。%K%P
%LC蛍
%LC蛍
「でも、ふふ。楽しかったなぁ……」%K%P
「でも、ふふ。楽しかったなぁ……」%K%P
昨夜のことを思い出すとつい顔が綻んでしまう。%K%P
昨夜のことを思い出すとつい顔が綻んでしまう。%K%P
仲直りできて本当に良かった。\nたくさん清佳ちゃんと話して心も軽くなった気がする。%K%P
仲直りできて本当に良かった。\nたくさん清佳ちゃんと話して心も軽くなった気がする。%K%P
%LC蛍
%LC蛍
「っと。こうしてる場合じゃないや。\n　朝ご飯を作らないと――」%K%P
「っと。こうしてる場合じゃないや。\n　朝ご飯を作らないと――」%K%P
%LC蛍
%LC蛍
「ふぇ……？」%K%P
「ふぇ……？」%K%P
ベッドから出ようとして、\n身体が妙に柔らかいものに包まれていることに気づく。%K%P
ベッドから出ようとして、\n身体が妙に柔らかいものに包まれていることに気づく。%K%P
布団の感触じゃない。\nもっと柔らかくて、温かくて――%K%P
布団の感触じゃない。\nもっと柔らかくて、温かくて――%K%P
%LC清佳
%LC清佳
「ん……。ふぁぁ……。\n　蛍ぅ、もう起きちゃうの……？」%K%P
「ん……。ふぁぁ……。\n　蛍ぅ、もう起きちゃうの……？」%K%P
%LC蛍
%LC蛍
「きゃっ――きゃあああああっっ〜〜！！！？」%K%P
「きゃっ――きゃあああああっっ〜〜！！！？」%K%P
%LC清佳
%LC清佳
「えへへ……。おはよう、蛍……？」%K%P
「えへへ……。おはよう、蛍……？」%K%P
%LC蛍
%LC蛍
「おはようじゃなくて！\n　どうしてわたしの部屋に、ベッドにいるの！？」%K%P
「おはようじゃなくて！\n　どうしてわたしの部屋に、ベッドにいるの！？」%K%P
%LC清佳
%LC清佳
「え……？　もちろんこっそり忍び込んで……」%K%P
「え……？　もちろんこっそり忍び込んで……」%K%P
%LC清佳
%LC清佳
「――ハっ！　しまったわ……！\n　蛍が目を覚ます前に部屋に戻って、\n　完全犯罪を成立させるつもりだったのに……！」%K%P
「――ハっ！　しまったわ……！\n　蛍が目を覚ます前に部屋に戻って、\n　完全犯罪を成立させるつもりだったのに……！」%K%P
%LC蛍
%LC蛍
「か、完全犯罪って……！」%K%P
「か、完全犯罪って……！」%K%P
%LC清佳
%LC清佳
「〜〜っっ！　ごめんなさい、出来心なの……！\n　蛍と仲直りできたのが嬉しくて、つい……！！」%K%P
「〜〜っっ！　ごめんなさい、出来心なの……！\n　蛍と仲直りできたのが嬉しくて、つい……！！」%K%P
%LC清佳
%LC清佳
「でも誓って変なことはしてないから……！\n　ホントよ！？　ホントにしてないから……！！」%K%P
「でも誓って変なことはしてないから……！\n　ホントよ！？　ホントにしてないから……！！」%K%P
%LC蛍
%LC蛍
「う、うんっ。わかった、わかったから……！」%K%P
「う、うんっ。わかった、わかったから……！」%K%P
%LC清佳
%LC清佳
「精々抱きついたり、キスしたりしたくらいだから……！」%K%P
「精々抱きついたり、キスしたりしたくらいだから……！」%K%P
%LC蛍
%LC蛍
%XS20「がっつりしてるじゃない！？」%XE%K%P
%XS20「がっつりしてるじゃない！？」%XE%K%P
%LC清佳
%LC清佳
「あ……！　じょ、冗談よ？\n　今のはうーそ。してないってば……！」%K%P
「あ……！　じょ、冗談よ？\n　今のはうーそ。してないってば……！」%K%P
慌てた様子で清佳ちゃんが取り繕う。\nぜ、絶対してるよ。実際、抱きつかれてたし……。%K%P
慌てた様子で清佳ちゃんが取り繕う。\nぜ、絶対してるよ。実際、抱きつかれてたし……。%K%P
というか――%K%P
というか――%K%P
%LC清佳
%LC清佳
「？？？　どうしたの、蛍……？\n　じーっと私を見て……」%K%P
「？？？　どうしたの、蛍……？\n　じーっと私を見て……」%K%P
%LC蛍
%LC蛍
「〜〜っっ！　み、見てない……！\n　ききき、気のせいだよ……！」%K%P
「〜〜っっ！　み、見てない……！\n　ききき、気のせいだよ……！」%K%P
清佳ちゃんに首を傾げられて、\n今度は僕の方が慌てて目を逸らす。%K%P
清佳ちゃんに首を傾げられて、\n今度は僕の方が慌てて目を逸らす。%K%P
夏場とはいえ露出が多すぎるよ……！\nしかも無防備過ぎるし……！%K%P
夏場とはいえ露出が多すぎるよ……！\nしかも無防備過ぎるし……！%K%P
こんな格好で抱きつかれたり、\nキスされたりしてたの……？%K%P
こんな格好で抱きつかれたり、\nキスされたりしてたの……？%K%P
そう思うと――%K%P
そう思うと――%K%P
%LC清佳
%LC清佳
「蛍……？　お腹でも痛いの？\n　そんなに前屈みになって……」%K%P
「蛍……？　お腹でも痛いの？\n　そんなに前屈みになって……」%K%P
%LC蛍
%LC蛍
「〜〜っっ。大丈夫……！　大丈夫だから……！！」%K%P
「〜〜っっ。大丈夫……！　大丈夫だから……！！」%K%P
きょとん顔で尋ねてくる清佳ちゃんに\n大袈裟に首を横に振って応える。%K%P
きょとん顔で尋ねてくる清佳ちゃんに\n大袈裟に首を横に振って応える。%K%P
分厚いドロワーズを履いておいて良かった。%K%P
分厚いドロワーズを履いておいて良かった。%K%P
ズボンにできたテントで男バレする――\nなんて考え得る限り最悪のバレ方だもん……！%K%P
ズボンにできたテントで男バレする――\nなんて考え得る限り最悪のバレ方だもん……！%K%P
%LC蛍
%LC蛍
「と、とにかくベッドに潜り込むのはやめて。\n　起きた時に抱きつかれたらビックリしちゃうから……！」%K%P
「と、とにかくベッドに潜り込むのはやめて。\n　起きた時に抱きつかれたらビックリしちゃうから……！」%K%P
%LC清佳
%LC清佳
「そうね……。ごめんなさい。\n　蛍のお家に泊まれたことが嬉しくって……」%K%P
「そうね……。ごめんなさい。\n　蛍のお家に泊まれたことが嬉しくって……」%K%P
%LC清佳
%LC清佳
「でも安心して？　本当に変なことはしてないわ」%K%P
「でも安心して？　本当に変なことはしてないわ」%K%P
%LC清佳
%LC清佳
「そういう好意の押しつけはもうしないって決めたの。\n　蛍を困らせちゃうし……第一、自分よがり過ぎるしね？」%K%P
「そういう好意の押しつけはもうしないって決めたの。\n　蛍を困らせちゃうし……第一、自分よがり過ぎるしね？」%K%P
%LC清佳
%LC清佳
「蛍を好きな気持ちは変わらないけど、まずは友人から\n　――いいえ親友から始めようと今は思っているから」%K%P
「蛍を好きな気持ちは変わらないけど、まずは友人から\n　――いいえ親友から始めようと今は思っているから」%K%P
%LC蛍
%LC蛍
「清佳ちゃん……」%K%P
「清佳ちゃん……」%K%P
%LC清佳
%LC清佳
「でも、えへへ……幸せ。\n　朝起きて最初に蛍の顔を見られるなんて……。\n　それだけで世界がバラ色に見えちゃう……」%K%P
「でも、えへへ……幸せ。\n　朝起きて最初に蛍の顔を見られるなんて……。\n　それだけで世界がバラ色に見えちゃう……」%K%P
%LC清佳
%LC清佳
「改めてよろしくね、蛍？\n　しばらくの間お世話になるわ」%K%P
「改めてよろしくね、蛍？\n　しばらくの間お世話になるわ」%K%P
%LC蛍
%LC蛍
「う、うん」%K%P
「う、うん」%K%P
ピュアな笑顔を向けてくれる清佳ちゃんに\nどこか気恥ずかしくなりながら頷く。%K%P
ピュアな笑顔を向けてくれる清佳ちゃんに\nどこか気恥ずかしくなりながら頷く。%K%P
ベッドに潜り込まれていた時は慌てちゃったけど……、\n本当にただ単に蛍と一緒に寝たかっただけみたいだ。%K%P
ベッドに潜り込まれていた時は慌てちゃったけど……、\n本当にただ単に蛍と一緒に寝たかっただけみたいだ。%K%P
清佳ちゃんたちを泊めるかどうか最後まで迷ったけど、\nこの笑顔を見られただけで泊めて良かったと思える。%K%P
清佳ちゃんたちを泊めるかどうか最後まで迷ったけど、\nこの笑顔を見られただけで泊めて良かったと思える。%K%P
%LC蛍
%LC蛍
「わたしこそ、その。ごめんね……？\n　なんだか過剰に反応しすぎちゃって……」%K%P
「わたしこそ、その。ごめんね……？\n　なんだか過剰に反応しすぎちゃって……」%K%P
%LC清佳
%LC清佳
「気にしないで？　私のしてきたことを思えば当然よ。\n　蛍の寝顔を楽しんでたのは事実だし」%K%P
「気にしないで？　私のしてきたことを思えば当然よ。\n　蛍の寝顔を楽しんでたのは事実だし」%K%P
%LC清佳
%LC清佳
「ふふふ。可愛い写真がいっぱい撮れたわ。\n　早速スマホの壁紙にしちゃった」%K%P
「ふふふ。可愛い写真がいっぱい撮れたわ。\n　早速スマホの壁紙にしちゃった」%K%P
%LC蛍
%LC蛍
「えっ！？　は、恥ずかしいからやめてっ」%K%P
「えっ！？　は、恥ずかしいからやめてっ」%K%P
%LC清佳
%LC清佳
「ダーメ。心配しなくても人に見せたりはしないってば」%K%P
「ダーメ。心配しなくても人に見せたりはしないってば」%K%P
スマホへ手を伸ばそうとする僕を\n清佳ちゃんが笑って制してくる。%K%P
スマホへ手を伸ばそうとする僕を\n清佳ちゃんが笑って制してくる。%K%P
そんなじゃれ合いもなんだか楽しい。\n小さい頃に遊んでいた時と同じ心地がして。%K%P
そんなじゃれ合いもなんだか楽しい。\n小さい頃に遊んでいた時と同じ心地がして。%K%P
こんな毎日が続くなら僕も幸せだ。\nきっと清佳ちゃんもそう感じてくれていると思う。%K%P
こんな毎日が続くなら僕も幸せだ。\nきっと清佳ちゃんもそう感じてくれていると思う。%K%P
一瞬でも邪な感情を抱いてしまった自分が恥ずかしい。%K%P
一瞬でも邪な感情を抱いてしまった自分が恥ずかしい。%K%P
決めた。蛍でいる時は男であることを捨てよう。\n清佳ちゃんの無二の親友『蛍』として過ごそう。%K%P
決めた。蛍でいる時は男であることを捨てよう。\n清佳ちゃんの無二の親友『蛍』として過ごそう。%K%P
決して邪な男の感情を抱かないようにしよう――%K%P
決して邪な男の感情を抱かないようにしよう――%K%P
%LC蛍
%LC蛍
「じゃあわたし、そろそろ朝ご飯の準備してくるね？」%K%P
「じゃあわたし、そろそろ朝ご飯の準備してくるね？」%K%P
%LC清佳
%LC清佳
「それなら私にも何かお手伝いさせて？\n　お世話になりっぱなしは悪いもの」%K%P
「それなら私にも何かお手伝いさせて？\n　お世話になりっぱなしは悪いもの」%K%P
%LC蛍
%LC蛍
「うん。ありが――」%K%P
「うん。ありが――」%K%P
%LC清佳
%LC清佳
「んしょ……」%K%P
「んしょ……」%K%P
%LC蛍
%LC蛍
「――って、ななな、なに脱いでるの〜！？」%K%P
「――って、ななな、なに脱いでるの〜！？」%K%P
%LC清佳
%LC清佳
「え？　なにって。着替えようと思って……」%K%P
「え？　なにって。着替えようと思って……」%K%P
%LC蛍
%LC蛍
「自分のお部屋で着替えてっ……！！\n　今すぐ服着てっ、着てってば……！！」%K%P
「自分のお部屋で着替えてっ……！！\n　今すぐ服着てっ、着てってば……！！」%K%P
%LC清佳
%LC清佳
「なぁに蛍。男の子みたいな反応しちゃって。\n　着替えるくらいいいじゃない」%K%P
「なぁに蛍。男の子みたいな反応しちゃって。\n　着替えるくらいいいじゃない」%K%P
%LC清佳
%LC清佳
「それとも……私の着替えが\n　そんなに気になっちゃうの？」%K%P
「それとも……私の着替えが\n　そんなに気になっちゃうの？」%K%P
%LC蛍
%LC蛍
「そ、そんなことないけど……！！」%K%P
「そ、そんなことないけど……！！」%K%P
%LC清佳
%LC清佳
「ならいいじゃない」%K%P
「ならいいじゃない」%K%P
無防備に着替え続ける清佳ちゃん。\n僕を女の子だと思ってる証拠なんだろうけど――%K%P
無防備に着替え続ける清佳ちゃん。\n僕を女の子だと思ってる証拠なんだろうけど――%K%P
%LC清佳
%LC清佳
「……本当にどうしたの？　私の着替えじーっと見て。\n　も、もしかしてホントに気になっちゃってる……？」%K%P
「……本当にどうしたの？　私の着替えじーっと見て。\n　も、もしかしてホントに気になっちゃってる……？」%K%P
%LC蛍
%LC蛍
「えっ！？　ううんっ、そんなことは……！！」%K%P
「えっ！？　ううんっ、そんなことは……！！」%K%P
%LC清佳
%LC清佳
「い、いいのよ……？　蛍が見たいというのなら、その。\n　裸でもなんでも……見せてあげたいというか……」%K%P
「い、いいのよ……？　蛍が見たいというのなら、その。\n　裸でもなんでも……見せてあげたいというか……」%K%P
%LC蛍
%LC蛍
「ちょっと！？　どうしてブラまで外そうとしてるの！？」%K%P
「ちょっと！？　どうしてブラまで外そうとしてるの！？」%K%P
%LC清佳
%LC清佳
「〜〜っっ。ほ、蛍が見たがってるならと思って……」%K%P
「〜〜っっ。ほ、蛍が見たがってるならと思って……」%K%P
そう言って清佳ちゃんが恥ずかしそうに\nおっぱいを見せつけてくる。%K%P
そう言って清佳ちゃんが恥ずかしそうに\nおっぱいを見せつけてくる。%K%P
ダ、ダメだとわかってるのについ目がいって……！\n邪な気持ちを抱くまいと決めたところなのに……！！%K%P
ダ、ダメだとわかってるのについ目がいって……！\n邪な気持ちを抱くまいと決めたところなのに……！！%K%P
%LC清佳
%LC清佳
「はぁ、はぁ……。ほ、蛍が私のおっぱいを見て、\n　熱っぽい息を吐いてくれてる……」%K%P
「はぁ、はぁ……。ほ、蛍が私のおっぱいを見て、\n　熱っぽい息を吐いてくれてる……」%K%P
%LC蛍
%LC蛍
「っっ。ね、熱っぽい息なんて……！」%K%P
「っっ。ね、熱っぽい息なんて……！」%K%P
%LC清佳
%LC清佳
「ご、誤魔化さないでいいのよ……？\n　蛍になら、その……。全てを捧げていいと思ってるし」%K%P
「ご、誤魔化さないでいいのよ……？\n　蛍になら、その……。全てを捧げていいと思ってるし」%K%P
%LC清佳
%LC清佳
「もし触りたいというのなら……、\n　す、好きなだけ触ってもらっても……いい、し……」%K%P
「もし触りたいというのなら……、\n　す、好きなだけ触ってもらっても……いい、し……」%K%P
顔を真っ赤にして言いながら、\n清佳ちゃんが近づいてくる。%K%P
顔を真っ赤にして言いながら、\n清佳ちゃんが近づいてくる。%K%P
い、いけない……！\nこれ以上は、り、理性が――%K%P
い、いけない……！\nこれ以上は、り、理性が――%K%P
%LC蛍
%LC蛍
「わ、わたし、ご飯作らなきゃダメだから……！！」%K%P
「わ、わたし、ご飯作らなきゃダメだから……！！」%K%P
%LC清佳
%LC清佳
「あ……！　蛍っ……！！」%K%P
「あ……！　蛍っ……！！」%K%P
扉をぶち破るくらいの勢いで部屋から出て行く。%K%P
扉をぶち破るくらいの勢いで部屋から出て行く。%K%P
ああ。やっぱり同居生活が不安になってきた――%K%P
ああ。やっぱり同居生活が不安になってきた――%K%P
%LC愛
%LC愛
「清佳様。お車が到着致しました」%K%P
「清佳様。お車が到着致しました」%K%P
%LC清佳
%LC清佳
「ありがとう、愛」%K%P
「ありがとう、愛」%K%P
%LC蛍
%LC蛍
「それじゃあ行ってらっしゃい、清佳ちゃん」%K%P
「それじゃあ行ってらっしゃい、清佳ちゃん」%K%P
登校しに行く清佳ちゃんと愛さんを玄関先で見送る。%K%P
登校しに行く清佳ちゃんと愛さんを玄関先で見送る。%K%P
蛍は学園に通っていないことになっているから、\nここで一旦お別れだ。%K%P
蛍は学園に通っていないことになっているから、\nここで一旦お別れだ。%K%P
%LC清佳
%LC清佳
「蛍は……その。やっぱり学園には通わないの？\n　お金の問題なら、わ、私がどうにかするわよ……？」%K%P
「蛍は……その。やっぱり学園には通わないの？\n　お金の問題なら、わ、私がどうにかするわよ……？」%K%P
%LC蛍
%LC蛍
「ありがとう、清佳ちゃん。でもわたしには、\n　千鶴様のお世話とモデルのお仕事があるから」%K%P
「ありがとう、清佳ちゃん。でもわたしには、\n　千鶴様のお世話とモデルのお仕事があるから」%K%P
%LC清佳
%LC清佳
「どうしても……ダメ？\n　私、その。蛍と一緒に学園生活を……」%K%P
「どうしても……ダメ？\n　私、その。蛍と一緒に学園生活を……」%K%P
%LC愛
%LC愛
「その辺りにしておきましょう、清佳様。\n　またウザいメンヘラムーブ――もとい、\n　蛍様を困らせてしまっていますよ」%K%P
「その辺りにしておきましょう、清佳様。\n　またウザいメンヘラムーブ――もとい、\n　蛍様を困らせてしまっていますよ」%K%P
%LC清佳
%LC清佳
「っっ。言い方はアレだけど、そ、そうね。\n　同じ轍は踏まないわ」%K%P
「っっ。言い方はアレだけど、そ、そうね。\n　同じ轍は踏まないわ」%K%P
%LC清佳
%LC清佳
「その代わり蛍、帰ってきたらめいっぱい遊びましょ？\n　放課後までにお仕事終わらせておくのよ？」%K%P
「その代わり蛍、帰ってきたらめいっぱい遊びましょ？\n　放課後までにお仕事終わらせておくのよ？」%K%P
%LC蛍
%LC蛍
「う、うんっ。あっ、そうだ、\n　何か食べたいものがあれば作っておくよ？」%K%P
「う、うんっ。あっ、そうだ、\n　何か食べたいものがあれば作っておくよ？」%K%P
%LC清佳
%LC清佳
「蛍が私のために――！？　それなら……！」%K%P
「蛍が私のために――！？　それなら……！」%K%P
%LC愛
%LC愛
「イチャつくのも結構ですがそろそろ出ませんと。\n　ＨＲ前に春樹様とお会いしたいのでしょう？」%K%P
「イチャつくのも結構ですがそろそろ出ませんと。\n　ＨＲ前に春樹様とお会いしたいのでしょう？」%K%P
%LC蛍
%LC蛍
「えっ？」%K%P
「えっ？」%K%P
%LC清佳
%LC清佳
「〜〜っっ！　余計なことを言わなくていいの！\n　私が春樹くんに気があると思われたらどうするのよ！」%K%P
「〜〜っっ！　余計なことを言わなくていいの！\n　私が春樹くんに気があると思われたらどうするのよ！」%K%P
%LC清佳
%LC清佳
「誤解しないでね、蛍？\n　単にお礼を言おうと思ってるだけだから……！」%K%P
「誤解しないでね、蛍？\n　単にお礼を言おうと思ってるだけだから……！」%K%P
%LC清佳
%LC清佳
「こうして蛍と仲直りできたのは彼のおかげでもあるし。\n　お礼するなら早い方がいいと思って……！」%K%P
「こうして蛍と仲直りできたのは彼のおかげでもあるし。\n　お礼するなら早い方がいいと思って……！」%K%P
%LC愛
%LC愛
「あまり時間が経つと、\n　謝るどころかキレ散らかしますもんね」%K%P
「あまり時間が経つと、\n　謝るどころかキレ散らかしますもんね」%K%P
%LC清佳
%LC清佳
「キレ散らかさないわよ！？　コ、コホン。\n　ごめんね、蛍。そういうことだからもう行くわね……？」%K%P
「キレ散らかさないわよ！？　コ、コホン。\n　ごめんね、蛍。そういうことだからもう行くわね……？」%K%P
%LC清佳
%LC清佳
「お夕飯は蛍の得意料理で構わないから！\n　蛍の愛情がこもった料理なら私はなんでも大好きよ！」%K%P
「お夕飯は蛍の得意料理で構わないから！\n　蛍の愛情がこもった料理なら私はなんでも大好きよ！」%K%P
そういって清佳ちゃんたちが屋敷前に停められた\n高級車に乗り込んでいく。%K%P
そういって清佳ちゃんたちが屋敷前に停められた\n高級車に乗り込んでいく。%K%P
でも僕にお礼を言おうとしてくれてるなんて……。\n少しは打ち解けてくれたってこと、かな？%K%P
でも僕にお礼を言おうとしてくれてるなんて……。\n少しは打ち解けてくれたってこと、かな？%K%P
だとしたら嬉しい。最初みたいに邪険にされたら、\nろくにお話することもできないもんね。%K%P
だとしたら嬉しい。最初みたいに邪険にされたら、\nろくにお話することもできないもんね。%K%P
いつかは春樹＝蛍だってことを\n明かさなくちゃいけないんだ。%K%P
いつかは春樹＝蛍だってことを\n明かさなくちゃいけないんだ。%K%P
少しずつでも清佳ちゃんと仲良くなって、\nそれを受け入れてもらえるような関係にならないと……！%K%P
少しずつでも清佳ちゃんと仲良くなって、\nそれを受け入れてもらえるような関係にならないと……！%K%P
%LC蛍
%LC蛍
「よーし！」%K%P
「よーし！」%K%P
そうと決まればすぐに着替えて登校しよう。%K%P
そうと決まればすぐに着替えて登校しよう。%K%P
できる限りたくさんお喋りして、\nちょっとでも清佳ちゃんと打ち解けるんだ――！！%K%P
できる限りたくさんお喋りして、\nちょっとでも清佳ちゃんと打ち解けるんだ――！！%K%P
――と思っていたのに。%K%P
――と思っていたのに。%K%P
%LC清佳
%LC清佳
「……さて、春樹くん。\n　先日はお世話になったわね？」%K%P
「……さて、春樹くん。\n　先日はお世話になったわね？」%K%P
%XS20――どうしてまた縛られてるの！！？%XE%K%P
%XS20――どうしてまた縛られてるの！！？%XE%K%P
えっ、なに？　お礼ってお礼参りって意味だったの？\nもしかして僕、今から東京湾に沈められちゃうの！？%K%P
えっ、なに？　お礼ってお礼参りって意味だったの？\nもしかして僕、今から東京湾に沈められちゃうの！？%K%P
%LC清佳
%LC清佳
「そんなに怯えないでよ。\n　なにも取って食おうってわけじゃないわ」%K%P
「そんなに怯えないでよ。\n　なにも取って食おうってわけじゃないわ」%K%P
%LC春樹
%LC春樹
「この状況で怯えない方がおかしいよ！\n　どうしてまた拉致監禁されなきゃいけないのさ！？」%K%P
「この状況で怯えない方がおかしいよ！\n　どうしてまた拉致監禁されなきゃいけないのさ！？」%K%P
%LC清佳
%LC清佳
「それは、えと……！」%K%P
「それは、えと……！」%K%P
%LC愛
%LC愛
「あはは、清佳様ったら顔赤くしちゃって可愛い〜♪\n　大丈夫ですよ先輩、これは単なる照れ隠しですから〜」%K%P
「あはは、清佳様ったら顔赤くしちゃって可愛い〜♪\n　大丈夫ですよ先輩、これは単なる照れ隠しですから〜」%K%P
%LC春樹
%LC春樹
「て、照れ隠し？」%K%P
「て、照れ隠し？」%K%P
%LC愛
%LC愛
「清佳様ってば教室で面と向かってお礼言うのが\n　恥ずかしかったらしくてぇ〜。何を思ったか\n　また先輩をさらえとか言い出したんですよぉ〜」%K%P
「清佳様ってば教室で面と向かってお礼言うのが\n　恥ずかしかったらしくてぇ〜。何を思ったか\n　また先輩をさらえとか言い出したんですよぉ〜」%K%P
%LC清佳
%LC清佳
「〜〜っっ！！　照れてなんかいないわ……！！\n　あくまであなたと馴れ合うつもりはないという\n　気持ちの表れよ……！」%K%P
「〜〜っっ！！　照れてなんかいないわ……！！\n　あくまであなたと馴れ合うつもりはないという\n　気持ちの表れよ……！」%K%P
%LC愛
%LC愛
「あはは〜、ホントごめんなさいね、先輩？\n　うちの主人、不器用なもんで〜」%K%P
「あはは〜、ホントごめんなさいね、先輩？\n　うちの主人、不器用なもんで〜」%K%P
%LC春樹
%LC春樹
「不器用の一言で片付けられる\n　レベルじゃない気もするけど……」%K%P
「不器用の一言で片付けられる\n　レベルじゃない気もするけど……」%K%P
どうやら悪意があったわけじゃないらしい。\nむしろ好意的？なのかな……？%K%P
どうやら悪意があったわけじゃないらしい。\nむしろ好意的？なのかな……？%K%P
%LC清佳
%LC清佳
「とにかく……その。\n　蛍とは無事に仲直りすることができたわ」%K%P
「とにかく……その。\n　蛍とは無事に仲直りすることができたわ」%K%P
%LC清佳
%LC清佳
「あなたには一応相談にも乗ってもらったわけだし、\n　ちゃんと報告しておこうと思って……！」%K%P
「あなたには一応相談にも乗ってもらったわけだし、\n　ちゃんと報告しておこうと思って……！」%K%P
%LC春樹
%LC春樹
「う、うん。それは何よりというか。良かったね？」%K%P
「う、うん。それは何よりというか。良かったね？」%K%P
%LC清佳
%LC清佳
「え、ええ」%K%P
「え、ええ」%K%P
清佳ちゃんがどこか照れた顔で頷く。%K%P
清佳ちゃんがどこか照れた顔で頷く。%K%P
%LC清佳
%LC清佳
「…………」%K%P
「…………」%K%P
%LC春樹
%LC春樹
「…………」%K%P
「…………」%K%P
%LC清佳
%LC清佳
「……っっ」%K%P
「……っっ」%K%P
%LC愛
%LC愛
「はぁ……。さっさとお礼言って下さいよー。\n　ありがとうの一言も言えないんですかぁ？」%K%P
「はぁ……。さっさとお礼言って下さいよー。\n　ありがとうの一言も言えないんですかぁ？」%K%P
%LC清佳
%LC清佳
「うるさいわね……！\n　言うわよ、言えばいいんでしょう！？」%K%P
「うるさいわね……！\n　言うわよ、言えばいいんでしょう！？」%K%P
%LC清佳
%LC清佳
「春樹くんには、その。感謝してるわ。\n　蛍と仲直りできたのはあなたのおかげでもあるし……」%K%P
「春樹くんには、その。感謝してるわ。\n　蛍と仲直りできたのはあなたのおかげでもあるし……」%K%P
%LC清佳
%LC清佳
「でも勘違いはしないで。役に立ったのは確かだけど、\n　全てが全てあなたのおかげというわけじゃないわ」%K%P
「でも勘違いはしないで。役に立ったのは確かだけど、\n　全てが全てあなたのおかげというわけじゃないわ」%K%P
%LC清佳
%LC清佳
「精々全体の５％……いえ１％程度のありがたみよ。\n　だから『貸しを作ってやったぞ』とか思わないことね！」%K%P
「精々全体の５％……いえ１％程度のありがたみよ。\n　だから『貸しを作ってやったぞ』とか思わないことね！」%K%P
%LC春樹
%LC春樹
「そんな風には思ってないってば！\n　損得で相談に乗ったわけじゃないし……！」%K%P
「そんな風には思ってないってば！\n　損得で相談に乗ったわけじゃないし……！」%K%P
%LC清佳
%LC清佳
「どうかしら。どうせ心の中では、\n　『弱みを握ってやったぜ、グヘヘヘヘ……』\n　――とか思ってるんでしょ！？」%K%P
「どうかしら。どうせ心の中では、\n　『弱みを握ってやったぜ、グヘヘヘヘ……』\n　――とか思ってるんでしょ！？」%K%P
%LC春樹
%LC春樹
「僕のイメージってそんななの！？」%K%P
「僕のイメージってそんななの！？」%K%P
%LC愛
%LC愛
「……僕？」%K%P
「……僕？」%K%P
%LC春樹
%LC春樹
「あっ……！！　お、俺の……！！」%K%P
「あっ……！！　お、俺の……！！」%K%P
思わず素で聞き返してしまい慌てて言い直す。%K%P
思わず素で聞き返してしまい慌てて言い直す。%K%P
うぅ、少しはマシになったかと思ったけど、\nまだまだ警戒されちゃってるみたい。%K%P
うぅ、少しはマシになったかと思ったけど、\nまだまだ警戒されちゃってるみたい。%K%P
清佳ちゃんと仲良くなる道のりは\n思っていた以上に遠いのかも――%K%P
清佳ちゃんと仲良くなる道のりは\n思っていた以上に遠いのかも――%K%P
%LC清佳
%LC清佳
「……そ、そんなことはないわ……」%K%P
「……そ、そんなことはないわ……」%K%P
%LC春樹
%LC春樹
「え？」%K%P
「え？」%K%P
%LC清佳
%LC清佳
「〜〜っっ。そんなことないって言ったのよ！\n　冗談の通じない男ね……！！」%K%P
「〜〜っっ。そんなことないって言ったのよ！\n　冗談の通じない男ね……！！」%K%P
%LC清佳
%LC清佳
「私だってバカじゃないもの。あなたが、その。\n　損得で動くような男じゃないってことくらい、\n　今回のことで理解したわ……！」%K%P
「私だってバカじゃないもの。あなたが、その。\n　損得で動くような男じゃないってことくらい、\n　今回のことで理解したわ……！」%K%P
%LC清佳
%LC清佳
「私はあんなにもあなたに敵意を向けていたのに\n　相談にも真摯に乗ってくれたし……」%K%P
「私はあんなにもあなたに敵意を向けていたのに\n　相談にも真摯に乗ってくれたし……」%K%P
%LC清佳
%LC清佳
「蛍の気持ちに気づかない鈍感さは頂けないけど……\n　第一印象で感じたほど酷い男だとはもう思ってない」%K%P
「蛍の気持ちに気づかない鈍感さは頂けないけど……\n　第一印象で感じたほど酷い男だとはもう思ってない」%K%P
%LC清佳
%LC清佳
「むしろ……その。また相談事ができたら、\n　話を聞いてもらいたいとすら思ったりもしているわ」%K%P
「むしろ……その。また相談事ができたら、\n　話を聞いてもらいたいとすら思ったりもしているわ」%K%P
%LC春樹
%LC春樹
「清佳さん……」%K%P
「清佳さん……」%K%P
清佳ちゃんが恥ずかしそうに目を逸らす。\n……そんな風に思ってくれてたんだ。%K%P
清佳ちゃんが恥ずかしそうに目を逸らす。\n……そんな風に思ってくれてたんだ。%K%P
だとしたら悪くない状況なのかもしれない。%K%P
だとしたら悪くない状況なのかもしれない。%K%P
この調子で少しずつ清佳ちゃんと仲良くなっていけば、\n正体を明かしても受け入れてもらえる関係になれるかも。%K%P
この調子で少しずつ清佳ちゃんと仲良くなっていけば、\n正体を明かしても受け入れてもらえる関係になれるかも。%K%P
%LC春樹
%LC春樹
「なら相談事ができたらいつでも言って？\n　俺で良ければいくらでも話を聞くから」%K%P
「なら相談事ができたらいつでも言って？\n　俺で良ければいくらでも話を聞くから」%K%P
%LC清佳
%LC清佳
「……疑りたくなっちゃうほどお人好しね。\n　そんなに私と蛍をくっつけたいの？」%K%P
「……疑りたくなっちゃうほどお人好しね。\n　そんなに私と蛍をくっつけたいの？」%K%P
%LC春樹
%LC春樹
「そ、そういうわけじゃないけど……！」%K%P
「そ、そういうわけじゃないけど……！」%K%P
%LC清佳
%LC清佳
「まぁいいわ。少なくとも私と蛍の仲を\n　邪魔する気はないっていうことは十分わかったし」%K%P
「まぁいいわ。少なくとも私と蛍の仲を\n　邪魔する気はないっていうことは十分わかったし」%K%P
%LC清佳
%LC清佳
「私も今は蛍との仲を急ごうとも思っていないしね。\n　精々今度の休日に――……」%K%P
「私も今は蛍との仲を急ごうとも思っていないしね。\n　精々今度の休日に――……」%K%P
と言いかけたところで清佳ちゃんが口ごもる。%K%P
と言いかけたところで清佳ちゃんが口ごもる。%K%P
%LC春樹
%LC春樹
「どうしたの？」%K%P
「どうしたの？」%K%P
%LC清佳
%LC清佳
「……あ、あったわ。相談事……」%K%P
「……あ、あったわ。相談事……」%K%P
%LC春樹
%LC春樹
「へ？」%K%P
「へ？」%K%P
%LC清佳
%LC清佳
「いえ、でも春樹くんと……？\n　だけど蛍との本番で失敗したくないし……」%K%P
「いえ、でも春樹くんと……？\n　だけど蛍との本番で失敗したくないし……」%K%P
%LC清佳
%LC清佳
「条件だけ考えればこれほど適任の人はいないわ……。\n　春樹くんなら蛍のこともよく知ってるし――\n　けどここで頼るとまたしても借りが……！」%K%P
「条件だけ考えればこれほど適任の人はいないわ……。\n　春樹くんなら蛍のこともよく知ってるし――\n　けどここで頼るとまたしても借りが……！」%K%P
%LC清佳
%LC清佳
「いいえ、清佳。大切なのは勝ち負けよりも\n　蛍を楽しませることよっ。下がりきった好感度を\n　どうにか上げなくちゃいけないんだから……！」%K%P
「いいえ、清佳。大切なのは勝ち負けよりも\n　蛍を楽しませることよっ。下がりきった好感度を\n　どうにか上げなくちゃいけないんだから……！」%K%P
清佳ちゃんが一人でブツブツと呟きながら、\nああでもないと頭を抱える。%K%P
清佳ちゃんが一人でブツブツと呟きながら、\nああでもないと頭を抱える。%K%P
しかし不意に僕へ向き直って――%K%P
しかし不意に僕へ向き直って――%K%P
%LC清佳
%LC清佳
「春樹くんっ！」%K%P
「春樹くんっ！」%K%P
%LC春樹
%LC春樹
「ひゃ、ひゃあい！？」%K%P
「ひゃ、ひゃあい！？」%K%P
%LC清佳
%LC清佳
「本当に、私の相談に乗ってくれるのね？」%K%P
「本当に、私の相談に乗ってくれるのね？」%K%P
%LC春樹
%LC春樹
「そ、相談の内容にも――」%K%P
「そ、相談の内容にも――」%K%P
%LC清佳
%LC清佳
「――よらないわよね？\n　男に二言はないわよね！？」%K%P
「――よらないわよね？\n　男に二言はないわよね！？」%K%P
%LC春樹
%LC春樹
「はい！　ありません！」%K%P
「はい！　ありません！」%K%P
%LC清佳
%LC清佳
「よろしい」%K%P
「よろしい」%K%P
うぅ。あまりにも圧が強すぎて頷いちゃった。\nそ、相談事ってなんだろう？%K%P
うぅ。あまりにも圧が強すぎて頷いちゃった。\nそ、相談事ってなんだろう？%K%P
%LC清佳
%LC清佳
「今度の休日は空いてる？」%K%P
「今度の休日は空いてる？」%K%P
%LC春樹
%LC春樹
「う、うん……」%K%P
「う、うん……」%K%P
%LC清佳
%LC清佳
「なら私に一日付き合って」%K%P
「なら私に一日付き合って」%K%P
%LC春樹
%LC春樹
「一日付き合うって……。\n　どういうこと……？」%K%P
「一日付き合うって……。\n　どういうこと……？」%K%P
%LC清佳
%LC清佳
「決まってるじゃない」%K%P
「決まってるじゃない」%K%P
すると清佳ちゃんは\n真剣な眼差しで僕を見据えて――%K%P
すると清佳ちゃんは\n真剣な眼差しで僕を見据えて――%K%P
%LC清佳
%LC清佳
「私とあなたで――デートに行くのよ」%K%P
「私とあなたで――デートに行くのよ」%K%P
%LC春樹
%LC春樹
「へ……？」%K%P
「へ……？」%K%P
デート？%K%P
デート？%K%P
僕と、清佳ちゃんで……？%K%P
僕と、清佳ちゃんで……？%K%P
%LC春樹
%LC春樹
「えええええええっっ〜〜！！？」%K%P
「えええええええっっ〜〜！！？」%K%P
