………………%K%P
………………%K%P
…………%K%P
…………%K%P
……%K%P
……%K%P
そして、迎えた翌日――%K%P
そして、迎えた翌日――%K%P
%LC清佳
%LC清佳
「へぇー……。個室が用意されているわけじゃないのね？」%K%P
「へぇー……。個室が用意されているわけじゃないのね？」%K%P
%LC愛
%LC愛
「そうですね。ここで皆一様に着替えるのが一般的です。\n　お望みでしたらＶＩＰ用の個室もございますが」%K%P
「そうですね。ここで皆一様に着替えるのが一般的です。\n　お望みでしたらＶＩＰ用の個室もございますが」%K%P
%LC清佳
%LC清佳
「いいわいいわ。ふふ、こういうの初めてだもの」%K%P
「いいわいいわ。ふふ、こういうの初めてだもの」%K%P
%LC千鶴
%LC千鶴
「あ、ヤバ。日焼け止めクリーム忘れちった」%K%P
「あ、ヤバ。日焼け止めクリーム忘れちった」%K%P
%LC蛍
%LC蛍
「…………」%K%P
「…………」%K%P
……ちょっと待って？\nこの状況はどういうこと？%K%P
……ちょっと待って？\nこの状況はどういうこと？%K%P
%LC清佳
%LC清佳
「んしょ……と。あら、どうしたの蛍？」%K%P
「んしょ……と。あら、どうしたの蛍？」%K%P
なんで僕――%K%P
なんで僕――%K%P
%LC清佳
%LC清佳
「着替えないの？」%K%P
「着替えないの？」%K%P
%XS20更衣室なんかにいるの〜！！？%XE%K%P
%XS20更衣室なんかにいるの〜！！？%XE%K%P
%LC千鶴
%LC千鶴
「はぁ……。やっぱ下着は楽だねー……。\n　お出かけ用の服着ると肩が凝って肩が凝って……」%K%P
「はぁ……。やっぱ下着は楽だねー……。\n　お出かけ用の服着ると肩が凝って肩が凝って……」%K%P
%LC愛
%LC愛
「むっ……」%K%P
「むっ……」%K%P
%LC千鶴
%LC千鶴
「ん？　どうしたの愛ちゃん？\n　あたしのおっぱい見つめちゃってさ〜？」%K%P
「ん？　どうしたの愛ちゃん？\n　あたしのおっぱい見つめちゃってさ〜？」%K%P
%LC愛
%LC愛
「み、見つめていません」%K%P
「み、見つめていません」%K%P
%LC千鶴
%LC千鶴
「ふーん。けど、いいなぁ愛ちゃんのサイズ感……。\n　やー、おっぱいとか小さい方がいいよー？」%K%P
「ふーん。けど、いいなぁ愛ちゃんのサイズ感……。\n　やー、おっぱいとか小さい方がいいよー？」%K%P
%LC愛
%LC愛
「ぐっ……！　持たざる者の悩みも知らずにこの女……！」%K%P
「ぐっ……！　持たざる者の悩みも知らずにこの女……！」%K%P
みんなが無防備に着替えを続ける。\n周りを見渡せば、他の女性客も普通に着替えていて――%K%P
みんなが無防備に着替えを続ける。\n周りを見渡せば、他の女性客も普通に着替えていて――%K%P
%LC蛍
%LC蛍
「〜〜っっ！！」%K%P
「〜〜っっ！！」%K%P
見ちゃダメ……！　見ちゃダメだよ……！！\nというか、なんでこんな場所に連れてこられて……！？%K%P
見ちゃダメ……！　見ちゃダメだよ……！！\nというか、なんでこんな場所に連れてこられて……！？%K%P
%LC清佳
%LC清佳
「……大丈夫？　なんだかお顔が真っ赤だけど……」%K%P
「……大丈夫？　なんだかお顔が真っ赤だけど……」%K%P
%LC蛍
%LC蛍
「あっ、えと……！　その……！」%K%P
「あっ、えと……！　その……！」%K%P
%LC清佳
%LC清佳
「ああ、ここ蒸し暑いものね。\n　ふふ、じゃあ早く着替えてプールで涼みましょ？」%K%P
「ああ、ここ蒸し暑いものね。\n　ふふ、じゃあ早く着替えてプールで涼みましょ？」%K%P
%LC蛍
%LC蛍
「プ、プール……！」%K%P
「プ、プール……！」%K%P
%LC清佳
%LC清佳
「そうよ。ふふ、夏と言えばプールだと思って」%K%P
「そうよ。ふふ、夏と言えばプールだと思って」%K%P
昨日の模擬デートはなんだったの！？\nてっきり遊園地に行くものだと思ってたのに……！%K%P
昨日の模擬デートはなんだったの！？\nてっきり遊園地に行くものだと思ってたのに……！%K%P
%LC清佳
%LC清佳
「実はね？　遊園地とどっちか悩んだの。\n　でも春樹くんに蛍が絶叫系が苦手だって聞いて」%K%P
「実はね？　遊園地とどっちか悩んだの。\n　でも春樹くんに蛍が絶叫系が苦手だって聞いて」%K%P
%LC清佳
%LC清佳
「あと……まぁ。遊園地は私もまだ不安が多いし。\n　蛍とデートするにはレベルが足りないわ」%K%P
「あと……まぁ。遊園地は私もまだ不安が多いし。\n　蛍とデートするにはレベルが足りないわ」%K%P
どうやら模擬デートを踏まえて、\nプール遊びに切り替えたらしい。%K%P
どうやら模擬デートを踏まえて、\nプール遊びに切り替えたらしい。%K%P
でも、よりにもよってプールだなんて……！%K%P
でも、よりにもよってプールだなんて……！%K%P
%LC蛍
%LC蛍
「わたし、水着が――」%K%P
「わたし、水着が――」%K%P
%LC清佳
%LC清佳
「え？　千鶴さんが用意していると聞いたけど」%K%P
「え？　千鶴さんが用意していると聞いたけど」%K%P
%LC蛍
%LC蛍
「え゛っ！？」%K%P
「え゛っ！？」%K%P
%LC千鶴
%LC千鶴
「あ、そだ。渡すの忘れた。ちょっと待ってね〜」%K%P
「あ、そだ。渡すの忘れた。ちょっと待ってね〜」%K%P
%LC蛍
%LC蛍
「『ちょっと待って』じゃなくて……！」%K%P
「『ちょっと待って』じゃなくて……！」%K%P
%LC千鶴
%LC千鶴
「わわっ。なにさっ？」%K%P
「わわっ。なにさっ？」%K%P
%LC蛍
%LC蛍
「なにさじゃないよ……！\n　どうして止めてくれなかったの！？\n　プール行くこと知ってたんだよね……！？」%K%P
「なにさじゃないよ……！\n　どうして止めてくれなかったの！？\n　プール行くこと知ってたんだよね……！？」%K%P
%LC千鶴
%LC千鶴
「や。蛍に言ってないとは聞いてなかったし。\n　あたしとしては蛍が頷いたんだって思ってさー」%K%P
「や。蛍に言ってないとは聞いてなかったし。\n　あたしとしては蛍が頷いたんだって思ってさー」%K%P
%LC千鶴
%LC千鶴
「まあ……蛍もお年頃だし？\n　女の園に入りたい願望もあるだろうし？\n　妹の願望を叶えてあげるのも姉の務めかなぁって」%K%P
「まあ……蛍もお年頃だし？\n　女の園に入りたい願望もあるだろうし？\n　妹の願望を叶えてあげるのも姉の務めかなぁって」%K%P
%LC蛍
%LC蛍
「気を遣う方向がおかしいでしょ！？\n　あと弟だから……！」%K%P
「気を遣う方向がおかしいでしょ！？\n　あと弟だから……！」%K%P
%LC千鶴
%LC千鶴
「あはは、まぁまぁ大丈夫だって。\n　そんなに言うならみなきゃいいんだし」%K%P
「あはは、まぁまぁ大丈夫だって。\n　そんなに言うならみなきゃいいんだし」%K%P
あっけらかんとお姉ちゃんが笑う。\nそ、その通りだけど、でも……！%K%P
あっけらかんとお姉ちゃんが笑う。\nそ、その通りだけど、でも……！%K%P
%LC清佳
%LC清佳
「ほら早く。蛍も着替えて着替えて。\n　冷たいプールでたくさん遊びましょ？」%K%P
「ほら早く。蛍も着替えて着替えて。\n　冷たいプールでたくさん遊びましょ？」%K%P
%LC清佳
%LC清佳
「こう見えても私、ふふん。\n　泳ぎには自信あるから」%K%P
「こう見えても私、ふふん。\n　泳ぎには自信あるから」%K%P
%LC蛍
%LC蛍
「っっ」%K%P
「っっ」%K%P
こう目の前で着替えられると、つい……！\n相変わらず清佳ちゃん、綺麗な身体してて……。%K%P
こう目の前で着替えられると、つい……！\n相変わらず清佳ちゃん、綺麗な身体してて……。%K%P
%LC愛
%LC愛
「……蛍様には一応勝ってますね」%K%P
「……蛍様には一応勝ってますね」%K%P
%LC蛍
%LC蛍
「ふぇ！？」%K%P
「ふぇ！？」%K%P
%LC愛
%LC愛
「……なんでもありません」%K%P
「……なんでもありません」%K%P
胸の大きさを気にしているのか、\nおっぱいをモミモミと揉む愛さん。%K%P
胸の大きさを気にしているのか、\nおっぱいをモミモミと揉む愛さん。%K%P
確かに小さいけれど、この間押し当てられた時は、\n妙にその仄かな柔らかさにドキドキさせられたり――%K%P
確かに小さいけれど、この間押し当てられた時は、\n妙にその仄かな柔らかさにドキドキさせられたり――%K%P
――じゃなくて！%K%P
――じゃなくて！%K%P
%LC千鶴
%LC千鶴
「おーおー……。スケベな顔しちゃって……。\n　我が弟ながらエロいねー……」%K%P
「おーおー……。スケベな顔しちゃって……。\n　我が弟ながらエロいねー……」%K%P
%LC蛍
%LC蛍
「〜〜っっ！」%K%P
「〜〜っっ！」%K%P
お姉ちゃんがニタニタとからかうように笑ってくる。\nうぅ、ホントにこの姉は……！！%K%P
お姉ちゃんがニタニタとからかうように笑ってくる。\nうぅ、ホントにこの姉は……！！%K%P
というか、まさか僕も着替えなきゃいけないの？%K%P
というか、まさか僕も着替えなきゃいけないの？%K%P
水着に？%K%P
水着に？%K%P
女物の水着に……？%K%P
女物の水着に……？%K%P
%LC清佳
%LC清佳
「へぇ〜……！　これがレジャープール……！\n　見て見て、愛！　あれが流れるプールなのねっ？」%K%P
「へぇ〜……！　これがレジャープール……！\n　見て見て、愛！　あれが流れるプールなのねっ？」%K%P
%LC愛
%LC愛
「はしゃがれるのは構いませんが、\n　水に入る前にストレッチは欠かさずにお願いします」%K%P
「はしゃがれるのは構いませんが、\n　水に入る前にストレッチは欠かさずにお願いします」%K%P
%LC千鶴
%LC千鶴
「くぅぅ……！　やっぱプールで飲むお酒は違うねぇ〜！\n　めちゃくちゃ染みるぅ〜……！」%K%P
「くぅぅ……！　やっぱプールで飲むお酒は違うねぇ〜！\n　めちゃくちゃ染みるぅ〜……！」%K%P
出遅れること数分。%K%P
出遅れること数分。%K%P
更衣室から出ると、プールを前に\n三者三様の反応ではしゃぐみんながいた。%K%P
更衣室から出ると、プールを前に\n三者三様の反応ではしゃぐみんながいた。%K%P
%LC清佳
%LC清佳
「あ、蛍。着替え終わったの――って」%K%P
「あ、蛍。着替え終わったの――って」%K%P
%LC清佳
%LC清佳
「かっ、かわっ、可愛いぃぃ〜〜！！」%K%P
「かっ、かわっ、可愛いぃぃ〜〜！！」%K%P
%LC蛍
%LC蛍
「〜〜っっ！！　撮らないでっ……！！\n　写真撮っちゃダメだってばぁ〜〜！！」%K%P
「〜〜っっ！！　撮らないでっ……！！\n　写真撮っちゃダメだってばぁ〜〜！！」%K%P
恥ずかしすぎてヤバい……！！\n僕、男なのにどうしてこんな水着を着る羽目に……！！%K%P
恥ずかしすぎてヤバい……！！\n僕、男なのにどうしてこんな水着を着る羽目に……！！%K%P
%LC千鶴
%LC千鶴
「おお〜。めちゃくちゃ似合ってるじゃ〜ん。\n　どうどう気に入った？　蛍のために作った一点物だよ？」%K%P
「おお〜。めちゃくちゃ似合ってるじゃ〜ん。\n　どうどう気に入った？　蛍のために作った一点物だよ？」%K%P
%LC清佳
%LC清佳
「気に入りました！　ものすごく気に入りました！！\n　素晴らしいですっ、千鶴さん……！！」%K%P
「気に入りました！　ものすごく気に入りました！！\n　素晴らしいですっ、千鶴さん……！！」%K%P
%LC蛍
%LC蛍
「どうして清佳ちゃんが応えるの〜！？」%K%P
「どうして清佳ちゃんが応えるの〜！？」%K%P
%LC愛
%LC愛
「……やはり愛の方が勝ってますね。ホっ……」%K%P
「……やはり愛の方が勝ってますね。ホっ……」%K%P
%LC蛍
%LC蛍
「愛さんはどこ見てるの！？」%K%P
「愛さんはどこ見てるの！？」%K%P
これだけじっと見られてもバレないなんて……。\n身体付きで男だとバレてもおかしくないのに……。%K%P
これだけじっと見られてもバレないなんて……。\n身体付きで男だとバレてもおかしくないのに……。%K%P
むしろ悲しいかも……。%K%P
むしろ悲しいかも……。%K%P
%LC清佳
%LC清佳
「それより蛍。私の水着姿はどう……？\n　か、可愛いかしら……？」%K%P
「それより蛍。私の水着姿はどう……？\n　か、可愛いかしら……？」%K%P
%LC蛍
%LC蛍
「えっ！？　あ、えと……！」%K%P
「えっ！？　あ、えと……！」%K%P
%LC清佳
%LC清佳
「蛍にドキドキしてもらいたくて……えへへ。\n　ちょっぴり大胆な水着着てみたの。\n　ど、どうかしら？　ドキドキ……する？」%K%P
「蛍にドキドキしてもらいたくて……えへへ。\n　ちょっぴり大胆な水着着てみたの。\n　ど、どうかしら？　ドキドキ……する？」%K%P
%LC蛍
%LC蛍
「っっ」%K%P
「っっ」%K%P
言いながら清佳ちゃんが水着姿を見せつけてくる。\nた、確かにすごく大胆で……！%K%P
言いながら清佳ちゃんが水着姿を見せつけてくる。\nた、確かにすごく大胆で……！%K%P
眺めてるだけでも、その――%K%P
眺めてるだけでも、その――%K%P
%LC愛
%LC愛
「……はぁ。女性同士でドキドキするも何も\n　ないでしょう。特に蛍様は清佳様と違いノーマルですし」%K%P
「……はぁ。女性同士でドキドキするも何も\n　ないでしょう。特に蛍様は清佳様と違いノーマルですし」%K%P
%LC清佳
%LC清佳
「むっ……！　だからこそ大胆にしてるんじゃない。\n　ていうか愛はどうしてスク水なのよ」%K%P
「むっ……！　だからこそ大胆にしてるんじゃない。\n　ていうか愛はどうしてスク水なのよ」%K%P
%LC愛
%LC愛
「違います。そこの変態のせいですよ。\n　鞄を開けたら水着がすり替えられていたんです」%K%P
「違います。そこの変態のせいですよ。\n　鞄を開けたら水着がすり替えられていたんです」%K%P
%LC千鶴
%LC千鶴
「はぁはぁ、金髪ロリっ子の旧スク姿は国宝だよね……！\n　愛ちゃん眺めてるだけで幾らでも酒が飲める……！」%K%P
「はぁはぁ、金髪ロリっ子の旧スク姿は国宝だよね……！\n　愛ちゃん眺めてるだけで幾らでも酒が飲める……！」%K%P
%LC愛
%LC愛
「そのまま酒に溺れて死ねばいいのに」%K%P
「そのまま酒に溺れて死ねばいいのに」%K%P
%LC千鶴
%LC千鶴
「あぁ……！　そのつれない態度も最高だよ……！\n　もっと罵って……！」%K%P
「あぁ……！　そのつれない態度も最高だよ……！\n　もっと罵って……！」%K%P
%LC蛍
%LC蛍
「おね――ち、千鶴様。どうか通報だけは\n　されないようにして下さいね……？\n　お酒もほどほどにして下さい……」%K%P
「おね――ち、千鶴様。どうか通報だけは\n　されないようにして下さいね……？\n　お酒もほどほどにして下さい……」%K%P
お姉ちゃんに呆れつつも、\n二人の水着姿にもつい目が行ってしまう。%K%P
お姉ちゃんに呆れつつも、\n二人の水着姿にもつい目が行ってしまう。%K%P
あまり言いたくないけど、お姉ちゃんも\nオトナっぽい水着がとても似合ってると思うし……。%K%P
あまり言いたくないけど、お姉ちゃんも\nオトナっぽい水着がとても似合ってると思うし……。%K%P
お姉ちゃんに同意するわけじゃないけど、\n愛さんのスク水姿は確かに……うん。%K%P
お姉ちゃんに同意するわけじゃないけど、\n愛さんのスク水姿は確かに……うん。%K%P
でもやっぱり――%K%P
でもやっぱり――%K%P
%LC清佳
%LC清佳
「さ。一緒にストレッチしましょ？\n　それでめいっぱいプールで遊ぶのっ」%K%P
「さ。一緒にストレッチしましょ？\n　それでめいっぱいプールで遊ぶのっ」%K%P
清佳ちゃんの水着姿にドキドキが止まらない。\nき、気を抜いたら下半身が熱くなりそうで……！%K%P
清佳ちゃんの水着姿にドキドキが止まらない。\nき、気を抜いたら下半身が熱くなりそうで……！%K%P
早くプールに飛び込みたい。\nこの熱気を飛ばさないとマズいよ……！%K%P
早くプールに飛び込みたい。\nこの熱気を飛ばさないとマズいよ……！%K%P
%LC千鶴
%LC千鶴
「あ、そだ。蛍。ちょっとちょっと」%K%P
「あ、そだ。蛍。ちょっとちょっと」%K%P
%LC蛍
%LC蛍
「え？　な、なんですか？」%K%P
「え？　な、なんですか？」%K%P
清佳ちゃんと愛さんから離れるように、\nお姉ちゃんが僕を引っ張ってくる。%K%P
清佳ちゃんと愛さんから離れるように、\nお姉ちゃんが僕を引っ張ってくる。%K%P
%LC千鶴
%LC千鶴
「わかってると思うけど、あんまりがっつり潜ると\n　ウィッグ取れちゃうからね？　気をつけるんだよ？」%K%P
「わかってると思うけど、あんまりがっつり潜ると\n　ウィッグ取れちゃうからね？　気をつけるんだよ？」%K%P
%LC蛍
%LC蛍
「……その注意をするくらいなら、\n　プールに来るのを止めてもらいたかったんだけど……」%K%P
「……その注意をするくらいなら、\n　プールに来るのを止めてもらいたかったんだけど……」%K%P
%LC千鶴
%LC千鶴
「まぁまぁ最後まで聞いて。緊急時の対策として、\n　その水着には仕掛けを施しておいたんだよ」%K%P
「まぁまぁ最後まで聞いて。緊急時の対策として、\n　その水着には仕掛けを施しておいたんだよ」%K%P
%LC蛍
%LC蛍
「仕掛け？」%K%P
「仕掛け？」%K%P
%LC千鶴
%LC千鶴
「うん。もしウィッグが外れたら、\n　すぐに水着を脱いで」%K%P
「うん。もしウィッグが外れたら、\n　すぐに水着を脱いで」%K%P
%LC蛍
%LC蛍
%XS20「は、裸になれってこと！？」%XE%K%P
%XS20「は、裸になれってこと！？」%XE%K%P
%LC千鶴
%LC千鶴
「違うってば。スカート履いた時に気づかなかった？\n　ブルマ部分とスカート部分に分かれてたでしょ？」%K%P
「違うってば。スカート履いた時に気づかなかった？\n　ブルマ部分とスカート部分に分かれてたでしょ？」%K%P
%LC千鶴
%LC千鶴
「だからビキニとスカートを脱げば……ほら。\n　男性水着に早変わり♪」%K%P
「だからビキニとスカートを脱げば……ほら。\n　男性水着に早変わり♪」%K%P
%LC蛍
%LC蛍
「な、なるほど……！　助かるよ、お姉ちゃん……！」%K%P
「な、なるほど……！　助かるよ、お姉ちゃん……！」%K%P
%LC千鶴
%LC千鶴
「ふふふ。可愛い妹のためだもん。\n　お姉ちゃんに任せなさいってば」%K%P
「ふふふ。可愛い妹のためだもん。\n　お姉ちゃんに任せなさいってば」%K%P
だから弟だけどね。でもホントに助かった。\n当てにしすぎるのは危ないけれど保険にはなる。%K%P
だから弟だけどね。でもホントに助かった。\n当てにしすぎるのは危ないけれど保険にはなる。%K%P
%LC千鶴
%LC千鶴
「あ。でもスカート丈の都合上、\n　脱いだらブーメランパンツになるから」%K%P
「あ。でもスカート丈の都合上、\n　脱いだらブーメランパンツになるから」%K%P
%LC蛍
%LC蛍
「え゛っ！？　ブーメランパンツって……！」%K%P
「え゛っ！？　ブーメランパンツって……！」%K%P
%LC千鶴
%LC千鶴
「男らしくていいじゃん。\n　好きなんでしょ？　そういうの」%K%P
「男らしくていいじゃん。\n　好きなんでしょ？　そういうの」%K%P
絶対に脱ぎたくなくなってきた。\n……ウィッグが取れるような事態は絶対に避けよう。%K%P
絶対に脱ぎたくなくなってきた。\n……ウィッグが取れるような事態は絶対に避けよう。%K%P
%LC清佳
%LC清佳
「蛍ー？　なに二人でこそこそ話してるの？\n　ストレッチ終わっちゃったわよ？」%K%P
「蛍ー？　なに二人でこそこそ話してるの？\n　ストレッチ終わっちゃったわよ？」%K%P
%LC蛍
%LC蛍
「あっ……！　き、気にしないで？」%K%P
「あっ……！　き、気にしないで？」%K%P
%LC清佳
%LC清佳
「じゃあ早速潜りに行きましょ？\n　ふふん。私の華麗な泳ぎを見せてあげるわ」%K%P
「じゃあ早速潜りに行きましょ？\n　ふふん。私の華麗な泳ぎを見せてあげるわ」%K%P
%LC蛍
%LC蛍
「そ、それなんだけど。わたし、その……。\n　泳ぎが苦手で……。潜るのは、ちょっと……」%K%P
「そ、それなんだけど。わたし、その……。\n　泳ぎが苦手で……。潜るのは、ちょっと……」%K%P
%LC清佳
%LC清佳
「そうだったんだ……。なら流れるプールを歩きましょ？\n　溺れないように、えへへ、私が手を引いてあげるわ」%K%P
「そうだったんだ……。なら流れるプールを歩きましょ？\n　溺れないように、えへへ、私が手を引いてあげるわ」%K%P
%LC蛍
%LC蛍
「う、うん」%K%P
「う、うん」%K%P
こう言っておけば無理に泳がされることはないだろう。\nちょっぴり心苦しいけれど。%K%P
こう言っておけば無理に泳がされることはないだろう。\nちょっぴり心苦しいけれど。%K%P
%LC清佳
%LC清佳
「後であの、うぉーたーすらいだーとかいうヤツにも\n　乗りましょ。見るからに楽しそうだし！」%K%P
「後であの、うぉーたーすらいだーとかいうヤツにも\n　乗りましょ。見るからに楽しそうだし！」%K%P
%LC清佳
%LC清佳
「なんでも日本最長が売りなんですって。\n　二人で一緒に乗ることもできるらしいの！」%K%P
「なんでも日本最長が売りなんですって。\n　二人で一緒に乗ることもできるらしいの！」%K%P
%LC愛
%LC愛
「ふふ。でしたら愛が代わりに並んでおきましょう。\n　清佳様のお側にいるよりよっぽど楽ですから」%K%P
「ふふ。でしたら愛が代わりに並んでおきましょう。\n　清佳様のお側にいるよりよっぽど楽ですから」%K%P
ウォータースライダーか……。\nそれはそれでウィッグが取れそうで怖い。%K%P
ウォータースライダーか……。\nそれはそれでウィッグが取れそうで怖い。%K%P
でもひとまずは――%K%P
でもひとまずは――%K%P
%LC清佳
%LC清佳
「今日は一日楽しみましょ？\n　なんなら泳ぎの練習にも付き合うわ」%K%P
「今日は一日楽しみましょ？\n　なんなら泳ぎの練習にも付き合うわ」%K%P
%LC蛍
%LC蛍
「――うんっ」%K%P
「――うんっ」%K%P
幸せそうに手を引いてくれる清佳ちゃんを喜ばせたい。%K%P
幸せそうに手を引いてくれる清佳ちゃんを喜ばせたい。%K%P
プールに来たのは予想外だったけど、\n清佳ちゃんは僕と楽しく遊びたくて誘ってくれたんだ。%K%P
プールに来たのは予想外だったけど、\n清佳ちゃんは僕と楽しく遊びたくて誘ってくれたんだ。%K%P
なら今はただ『蛍』として、\n清佳ちゃんと心置きなく遊ぼう。%K%P
なら今はただ『蛍』として、\n清佳ちゃんと心置きなく遊ぼう。%K%P
男であることを忘れて、\n『蛍』として過ごすことが清佳ちゃんに対する礼儀だ。%K%P
男であることを忘れて、\n『蛍』として過ごすことが清佳ちゃんに対する礼儀だ。%K%P
………………%K%P
………………%K%P
…………%K%P
…………%K%P
……%K%P
……%K%P
――とはいえ%K%P
――とはいえ%K%P
%LC清佳
%LC清佳
「きゃぁぁぁぁ〜〜っっ！」%K%P
「きゃぁぁぁぁ〜〜っっ！」%K%P
%LC蛍
%LC蛍
「はわわっっ……！！」%K%P
「はわわっっ……！！」%K%P
清佳ちゃんと二人乗り用の浮き輪に乗って、\nウォータースライダーを滑り降りていく。%K%P
清佳ちゃんと二人乗り用の浮き輪に乗って、\nウォータースライダーを滑り降りていく。%K%P
お、女の子同士だと思われているとはいえ、\nこんなにも密着しちゃっていいのかな……！%K%P
お、女の子同士だと思われているとはいえ、\nこんなにも密着しちゃっていいのかな……！%K%P
%LC清佳
%LC清佳
「水しぶきがっ、きゃっ、気持ちいいっ。\n　私これ、ジェットコースターより好きかも……！」%K%P
「水しぶきがっ、きゃっ、気持ちいいっ。\n　私これ、ジェットコースターより好きかも……！」%K%P
%LC清佳
%LC清佳
「ぐるぐる回転して気持ち悪くなることもないし……！\n　スピードもあそこまで速くないし……！」%K%P
「ぐるぐる回転して気持ち悪くなることもないし……！\n　スピードもあそこまで速くないし……！」%K%P
%LC清佳
%LC清佳
「何より――ぎゅぅぅ〜！」%K%P
「何より――ぎゅぅぅ〜！」%K%P
%LC蛍
%LC蛍
「ふぇっ！？　ききき、清佳ちゃん……！\n　くっつき過ぎだってば……！！」%K%P
「ふぇっ！？　ききき、清佳ちゃん……！\n　くっつき過ぎだってば……！！」%K%P
%LC清佳
%LC清佳
「えへへ、だって滑り落ちちゃいそうなんだもん♪」%K%P
「えへへ、だって滑り落ちちゃいそうなんだもん♪」%K%P
チャンスとばかりに清佳ちゃんが後ろから\nぎゅ〜っと抱きしめてくる。%K%P
チャンスとばかりに清佳ちゃんが後ろから\nぎゅ〜っと抱きしめてくる。%K%P
こ、後頭部に柔らかい感触が触れて……！\nこれってもしかして、お、おっぱ――〜〜っっ！！%K%P
こ、後頭部に柔らかい感触が触れて……！\nこれってもしかして、お、おっぱ――〜〜っっ！！%K%P
%LC清佳
%LC清佳
「きゃっ！　あははっ、段差になってるところ面白い。\n　身体が一瞬フワってする」%K%P
「きゃっ！　あははっ、段差になってるところ面白い。\n　身体が一瞬フワってする」%K%P
%LC清佳
%LC清佳
「もっとスピード上げてみましょ？\n　ほら蛍。足上げてっ」%K%P
「もっとスピード上げてみましょ？\n　ほら蛍。足上げてっ」%K%P
%LC蛍
%LC蛍
「あ、あんまりスピード上げると段差の時に\n　バランス崩れちゃうってば……！」%K%P
「あ、あんまりスピード上げると段差の時に\n　バランス崩れちゃうってば……！」%K%P
%LC清佳
%LC清佳
「大丈夫大丈夫っ。私がしっかり蛍を\n　抱きしめておくからっ。さ、行くわよっ」%K%P
「大丈夫大丈夫っ。私がしっかり蛍を\n　抱きしめておくからっ。さ、行くわよっ」%K%P
%LC蛍
%LC蛍
「わわわわっっ……！！」%K%P
「わわわわっっ……！！」%K%P
ブレーキをかけていた足を持ち上げられて、\nぐんぐんとスピードが上がっていく。%K%P
ブレーキをかけていた足を持ち上げられて、\nぐんぐんとスピードが上がっていく。%K%P
スピードに比例するように、\n清佳ちゃんが腕に力を入れてきて……！%K%P
スピードに比例するように、\n清佳ちゃんが腕に力を入れてきて……！%K%P
あ、頭が清佳ちゃんのおっぱいに沈んでく……！\n〜〜っっ！　嬉しいけど申し訳ない気分が……！%K%P
あ、頭が清佳ちゃんのおっぱいに沈んでく……！\n〜〜っっ！　嬉しいけど申し訳ない気分が……！%K%P
%LC清佳
%LC清佳
「あっ、段差くるっ……！\n　蛍、グっと堪えるのよっ？」%K%P
「あっ、段差くるっ……！\n　蛍、グっと堪えるのよっ？」%K%P
%LC蛍
%LC蛍
「う、うん……！」%K%P
「う、うん……！」%K%P
%LC清佳・蛍
%LC清佳・蛍
「きゃっ！！」%K%P
「きゃっ！！」%K%P
スピードが乗った分、さっきよりも大きく\n浮き輪ごと身体が跳ね上がる。%K%P
スピードが乗った分、さっきよりも大きく\n浮き輪ごと身体が跳ね上がる。%K%P
すると着地の瞬間――%K%P
すると着地の瞬間――%K%P
ずりぃ！！%K%P
ずりぃ！！%K%P
%LC清佳
%LC清佳
「あっ……！　水着が……！」%K%P
「あっ……！　水着が……！」%K%P
%LC清佳
%LC清佳
「ど、どうしよう、蛍……！\n　水着取れて、置き去りになっちゃった……！！」%K%P
「ど、どうしよう、蛍……！\n　水着取れて、置き去りになっちゃった……！！」%K%P
%LC蛍
%LC蛍
「置き去りになったって……！」%K%P
「置き去りになったって……！」%K%P
%LC清佳
%LC清佳
「このままゴールしちゃったら私――\n　ブ、ブレーキかけてっ……！\n　流れてくるの待たなくちゃ……！」%K%P
「このままゴールしちゃったら私――\n　ブ、ブレーキかけてっ……！\n　流れてくるの待たなくちゃ……！」%K%P
清佳ちゃんがさらに強く抱きついてくる。\nこ、この生々しい肌感って――%K%P
清佳ちゃんがさらに強く抱きついてくる。\nこ、この生々しい肌感って――%K%P
%LC清佳
%LC清佳
「ひぃあんっ……！　あ、あまり動かないで蛍……！\n　んふぁ、あ……！　擦れてくすぐったい……！」%K%P
「ひぃあんっ……！　あ、あまり動かないで蛍……！\n　んふぁ、あ……！　擦れてくすぐったい……！」%K%P
%LC蛍
%LC蛍
「〜〜っっ！！？」%K%P
「〜〜っっ！！？」%K%P
やっぱり清佳ちゃんの生おっぱい！！？%K%P
やっぱり清佳ちゃんの生おっぱい！！？%K%P
柔らかすぎ――じゃなくて……！\nはわわっ、どどど、どうしたら……！？%K%P
柔らかすぎ――じゃなくて……！\nはわわっ、どどど、どうしたら……！？%K%P
%LC清佳
%LC清佳
「あっ……！　んっ、ふっ……！\n　ダメ、蛍……！　くすぐったいってば……！」%K%P
「あっ……！　んっ、ふっ……！\n　ダメ、蛍……！　くすぐったいってば……！」%K%P
%LC清佳
%LC清佳
「お願い、ふぁ、じっとしててっ……？\n　じゃないと、どんどん滑り降りて行っちゃう……！」%K%P
「お願い、ふぁ、じっとしててっ……？\n　じゃないと、どんどん滑り降りて行っちゃう……！」%K%P
必死に清佳ちゃんがブレーキをかける。\nその分、僕の身体が清佳ちゃんの身体に密着して――%K%P
必死に清佳ちゃんがブレーキをかける。\nその分、僕の身体が清佳ちゃんの身体に密着して――%K%P
%LC蛍
%LC蛍
「はぁ、はぁ……！」%K%P
「はぁ、はぁ……！」%K%P
変な吐息が漏れちゃう……！\n無心に、はぁはぁ、無心にならないと……！%K%P
変な吐息が漏れちゃう……！\n無心に、はぁはぁ、無心にならないと……！%K%P
早く流れてきて……！\n清佳ちゃんの水着、戻ってきてぇ……！！%K%P
早く流れてきて……！\n清佳ちゃんの水着、戻ってきてぇ……！！%K%P
%LC清佳
%LC清佳
「あっ……！　流れてきた……！\n　あれ、私の水着よ……！」%K%P
「あっ……！　流れてきた……！\n　あれ、私の水着よ……！」%K%P
よ、よし――%K%P
よ、よし――%K%P
%LC清佳
%LC清佳
「――きゃぁ！？　掴み損ねちゃった……！！」%K%P
「――きゃぁ！？　掴み損ねちゃった……！！」%K%P
%LC蛍
%LC蛍
「はわわっ！？　なんで掴み損ねちゃうのぉ〜！？」%K%P
「はわわっ！？　なんで掴み損ねちゃうのぉ〜！？」%K%P
%LC清佳
%LC清佳
「蛍の頭が擦れて、ひゃってなっちゃって……！\n　い、いえ、蛍のせいじゃないわ……！」%K%P
「蛍の頭が擦れて、ひゃってなっちゃって……！\n　い、いえ、蛍のせいじゃないわ……！」%K%P
%LC清佳
%LC清佳
「とにかく今度は追いかけなくちゃ……！\n　蛍、足上げて……！　全速力で追いつくわよ……！」%K%P
「とにかく今度は追いかけなくちゃ……！\n　蛍、足上げて……！　全速力で追いつくわよ……！」%K%P
%LC蛍
%LC蛍
「〜〜っっ！！　だ、だから、\n　あんまり抱きつかれると……！！」%K%P
「〜〜っっ！！　だ、だから、\n　あんまり抱きつかれると……！！」%K%P
清佳ちゃんの胸の感触を意識しないようにしながら、\n必死にスピードを上げる。%K%P
清佳ちゃんの胸の感触を意識しないようにしながら、\n必死にスピードを上げる。%K%P
やっぱり男であることを\n完全に忘れることなんてできないよぉ……。%K%P
やっぱり男であることを\n完全に忘れることなんてできないよぉ……。%K%P
%LC蛍
%LC蛍
「大変な目に遭った……」%K%P
「大変な目に遭った……」%K%P
清佳ちゃんが更衣室に戻っている間に、\n流れるプールを一人歩いて平静を取り戻そうとする。%K%P
清佳ちゃんが更衣室に戻っている間に、\n流れるプールを一人歩いて平静を取り戻そうとする。%K%P
なんとか着水前に水着を回収できたけど……。\nさっきは本当に色々と危なかった。%K%P
なんとか着水前に水着を回収できたけど……。\nさっきは本当に色々と危なかった。%K%P
あれ以上長く密着されてたら、僕の意志とは無関係に\n男の部分が起きちゃうところだったもん……。%K%P
あれ以上長く密着されてたら、僕の意志とは無関係に\n男の部分が起きちゃうところだったもん……。%K%P
い、未だに後頭部には\n清佳ちゃんのおっぱいの感触が残ってるし――%K%P
い、未だに後頭部には\n清佳ちゃんのおっぱいの感触が残ってるし――%K%P
%LC蛍
%LC蛍
「――お、思い出しちゃダメ……！\n　忘れるんだ、僕……！」%K%P
「――お、思い出しちゃダメ……！\n　忘れるんだ、僕……！」%K%P
なんのために危険を冒してプールに入ってるんだ。\n冷静になるためじゃないか……！%K%P
なんのために危険を冒してプールに入ってるんだ。\n冷静になるためじゃないか……！%K%P
す、少しだけ潜ろう。しっかりウィッグを\n押さえて潜れば脱げることはないはず……！%K%P
す、少しだけ潜ろう。しっかりウィッグを\n押さえて潜れば脱げることはないはず……！%K%P
%LC蛍
%LC蛍
「すぅはぁ、すぅはぁ、よーし！」%K%P
「すぅはぁ、すぅはぁ、よーし！」%K%P
呼吸を整えて、トプンと水中へと潜る。%K%P
呼吸を整えて、トプンと水中へと潜る。%K%P
しかし――この時の僕は火照りを鎮めることを\n考えるあまり忘れてしまっていた。%K%P
しかし――この時の僕は火照りを鎮めることを\n考えるあまり忘れてしまっていた。%K%P
流れるプールというものは、\n大抵どこの施設でも潜ることは推奨されていない。%K%P
流れるプールというものは、\n大抵どこの施設でも潜ることは推奨されていない。%K%P
何故かというと――%K%P
何故かというと――%K%P
%LC蛍
%LC蛍
「っっ！？」%K%P
「っっ！？」%K%P
い、痛いっ……！\n人がぶつかってきて――あいたっ、いたたっ！！%K%P
い、痛いっ……！\n人がぶつかってきて――あいたっ、いたたっ！！%K%P
考えてみれば当たり前だ……！\n人が流れてきてるわけなんだから……！！%K%P
考えてみれば当たり前だ……！\n人が流れてきてるわけなんだから……！！%K%P
%LC蛍
%LC蛍
「ぷはっ……！」%K%P
「ぷはっ……！」%K%P
慌てて水中から浮き上がる。\nあいたたた……。自業自得とはいえ散々だよ……。%K%P
慌てて水中から浮き上がる。\nあいたたた……。自業自得とはいえ散々だよ……。%K%P
%LC蛍
%LC蛍
「でも、少しスッキリしたかも。\n　すごく頭が軽くなった気がする」%K%P
「でも、少しスッキリしたかも。\n　すごく頭が軽くなった気がする」%K%P
そう頭が――%K%P
そう頭が――%K%P
%LC蛍
%LC蛍
「ん……？」%K%P
「ん……？」%K%P
なんか変なものが浮いてるなぁ。\n髪の毛……？　みたいだけど。%K%P
なんか変なものが浮いてるなぁ。\n髪の毛……？　みたいだけど。%K%P
%LC蛍
%LC蛍
「…………」%K%P
「…………」%K%P
%LC蛍
%LC蛍
「――って、僕のウィッグじゃん！！？」%K%P
「――って、僕のウィッグじゃん！！？」%K%P
もしかしてぶつかった時に取れたの！？\nマ、マズい、すぐに回収しないと――%K%P
もしかしてぶつかった時に取れたの！？\nマ、マズい、すぐに回収しないと――%K%P
%LC清佳
%LC清佳
「――蛍〜！　どこに行っちゃったのよ、蛍〜！」%K%P
「――蛍〜！　どこに行っちゃったのよ、蛍〜！」%K%P
%LC愛
%LC愛
「はぁ……。少し黙って下さい、清佳様。\n　叫ばなくともこのまま一周もすれば見つかりますって」%K%P
「はぁ……。少し黙って下さい、清佳様。\n　叫ばなくともこのまま一周もすれば見つかりますって」%K%P
%LC千鶴
%LC千鶴
「全くこの歳になって迷子とはねぇ〜。\n　ま、酔い覚ましには、ひっく、丁度良いかぁ〜」%K%P
「全くこの歳になって迷子とはねぇ〜。\n　ま、酔い覚ましには、ひっく、丁度良いかぁ〜」%K%P
後ろからみんなの声が！？\nどどど、どうしよう……！！？%K%P
後ろからみんなの声が！？\nどどど、どうしよう……！！？%K%P
こうなったら――%K%P
こうなったら――%K%P
%LC清佳
%LC清佳
「ん？　あれは……」%K%P
「ん？　あれは……」%K%P
%LC清佳
%LC清佳
「春樹くん……？　こんなところで奇遇ね？」%K%P
「春樹くん……？　こんなところで奇遇ね？」%K%P
%LC春樹
%LC春樹
「き、清佳さんっ。ホ、ホントに奇遇だね……！！」%K%P
「き、清佳さんっ。ホ、ホントに奇遇だね……！！」%K%P
例の緊急手段を使って、ギリギリ事なきを得る。\nた、助かった、女物の水着を着た変態になるところだ。%K%P
例の緊急手段を使って、ギリギリ事なきを得る。\nた、助かった、女物の水着を着た変態になるところだ。%K%P
あ……女装しててもそれは同じか。%K%P
あ……女装しててもそれは同じか。%K%P
%LC清佳
%LC清佳
「友達と来てたの？　……それとも一人でナンパ？」%K%P
「友達と来てたの？　……それとも一人でナンパ？」%K%P
%LC春樹
%LC春樹
「ナ、ナンパなんかするはずないよ……！\n　決まってるじゃない！」%K%P
「ナ、ナンパなんかするはずないよ……！\n　決まってるじゃない！」%K%P
%LC清佳
%LC清佳
「ふーん？　それにしては、ねぇ？\n　中々セクシーな水着着てるじゃないの」%K%P
「ふーん？　それにしては、ねぇ？\n　中々セクシーな水着着てるじゃないの」%K%P
%LC春樹
%LC春樹
「うぐっ……！」%K%P
「うぐっ……！」%K%P
%LC愛
%LC愛
「童貞のクセに大胆ですね〜？　でも身の丈に\n　合わない物は着ない方がいいと思いますよ〜？」%K%P
「童貞のクセに大胆ですね〜？　でも身の丈に\n　合わない物は着ない方がいいと思いますよ〜？」%K%P
%LC春樹
%LC春樹
「はうっ……！」%K%P
「はうっ……！」%K%P
%LC千鶴
%LC千鶴
「あははははっ！　我が弟ながら、あははっ、\n　大胆すぎるっしょっ！　ブーメランパンツて……！」%K%P
「あははははっ！　我が弟ながら、あははっ、\n　大胆すぎるっしょっ！　ブーメランパンツて……！」%K%P
%LC春樹
%LC春樹
「〜〜っっ！！」%K%P
「〜〜っっ！！」%K%P
ブーメランパンツ姿の僕を見て、\nみんなそれぞれドン引いた視線を送ってくる。%K%P
ブーメランパンツ姿の僕を見て、\nみんなそれぞれドン引いた視線を送ってくる。%K%P
というか、お姉ちゃんは作った本人でしょ！？\nなに笑ってるのさ！？%K%P
というか、お姉ちゃんは作った本人でしょ！？\nなに笑ってるのさ！？%K%P
%LC清佳
%LC清佳
「あなたが悪い人だとはあまり思ってないけれど……\n　女癖の悪さは頂けないわね。直した方がいいと思うわ」%K%P
「あなたが悪い人だとはあまり思ってないけれど……\n　女癖の悪さは頂けないわね。直した方がいいと思うわ」%K%P
%LC春樹
%LC春樹
「ちょ、ちょっと。\n　ホントに俺はナンパしに来たわけじゃ……！」%K%P
「ちょ、ちょっと。\n　ホントに俺はナンパしに来たわけじゃ……！」%K%P
%LC清佳
%LC清佳
「はいはい。どうだっていいから。\n　私は今忙しいの。蛍を探してる途中だから」%K%P
「はいはい。どうだっていいから。\n　私は今忙しいの。蛍を探してる途中だから」%K%P
%LC愛
%LC愛
「あんまり視姦するのはやめておいた方がいいですよ〜？\n　先輩ってすーぐに発情しちゃうタイプっぽいですしー。\n　その格好だと通報される羽目になるかもですからー」%K%P
「あんまり視姦するのはやめておいた方がいいですよ〜？\n　先輩ってすーぐに発情しちゃうタイプっぽいですしー。\n　その格好だと通報される羽目になるかもですからー」%K%P
そう言って清佳ちゃんたちが先を急ごうとする。%K%P
そう言って清佳ちゃんたちが先を急ごうとする。%K%P
マズいっ。先行されてもしもウィッグを\n清佳ちゃんたちに見つけられちゃったら……！%K%P
マズいっ。先行されてもしもウィッグを\n清佳ちゃんたちに見つけられちゃったら……！%K%P
%LC春樹
%LC春樹
「待ってっ。行かないで……！」%K%P
「待ってっ。行かないで……！」%K%P
%LC清佳
%LC清佳
「……はぁ？　どうしてよ？」%K%P
「……はぁ？　どうしてよ？」%K%P
%LC春樹
%LC春樹
「え、えと……！　その……！\n　もう少し、俺とお喋りしない……？」%K%P
「え、えと……！　その……！\n　もう少し、俺とお喋りしない……？」%K%P
%XS20――って、これじゃまるでナンパじゃん！？%XE%K%P
%XS20――って、これじゃまるでナンパじゃん！？%XE%K%P
%LC清佳
%LC清佳
「なっ――……！？　ふ、ふざけないで……！\n　あなたホントに見境無しなの……！？」%K%P
「なっ――……！？　ふ、ふざけないで……！\n　あなたホントに見境無しなの……！？」%K%P
%LC春樹
%LC春樹
「違っ……！　今のは言葉のアヤで……！」%K%P
「違っ……！　今のは言葉のアヤで……！」%K%P
%LC愛
%LC愛
「せんぱぁい〜……？　愛、昨日言いましたよね〜？\n　清佳様とはぁ良い友達としてお付き合いして欲しいって」%K%P
「せんぱぁい〜……？　愛、昨日言いましたよね〜？\n　清佳様とはぁ良い友達としてお付き合いして欲しいって」%K%P
%LC春樹
%LC春樹
「ひぃ！？　だから今のは……！！」%K%P
「ひぃ！？　だから今のは……！！」%K%P
%LC千鶴
%LC千鶴
「あははははっ、弟が、あはっ……！\n　ナンパしてる……！　姉の目の前でとか、ヤバい……！」%K%P
「あははははっ、弟が、あはっ……！\n　ナンパしてる……！　姉の目の前でとか、ヤバい……！」%K%P
%LC春樹
%LC春樹
「姉さんは絶対酔ってるよね！？」%K%P
「姉さんは絶対酔ってるよね！？」%K%P
%LC清佳
%LC清佳
「あなたのこと見直しかけていたところだったのに……！\n　いい人かもと思いかけていたところだったのに……！」%K%P
「あなたのこと見直しかけていたところだったのに……！\n　いい人かもと思いかけていたところだったのに……！」%K%P
%LC清佳
%LC清佳
「やっぱりあなた最低ね……！　あの模擬デートも、\n　そういう魂胆があって協力したの……！？」%K%P
「やっぱりあなた最低ね……！　あの模擬デートも、\n　そういう魂胆があって協力したの……！？」%K%P
%LC春樹
%LC春樹
「違うんだってば……！」%K%P
「違うんだってば……！」%K%P
%LC清佳
%LC清佳
「ち、近づかないで、この変態……！」%K%P
「ち、近づかないで、この変態……！」%K%P
%LC春樹
%LC春樹
「へんた――」%K%P
「へんた――」%K%P
%LC愛
%LC愛
「愛もぉもう少し先輩は誠実な人だと思ってましたぁ。\n　もう二度と清佳様に近づかないで下さいね〜？」%K%P
「愛もぉもう少し先輩は誠実な人だと思ってましたぁ。\n　もう二度と清佳様に近づかないで下さいね〜？」%K%P
%LC春樹
%LC春樹
「愛さんも話を聞いて……！」%K%P
「愛さんも話を聞いて……！」%K%P
%LC千鶴
%LC千鶴
「あははははっ、玉砕してるっ……！\n　ひ〜、超ウケる〜！」%K%P
「あははははっ、玉砕してるっ……！\n　ひ〜、超ウケる〜！」%K%P
%LC春樹
%LC春樹
%XS20「さっさと家に帰れ、この酔っ払い！！」%XE%K%P
%XS20「さっさと家に帰れ、この酔っ払い！！」%XE%K%P
%LC清佳
%LC清佳
「プールから上がるわよ、愛。\n　この人と同じ水に浸かりたくないわ」%K%P
「プールから上がるわよ、愛。\n　この人と同じ水に浸かりたくないわ」%K%P
%LC愛
%LC愛
「賛成で〜す。知らない間に\n　妊娠させられても嫌ですし〜」%K%P
「賛成で〜す。知らない間に\n　妊娠させられても嫌ですし〜」%K%P
%LC春樹
%LC春樹
「あっ、ちょっと――」%K%P
「あっ、ちょっと――」%K%P
そうして清佳ちゃんたちが\nプールから上がっていく。%K%P
そうして清佳ちゃんたちが\nプールから上がっていく。%K%P
ある意味これでゆっくり\nウィッグを回収できる時間ができたけど……。%K%P
ある意味これでゆっくり\nウィッグを回収できる時間ができたけど……。%K%P
失った物が、あはは……。大きすぎるよ……。%K%P
失った物が、あはは……。大きすぎるよ……。%K%P
%LC千鶴
%LC千鶴
「ドンマイドンマイ。お姉ちゃんが、ひっく……！\n　ついてるってばぁ、あはは〜！」%K%P
「ドンマイドンマイ。お姉ちゃんが、ひっく……！\n　ついてるってばぁ、あはは〜！」%K%P
%LC春樹
%LC春樹
「そして、この酔っ払いは……」%K%P
「そして、この酔っ払いは……」%K%P
――その後、どうにかウィッグを見つけた僕は\n蛍として精一杯{春樹:ぼく}のフォローをした。%K%P
――その後、どうにかウィッグを見つけた僕は\n蛍として精一杯{春樹:ぼく}のフォローをした。%K%P
なんとか誤解は解けたけど……。\n僕が心に負った傷は当分癒えなさそうだ。%K%P
なんとか誤解は解けたけど……。\n僕が心に負った傷は当分癒えなさそうだ。%K%P
