………………%K%P
………………%K%P
…………%K%P
…………%K%P
……%K%P
……%K%P
%LC愛
%LC愛
「……事情はわかりました」%K%P
「……事情はわかりました」%K%P
少しでも冷静になろうとしてくれたんだろう、\nメイド服から部屋着に着替えた愛さんが渋面で頷く。%K%P
少しでも冷静になろうとしてくれたんだろう、\nメイド服から部屋着に着替えた愛さんが渋面で頷く。%K%P
――トイレで女装バレした後、\n僕は彼女を自室に招いて洗いざらい告白した。%K%P
――トイレで女装バレした後、\n僕は彼女を自室に招いて洗いざらい告白した。%K%P
幼い頃に偶然、蛍として清佳ちゃんと知り合ったこと。\nそれ以来ずっと性別を偽って関わっていたこと。%K%P
幼い頃に偶然、蛍として清佳ちゃんと知り合ったこと。\nそれ以来ずっと性別を偽って関わっていたこと。%K%P
蛍が春樹の女装であることや、\n僕が……その。清佳ちゃんを好きなことも。%K%P
蛍が春樹の女装であることや、\n僕が……その。清佳ちゃんを好きなことも。%K%P
%LC愛
%LC愛
「妙に春樹様が清佳様に協力的だとは思っていましたが。\n　まさか同一人物でしたとは……」%K%P
「妙に春樹様が清佳様に協力的だとは思っていましたが。\n　まさか同一人物でしたとは……」%K%P
%LC春樹
%LC春樹
「ずっと騙していてごめんね……」%K%P
「ずっと騙していてごめんね……」%K%P
%LC愛
%LC愛
「そう思うなら愛の恥ずかしい姿を見た記憶を\n　全て消し去って下さい」%K%P
「そう思うなら愛の恥ずかしい姿を見た記憶を\n　全て消し去って下さい」%K%P
%LC春樹
%LC春樹
「も、もちろん……！」%K%P
「も、もちろん……！」%K%P
%LC愛
%LC愛
「あと……着替えて頂いたところ申し訳ありませんが、\n　女装し直して下さい。清佳様が訪ねてきたら事ですので」%K%P
「あと……着替えて頂いたところ申し訳ありませんが、\n　女装し直して下さい。清佳様が訪ねてきたら事ですので」%K%P
%LC春樹
%LC春樹
「う、うん」%K%P
「う、うん」%K%P
%LC蛍
%LC蛍
「これでいい……？」%K%P
「これでいい……？」%K%P
%LC愛
%LC愛
「はい」%K%P
「はい」%K%P
愛さんが静かに頷く。な、何を考えているんだろう。\n無表情すぎて窺いしれない……。%K%P
愛さんが静かに頷く。な、何を考えているんだろう。\n無表情すぎて窺いしれない……。%K%P
%LC愛
%LC愛
「ともかく……。愛も先程のことは\n　見なかったことにします」%K%P
「ともかく……。愛も先程のことは\n　見なかったことにします」%K%P
%LC蛍
%LC蛍
「えっ？　ホントに……？」%K%P
「えっ？　ホントに……？」%K%P
%LC愛
%LC愛
「はい。清佳様に告げ口したいところですが、\n　伝えれば大層ショックを受けられると思うので」%K%P
「はい。清佳様に告げ口したいところですが、\n　伝えれば大層ショックを受けられると思うので」%K%P
%LC愛
%LC愛
「ま、当たり前ですよね。愛した人がまさか\n　女装癖のある変態――いえ言葉が悪かったです。\n　女のフリして近づくうじ虫だったなんて辛いですから」%K%P
「ま、当たり前ですよね。愛した人がまさか\n　女装癖のある変態――いえ言葉が悪かったです。\n　女のフリして近づくうじ虫だったなんて辛いですから」%K%P
%LC蛍
%LC蛍
「うぅ……」%K%P
「うぅ……」%K%P
反論したいけれど、何も反論できない。\n実際その通りだもん……。%K%P
反論したいけれど、何も反論できない。\n実際その通りだもん……。%K%P
でも愛さん、黙ったままでいてくれるんだ……。%K%P
でも愛さん、黙ったままでいてくれるんだ……。%K%P
%LC愛
%LC愛
「愛から言えることは一つだけです。\n　今すぐ性転換手術を受けて下さい」%K%P
「愛から言えることは一つだけです。\n　今すぐ性転換手術を受けて下さい」%K%P
%LC蛍
%LC蛍
「ふぇ！？　それは流石に……！」%K%P
「ふぇ！？　それは流石に……！」%K%P
%LC愛
%LC愛
「清佳様のことがお好きなのでしょう？\n　身も心も蛍様になってしまえば、\n　大団円ではないですか」%K%P
「清佳様のことがお好きなのでしょう？\n　身も心も蛍様になってしまえば、\n　大団円ではないですか」%K%P
%LC蛍
%LC蛍
「ぼ――じゃなくて、俺はその……。\n　春樹として清佳ちゃんとお付き合いしたくて……」%K%P
「ぼ――じゃなくて、俺はその……。\n　春樹として清佳ちゃんとお付き合いしたくて……」%K%P
%LC愛
%LC愛
「残念ながら清佳様の想い人は蛍様です。\n　春樹様はお呼びではありません」%K%P
「残念ながら清佳様の想い人は蛍様です。\n　春樹様はお呼びではありません」%K%P
%LC蛍
%LC蛍
「うっ……！　今はそうだけど――」%K%P
「うっ……！　今はそうだけど――」%K%P
%LC愛
%LC愛
「――変わることもありません。\n　清佳様をあなたのような煩悩まみれの人間と\n　一緒にしないで下さい」%K%P
「――変わることもありません。\n　清佳様をあなたのような煩悩まみれの人間と\n　一緒にしないで下さい」%K%P
%LC蛍
%LC蛍
「煩悩まみれって……」%K%P
「煩悩まみれって……」%K%P
%LC愛
%LC愛
「違いますか？　先程も低脳なサルさながらに\n　発情されていましたよね？　いえ、この物言いは\n　低脳なサルにも失礼ですね」%K%P
「違いますか？　先程も低脳なサルさながらに\n　発情されていましたよね？　いえ、この物言いは\n　低脳なサルにも失礼ですね」%K%P
%LC蛍
%LC蛍
「はうう……！　ご、ごめんなさい……！」%K%P
「はうう……！　ご、ごめんなさい……！」%K%P
%LC愛
%LC愛
「別に愛のことはどうだっていいんです。\n　正直言って、あなたに裸体を見られようが、\n　トイレ姿を見られようが気にしていませんので」%K%P
「別に愛のことはどうだっていいんです。\n　正直言って、あなたに裸体を見られようが、\n　トイレ姿を見られようが気にしていませんので」%K%P
%LC愛
%LC愛
「ですが清佳様に蛍様のお姿で下劣なイチモツを\n　見せようものなら――愛は許しませんよ」%K%P
「ですが清佳様に蛍様のお姿で下劣なイチモツを\n　見せようものなら――愛は許しませんよ」%K%P
愛さんが真剣な眼差しで僕を見つめてくる。%K%P
愛さんが真剣な眼差しで僕を見つめてくる。%K%P
%LC愛
%LC愛
「清佳様にとって蛍様は唯一無二の親友なのです。\n　この世でただ一人清佳様が心を開いているお方なのです」%K%P
「清佳様にとって蛍様は唯一無二の親友なのです。\n　この世でただ一人清佳様が心を開いているお方なのです」%K%P
%LC愛
%LC愛
「そんな無垢な心をあなたの卑しい心で穢した時――\n　清佳様は親友を失うどころか、人を信じる心すらも\n　失ってしまうに違いありません」%K%P
「そんな無垢な心をあなたの卑しい心で穢した時――\n　清佳様は親友を失うどころか、人を信じる心すらも\n　失ってしまうに違いありません」%K%P
%LC蛍
%LC蛍
「……はい……」%K%P
「……はい……」%K%P
%LC愛
%LC愛
「それと、たとえ女装がバレたとしても、\n　春樹様と蛍様が同一人物だと明かさないで下さい」%K%P
「それと、たとえ女装がバレたとしても、\n　春樹様と蛍様が同一人物だと明かさないで下さい」%K%P
%LC蛍
%LC蛍
「えっ？　ど、どうして？」%K%P
「えっ？　ど、どうして？」%K%P
%LC愛
%LC愛
「当然です。清佳様は蛍様に見せたくない姿を春樹様に\n　見せてしまっていますので。その時点でアウトですよ」%K%P
「当然です。清佳様は蛍様に見せたくない姿を春樹様に\n　見せてしまっていますので。その時点でアウトですよ」%K%P
%LC愛
%LC愛
「その程度……少し考えればわかりますよね？\n　ああすみません。うじ虫には少し難しすぎましたか」%K%P
「その程度……少し考えればわかりますよね？\n　ああすみません。うじ虫には少し難しすぎましたか」%K%P
愛さんの言葉が普段以上に辛辣だ。\nそれだけ酷いコトをしてしまっていたということだろう。%K%P
愛さんの言葉が普段以上に辛辣だ。\nそれだけ酷いコトをしてしまっていたということだろう。%K%P
自分で思っているよりも罪深いことだったんだと思う。\n愛さんはそれをバカな僕に思い知らしてくれてるんだ。%K%P
自分で思っているよりも罪深いことだったんだと思う。\n愛さんはそれをバカな僕に思い知らしてくれてるんだ。%K%P
%LC蛍
%LC蛍
「でもそれも明かせないとなると……。\n　どうやって過ごしていけば……」%K%P
「でもそれも明かせないとなると……。\n　どうやって過ごしていけば……」%K%P
%LC愛
%LC愛
「これまで通り、蛍様と春樹様を使い分けて\n　過ごされたらいいのではありませんか？」%K%P
「これまで通り、蛍様と春樹様を使い分けて\n　過ごされたらいいのではありませんか？」%K%P
%LC愛
%LC愛
「ただし……春樹様として清佳様に\n　アプローチなさるのは許しませんが」%K%P
「ただし……春樹様として清佳様に\n　アプローチなさるのは許しませんが」%K%P
それだと結局、僕の恋心は永遠に叶わないということだ。%K%P
それだと結局、僕の恋心は永遠に叶わないということだ。%K%P
%LC愛
%LC愛
「蛍様と春樹様の棲み分けをきっちりとする。\n　春樹様として清佳様に今後一切アプローチはしない」%K%P
「蛍様と春樹様の棲み分けをきっちりとする。\n　春樹様として清佳様に今後一切アプローチはしない」%K%P
%LC愛
%LC愛
「もしもこの要求を呑んで下さるのでしたら、\n　愛もあなたに協力しますよ？」%K%P
「もしもこの要求を呑んで下さるのでしたら、\n　愛もあなたに協力しますよ？」%K%P
%LC愛
%LC愛
「清佳様の恋心とお気持ちを、\n　愛もお守りしたいですから」%K%P
「清佳様の恋心とお気持ちを、\n　愛もお守りしたいですから」%K%P
%LC愛
%LC愛
「あなたは……どうなさいますか？」%K%P
「あなたは……どうなさいますか？」%K%P
%LC蛍
%LC蛍
「俺は――」%K
「俺は――」%K
愛さんの要求を呑む
愛さんの要求を呑む
愛さんの要求は呑めない
愛さんの要求は呑めない
