%LC蛍
%LC蛍
「愛さんには悪いけど、それだけは頷けない」%K%P
「愛さんには悪いけど、それだけは頷けない」%K%P
%LC愛
%LC愛
「強情なお人ですね……。\n　そんなにも清佳様とセックスなさりたいのですか？」%K%P
「強情なお人ですね……。\n　そんなにも清佳様とセックスなさりたいのですか？」%K%P
%LC蛍
%LC蛍
「セ――〜〜っっ！？　そうじゃないよ……！\n　ただ僕は、ううん、俺は、その――……」%K%P
「セ――〜〜っっ！？　そうじゃないよ……！\n　ただ僕は、ううん、俺は、その――……」%K%P
%LC蛍
%LC蛍
「男としての俺を好きになって欲しいんだ。\n　嘘偽りない本当の自分を好きになって欲しいんだ」%K%P
「男としての俺を好きになって欲しいんだ。\n　嘘偽りない本当の自分を好きになって欲しいんだ」%K%P
%LC蛍
%LC蛍
「女装した姿じゃなくて……女としての俺じゃなくて。\n　男としての俺自身を見てもらいたいんだ……！」%K%P
「女装した姿じゃなくて……女としての俺じゃなくて。\n　男としての俺自身を見てもらいたいんだ……！」%K%P
%LC蛍
%LC蛍
「今はまだまだ清佳さんに釣り合うような男じゃ\n　ないかもしれないけど……！　でもきっと、\n　彼女と釣り合うような男らしい人間になるから……！」%K%P
「今はまだまだ清佳さんに釣り合うような男じゃ\n　ないかもしれないけど……！　でもきっと、\n　彼女と釣り合うような男らしい人間になるから……！」%K%P
思いの丈を込めて愛さんへ叫ぶ。%K%P
思いの丈を込めて愛さんへ叫ぶ。%K%P
もしかしたら{春樹:ぼく}は{蛍:ぼく}に嫉妬しているのかもしれない。%K%P
もしかしたら{春樹:ぼく}は{蛍:ぼく}に嫉妬しているのかもしれない。%K%P
清佳ちゃんが{蛍:ぼく}に向けているような目を\n{春樹:ぼく}にも向けて欲しい――そう考えているのかも。%K%P
清佳ちゃんが{蛍:ぼく}に向けているような目を\n{春樹:ぼく}にも向けて欲しい――そう考えているのかも。%K%P
%LC愛
%LC愛
「……本当に、あなたは何もわかっていませんね」%K%P
「……本当に、あなたは何もわかっていませんね」%K%P
%LC蛍
%LC蛍
「え……？」%K%P
「え……？」%K%P
%LC愛
%LC愛
「その考え方では、いつまで経っても\n　清佳様の心は射止められませんよ」%K%P
「その考え方では、いつまで経っても\n　清佳様の心は射止められませんよ」%K%P
愛さんが呆れたように呟く。%K%P
愛さんが呆れたように呟く。%K%P
%LC愛
%LC愛
「ま……愛としては願ったり叶ったりですが。\n　むしろ安心しました。恋心が叶いそうになくて」%K%P
「ま……愛としては願ったり叶ったりですが。\n　むしろ安心しました。恋心が叶いそうになくて」%K%P
%LC蛍
%LC蛍
「ど、どうして？　どうすればいいの？」%K%P
「ど、どうして？　どうすればいいの？」%K%P
%LC愛
%LC愛
「はぁ？　愛にそれを聞きますか？　蛍様として\n　清佳様とお付き合いされるおつもりでしたら\n　愛もお答えしても構いませんが」%K%P
「はぁ？　愛にそれを聞きますか？　蛍様として\n　清佳様とお付き合いされるおつもりでしたら\n　愛もお答えしても構いませんが」%K%P
%LC蛍
%LC蛍
「それは……」%K%P
「それは……」%K%P
%LC愛
%LC愛
「なのですよね？　でしたら愛からは何もありません」%K%P
「なのですよね？　でしたら愛からは何もありません」%K%P
%LC愛
%LC愛
「くれぐれも清佳様に性別がバレないよう気をつけて\n　下さい。そのフォローくらいは愛もしてあげます」%K%P
「くれぐれも清佳様に性別がバレないよう気をつけて\n　下さい。そのフォローくらいは愛もしてあげます」%K%P
%LC愛
%LC愛
「ですが……よく覚えておいて下さいね？\n　清佳様を悲しませたら、愛はあなたを許しませんから」%K%P
「ですが……よく覚えておいて下さいね？\n　清佳様を悲しませたら、愛はあなたを許しませんから」%K%P
そう言い置いて、愛さんが部屋から出て行く。%K%P
そう言い置いて、愛さんが部屋から出て行く。%K%P
どうやら僕の秘密を清佳ちゃんに\n伝えるつもりはない様子だったけど……。%K%P
どうやら僕の秘密を清佳ちゃんに\n伝えるつもりはない様子だったけど……。%K%P
%LC蛍
%LC蛍
「このままじゃいつまで経っても\n　清佳ちゃんの心を射止められない、か……」%K%P
「このままじゃいつまで経っても\n　清佳ちゃんの心を射止められない、か……」%K%P
どういう意味だったんだろう？\nやっぱり今の僕じゃ男らしくないってことかな……。%K%P
どういう意味だったんだろう？\nやっぱり今の僕じゃ男らしくないってことかな……。%K%P
