%LC蛍
%LC蛍
「ふぇ？　夏祭り？」%K%P
「ふぇ？　夏祭り？」%K%P
%LC清佳
%LC清佳
「う、うん。蛍さえ良ければ一緒に回らない？」%K%P
「う、うん。蛍さえ良ければ一緒に回らない？」%K%P
愛さんに女装がバレてから数日後の朝。%K%P
愛さんに女装がバレてから数日後の朝。%K%P
登校する清佳ちゃんを見送る時に、\n僕はそんなお誘いを受けていた。%K%P
登校する清佳ちゃんを見送る時に、\n僕はそんなお誘いを受けていた。%K%P
そういえば夏祭りなんてあったなぁ。\n数年ぶりに帰ってきたものだからすっかり忘れてた。%K%P
そういえば夏祭りなんてあったなぁ。\n数年ぶりに帰ってきたものだからすっかり忘れてた。%K%P
%LC清佳
%LC清佳
「む、無論、春樹くんと回る予定があるなら、\n　そっちを優先してくれて構わないわ」%K%P
「む、無論、春樹くんと回る予定があるなら、\n　そっちを優先してくれて構わないわ」%K%P
%LC清佳
%LC清佳
「蛍には蛍の恋路があるだろうし……。\n　春樹くんと距離を縮めるチャンスだものね」%K%P
「蛍には蛍の恋路があるだろうし……。\n　春樹くんと距離を縮めるチャンスだものね」%K%P
%LC蛍
%LC蛍
「わたしの恋路……？　距離を縮めるチャンス……？」%K%P
「わたしの恋路……？　距離を縮めるチャンス……？」%K%P
あ、そっか。そういえば蛍が春樹を好きだと\n勘違いされていたんだっけ……。%K%P
あ、そっか。そういえば蛍が春樹を好きだと\n勘違いされていたんだっけ……。%K%P
ここ数日、色々なことがありすぎて、\nすっぽりと頭から抜けちゃってた。%K%P
ここ数日、色々なことがありすぎて、\nすっぽりと頭から抜けちゃってた。%K%P
%LC清佳
%LC清佳
「なんなら春樹くんとのデートの下見がてら\n　一緒に回るだけでもいいから……！\n　ね、蛍。どうかしら……？」%K%P
「なんなら春樹くんとのデートの下見がてら\n　一緒に回るだけでもいいから……！\n　ね、蛍。どうかしら……？」%K%P
%LC蛍
%LC蛍
「あっ、えと。大丈夫だよ？\n　春樹様と回る予定はな――」%K%P
「あっ、えと。大丈夫だよ？\n　春樹様と回る予定はな――」%K%P
%LC清佳
%LC清佳
「――ないのっ！？　ホ、ホントに……！？\n　ダメよ、蛍、そんなに弱気じゃダメっ！」%K%P
「――ないのっ！？　ホ、ホントに……！？\n　ダメよ、蛍、そんなに弱気じゃダメっ！」%K%P
%LC蛍
%LC蛍
「ふぇっ！？」%K%P
「ふぇっ！？」%K%P
%LC清佳
%LC清佳
%XS20「ちゃんと誘うべきよ！\n　じゃないといつまで経っても想いが伝わらないわよっ？」%XE%K%P
%XS20「ちゃんと誘うべきよ！\n　じゃないといつまで経っても想いが伝わらないわよっ？」%XE%K%P
%LC清佳
%LC清佳
「そうじゃなくてもあの鈍感男は\n　蛍の気持ちに全然気づいてないんだから……！\n　もっとアピールしていくべきよ……！」%K%P
「そうじゃなくてもあの鈍感男は\n　蛍の気持ちに全然気づいてないんだから……！\n　もっとアピールしていくべきよ……！」%K%P
%LC蛍
%LC蛍
「はわわっ。何度も言うけど、\n　わたしは春樹様のことをそんな風には、えと……！」%K%P
「はわわっ。何度も言うけど、\n　わたしは春樹様のことをそんな風には、えと……！」%K%P
%LC清佳
%LC清佳
「控えめなところも可愛いけれど――いけないわっ。\n　掴めるチャンスは掴まなくちゃ……！\n　誘いづらいなら私も協力してあげるから……！」%K%P
「控えめなところも可愛いけれど――いけないわっ。\n　掴めるチャンスは掴まなくちゃ……！\n　誘いづらいなら私も協力してあげるから……！」%K%P
%LC蛍
%LC蛍
「待って待って。そもそも清佳ちゃんは\n　わたしと春樹様に夏祭りを回って欲しくないんじゃ？」%K%P
「待って待って。そもそも清佳ちゃんは\n　わたしと春樹様に夏祭りを回って欲しくないんじゃ？」%K%P
%LC清佳
%LC清佳
「それはそうだけど――見ていられなくて……」%K%P
「それはそうだけど――見ていられなくて……」%K%P
%LC清佳
%LC清佳
「私が蛍と一緒に夏祭りを回りたいと思っているように、\n　蛍も春樹くんと過ごしたいんだろうなって思うと……」%K%P
「私が蛍と一緒に夏祭りを回りたいと思っているように、\n　蛍も春樹くんと過ごしたいんだろうなって思うと……」%K%P
%LC清佳
%LC清佳
「だから誘われたからって無理に頷く必要はないのよ？\n　蛍は蛍の気持ちを大切にしてくれたらいいから」%K%P
「だから誘われたからって無理に頷く必要はないのよ？\n　蛍は蛍の気持ちを大切にしてくれたらいいから」%K%P
%LC蛍
%LC蛍
「清佳ちゃん……」%K%P
「清佳ちゃん……」%K%P
%LC清佳
%LC清佳
「当日の夕方……。お祭り会場で待ってるわ」%K%P
「当日の夕方……。お祭り会場で待ってるわ」%K%P
%LC清佳
%LC清佳
「春樹くんとデートするか、私とデートするか。\n　蛍が選んで？　気を遣う必要は一切ないから」%K%P
「春樹くんとデートするか、私とデートするか。\n　蛍が選んで？　気を遣う必要は一切ないから」%K%P
蛍の気持ちを尊重しつつ、\n同時に自分の気持ちも清佳ちゃんはぶつけてくれる。%K%P
蛍の気持ちを尊重しつつ、\n同時に自分の気持ちも清佳ちゃんはぶつけてくれる。%K%P
その無垢で真っ直ぐな姿が\nなんだかとても眩しかった。%K%P
その無垢で真っ直ぐな姿が\nなんだかとても眩しかった。%K%P
すごく格好良い。\nすぐに落ち込んだりしちゃう僕とは大違いだ。%K%P
すごく格好良い。\nすぐに落ち込んだりしちゃう僕とは大違いだ。%K%P
%LC愛
%LC愛
「清佳様。お車が着きましたよ」%K%P
「清佳様。お車が着きましたよ」%K%P
%LC清佳
%LC清佳
「ありがとう、愛。\n　じゃあ蛍、いってくるわね」%K%P
「ありがとう、愛。\n　じゃあ蛍、いってくるわね」%K%P
%LC蛍
%LC蛍
「う、うん。いってらっしゃい」%K%P
「う、うん。いってらっしゃい」%K%P
そう言って清佳ちゃんたちが迎えの車に乗り込んでいく。%K%P
そう言って清佳ちゃんたちが迎えの車に乗り込んでいく。%K%P
僕も――うん。負けていられない。%K%P
僕も――うん。負けていられない。%K%P
男の自分に振り向いてもらうと決めたんだ。\n僕も清佳ちゃんをデートに誘ってみよう。%K%P
男の自分に振り向いてもらうと決めたんだ。\n僕も清佳ちゃんをデートに誘ってみよう。%K%P
たとえ清佳ちゃんに僕への興味がなかったとしても、\n精一杯アプローチするんだ……！%K%P
たとえ清佳ちゃんに僕への興味がなかったとしても、\n精一杯アプローチするんだ……！%K%P
%LC清佳
%LC清佳
「いいわよ」%K%P
「いいわよ」%K%P
%LC春樹
%LC春樹
「そこをなんとか……！\n　少しの間だけでもいいから――って」%K%P
「そこをなんとか……！\n　少しの間だけでもいいから――って」%K%P
%LC春樹
%LC春樹
%XS20「ええっ！？　『いい』って言った！？」%XE%K%P
%XS20「ええっ！？　『いい』って言った！？」%XE%K%P
%LC清佳
%LC清佳
「夏祭りでしょ？　私もあなたに声をかけようと\n　思っていたところだったの」%K%P
「夏祭りでしょ？　私もあなたに声をかけようと\n　思っていたところだったの」%K%P
%LC春樹
%LC春樹
「ど、どういうこと？　清佳さんは\n　蛍と回るつもりなんじゃ……？」%K%P
「ど、どういうこと？　清佳さんは\n　蛍と回るつもりなんじゃ……？」%K%P
%LC清佳
%LC清佳
「あら、よくわかってるじゃない。まぁ蛍が付き合って\n　くれるかは当日にならないとわからないけど……」%K%P
「あら、よくわかってるじゃない。まぁ蛍が付き合って\n　くれるかは当日にならないとわからないけど……」%K%P
%LC清佳
%LC清佳
「でも、もしも蛍が私を選んでくれた時には\n　最高の夏祭りの思い出を作ってあげたいの」%K%P
「でも、もしも蛍が私を選んでくれた時には\n　最高の夏祭りの思い出を作ってあげたいの」%K%P
%LC清佳
%LC清佳
「だけど私……例によって夏祭りに参加するのは\n　初めてで。右も左もわからなくてね……」%K%P
「だけど私……例によって夏祭りに参加するのは\n　初めてで。右も左もわからなくてね……」%K%P
%LC清佳
%LC清佳
「だから今回も下見に付き合ってくれるかしら？\n　昼間の間に一通り会場を回っておきたいの」%K%P
「だから今回も下見に付き合ってくれるかしら？\n　昼間の間に一通り会場を回っておきたいの」%K%P
%LC清佳
%LC清佳
「どうなるかはわからないけど、\n　きっとお互いのためになると思うわ」%K%P
「どうなるかはわからないけど、\n　きっとお互いのためになると思うわ」%K%P
そういうことか……。\n僕の誘いをデートの下見だと思って。%K%P
そういうことか……。\n僕の誘いをデートの下見だと思って。%K%P
清佳ちゃんとしても蛍がもしも僕を誘った場合、\n下見の経験が活きると思って提案してくれたのかも。%K%P
清佳ちゃんとしても蛍がもしも僕を誘った場合、\n下見の経験が活きると思って提案してくれたのかも。%K%P
……想定していたものとは違うけど構わない。\nどんな形でも清佳ちゃんと夏祭りを回れるなら――%K%P
……想定していたものとは違うけど構わない。\nどんな形でも清佳ちゃんと夏祭りを回れるなら――%K%P
%LC愛
%LC愛
「――せんぱぁい。話が違うじゃないですかぁ？\n　夏祭りは愛と一緒に回る約束でしたよね〜？」%K%P
「――せんぱぁい。話が違うじゃないですかぁ？\n　夏祭りは愛と一緒に回る約束でしたよね〜？」%K%P
%LC春樹
%LC春樹
「えっ？」%K%P
「えっ？」%K%P
清佳ちゃんに頷き返そうとしたところで、\n愛さんが唐突に横やりを入れてくる。%K%P
清佳ちゃんに頷き返そうとしたところで、\n愛さんが唐突に横やりを入れてくる。%K%P
%LC清佳
%LC清佳
「そうだったの？　愛とそんな約束してたんだ？」%K%P
「そうだったの？　愛とそんな約束してたんだ？」%K%P
%LC春樹
%LC春樹
「う、ううんっ。ぼ――いや、俺はそんな約束――」%K%P
「う、ううんっ。ぼ――いや、俺はそんな約束――」%K%P
%LC愛
%LC愛
「し、してないって言うんですか……？\n　愛があんなにも勇気を振り絞ってお願いしたのに……！」%K%P
「し、してないって言うんですか……？\n　愛があんなにも勇気を振り絞ってお願いしたのに……！」%K%P
%LC愛
%LC愛
「あの時はオーケーしてくれました……よね？\n　反故にしちゃう気なんですか……？」%K%P
「あの時はオーケーしてくれました……よね？\n　反故にしちゃう気なんですか……？」%K%P
瞳に涙を浮かべながら愛さんが上目遣いに訴えてくる。%K%P
瞳に涙を浮かべながら愛さんが上目遣いに訴えてくる。%K%P
でも約束した覚えなんて一欠片もない。\nそもそも僕が夏祭りの存在を知ったのは今朝だし――%K%P
でも約束した覚えなんて一欠片もない。\nそもそも僕が夏祭りの存在を知ったのは今朝だし――%K%P
%LC愛
%LC愛
「――何を清佳様にアプローチしちゃってるんですか？\n　そ・れ・は許さないって言いましたよね〜……？」%K%P
「――何を清佳様にアプローチしちゃってるんですか？\n　そ・れ・は許さないって言いましたよね〜……？」%K%P
%LC春樹
%LC春樹
「っっ」%K%P
「っっ」%K%P
%LC愛
%LC愛
「愛の目が黒いうちは清佳様に近づけさせませんよ？\n　大人しく、蛍として清佳様とお付き合い下さい？」%K%P
「愛の目が黒いうちは清佳様に近づけさせませんよ？\n　大人しく、蛍として清佳様とお付き合い下さい？」%K%P
愛さんがこっそりと耳元で囁いてくる。\nぼ、僕と清佳ちゃんのデートを阻むつもりか……！%K%P
愛さんがこっそりと耳元で囁いてくる。\nぼ、僕と清佳ちゃんのデートを阻むつもりか……！%K%P
%LC清佳
%LC清佳
「ちょっと愛。春樹くんに色仕掛けする必要は\n　もうないってこの前言わなかったかしら？」%K%P
「ちょっと愛。春樹くんに色仕掛けする必要は\n　もうないってこの前言わなかったかしら？」%K%P
%LC愛
%LC愛
「色仕掛けじゃないですよ〜。\n　愛は、その……本気で春樹さんを誘ったんです」%K%P
「色仕掛けじゃないですよ〜。\n　愛は、その……本気で春樹さんを誘ったんです」%K%P
%LC清佳
%LC清佳
「えっ！？　そ、それって……！」%K%P
「えっ！？　そ、それって……！」%K%P
%LC愛
%LC愛
「……は、はい。春樹さんと過ごしてる間に、えと。\n　ホントに好きになっちゃったみたいで……」%K%P
「……は、はい。春樹さんと過ごしてる間に、えと。\n　ホントに好きになっちゃったみたいで……」%K%P
%LC春樹
%LC春樹
「〜〜っっ！？　何を言って……！？」%K%P
「〜〜っっ！？　何を言って……！？」%K%P
%LC清佳
%LC清佳
「ほ、本気なの、愛……！？\n　あなたも蛍の気持ちは知ってるはずよね……！？」%K%P
「ほ、本気なの、愛……！？\n　あなたも蛍の気持ちは知ってるはずよね……！？」%K%P
%LC愛
%LC愛
「清佳様だって同じじゃないですか……。\n　好きな気持ちになったら止められないですよ……」%K%P
「清佳様だって同じじゃないですか……。\n　好きな気持ちになったら止められないですよ……」%K%P
%LC清佳
%LC清佳
「それを言われると――何にしても蛍に強敵出現ね……。\n　あ、後で教えてあげなくちゃ……」%K%P
「それを言われると――何にしても蛍に強敵出現ね……。\n　あ、後で教えてあげなくちゃ……」%K%P
なんてことを言い出すんだ、この人は……！？\nいくら清佳ちゃんに近づけたくないからといって……！%K%P
なんてことを言い出すんだ、この人は……！？\nいくら清佳ちゃんに近づけたくないからといって……！%K%P
いや。逆に考えるんだ。\nここでスッパリ振ってしまえばいい。%K%P
いや。逆に考えるんだ。\nここでスッパリ振ってしまえばいい。%K%P
%LC春樹
%LC春樹
「気持ちは嬉しいけど、ごめん。\n　愛さんとは付き合えな――」%K%P
「気持ちは嬉しいけど、ごめん。\n　愛さんとは付き合えな――」%K%P
%LC愛
%LC愛
%XS20「たとえ振られても、愛の気持ちは変わりませんから！」%XE%K%P
%XS20「たとえ振られても、愛の気持ちは変わりませんから！」%XE%K%P
釘まで刺された……！！\nとことんまで邪魔する気だ、この子……！！%K%P
釘まで刺された……！！\nとことんまで邪魔する気だ、この子……！！%K%P
%LC清佳
%LC清佳
「コ、コホン。まぁどうするかは春樹くんに任せるけど。\n　愛と先約があるというなら無理には頼まないわ」%K%P
「コ、コホン。まぁどうするかは春樹くんに任せるけど。\n　愛と先約があるというなら無理には頼まないわ」%K%P
そして清佳ちゃんが身を引こうとしちゃってる。\nこのままじゃマズい……！%K%P
そして清佳ちゃんが身を引こうとしちゃってる。\nこのままじゃマズい……！%K%P
%LC春樹
%LC春樹
「だ、だったらみんなで回らない？\n　下見ってだけならそれでもいいよね？」%K%P
「だ、だったらみんなで回らない？\n　下見ってだけならそれでもいいよね？」%K%P
%LC清佳
%LC清佳
「私は別に構わないけど……。下見はしておきたいし」%K%P
「私は別に構わないけど……。下見はしておきたいし」%K%P
%LC愛
%LC愛
「それなら愛もいいですよ〜？\n　デートの邪魔――じゃなくて楽しく過ごせそうですしぃ」%K%P
「それなら愛もいいですよ〜？\n　デートの邪魔――じゃなくて楽しく過ごせそうですしぃ」%K%P
どうにか約束を取り付けられたものの、\n愛さんに監視されたままじゃきっと何もできない。%K%P
どうにか約束を取り付けられたものの、\n愛さんに監視されたままじゃきっと何もできない。%K%P
清佳ちゃんにアプローチをかけようものなら、\n今みたいに邪魔されてしまうだろう。%K%P
清佳ちゃんにアプローチをかけようものなら、\n今みたいに邪魔されてしまうだろう。%K%P
僕も何か手を打たないと。%K%P
僕も何か手を打たないと。%K%P
