%LC春樹
%LC春樹
「俺の――ううん。僕の分も淹れてもらえる？」%K%P
「俺の――ううん。僕の分も淹れてもらえる？」%K%P
%LC愛
%LC愛
「なっ――……」%K%P
「なっ――……」%K%P
愛さんが驚愕に目を見開いて、\n僕の顔をじっと見つめてくる。%K%P
愛さんが驚愕に目を見開いて、\n僕の顔をじっと見つめてくる。%K%P
ここ最近わかったことだけど、\n愛さんは意外と感情豊かな人だ。%K%P
ここ最近わかったことだけど、\n愛さんは意外と感情豊かな人だ。%K%P
クールな人かと思っていたけれど、\nそうでもなかったみたい。%K%P
クールな人かと思っていたけれど、\nそうでもなかったみたい。%K%P
%LC愛
%LC愛
「ど、どうして女装を解いてるんですか……！\n　早く着替えて下さい。清佳様が来たらどうすんですっ！」%K%P
「ど、どうして女装を解いてるんですか……！\n　早く着替えて下さい。清佳様が来たらどうすんですっ！」%K%P
%LC春樹
%LC春樹
「大丈夫だよ。清佳さんには……もう伝えたから」%K%P
「大丈夫だよ。清佳さんには……もう伝えたから」%K%P
%LC愛
%LC愛
「え……？　伝えたって……」%K%P
「え……？　伝えたって……」%K%P
%LC春樹
%LC春樹
「僕の女装姿が蛍だっていうこと。\n　今までのこと洗いざらい全て話したんだ」%K%P
「僕の女装姿が蛍だっていうこと。\n　今までのこと洗いざらい全て話したんだ」%K%P
%LC愛
%LC愛
「は、はぁ！？　意味がわかりません……！\n　あなたは一体何を仰っているのですか！？」%K%P
「は、はぁ！？　意味がわかりません……！\n　あなたは一体何を仰っているのですか！？」%K%P
%LC愛
%LC愛
「そんなことをしたら清佳様が……！」%K%P
「そんなことをしたら清佳様が……！」%K%P
%LC春樹
%LC春樹
「……そうだね。悲しませちゃったかもしれない。\n　でも、最後まで話は聞いてくれたんだ」%K%P
「……そうだね。悲しませちゃったかもしれない。\n　でも、最後まで話は聞いてくれたんだ」%K%P
%LC春樹
%LC春樹
「『これからも蛍として接してくれるなら構わない』\n　って清佳さんは言ってくれたよ。それでも……うん。\n　悲しませちゃったことには変わらないと思うけど」%K%P
「『これからも蛍として接してくれるなら構わない』\n　って清佳さんは言ってくれたよ。それでも……うん。\n　悲しませちゃったことには変わらないと思うけど」%K%P
%LC愛
%LC愛
「ア、アホなんですか！？　バカなんですか！？\n　なんのために今まで秘密を隠してきたんですか……！」%K%P
「ア、アホなんですか！？　バカなんですか！？\n　なんのために今まで秘密を隠してきたんですか……！」%K%P
%LC愛
%LC愛
「どうしていきなり正体を明かしちゃってるんです……！\n　なんのために愛があんな告白をしたと――」%K%P
「どうしていきなり正体を明かしちゃってるんです……！\n　なんのために愛があんな告白をしたと――」%K%P
%LC春樹
%LC春樹
「――だからだよ。だからこそ、\n　僕は清佳ちゃんにちゃんと言おうと思ったんだ」%K%P
「――だからだよ。だからこそ、\n　僕は清佳ちゃんにちゃんと言おうと思ったんだ」%K%P
慌てふためく愛さんを、\n僕は真っ直ぐに見つめる。%K%P
慌てふためく愛さんを、\n僕は真っ直ぐに見つめる。%K%P
%LC春樹
%LC春樹
「僕は愛さんのことが好きだから。\n　愛さんと「さようなら」なんてしたくないから」%K%P
「僕は愛さんのことが好きだから。\n　愛さんと「さようなら」なんてしたくないから」%K%P
%LC愛
%LC愛
「は、はぁ……！？　本当に何を言ってるんですかっ！？\n　あなたがお好きなのは清佳様でしょう……！」%K%P
「は、はぁ……！？　本当に何を言ってるんですかっ！？\n　あなたがお好きなのは清佳様でしょう……！」%K%P
%LC愛
%LC愛
「ずっとずっと想い続けてきたのですよね？\n　小さい頃からずっとずっと……！」%K%P
「ずっとずっと想い続けてきたのですよね？\n　小さい頃からずっとずっと……！」%K%P
%LC愛
%LC愛
「なのに、ぽっと出の愛なんかを\n　好きだなんて――意味不明です……！」%K%P
「なのに、ぽっと出の愛なんかを\n　好きだなんて――意味不明です……！」%K%P
%LC春樹
%LC春樹
「あはは……そうだよね。\n　正直、自分でも不思議なくらいで……」%K%P
「あはは……そうだよね。\n　正直、自分でも不思議なくらいで……」%K%P
%LC愛
%LC愛
「でしたら撤回して下さい……！\n　愛はあなたのことなんかどうとも思っていませんっ」%K%P
「でしたら撤回して下さい……！\n　愛はあなたのことなんかどうとも思っていませんっ」%K%P
%LC愛
%LC愛
「もしかして今朝のこと本気にしちゃいましたか？\n　あれも冗談ですよ？　あなたをからかっていただけです」%K%P
「もしかして今朝のこと本気にしちゃいましたか？\n　あれも冗談ですよ？　あなたをからかっていただけです」%K%P
%LC愛
%LC愛
「いつもの色仕掛けですよ。\n　あんなのに引っかかるなんてチョロすぎます」%K%P
「いつもの色仕掛けですよ。\n　あんなのに引っかかるなんてチョロすぎます」%K%P
%LC春樹
%LC春樹
「うん。見事に引っかかっちゃった……。\n　本当に、ふふ、チョロいよね」%K%P
「うん。見事に引っかかっちゃった……。\n　本当に、ふふ、チョロいよね」%K%P
%LC愛
%LC愛
「っっ。否定して下さいっ。\n　と、ともかく好きだとか言われても困ります……！」%K%P
「っっ。否定して下さいっ。\n　と、ともかく好きだとか言われても困ります……！」%K%P
%LC春樹
%LC春樹
「でも……好きなんだ。愛さんのこと。\n　自覚しちゃったら、止められなくて」%K%P
「でも……好きなんだ。愛さんのこと。\n　自覚しちゃったら、止められなくて」%K%P
%LC愛
%LC愛
「〜〜っっ！　あなたの気持ちなんて知りませんっ」%K%P
「〜〜っっ！　あなたの気持ちなんて知りませんっ」%K%P
%LC春樹
%LC春樹
「じゃあ、愛さんは僕をどう思ってるの？\n　好きじゃ……ないのかな？」%K%P
「じゃあ、愛さんは僕をどう思ってるの？\n　好きじゃ……ないのかな？」%K%P
%LC愛
%LC愛
「き、嫌いです。好きなわけありません……！\n　なんとも思ってないって言いましたよねっ？」%K%P
「き、嫌いです。好きなわけありません……！\n　なんとも思ってないって言いましたよねっ？」%K%P
%LC春樹
%LC春樹
「なら……これから好きになってもらいたいな」%K%P
「なら……これから好きになってもらいたいな」%K%P
%LC愛
%LC愛
「なっ――……！？」%K%P
「なっ――……！？」%K%P
%LC春樹
%LC春樹
「だから、これから僕のことを好きになってもらいたい」%K%P
「だから、これから僕のことを好きになってもらいたい」%K%P
%LC愛
%LC愛
「〜〜っっ！　聞こえてます……！\n　言い直さなくても聞こえてますってば……！」%K%P
「〜〜っっ！　聞こえてます……！\n　言い直さなくても聞こえてますってば……！」%K%P
こんなにも取り乱す愛さんを見るのは初めてだ。\nまた一つ僕の知らない彼女を知れてすごく嬉しい。%K%P
こんなにも取り乱す愛さんを見るのは初めてだ。\nまた一つ僕の知らない彼女を知れてすごく嬉しい。%K%P
%LC愛
%LC愛
「どうしてそんなに前のめりにくるんですか……！\n　いつもいつもウジウジしていたクセに……！」%K%P
「どうしてそんなに前のめりにくるんですか……！\n　いつもいつもウジウジしていたクセに……！」%K%P
%LC春樹
%LC春樹
「あはは、なんでだろう。肩の荷が下りたからかな。\n　清佳さんにも全部喋っちゃったし……。\n　愛さんになら格好付ける必要もないし……」%K%P
「あはは、なんでだろう。肩の荷が下りたからかな。\n　清佳さんにも全部喋っちゃったし……。\n　愛さんになら格好付ける必要もないし……」%K%P
%LC春樹
%LC春樹
「今は……うん。ただ純粋に\n　自分の気持ちを愛さんに伝えたくって」%K%P
「今は……うん。ただ純粋に\n　自分の気持ちを愛さんに伝えたくって」%K%P
%LC春樹
%LC春樹
「僕は清佳さんより愛さんが好きだって、\n　ちゃんと伝えたくて」%K%P
「僕は清佳さんより愛さんが好きだって、\n　ちゃんと伝えたくて」%K%P
%LC愛
%LC愛
「ですから……。そんなことを仰っても……」%K%P
「ですから……。そんなことを仰っても……」%K%P
愛さんが弱々しく俯く。%K%P
愛さんが弱々しく俯く。%K%P
%LC愛
%LC愛
「愛、言いましたよね？\n　清佳様を裏切らせないで欲しいって……」%K%P
「愛、言いましたよね？\n　清佳様を裏切らせないで欲しいって……」%K%P
%LC愛
%LC愛
「愛にはできません。清佳様の恋心を\n　ずっと傍で見てきた愛には……」%K%P
「愛にはできません。清佳様の恋心を\n　ずっと傍で見てきた愛には……」%K%P
%LC愛
%LC愛
「清佳様の好きな人を横取りすることなんて……。\n　絶対にできないですよ……」%K%P
「清佳様の好きな人を横取りすることなんて……。\n　絶対にできないですよ……」%K%P
%LC愛
%LC愛
「たとえ愛が、その。あなたを\n　嫌いじゃなかったとしても……できません」%K%P
「たとえ愛が、その。あなたを\n　嫌いじゃなかったとしても……できません」%K%P
%LC春樹
%LC春樹
「愛さん……」%K%P
「愛さん……」%K%P
不意に愛さんのポケットが震える。%K%P
不意に愛さんのポケットが震える。%K%P
%LC愛
%LC愛
「……清佳様からメール？」%K%P
「……清佳様からメール？」%K%P
そこには短い文面で、こう書かれていた。%K%P
そこには短い文面で、こう書かれていた。%K%P
『蛍の心ならともかく。\n　春樹くんの心なんて愛にくれてやるわ』%K%P
『蛍の心ならともかく。\n　春樹くんの心なんて愛にくれてやるわ』%K%P
『だから、愛は愛の幸せを自由に掴みなさい』%K%P
『だから、愛は愛の幸せを自由に掴みなさい』%K%P
%LC愛
%LC愛
「……もう。あのバカ主人は……。\n　愛のことなんか気遣わなくていいのに……」%K%P
「……もう。あのバカ主人は……。\n　愛のことなんか気遣わなくていいのに……」%K%P
%LC春樹
%LC春樹
「言ったじゃない。\n　みんな、愛さんのことが好きなんだよ」%K%P
「言ったじゃない。\n　みんな、愛さんのことが好きなんだよ」%K%P
%LC愛
%LC愛
「……本当にお節介な人たちです。\n　愛はこの気持ちをまだよくわかっていませんのに」%K%P
「……本当にお節介な人たちです。\n　愛はこの気持ちをまだよくわかっていませんのに」%K%P
%LC愛
%LC愛
「正直、愛にはわかりません。\n　自分の気持ちが本当に恋なのかどうか」%K%P
「正直、愛にはわかりません。\n　自分の気持ちが本当に恋なのかどうか」%K%P
%LC愛
%LC愛
「恋愛なんて……初めてですから。\n　もしかしたら一瞬の気の迷いかもしれません」%K%P
「恋愛なんて……初めてですから。\n　もしかしたら一瞬の気の迷いかもしれません」%K%P
%LC愛
%LC愛
「本当に……あなたが好きなのかも、\n　よくわかっていないんです」%K%P
「本当に……あなたが好きなのかも、\n　よくわかっていないんです」%K%P
%LC春樹
%LC春樹
「愛さん……」%K%P
「愛さん……」%K%P
%LC愛
%LC愛
「……でも……」%K%P
「……でも……」%K%P
%LC愛
%LC愛
「でも、あなたに好意を告げられて、\n　忌々しくも体温が上昇してしまっている自分がいます」%K%P
「でも、あなたに好意を告げられて、\n　忌々しくも体温が上昇してしまっている自分がいます」%K%P
%LC愛
%LC愛
「あなたの告白を……嬉しく思っている自分がいます」%K%P
「あなたの告白を……嬉しく思っている自分がいます」%K%P
愛さんが頬を朱に染めて、\nぽつりぽつりと呟いてきてくれる。%K%P
愛さんが頬を朱に染めて、\nぽつりぽつりと呟いてきてくれる。%K%P
そんな彼女へ僕は顔をゆっくりと近づけていく。\n愛さんは動こうとしなかった。%K%P
そんな彼女へ僕は顔をゆっくりと近づけていく。\n愛さんは動こうとしなかった。%K%P
%LC愛
%LC愛
「ん……ちゅっ……」%K%P
「ん……ちゅっ……」%K%P
%LC愛
%LC愛
「……ふふ。罪の味がします」%K%P
「……ふふ。罪の味がします」%K%P
冗談めかしに愛さんが微笑む。%K%P
冗談めかしに愛さんが微笑む。%K%P
その笑顔が、やっぱりとても可愛いと思った。%K%P
その笑顔が、やっぱりとても可愛いと思った。%K%P
%LC愛
%LC愛
「だけど。きっとこの気持ちが――」%K%P
「だけど。きっとこの気持ちが――」%K%P
不意に今度は愛さんの顔が近づいてくる。%K%P
不意に今度は愛さんの顔が近づいてくる。%K%P
%LC愛
%LC愛
「ちゅ……ん……」%K%P
「ちゅ……ん……」%K%P
%LC愛
%LC愛
「……幸せ、と呼ばれるものなのでしょうね」%K%P
「……幸せ、と呼ばれるものなのでしょうね」%K%P
%LC春樹
%LC春樹
「愛さん……」%K%P
「愛さん……」%K%P
%LC愛
%LC愛
「……忠告は既にしましたからね？\n　無視したのはあなたなんですから」%K%P
「……忠告は既にしましたからね？\n　無視したのはあなたなんですから」%K%P
%LC愛
%LC愛
「愛はこう見えて、チョロいんです。\n　あなたに告白されて清佳様に背中を押されたら\n　もう――」%K%P
「愛はこう見えて、チョロいんです。\n　あなたに告白されて清佳様に背中を押されたら\n　もう――」%K%P
%LC愛
%LC愛
「んっ……！　ちゅっ……！」%K%P
「んっ……！　ちゅっ……！」%K%P
%LC愛
%LC愛
「……愛だってもう、止まれませんから……」%K%P
「……愛だってもう、止まれませんから……」%K%P
必死に背伸びをして愛さんが唇を重ねてきてくれる。%K%P
必死に背伸びをして愛さんが唇を重ねてきてくれる。%K%P
そんな彼女を僕はそっと抱きしめた。%K%P
そんな彼女を僕はそっと抱きしめた。%K%P
%LC愛
%LC愛
「ふぁ……」%K%P
「ふぁ……」%K%P
そして、そのままソファーへ倒れ込もうとして――%K%P
そして、そのままソファーへ倒れ込もうとして――%K%P
%LC愛・春樹
%LC愛・春樹
「――へ？」%K%P
「――へ？」%K%P
廊下扉の方から聞こえてきた物音を聞いて、\nハっと我に返る。%K%P
廊下扉の方から聞こえてきた物音を聞いて、\nハっと我に返る。%K%P
%LC？？？
%LC？？？
「ちょ、ちょっと清佳ちゃん……！\n　物音立てちゃマズいってば……！」%K%P
「ちょ、ちょっと清佳ちゃん……！\n　物音立てちゃマズいってば……！」%K%P
%LC？？？
%LC？？？
「ご、ごめんなさい……！　だってキスどころか、\n　ははは、始めようとしていてっ……！」%K%P
「ご、ごめんなさい……！　だってキスどころか、\n　ははは、始めようとしていてっ……！」%K%P
物陰からこそこそと話し声が聞こえてくる。\nま、まさか――……%K%P
物陰からこそこそと話し声が聞こえてくる。\nま、まさか――……%K%P
%LC愛
%LC愛
「ふふ、ふふふふ……。そこの出歯亀女さんたち？\n　出て来てもらえますか？　……もらえますよね？」%K%P
「ふふ、ふふふふ……。そこの出歯亀女さんたち？\n　出て来てもらえますか？　……もらえますよね？」%K%P
%LC千鶴・清佳
%LC千鶴・清佳
「……はい……」%K%P
「……はい……」%K%P
………………%K%P
………………%K%P
…………%K%P
…………%K%P
……%K%P
……%K%P
%LC愛
%LC愛
「本当に度し難いです……！\n　あのファッキン覗き見野郎共……！」%K%P
「本当に度し難いです……！\n　あのファッキン覗き見野郎共……！」%K%P
%LC春樹
%LC春樹
「ま、まぁまぁ、そう怒らずに……」%K%P
「ま、まぁまぁ、そう怒らずに……」%K%P
%LC愛
%LC愛
「怒らずにいられますか……！\n　ずっと見られていたのですよ……！？\n　一から十まで全部……！！」%K%P
「怒らずにいられますか……！\n　ずっと見られていたのですよ……！？\n　一から十まで全部……！！」%K%P
%LC愛
%LC愛
「タイミング良く清佳様からメールが届いた時点で\n　気づくべきでした……！\n　不覚……！　不覚です……！」%K%P
「タイミング良く清佳様からメールが届いた時点で\n　気づくべきでした……！\n　不覚……！　不覚です……！」%K%P
%LC春樹
%LC春樹
「あはは……。でもこれで、その。\n　モヤモヤした気持ちはなくなったんじゃない？」%K%P
「あはは……。でもこれで、その。\n　モヤモヤした気持ちはなくなったんじゃない？」%K%P
あの後、のぞき見をしていた二人に\n愛さんは見るにも耐えない折檻をして土下座させていた。%K%P
あの後、のぞき見をしていた二人に\n愛さんは見るにも耐えない折檻をして土下座させていた。%K%P
二人は僕たちの成り行きを見届けようとしただけ\nなんだろうけど……まぁ恥ずかしいよね。%K%P
二人は僕たちの成り行きを見届けようとしただけ\nなんだろうけど……まぁ恥ずかしいよね。%K%P
でも……僕としては助かったかも。%K%P
でも……僕としては助かったかも。%K%P
あのまま清佳ちゃんたちが\n乱入してこなかったらきっと――%K%P
あのまま清佳ちゃんたちが\n乱入してこなかったらきっと――%K%P
%LC愛
%LC愛
「それで……し、しないんですか？」%K%P
「それで……し、しないんですか？」%K%P
%LC春樹
%LC春樹
「ふぇ！？　しないって何を……！？」%K%P
「ふぇ！？　しないって何を……！？」%K%P
%LC愛
%LC愛
「で、ですから、さっきの続きです……」%K%P
「で、ですから、さっきの続きです……」%K%P
%LC春樹
%LC春樹
「続きって――」%K%P
「続きって――」%K%P
し、してもいいの？\nでも、なんというかその……！%K%P
し、してもいいの？\nでも、なんというかその……！%K%P
%LC愛
%LC愛
「……エッチ目的で告白した。と愛が思うとでも？\n　まぁ……告白して即押し倒そうとされましたしね」%K%P
「……エッチ目的で告白した。と愛が思うとでも？\n　まぁ……告白して即押し倒そうとされましたしね」%K%P
%LC春樹
%LC春樹
「うっ……！　違うよっ？\n　そういうわけじゃないから……！」%K%P
「うっ……！　違うよっ？\n　そういうわけじゃないから……！」%K%P
%LC愛
%LC愛
「……どうでしょう。愛を気にし始めた理由も、\n　たぶん性処理がきっかけでしょうし……」%K%P
「……どうでしょう。愛を気にし始めた理由も、\n　たぶん性処理がきっかけでしょうし……」%K%P
%LC愛
%LC愛
「もしかしなくても……愛の身体目当てでした？」%K%P
「もしかしなくても……愛の身体目当てでした？」%K%P
%LC春樹
%LC春樹
「そういうわけじゃないってば……！\n　本当に違うのっ……！！」%K%P
「そういうわけじゃないってば……！\n　本当に違うのっ……！！」%K%P
%LC愛
%LC愛
「……ふーん。じゃあ、こんなことされても、\n　ムラムラしたりしないんですね？」%K%P
「……ふーん。じゃあ、こんなことされても、\n　ムラムラしたりしないんですね？」%K%P
すると愛さんは僕の膝に乗ってきて――%K%P
すると愛さんは僕の膝に乗ってきて――%K%P
%LC愛
%LC愛
「よっと」%K%P
「よっと」%K%P
%LC春樹
%LC春樹
「〜〜っっ！　ちょっと愛さん……！？」%K%P
「〜〜っっ！　ちょっと愛さん……！？」%K%P
服越しに伝わってくる体温だけでも\nドキドキしてしまう。%K%P
服越しに伝わってくる体温だけでも\nドキドキしてしまう。%K%P
%LC愛
%LC愛
「……めちゃくちゃ顔赤くしてるじゃないですか。\n　ビックリするくらいエロ猿顔です」%K%P
「……めちゃくちゃ顔赤くしてるじゃないですか。\n　ビックリするくらいエロ猿顔です」%K%P
%LC春樹
%LC春樹
「ご、ごめんね。すぐ落ち着くから……！」%K%P
「ご、ごめんね。すぐ落ち着くから……！」%K%P
荒くなりかけた呼吸を必死で沈めようとする。\nしかし――%K%P
荒くなりかけた呼吸を必死で沈めようとする。\nしかし――%K%P
%LC愛
%LC愛
「……お、落ち着かなくてもいいです」%K%P
「……お、落ち着かなくてもいいです」%K%P
%LC春樹
%LC春樹
「え……？」%K%P
「え……？」%K%P
%LC愛
%LC愛
「で、ですから。落ち着かなくてもいいです」%K%P
「で、ですから。落ち着かなくてもいいです」%K%P
気づけば愛さんも耳まで顔を真っ赤にして、\n僕を上目遣いに見つめていた。%K%P
気づけば愛さんも耳まで顔を真っ赤にして、\n僕を上目遣いに見つめていた。%K%P
%LC愛
%LC愛
「嫌なら……その。膝の上になんて乗りません。\n　あなたの性欲の強さも重々承知していますし……」%K%P
「嫌なら……その。膝の上になんて乗りません。\n　あなたの性欲の強さも重々承知していますし……」%K%P
%LC愛
%LC愛
「なんのためにあなたの部屋に来たと思ってるんですか。\n　ここならもう……誰にも邪魔されないからですよ」%K%P
「なんのためにあなたの部屋に来たと思ってるんですか。\n　ここならもう……誰にも邪魔されないからですよ」%K%P
%LC愛
%LC愛
「むしろ、寸前までしておいて今夜はお預けに\n　しようだなんて……ドＳにも程があります」%K%P
「むしろ、寸前までしておいて今夜はお預けに\n　しようだなんて……ドＳにも程があります」%K%P
%LC春樹
%LC春樹
「あ……愛さん……」%K%P
「あ……愛さん……」%K%P
火照った愛さんの顔を見て、\n落ち着かせようとしていた息が逆に荒くなっていく。%K%P
火照った愛さんの顔を見て、\n落ち着かせようとしていた息が逆に荒くなっていく。%K%P
%LC愛
%LC愛
「電気消しても……いいですか？」%K%P
「電気消しても……いいですか？」%K%P
%LC愛
%LC愛
「自分でも……不思議なんです。少し前の愛なら\n　裸を見せることに恥じらいなんて覚えませんでしたのに」%K%P
「自分でも……不思議なんです。少し前の愛なら\n　裸を見せることに恥じらいなんて覚えませんでしたのに」%K%P
%LC愛
%LC愛
「今は……とても恥ずかしくて。\n　でも、あなたに見てもらいたくて……」%K%P
「今は……とても恥ずかしくて。\n　でも、あなたに見てもらいたくて……」%K%P
%LC愛
%LC愛
「触れて……もらいたくて……」%K%P
「触れて……もらいたくて……」%K%P
愛さんが部屋の電気を落としてくれる。%K%P
愛さんが部屋の電気を落としてくれる。%K%P
ここまでしてもらっておいて、\n日和るわけにはいかない。%K%P
ここまでしてもらっておいて、\n日和るわけにはいかない。%K%P
いいや。そんなこと考える\n余裕なんてないくらいもう――%K%P
いいや。そんなこと考える\n余裕なんてないくらいもう――%K%P
%LC愛
%LC愛
「きゃっ……」%K%P
「きゃっ……」%K%P
愛さんの服へ手をかける。\n彼女は悲鳴を上げたものの抵抗はしなかった。%K%P
愛さんの服へ手をかける。\n彼女は悲鳴を上げたものの抵抗はしなかった。%K%P
それどころか彼女も\n僕のズボンのチャックを下ろしてきて――%K%P
それどころか彼女も\n僕のズボンのチャックを下ろしてきて――%K%P
