%LC愛
%LC愛
「あっ――はぁあぁぁあああんんっっ〜〜！！」%K%P
「あっ――はぁあぁぁあああんんっっ〜〜！！」%K%P
愛さんの身体を抱き寄せながら、\n一気に根元まで怒張をおまんこへ埋没させる。%K%P
愛さんの身体を抱き寄せながら、\n一気に根元まで怒張をおまんこへ埋没させる。%K%P
%LC愛
%LC愛
「ふぁっ、あぁ……！　ふふふっ……！\n　眺めるだけしかダメって言ったのに♪」%K%P
「ふぁっ、あぁ……！　ふふふっ……！\n　眺めるだけしかダメって言ったのに♪」%K%P
%LC愛
%LC愛
「動かないで下さいねっ？\n　罰として、今日は愛が責めますから……！」%K%P
「動かないで下さいねっ？\n　罰として、今日は愛が責めますから……！」%K%P
そう言って愛さんが自ら腰を振ってくれる。%K%P
そう言って愛さんが自ら腰を振ってくれる。%K%P
ものすごく気持ちいい……！\n愛さんの子宮、もう下がりきってて……！%K%P
ものすごく気持ちいい……！\n愛さんの子宮、もう下がりきってて……！%K%P
敏感な亀頭が、んんっ、コリコリで熱々の\n子宮口にグリグリされちゃう……！%K%P
敏感な亀頭が、んんっ、コリコリで熱々の\n子宮口にグリグリされちゃう……！%K%P
%LC愛
%LC愛
「にしても、人に素直になれって言う割に、\n　先輩も全然素直じゃないですっ……！」%K%P
「にしても、人に素直になれって言う割に、\n　先輩も全然素直じゃないですっ……！」%K%P
%LC愛
%LC愛
「愛がわざわざイチャつきにきたのに、あぁん……！\n　全然イチャイチャしてくれませんでしたし……！」%K%P
「愛がわざわざイチャつきにきたのに、あぁん……！\n　全然イチャイチャしてくれませんでしたし……！」%K%P
%LC愛
%LC愛
「えっちい目で見てるクセに、あっ、あっ、あっ……！\n　身体の一つも触ろうとしないで……！」%K%P
「えっちい目で見てるクセに、あっ、あっ、あっ……！\n　身体の一つも触ろうとしないで……！」%K%P
%LC春樹
%LC春樹
「だ、だって――」%K%P
「だ、だって――」%K%P
%LC愛
%LC愛
「『だって』じゃないですっ……！\n　我慢なんてしないで下さい……！」%K%P
「『だって』じゃないですっ……！\n　我慢なんてしないで下さい……！」%K%P
%LC愛
%LC愛
「今みたいに性欲丸出しで、あっ、はぁ……！\n　いいんですっ……！　いつでもシて下さい……！」%K%P
「今みたいに性欲丸出しで、あっ、はぁ……！\n　いいんですっ……！　いつでもシて下さい……！」%K%P
%LC愛
%LC愛
「うずうずして我慢しちゃうくらいなら、\n　あっ、あっ、あっ、エッチして欲しいですもんっ」%K%P
「うずうずして我慢しちゃうくらいなら、\n　あっ、あっ、あっ、エッチして欲しいですもんっ」%K%P
%LC愛
%LC愛
「好きな人に興奮してもらって嫌がる女の子なんて、\n　ふぁぁあんっ、どこにもいないんですから……！」%K%P
「好きな人に興奮してもらって嫌がる女の子なんて、\n　ふぁぁあんっ、どこにもいないんですから……！」%K%P
%LC春樹
%LC春樹
「っっ」%K%P
「っっ」%K%P
愛さんの言葉で昂ぶりが倍増する。\n射精欲が募りに募って、すぐにでも出そうだ。%K%P
愛さんの言葉で昂ぶりが倍増する。\n射精欲が募りに募って、すぐにでも出そうだ。%K%P
%LC愛
%LC愛
「えへへ、まーだ。まだですよ？\n　堪えて、んふっ、下さい……！」%K%P
「えへへ、まーだ。まだですよ？\n　堪えて、んふっ、下さい……！」%K%P
%LC愛
%LC愛
「久しぶりの、あぁんっ……！　セックスなんですっ。\n　堪能させてくれなきゃヤダですよっ」%K%P
「久しぶりの、あぁんっ……！　セックスなんですっ。\n　堪能させてくれなきゃヤダですよっ」%K%P
愛さんがギュウっと膣を締めて、\n射精させまいとしてくる。%K%P
愛さんがギュウっと膣を締めて、\n射精させまいとしてくる。%K%P
その一方で、腰の振り方は激しくなっていって――%K%P
その一方で、腰の振り方は激しくなっていって――%K%P
%LC愛
%LC愛
「んはぁ……！　おちんぽ、んんっ……！\n　膣内でどっくんどっくんしちゃってます……！」%K%P
「んはぁ……！　おちんぽ、んんっ……！\n　膣内でどっくんどっくんしちゃってます……！」%K%P
%LC愛
%LC愛
「ただでさえ大きいのに、あぁん……！\n　もっともっと膨らんできてっ……！」%K%P
「ただでさえ大きいのに、あぁん……！\n　もっともっと膨らんできてっ……！」%K%P
%LC愛
%LC愛
「この感覚、えへへ、好きっ……！\n　愛のおまんこが大好きな人に広げられていって……！」%K%P
「この感覚、えへへ、好きっ……！\n　愛のおまんこが大好きな人に広げられていって……！」%K%P
イきたいのにイかせてもらえない……！\nおまんこがギチギチにおちんちんを圧迫してきて……！%K%P
イきたいのにイかせてもらえない……！\nおまんこがギチギチにおちんちんを圧迫してきて……！%K%P
はぁはぁ、だけど気持ちいい……！\n膣内までスベスベで、だけど、ドロドロで……！！%K%P
はぁはぁ、だけど気持ちいい……！\n膣内までスベスベで、だけど、ドロドロで……！！%K%P
%LC愛
%LC愛
「あっ、あっ、あっ、あっ……！　気持ちいい……！\n　射精直前おちんぽ、ふぁあ、たまらないです……！」%K%P
「あっ、あっ、あっ、あっ……！　気持ちいい……！\n　射精直前おちんぽ、ふぁあ、たまらないです……！」%K%P
%LC愛
%LC愛
「赤ちゃんの部屋っ、あぁぁあんっ……！\n　ズンズン突き上げられてっ……！」%K%P
「赤ちゃんの部屋っ、あぁぁあんっ……！\n　ズンズン突き上げられてっ……！」%K%P
%LC愛
%LC愛
「んはぁっ、イくっ、あああっ、イくイくイくぅ〜！！」%K%P
「んはぁっ、イくっ、あああっ、イくイくイくぅ〜！！」%K%P
愛さんがガクガクと痙攣しながら、\nそれでもなお腰を振り続ける。%K%P
愛さんがガクガクと痙攣しながら、\nそれでもなお腰を振り続ける。%K%P
%LC春樹
%LC春樹
「はぁはぁ、愛さん……！\n　僕も、んん、僕もイかせて……！！」%K%P
「はぁはぁ、愛さん……！\n　僕も、んん、僕もイかせて……！！」%K%P
%LC愛
%LC愛
「えへへっ、ダーメっ♪\n　まだ我慢っ、我慢して下さいっ……！」%K%P
「えへへっ、ダーメっ♪\n　まだ我慢っ、我慢して下さいっ……！」%K%P
咎めるように、さらに締め付けを増してくる愛さん。\nどこまで締め付けが強くなるんだ……！？%K%P
咎めるように、さらに締め付けを増してくる愛さん。\nどこまで締め付けが強くなるんだ……！？%K%P
%LC愛
%LC愛
「耐えてくれれば、もっと気持ち良くしてあげますよっ？\n　締め付け、んんっ、もっとキツくしてあげますっ」%K%P
「耐えてくれれば、もっと気持ち良くしてあげますよっ？\n　締め付け、んんっ、もっとキツくしてあげますっ」%K%P
%LC愛
%LC愛
「射精する頃には、あぁんっ……！\n　愛のおまんこじゃなきゃイけない身体に\n　調教しちゃいますからっ……！」%K%P
「射精する頃には、あぁんっ……！\n　愛のおまんこじゃなきゃイけない身体に\n　調教しちゃいますからっ……！」%K%P
%LC春樹
%LC春樹
「ん゛ぁっ……！！　ん゛あぁぁあっっ……！！」%K%P
「ん゛ぁっ……！！　ん゛あぁぁあっっ……！！」%K%P
あまりの快感に情けない声が漏れてしまう。\nはぁはぁ、気持ち良すぎて腰すら振れない……！%K%P
あまりの快感に情けない声が漏れてしまう。\nはぁはぁ、気持ち良すぎて腰すら振れない……！%K%P
%LC愛
%LC愛
「あぁあんっ！　イくっ、ああぁ、気持ちいい……！\n　熱いのっ、ふぁ、ビュッビュしっぱなしでっ……！」%K%P
「あぁあんっ！　イくっ、ああぁ、気持ちいい……！\n　熱いのっ、ふぁ、ビュッビュしっぱなしでっ……！」%K%P
%LC愛
%LC愛
「ザーメン漏れ出てますよ？\n　ダメって言ってるのにっ……！\n　えへへっ、悪いおちんぽですねっ？」%K%P
「ザーメン漏れ出てますよ？\n　ダメって言ってるのにっ……！\n　えへへっ、悪いおちんぽですねっ？」%K%P
%LC春樹
%LC春樹
「もう無理っ、限界っっ……！！\n　イかせて愛さんっ、はぁはぁ、イかせてっ……！！」%K%P
「もう無理っ、限界っっ……！！\n　イかせて愛さんっ、はぁはぁ、イかせてっ……！！」%K%P
%LC愛
%LC愛
「そんなにイきたいですかっ？\n　愛のおまんこにっ、ドピュドピュしたいですかっ？」%K%P
「そんなにイきたいですかっ？\n　愛のおまんこにっ、ドピュドピュしたいですかっ？」%K%P
%LC春樹
%LC春樹
「したいっ……！　射精したいっ……！\n　愛さんのおまんこに、子宮に、ぶちまけたい……！」%K%P
「したいっ……！　射精したいっ……！\n　愛さんのおまんこに、子宮に、ぶちまけたい……！」%K%P
%LC愛
%LC愛
「えへへ……！」%K%P
「えへへ……！」%K%P
すると、愛さんは嬉しそうに笑って――%K%P
すると、愛さんは嬉しそうに笑って――%K%P
%LC愛
%LC愛
「――でも、ダーメ♪」%K%P
「――でも、ダーメ♪」%K%P
%LC春樹
%LC春樹
「ん゛んんっっ！！？」%K%P
「ん゛んんっっ！！？」%K%P
今まで以上にギュムムとおちんちんが圧迫される。\n先っぽまでのぼった精子が堰き止められて……！！%K%P
今まで以上にギュムムとおちんちんが圧迫される。\n先っぽまでのぼった精子が堰き止められて……！！%K%P
%LC愛
%LC愛
「誓ってくれたらっ、あぁあんっ、いいですよっ？」%K%P
「誓ってくれたらっ、あぁあんっ、いいですよっ？」%K%P
%LC愛
%LC愛
「これからは毎日、愛を抱いてくれるって……！\n　愛と、毎日セックスしてくれるって……！」%K%P
「これからは毎日、愛を抱いてくれるって……！\n　愛と、毎日セックスしてくれるって……！」%K%P
%LC春樹
%LC春樹
「はぁはぁっ、誓うっ……！　誓うよ……！」%K%P
「はぁはぁっ、誓うっ……！　誓うよ……！」%K%P
%LC愛
%LC愛
「本当ですかぁ？　初めての時も、\n　愛のおまんこ毎日舐めたいとか言ってましたけど？」%K%P
「本当ですかぁ？　初めての時も、\n　愛のおまんこ毎日舐めたいとか言ってましたけど？」%K%P
%LC春樹
%LC春樹
「今だって思ってるもんっ……！\n　毎日、あぁ、愛さんのおまんこペロペロしたい……！\n　おっぱいもむしゃぶりつきたいっ……！！」%K%P
「今だって思ってるもんっ……！\n　毎日、あぁ、愛さんのおまんこペロペロしたい……！\n　おっぱいもむしゃぶりつきたいっ……！！」%K%P
%LC春樹
%LC春樹
「だけど、はぁはぁ、恥ずかしくて……！\n　き、嫌われちゃうかなと思って……！」%K%P
「だけど、はぁはぁ、恥ずかしくて……！\n　き、嫌われちゃうかなと思って……！」%K%P
%LC愛
%LC愛
「っっ。嫌うわけないですよっ。\n　言ったじゃないですか……！！\n　愛だって、んはぁ、愛だって――」%K%P
「っっ。嫌うわけないですよっ。\n　言ったじゃないですか……！！\n　愛だって、んはぁ、愛だって――」%K%P
%LC愛
%LC愛
「愛だってっ、あぁあんっっ……！　先輩と――\n　あなたと、セックスしたいんですっっ……！！」%K%P
「愛だってっ、あぁあんっっ……！　先輩と――\n　あなたと、セックスしたいんですっっ……！！」%K%P
%LC春樹
%LC春樹
「ん゛ぁ……！！　ん゛ぁぁぁぁっっ……！！」%K%P
「ん゛ぁ……！！　ん゛ぁぁぁぁっっ……！！」%K%P
スパートをかけるように\n愛さんが腰を振ってきてくれる。%K%P
スパートをかけるように\n愛さんが腰を振ってきてくれる。%K%P
ああああっ、気持ちいい……！！\n亀頭がグリグリ擦られて、竿がズリズリ扱かれて……！！%K%P
ああああっ、気持ちいい……！！\n亀頭がグリグリ擦られて、竿がズリズリ扱かれて……！！%K%P
もうダメだっ。出るっ……！！　出るっっ……！！%K%P
もうダメだっ。出るっ……！！　出るっっ……！！%K%P
%LC愛
%LC愛
「まだっ、あああんっ、ダメですよっ？\n　あああっ、射精しちゃダメですからっ……！」%K%P
「まだっ、あああんっ、ダメですよっ？\n　あああっ、射精しちゃダメですからっ……！」%K%P
%LC愛
%LC愛
「せっかくおちんぽ挿れてもらったんですっ……！\n　もっと、ふぁ、もっと繋がっていたいんですっ……！」%K%P
「せっかくおちんぽ挿れてもらったんですっ……！\n　もっと、ふぁ、もっと繋がっていたいんですっ……！」%K%P
%LC愛
%LC愛
「出したら、はぁはぁっ、終わっちゃうじゃないですか。\n　まだまだしたいっ、愛し合いたいんですっ……！」%K%P
「出したら、はぁはぁっ、終わっちゃうじゃないですか。\n　まだまだしたいっ、愛し合いたいんですっ……！」%K%P
愛さんが身もだえしながら腰を振り続ける。\n絶頂しながら動き続けてくれてるんだ……！%K%P
愛さんが身もだえしながら腰を振り続ける。\n絶頂しながら動き続けてくれてるんだ……！%K%P
%LC愛
%LC愛
「あああっ、んはぁぁっっ……！！\n　き、気持ち良すぎて、力抜けちゃっ……！！」%K%P
「あああっ、んはぁぁっっ……！！\n　き、気持ち良すぎて、力抜けちゃっ……！！」%K%P
%LC愛
%LC愛
「熱いのピュッピュきてっ……！！\n　ザーメン噴き出すの、んんっ、止められない……！」%K%P
「熱いのピュッピュきてっ……！！\n　ザーメン噴き出すの、んんっ、止められない……！」%K%P
%LC愛
%LC愛
「まだダメなのにっ……！　愛の虜にっ、あっ、あっ、\n　なってもらわなくちゃなのにっ……！」%K%P
「まだダメなのにっ……！　愛の虜にっ、あっ、あっ、\n　なってもらわなくちゃなのにっ……！」%K%P
%LC愛
%LC愛
「ダメっ、ふぁああっっ！！\n　イくっ、イくっイくっ、イくイくイくっっ――！！」%K%P
「ダメっ、ふぁああっっ！！\n　イくっ、イくっイくっ、イくイくイくっっ――！！」%K%P
そして愛さんの身体の力が一気に抜けた瞬間――%K%P
そして愛さんの身体の力が一気に抜けた瞬間――%K%P
%LC愛
%LC愛
「イっっ――くぅぅぅぅんんんんんんっっ〜〜！！！！」%K%P
「イっっ――くぅぅぅぅんんんんんんっっ〜〜！！！！」%K%P
堰き止められていた精子が噴き出す。%K%P
堰き止められていた精子が噴き出す。%K%P
愛さんの小さな身体を持ち上げてしまうほどの勢いで、\n激しく射精してしまう――%K%P
愛さんの小さな身体を持ち上げてしまうほどの勢いで、\n激しく射精してしまう――%K%P
%LC愛
%LC愛
「はぁ、はぁ、はぁ……！　お腹の中、熱い……！\n　射精、はぁはぁ、させちゃいました……」%K%P
「はぁ、はぁ、はぁ……！　お腹の中、熱い……！\n　射精、はぁはぁ、させちゃいました……」%K%P
%LC愛
%LC愛
「ふ、不覚です。もっと続けるつもりでしたのに……。\n　愛の虜に、はぁはぁ、なってもらうまで……」%K%P
「ふ、不覚です。もっと続けるつもりでしたのに……。\n　愛の虜に、はぁはぁ、なってもらうまで……」%K%P
%LC春樹
%LC春樹
「そんなことしなくても、はぁはぁ……。\n　僕はとっくに愛さんの虜だよ……？」%K%P
「そんなことしなくても、はぁはぁ……。\n　僕はとっくに愛さんの虜だよ……？」%K%P
力尽きたように僕へもたれかかる愛さんを\n抱きとめながら、そっと囁く。%K%P
力尽きたように僕へもたれかかる愛さんを\n抱きとめながら、そっと囁く。%K%P
%LC愛
%LC愛
「本当……ですか？\n　愛とのエッチ……飽きたりしません？」%K%P
「本当……ですか？\n　愛とのエッチ……飽きたりしません？」%K%P
%LC春樹
%LC春樹
「こんなにいっぱい出したのに疑うの？」%K%P
「こんなにいっぱい出したのに疑うの？」%K%P
%LC愛
%LC愛
「だって……」%K%P
「だって……」%K%P
愛さんが自分の身体を見つめる。\n……本当に自信がないんだろうな。%K%P
愛さんが自分の身体を見つめる。\n……本当に自信がないんだろうな。%K%P
でも……そういうところも可愛い。%K%P
でも……そういうところも可愛い。%K%P
それだけ僕に好かれたいって思ってくれてるだって\nわかって、すごく嬉しいし。%K%P
それだけ僕に好かれたいって思ってくれてるだって\nわかって、すごく嬉しいし。%K%P
%LC春樹
%LC春樹
「ふふ。『だって』じゃないよ？」%K%P
「ふふ。『だって』じゃないよ？」%K%P
%LC愛
%LC愛
「んんっ！？　んちゅっ……んふっ……！」%K%P
「んんっ！？　んちゅっ……んふっ……！」%K%P
愛さんのふわとろ唇を奪いながら、\n小さなおっぱいに、ツルツルのおまんこへ手を伸ばす。%K%P
愛さんのふわとろ唇を奪いながら、\n小さなおっぱいに、ツルツルのおまんこへ手を伸ばす。%K%P
%LC春樹
%LC春樹
「何度だって言うけど……んちゅ。大好きだよ？\n　愛さんのことも、愛さんの小さい身体も……」%K%P
「何度だって言うけど……んちゅ。大好きだよ？\n　愛さんのことも、愛さんの小さい身体も……」%K%P
%LC愛
%LC愛
「んっ……！　ふっ……！　れろぉ……！\n　く、口では、んちゅぅ、なんとでも言えますもん……」%K%P
「んっ……！　ふっ……！　れろぉ……！\n　く、口では、んちゅぅ、なんとでも言えますもん……」%K%P
%LC春樹
%LC春樹
「身体も反応してるじゃない。\n　おちんちん、硬いままなのわからない？\n　……むしろさっきより硬くなってるかも」%K%P
「身体も反応してるじゃない。\n　おちんちん、硬いままなのわからない？\n　……むしろさっきより硬くなってるかも」%K%P
%LC愛
%LC愛
「そ、それは――……んんっ！　んちゅぅ……」%K%P
「そ、それは――……んんっ！　んちゅぅ……」%K%P
照れたようにおまんこをキュンキュンさせる\n愛さんを眺めながら、可愛い唇をついばんでいく。%K%P
照れたようにおまんこをキュンキュンさせる\n愛さんを眺めながら、可愛い唇をついばんでいく。%K%P
%LC春樹
%LC春樹
「どうしたら信用してもらえるの？\n　愛さんのこと、こんなに好きなのに」%K%P
「どうしたら信用してもらえるの？\n　愛さんのこと、こんなに好きなのに」%K%P
%LC愛
%LC愛
「っっ。そ、それは……その……えっと……」%K%P
「っっ。そ、それは……その……えっと……」%K%P
恥ずかしそうに愛さんが口ごもる。\nそして蚊の鳴くような声で呟いてきた。%K%P
恥ずかしそうに愛さんが口ごもる。\nそして蚊の鳴くような声で呟いてきた。%K%P
%LC愛
%LC愛
「……た、たくさん愛してくれたら、\n　信じられるかも……です……」%K%P
「……た、たくさん愛してくれたら、\n　信じられるかも……です……」%K%P
%LC春樹
%LC春樹
「ふふ、なら――」%K%P
「ふふ、なら――」%K%P
愛さんへ顔を近づけながら、\n大好きな彼女の身体を愛撫していく。%K%P
愛さんへ顔を近づけながら、\n大好きな彼女の身体を愛撫していく。%K%P
%LC愛
%LC愛
「んちゅっ……んふ……！\n　れろ、れろろぉっ……！」%K%P
「んちゅっ……んふ……！\n　れろ、れろろぉっ……！」%K%P
%LC愛
%LC愛
「んんんっっ！！　恥ずかし……！\n　おっぱいと、ふぁ、クリ弄られるの……」%K%P
「んんんっっ！！　恥ずかし……！\n　おっぱいと、ふぁ、クリ弄られるの……」%K%P
%LC愛
%LC愛
「でも――んんんんっっ！\n　き、気持ちい……」%K%P
「でも――んんんんっっ！\n　き、気持ちい……」%K%P
愛さんが舌を伸ばしたままビクビクと身体を震わせる。\nベロを動かす余裕もないほど感じてくれてるみたいだ。%K%P
愛さんが舌を伸ばしたままビクビクと身体を震わせる。\nベロを動かす余裕もないほど感じてくれてるみたいだ。%K%P
それにしてもえっちい……。\n乳首もクリもビンビンに勃起して……。%K%P
それにしてもえっちい……。\n乳首もクリもビンビンに勃起して……。%K%P
少しぎゅっと摘まむだけで――%K%P
少しぎゅっと摘まむだけで――%K%P
%LC愛
%LC愛
「ん゛っ――んふぅぅんんんっっ〜〜！！」%K%P
「ん゛っ――んふぅぅんんんっっ〜〜！！」%K%P
――愛さんがガクガクと身悶えて絶頂してくれる。\nヤバい……ものすごくえっちい。%K%P
――愛さんがガクガクと身悶えて絶頂してくれる。\nヤバい……ものすごくえっちい。%K%P
%LC春樹
%LC春樹
「初めての時から敏感だったけど……。\n　エッチする度にどんどん敏感になってない？」%K%P
「初めての時から敏感だったけど……。\n　エッチする度にどんどん敏感になってない？」%K%P
%LC愛
%LC愛
「〜〜っっ。あ、あなたのせいですよ。\n　あなたがいつもやらしい手付きで触るから……」%K%P
「〜〜っっ。あ、あなたのせいですよ。\n　あなたがいつもやらしい手付きで触るから……」%K%P
%LC愛
%LC愛
「あなたと付き合ってから愛、んちゅ……。\n　オナニーの回数も爆増しちゃったんですからね？」%K%P
「あなたと付き合ってから愛、んちゅ……。\n　オナニーの回数も爆増しちゃったんですからね？」%K%P
%LC愛
%LC愛
「あなたのえっちい手付きを思い出して……はぁはぁ。\n　たくさんオナニーしちゃってますもん……」%K%P
「あなたのえっちい手付きを思い出して……はぁはぁ。\n　たくさんオナニーしちゃってますもん……」%K%P
%LC愛
%LC愛
「あなたの姿を見かけるだけでも……れろ、れろろぉ。\n　気づけば手がおまんこに伸びちゃったりもして……」%K%P
「あなたの姿を見かけるだけでも……れろ、れろろぉ。\n　気づけば手がおまんこに伸びちゃったりもして……」%K%P
%LC愛
%LC愛
「せ、責任……取って下さい。\n　愛をこんな淫乱にしちゃった責任……」%K%P
「せ、責任……取って下さい。\n　愛をこんな淫乱にしちゃった責任……」%K%P
さっきまでとは打って変わって、\n甘えてくる愛さんの姿が可愛すぎる。%K%P
さっきまでとは打って変わって、\n甘えてくる愛さんの姿が可愛すぎる。%K%P
繋がったままの場所がめちゃくちゃに熱い。\n僕の熱さなのか愛さんの熱さなのかわからないくらいだ。%K%P
繋がったままの場所がめちゃくちゃに熱い。\n僕の熱さなのか愛さんの熱さなのかわからないくらいだ。%K%P
%LC愛
%LC愛
「あはぁあんっ……！　あぁんっ……！\n　んはぁんっ……！　あっ、あっ、あっ……！！」%K%P
「あはぁあんっ……！　あぁんっ……！\n　んはぁんっ……！　あっ、あっ、あっ……！！」%K%P
腰を突き出して行くと愛さんは\n耐えられないとばかりに唇を離して大きく喘いだ。%K%P
腰を突き出して行くと愛さんは\n耐えられないとばかりに唇を離して大きく喘いだ。%K%P
%LC愛
%LC愛
「あっ、あっ、あっ……！！　おちんぽすごい……！！\n　あぁあんっ、イくっ、イくっっ……！！」%K%P
「あっ、あっ、あっ……！！　おちんぽすごい……！！\n　あぁあんっ、イくっ、イくっっ……！！」%K%P
%LC愛
%LC愛
「身体中、ああああっ、気持ちいいっ……！！\n　おっぱいもっ、おまんこもっ、クリもっっ……！！」%K%P
「身体中、ああああっ、気持ちいいっ……！！\n　おっぱいもっ、おまんこもっ、クリもっっ……！！」%K%P
愛さんの小さな身体を思いっきり抱きしめながら、\nいやらしく勃起した乳首とクリを弄っていく。%K%P
愛さんの小さな身体を思いっきり抱きしめながら、\nいやらしく勃起した乳首とクリを弄っていく。%K%P
同時に腰も突き上げていって――\nああ、この軽い体重を持ち上げる心地が堪らない……！%K%P
同時に腰も突き上げていって――\nああ、この軽い体重を持ち上げる心地が堪らない……！%K%P
%LC愛
%LC愛
「あひぃんっ、あはぁんっ、んはぁぁんっ……！！\n　奥っ、あぁ、気持ちいいっ、感じちゃ……！！」%K%P
「あひぃんっ、あはぁんっ、んはぁぁんっ……！！\n　奥っ、あぁ、気持ちいいっ、感じちゃ……！！」%K%P
%LC愛
%LC愛
「イくっ――ん゛んんんっっ！！\n　またイくっ、イくぅぅっっ〜〜！！」%K%P
「イくっ――ん゛んんんっっ！！\n　またイくっ、イくぅぅっっ〜〜！！」%K%P
痙攣すると締め付けも一段と増して……！\nはぁはぁ、やっぱり前より敏感になってる……！%K%P
痙攣すると締め付けも一段と増して……！\nはぁはぁ、やっぱり前より敏感になってる……！%K%P
僕がそんな風に彼女を変えてしまったのだと思うと、\nめちゃくちゃに昂ぶっちゃって……！%K%P
僕がそんな風に彼女を変えてしまったのだと思うと、\nめちゃくちゃに昂ぶっちゃって……！%K%P
%LC愛
%LC愛
「ふぁぁああんっっ！？　く、首筋、あぁあんっ！\n　はむはむされてっ……！！」%K%P
「ふぁぁああんっっ！？　く、首筋、あぁあんっ！\n　はむはむされてっ……！！」%K%P
%LC愛
%LC愛
「あぁっ、耳も――んんんっっ！！\n　耳の中にベロが、ああああっっ！！」%K%P
「あぁっ、耳も――んんんっっ！！\n　耳の中にベロが、ああああっっ！！」%K%P
愛さんの全身を味わいたくて、\n首を、耳を、ほっぺまでをも舐め咥えていく。%K%P
愛さんの全身を味わいたくて、\n首を、耳を、ほっぺまでをも舐め咥えていく。%K%P
%LC愛
%LC愛
「た、食べられてるみたいっ……！！\n　なんだかゾワゾワしちゃ……！！」%K%P
「た、食べられてるみたいっ……！！\n　なんだかゾワゾワしちゃ……！！」%K%P
%LC愛
%LC愛
「イ、イきすぎて、また力抜けちゃ……！\n　震え止まらなすぎて、ふぁ、ふぁぁぁ……！！」%K%P
「イ、イきすぎて、また力抜けちゃ……！\n　震え止まらなすぎて、ふぁ、ふぁぁぁ……！！」%K%P
どこに触れても愛さんはビクンビクンして、\nその未成熟な身体が淫らに震える様に性欲が、もう――%K%P
どこに触れても愛さんはビクンビクンして、\nその未成熟な身体が淫らに震える様に性欲が、もう――%K%P
%LC愛
%LC愛
「〜〜っっ！！　ま、待ってっ……！！\n　一度、とまってくださ……！　触るのやめ……！」%K%P
「〜〜っっ！！　ま、待ってっ……！！\n　一度、とまってくださ……！　触るのやめ……！」%K%P
――しかし、盛り上がってきたところで\n愛さんが焦った様子で訴えてきた。%K%P
――しかし、盛り上がってきたところで\n愛さんが焦った様子で訴えてきた。%K%P
%LC春樹
%LC春樹
「またそんなこと言って――」%K%P
「またそんなこと言って――」%K%P
%LC愛
%LC愛
「――ち、違うんですっ……！！\n　これ以上感じたら、お、おしっこが……！！」%K%P
「――ち、違うんですっ……！！\n　これ以上感じたら、お、おしっこが……！！」%K%P
%LC春樹
%LC春樹
「おしっこっ？」%K%P
「おしっこっ？」%K%P
%LC愛
%LC愛
「〜〜っっ！　さ、さっき紅茶を飲んでしまって……！\n　はぁはぁっ、い、今になって尿意が……！」%K%P
「〜〜っっ！　さ、さっき紅茶を飲んでしまって……！\n　はぁはぁっ、い、今になって尿意が……！」%K%P
%LC愛
%LC愛
「一度おトイレに行かせて下さいっ……！\n　このまま続けられたら、はぁはぁ、漏れちゃいますっ」%K%P
「一度おトイレに行かせて下さいっ……！\n　このまま続けられたら、はぁはぁ、漏れちゃいますっ」%K%P
慌てた様子で愛さんが立ち上がろうとする。\nけれど――%K%P
慌てた様子で愛さんが立ち上がろうとする。\nけれど――%K%P
%LC愛
%LC愛
「――ん゛はぁあああああんんんっっ〜〜！！？」%K%P
「――ん゛はぁあああああんんんっっ〜〜！！？」%K%P
逃がすまいと思いっきりおまんこを突き上げる。\nおっぱいを揉みながら、愛さんを抱き寄せる。%K%P
逃がすまいと思いっきりおまんこを突き上げる。\nおっぱいを揉みながら、愛さんを抱き寄せる。%K%P
%LC愛
%LC愛
「ふかっ、深いっ――あっ、あっ、あっ、あっ！！\n　はげひっ、イくっ、あああっ、イくっ、イくぅ！！」%K%P
「ふかっ、深いっ――あっ、あっ、あっ、あっ！！\n　はげひっ、イくっ、あああっ、イくっ、イくぅ！！」%K%P
%LC愛
%LC愛
「ら、らめですっ、やめっ、ああああっっ……！！\n　なんで俄然やる気になってるんですかぁ……！！」%K%P
「ら、らめですっ、やめっ、ああああっっ……！！\n　なんで俄然やる気になってるんですかぁ……！！」%K%P
%LC春樹
%LC春樹
「はぁはぁっ、愛さんが興奮するようなこと\n　言うからじゃないっ……！！」%K%P
「はぁはぁっ、愛さんが興奮するようなこと\n　言うからじゃないっ……！！」%K%P
%LC愛
%LC愛
「興奮って――へ、変態っ……！！\n　何に興奮してるんですかぁ……！！」%K%P
「興奮って――へ、変態っ……！！\n　何に興奮してるんですかぁ……！！」%K%P
%LC春樹
%LC春樹
「愛さんの、はぁはぁっ、おしっこだってば……！！\n　出してっ？　このまま漏らしてみてっ？」%K%P
「愛さんの、はぁはぁっ、おしっこだってば……！！\n　出してっ？　このまま漏らしてみてっ？」%K%P
%LC愛
%LC愛
「〜〜っっ！　嫌ですっ……！　絶対嫌っ……！！\n　流石に、あぁあっ、恥ずかしすぎますってば……！！」%K%P
「〜〜っっ！　嫌ですっ……！　絶対嫌っ……！！\n　流石に、あぁあっ、恥ずかしすぎますってば……！！」%K%P
首をブンブンと横に振って愛さんが嫌がる。\nけれど、その嫌がる姿が逆に僕を昂ぶらせる。%K%P
首をブンブンと横に振って愛さんが嫌がる。\nけれど、その嫌がる姿が逆に僕を昂ぶらせる。%K%P
%LC愛
%LC愛
「んぁぁああああっっ〜〜！！？\n　ちょっと、あああっ、クリ摘ままないで……！！」%K%P
「んぁぁああああっっ〜〜！！？\n　ちょっと、あああっ、クリ摘ままないで……！！」%K%P
%LC愛
%LC愛
「それ、らめっ、ああああっ、らめぇっっ……！！\n　膀胱っ、ふあぁあっ、刺激されてっ……！！」%K%P
「それ、らめっ、ああああっ、らめぇっっ……！！\n　膀胱っ、ふあぁあっ、刺激されてっ……！！」%K%P
%LC愛
%LC愛
「あっ、あっ、あっ、あっ……！！\n　おちんぽも、らめぇっっ……！！\n　とめてくださっ、とめてっ、とめてっっ……！！」%K%P
「あっ、あっ、あっ、あっ……！！\n　おちんぽも、らめぇっっ……！！\n　とめてくださっ、とめてっ、とめてっっ……！！」%K%P
できる限り尿意を刺激するように\n愛さんの身体を突き込んでいく。%K%P
できる限り尿意を刺激するように\n愛さんの身体を突き込んでいく。%K%P
おまんこの震え方も今までと違うっ……！\nおしっこ我慢してるのがすごく伝わってきて……！！%K%P
おまんこの震え方も今までと違うっ……！\nおしっこ我慢してるのがすごく伝わってきて……！！%K%P
%LC愛
%LC愛
「へ、変態っ、変態変態変態っっ……！！\n　どうかしてますっ……！！　おしっこ見たいなんてっ！」%K%P
「へ、変態っ、変態変態変態っっ……！！\n　どうかしてますっ……！！　おしっこ見たいなんてっ！」%K%P
%LC春樹
%LC春樹
「でも前に言ってたじゃないっ。\n　僕にトイレを見られようが気にしないってっ」%K%P
「でも前に言ってたじゃないっ。\n　僕にトイレを見られようが気にしないってっ」%K%P
%LC愛
%LC愛
「それは付き合う前の話でっ……！！\n　今はもう無理っ、無理ですっ……！！\n　大好きな人におしっこ見られるなんてっ……！！」%K%P
「それは付き合う前の話でっ……！！\n　今はもう無理っ、無理ですっ……！！\n　大好きな人におしっこ見られるなんてっ……！！」%K%P
羞恥心で全身を火照らせながら愛さんが嫌がり続ける。\nおまんこがすごく熱い、おちんちんが溶けそうだ……！！%K%P
羞恥心で全身を火照らせながら愛さんが嫌がり続ける。\nおまんこがすごく熱い、おちんちんが溶けそうだ……！！%K%P
それだけ僕を意識してくれていることが嬉しい。\nだからこそ――僕も愛さんのおしっこが見たい……！！%K%P
それだけ僕を意識してくれていることが嬉しい。\nだからこそ――僕も愛さんのおしっこが見たい……！！%K%P
%LC愛
%LC愛
「あっ、あっ、あっ、あっ……！！\n　ホントらめっ、あああっ、らめっ、らめぇっ……！！」%K%P
「あっ、あっ、あっ、あっ……！！\n　ホントらめっ、あああっ、らめっ、らめぇっ……！！」%K%P
%LC愛
%LC愛
「漏らさせないでくださっ、あなたの前で……！！\n　あぁんっ、おしっこなんかしたくないですっ……！！」%K%P
「漏らさせないでくださっ、あなたの前で……！！\n　あぁんっ、おしっこなんかしたくないですっ……！！」%K%P
%LC春樹
%LC春樹
「大丈夫っ、僕も出すからっ、はぁはぁっ……！！\n　愛さんの膣内に白いおしっこ出すからっ……！！」%K%P
「大丈夫っ、僕も出すからっ、はぁはぁっ……！！\n　愛さんの膣内に白いおしっこ出すからっ……！！」%K%P
%LC愛
%LC愛
「それもらめっ、ああっ、今射精されたら絶対漏れちゃ\n　いますっ！　出さないでっ、出さないでくださっ……！」%K%P
「それもらめっ、ああっ、今射精されたら絶対漏れちゃ\n　いますっ！　出さないでっ、出さないでくださっ……！」%K%P
%LC春樹
%LC春樹
「そんなこと言われたら――俄然射精したくなるよっ！」%K%P
「そんなこと言われたら――俄然射精したくなるよっ！」%K%P
%LC愛
%LC愛
「んぁっ、あっ、あっ、あっ、あっ、ああああっっ！！？\n　バ、バカぁっ……！　変態っ、変態すぎますっ……！！」%K%P
「んぁっ、あっ、あっ、あっ、あっ、ああああっっ！！？\n　バ、バカぁっ……！　変態っ、変態すぎますっ……！！」%K%P
はぁはぁ、すごいっ、この窮屈さ……！\n愛さんのおしっこ我慢まんこ、気持ち良すぎる……！！%K%P
はぁはぁ、すごいっ、この窮屈さ……！\n愛さんのおしっこ我慢まんこ、気持ち良すぎる……！！%K%P
%LC愛
%LC愛
「ひぃあああっっ！！　の、のぼってっ……！！\n　精子っ、のぼってきてますっっ……！！」%K%P
「ひぃあああっっ！！　の、のぼってっ……！！\n　精子っ、のぼってきてますっっ……！！」%K%P
%LC愛
%LC愛
「またおちんぽ、んふぁあっ、ビクビクしてっ……！！\n　ふ、震わせないでっ、おしっこが、おしっこがぁ……！」%K%P
「またおちんぽ、んふぁあっ、ビクビクしてっ……！！\n　ふ、震わせないでっ、おしっこが、おしっこがぁ……！」%K%P
限界ギリギリと言わんばかりに、\n愛さんが口を半開きにして悶え回る。%K%P
限界ギリギリと言わんばかりに、\n愛さんが口を半開きにして悶え回る。%K%P
はぁはぁ、おしっこ我慢してる顔がえっちい……！！\n今まで見た顔で、一番えっちいかもしれない……！！%K%P
はぁはぁ、おしっこ我慢してる顔がえっちい……！！\n今まで見た顔で、一番えっちいかもしれない……！！%K%P
%LC愛
%LC愛
「あっ、あっ、あっ、あっ……！！\n　もうらめっ、漏れるっ、漏れちゃうっっ……！！」%K%P
「あっ、あっ、あっ、あっ……！！\n　もうらめっ、漏れるっ、漏れちゃうっっ……！！」%K%P
%LC愛
%LC愛
「ヤダっ、嫌だっ……！！　大好きな人の前で……！！\n　あぁっ、おしっこなんてっ、おしっこなんてぇ……！！」%K%P
「ヤダっ、嫌だっ……！！　大好きな人の前で……！！\n　あぁっ、おしっこなんてっ、おしっこなんてぇ……！！」%K%P
おまんこがかつてないほど締まる。\nこれが愛さんのおしっこ直前の力の入れ方なんだっ。%K%P
おまんこがかつてないほど締まる。\nこれが愛さんのおしっこ直前の力の入れ方なんだっ。%K%P
はぁはぁっ、エロい……！　射精したいっっ……！\nこのおしっこ我慢おまんこに思いっきり……！！%K%P
はぁはぁっ、エロい……！　射精したいっっ……！\nこのおしっこ我慢おまんこに思いっきり……！！%K%P
%LC愛
%LC愛
「耐えられなっ、あああっ、イくっ、出るぅっ！！」%K%P
「耐えられなっ、あああっ、イくっ、出るぅっ！！」%K%P
%LC愛
%LC愛
「嫌なのにっ、恥ずかしいのにっ……！！\n　あああっ、漏れるっ、漏らされるっっ……！！」%K%P
「嫌なのにっ、恥ずかしいのにっ……！！\n　あああっ、漏れるっ、漏らされるっっ……！！」%K%P
%LC愛
%LC愛
「もうらめっ、らめっ、らめっっ！！\n　ああああああっっ、らめぇぇえええっっ〜〜！！」%K%P
「もうらめっ、らめっ、らめっっ！！\n　ああああああっっ、らめぇぇえええっっ〜〜！！」%K%P
そうして愛さんの身体がブルリと震えた次の瞬間――%K%P
そうして愛さんの身体がブルリと震えた次の瞬間――%K%P
%LC愛
%LC愛
%XS20「おしっこ、漏れちゃうぅぅぅぅっっ〜〜！！！！」%XE%K%P
%XS20「おしっこ、漏れちゃうぅぅぅぅっっ〜〜！！！！」%XE%K%P
――じょぼぼぼぼぼぼぼぼぼっっ！！\nと卑猥な音と共に愛さんの尿道からおしっこが噴き出す。%K%P
――じょぼぼぼぼぼぼぼぼぼっっ！！\nと卑猥な音と共に愛さんの尿道からおしっこが噴き出す。%K%P
無毛の秘部から噴きだしたそれは、\n小さい身体のどこにそんな力があるのかと思うほど、\n力強く噴きだして、黄金色のアーチを描いていた。%K%P
無毛の秘部から噴きだしたそれは、\n小さい身体のどこにそんな力があるのかと思うほど、\n力強く噴きだして、黄金色のアーチを描いていた。%K%P
その美しさと淫らさに、僕も白いおしっこが止まらない。%K%P
その美しさと淫らさに、僕も白いおしっこが止まらない。%K%P
%LC愛
%LC愛
「み、見ないでっ……！　見ないで下さいっ……！！\n　愛のお漏らし、んぁぁ、見ないでっっ……！！」%K%P
「み、見ないでっ……！　見ないで下さいっ……！！\n　愛のお漏らし、んぁぁ、見ないでっっ……！！」%K%P
%LC愛
%LC愛
「早く、ああっ、早く止まってっ……！！\n　どうしてこんなに、こんなに出るんですっ……！！」%K%P
「早く、ああっ、早く止まってっ……！！\n　どうしてこんなに、こんなに出るんですっ……！！」%K%P
%LC愛
%LC愛
「恥ずかしいっ……！！　死んじゃうっ……！！\n　こんなのっ、はぁはぁ、こんなのっっ……！！」%K%P
「恥ずかしいっ……！！　死んじゃうっ……！！\n　こんなのっ、はぁはぁ、こんなのっっ……！！」%K%P
羞恥心に悶える愛さんとは裏腹に、\n放尿の勢いは衰えるどころか増していく。%K%P
羞恥心に悶える愛さんとは裏腹に、\n放尿の勢いは衰えるどころか増していく。%K%P
はぁはぁ、えっちい……！！\n僕の射精も、全然とまらないっ……！！%K%P
はぁはぁ、えっちい……！！\n僕の射精も、全然とまらないっ……！！%K%P
%LC愛
%LC愛
「あ、熱いっ……！！　ずっとおちんぽ、\n　ビュービューしてっ……！！」%K%P
「あ、熱いっ……！！　ずっとおちんぽ、\n　ビュービューしてっ……！！」%K%P
%LC愛
%LC愛
「どうしてこんなに興奮してるんですかぁ……！！\n　へ、変態っ、ロリコンっ、性犯罪者っ……！！」%K%P
「どうしてこんなに興奮してるんですかぁ……！！\n　へ、変態っ、ロリコンっ、性犯罪者っ……！！」%K%P
%LC愛
%LC愛
「愛の彼氏、ド変態ですっっ……！！\n　おしっこに、お漏らしに、発情するなんて……！」%K%P
「愛の彼氏、ド変態ですっっ……！！\n　おしっこに、お漏らしに、発情するなんて……！」%K%P
%LC春樹
%LC春樹
「それだけ愛さんのおしっこ姿がエッチなんだもん……！」%K%P
「それだけ愛さんのおしっこ姿がエッチなんだもん……！」%K%P
%LC愛
%LC愛
「っっ……！　へ、変態っ、変態変態変態っっ……！！」%K%P
「っっ……！　へ、変態っ、変態変態変態っっ……！！」%K%P
半ば泣きながら愛さんが僕を罵ってくる。%K%P
半ば泣きながら愛さんが僕を罵ってくる。%K%P
だけど、そうして恥じらう彼女の姿が\nどうしようもなく可愛かった。%K%P
だけど、そうして恥じらう彼女の姿が\nどうしようもなく可愛かった。%K%P
こんなに取り乱す愛さんなんて、\nおしっこを漏らさせなければ見られなかっただろう。%K%P
こんなに取り乱す愛さんなんて、\nおしっこを漏らさせなければ見られなかっただろう。%K%P
そうして僕は愛さんのおしっこが止まるまで、\n彼女の顔と黄金色のアーチを射精しながら眺め続けた。%K%P
そうして僕は愛さんのおしっこが止まるまで、\n彼女の顔と黄金色のアーチを射精しながら眺め続けた。%K%P
%LC愛
%LC愛
「はぁ、はぁ、はぁ……！　も、もう嫌いです……！\n　あなたなんか大嫌いです……！」%K%P
「はぁ、はぁ、はぁ……！　も、もう嫌いです……！\n　あなたなんか大嫌いです……！」%K%P
%LC春樹
%LC春樹
「そ、そう言わずに。\n　とってもエッチでとっても可愛かったよ？\n　また一つ愛さんの虜になっちゃった」%K%P
「そ、そう言わずに。\n　とってもエッチでとっても可愛かったよ？\n　また一つ愛さんの虜になっちゃった」%K%P
%LC愛
%LC愛
「〜〜っっ！　ぜ、全然嬉しくありません……！\n　おしっこなんかで虜になられても困ります……！」%K%P
「〜〜っっ！　ぜ、全然嬉しくありません……！\n　おしっこなんかで虜になられても困ります……！」%K%P
相当恥ずかしかったのか、荒い息を漏らしながら、\n愛さんがめちゃくちゃキレてくる。%K%P
相当恥ずかしかったのか、荒い息を漏らしながら、\n愛さんがめちゃくちゃキレてくる。%K%P
さ、流石にやり過ぎちゃったかな……？%K%P
さ、流石にやり過ぎちゃったかな……？%K%P
%LC春樹
%LC春樹
「あ、あの、愛さん……？　――ん゛んっ！！？」%K%P
「あ、あの、愛さん……？　――ん゛んっ！！？」%K%P
声をかけようとすると、おちんちんに痛みが走った。\nも、ものすごく締め付けられて……！%K%P
声をかけようとすると、おちんちんに痛みが走った。\nも、ものすごく締め付けられて……！%K%P
%LC愛
%LC愛
「……決めました。辱められた分、\n　愛も思いっきりあなたを辱めることにします」%K%P
「……決めました。辱められた分、\n　愛も思いっきりあなたを辱めることにします」%K%P
%LC春樹
%LC春樹
「えっ！？」%K%P
「えっ！？」%K%P
%LC愛
%LC愛
「ふふ。覚悟しておいて下さいね？\n　今度は愛がひんひん鳴かせてあげますから」%K%P
「ふふ。覚悟しておいて下さいね？\n　今度は愛がひんひん鳴かせてあげますから」%K%P
愛さんがにっこりと笑って、\nけれど怒気を孕んだ声で囁いてくる。%K%P
愛さんがにっこりと笑って、\nけれど怒気を孕んだ声で囁いてくる。%K%P
%LC愛
%LC愛
「さぁどう料理してあげましょう。\n　お尻の穴でも責めてあげましょうか？\n　それとも尿道でもほじくってあげましょうか？」%K%P
「さぁどう料理してあげましょう。\n　お尻の穴でも責めてあげましょうか？\n　それとも尿道でもほじくってあげましょうか？」%K%P
%LC春樹
%LC春樹
「じょ、冗談だよね？」%K%P
「じょ、冗談だよね？」%K%P
%LC愛
%LC愛
「ふふふ」%K%P
「ふふふ」%K%P
サディスティックな笑みを浮かべてくる愛さん。\nそ、そうだ。愛さんはどちらかというと、そっち側で――%K%P
サディスティックな笑みを浮かべてくる愛さん。\nそ、そうだ。愛さんはどちらかというと、そっち側で――%K%P
%LC愛
%LC愛
「ありがとうございます。おかげで目が覚めました。\n　好きだからと言って、デレすぎる必要もありませんよね」%K%P
「ありがとうございます。おかげで目が覚めました。\n　好きだからと言って、デレすぎる必要もありませんよね」%K%P
%LC愛
%LC愛
「お望み通り……ふふふ。愛の虜にしてあげます。\n　事後に『愛様』と自然と口にしてしまうくらいには」%K%P
「お望み通り……ふふふ。愛の虜にしてあげます。\n　事後に『愛様』と自然と口にしてしまうくらいには」%K%P
%LC春樹
%LC春樹
%XS20「何するつもりなの！？」%XE%K%P
%XS20「何するつもりなの！？」%XE%K%P
怖がりつつもどこか喜んでいる自分がいる。\n無論、Ｍ責めのせいじゃない。%K%P
怖がりつつもどこか喜んでいる自分がいる。\n無論、Ｍ責めのせいじゃない。%K%P
なんだか愛さんと、\nまた一つ距離を縮められた気がして嬉しくて。%K%P
なんだか愛さんと、\nまた一つ距離を縮められた気がして嬉しくて。%K%P
%LC春樹
%LC春樹
「ふふっ……好きだよ、愛さん？」%K%P
「ふふっ……好きだよ、愛さん？」%K%P
%LC愛
%LC愛
「っっ。甘言で誤魔化そうとしてもそうはいきません。\n　こ、こっちは辱めを受けたのですから」%K%P
「っっ。甘言で誤魔化そうとしてもそうはいきません。\n　こ、こっちは辱めを受けたのですから」%K%P
%LC愛
%LC愛
「でも……その」%K%P
「でも……その」%K%P
%LC愛
%LC愛
「愛も、もちろん好きですよ？\n　あなたのこと……大好きです」%K%P
「愛も、もちろん好きですよ？\n　あなたのこと……大好きです」%K%P
愛さんが笑顔の意味を変えて微笑みかけてきてくれる。%K%P
愛さんが笑顔の意味を変えて微笑みかけてきてくれる。%K%P
自分でチョロいと言っていたけれど本当にチョロい。\nだけど、そんなところが無性に愛おしい。%K%P
自分でチョロいと言っていたけれど本当にチョロい。\nだけど、そんなところが無性に愛おしい。%K%P
%LC愛
%LC愛
「……もうちょっとイチャイチャしていてもいいですか？\n　清佳様のところに行きたいなら止めませんけど……」%K%P
「……もうちょっとイチャイチャしていてもいいですか？\n　清佳様のところに行きたいなら止めませんけど……」%K%P
%LC春樹
%LC春樹
「ううん。清佳さんには後で謝るつもり。\n　僕も……もっと愛さんとイチャイチャしたいから」%K%P
「ううん。清佳さんには後で謝るつもり。\n　僕も……もっと愛さんとイチャイチャしたいから」%K%P
%LC愛
%LC愛
「……えへへ……」%K%P
「……えへへ……」%K%P
愛さんが幸せそうに微笑んでくれる。\nそんな彼女を大切にしていきたいと思う。%K%P
愛さんが幸せそうに微笑んでくれる。\nそんな彼女を大切にしていきたいと思う。%K%P
%LC愛
%LC愛
「なら……たっぷりイチャイチャしましょう？\n　のぼせるくらい……愛し合いたいです」%K%P
「なら……たっぷりイチャイチャしましょう？\n　のぼせるくらい……愛し合いたいです」%K%P
%LC愛
%LC愛
「大好きな……あなたと」%K%P
「大好きな……あなたと」%K%P
