………………%K%P
………………%K%P
…………%K%P
…………%K%P
……%K%P
……%K%P
%LC愛
%LC愛
「……もしかして、あなたはふざけているのですか？」%K%P
「……もしかして、あなたはふざけているのですか？」%K%P
%LC愛
%LC愛
「ふざけて、おられるのですか？」%K%P
「ふざけて、おられるのですか？」%K%P
%LC春樹
%LC春樹
「〜〜っっ！　ふざけてない……！\n　そんなわけないじゃない……！」%K%P
「〜〜っっ！　ふざけてない……！\n　そんなわけないじゃない……！」%K%P
――愛さんに一晩中、搾精されてしまってから数日後。\n僕は学園の体育倉庫で愛さんに詰められていた。%K%P
――愛さんに一晩中、搾精されてしまってから数日後。\n僕は学園の体育倉庫で愛さんに詰められていた。%K%P
というのも、あの日以来、\n妙に愛さんのことを意識してしまうようになって――%K%P
というのも、あの日以来、\n妙に愛さんのことを意識してしまうようになって――%K%P
%LC清佳
%LC清佳
「あ……えへへ、おはよう、蛍。\n　相変わらず早いのね？」%K%P
「あ……えへへ、おはよう、蛍。\n　相変わらず早いのね？」%K%P
%LC蛍
%LC蛍
「ふふ、おはよう、清佳ちゃん。\n　もう少ししたら朝ご飯できるから少し待っててね？」%K%P
「ふふ、おはよう、清佳ちゃん。\n　もう少ししたら朝ご飯できるから少し待っててね？」%K%P
%LC清佳
%LC清佳
「ありがと。すっごく良い匂い。\n　それは何を作ってるの？」%K%P
「ありがと。すっごく良い匂い。\n　それは何を作ってるの？」%K%P
%LC蛍
%LC蛍
「これはガレットって言って。\n　フランスにいた時よく作ってたんだけど――」%K%P
「これはガレットって言って。\n　フランスにいた時よく作ってたんだけど――」%K%P
%LC愛
%LC愛
「――おはようございます」%K%P
「――おはようございます」%K%P
%LC蛍
%LC蛍
「ふぇっ！？」%K%P
「ふぇっ！？」%K%P
%LC清佳
%LC清佳
「……どうしたの蛍？\n　素っ頓狂な声を上げて……」%K%P
「……どうしたの蛍？\n　素っ頓狂な声を上げて……」%K%P
%LC蛍
%LC蛍
「う、ううん、なんでもない……！\n　急に声をかけられて驚いちゃっただけ……！」%K%P
「う、ううん、なんでもない……！\n　急に声をかけられて驚いちゃっただけ……！」%K%P
%LC愛
%LC愛
「朝食のご準備でしたら愛もお手伝い致しますよ？」%K%P
「朝食のご準備でしたら愛もお手伝い致しますよ？」%K%P
%LC蛍
%LC蛍
「い、いいよ。気にしないでっ？\n　わたし一人ででき――ひゃっ！？」%K%P
「い、いいよ。気にしないでっ？\n　わたし一人ででき――ひゃっ！？」%K%P
%LC清佳
%LC清佳
「わわっ！？　蛍、大丈夫……！？\n　どうしたの？　突然おろおろしちゃって……」%K%P
「わわっ！？　蛍、大丈夫……！？\n　どうしたの？　突然おろおろしちゃって……」%K%P
%LC愛
%LC愛
「…………」%K%P
「…………」%K%P
学園でも――%K%P
学園でも――%K%P
%LC清佳
%LC清佳
「あら。おはよう春樹くん。また遅刻ギリギリじゃない。\n　もう少し余裕を持って登校したら？」%K%P
「あら。おはよう春樹くん。また遅刻ギリギリじゃない。\n　もう少し余裕を持って登校したら？」%K%P
%LC春樹
%LC春樹
「あはは……。どうも朝が弱いみたいで……」%K%P
「あはは……。どうも朝が弱いみたいで……」%K%P
%LC愛
%LC愛
「おはようございます、せ〜んぱいっ。\n　朝が弱いならぁ愛がラブコールしてあげましょうか？」%K%P
「おはようございます、せ〜んぱいっ。\n　朝が弱いならぁ愛がラブコールしてあげましょうか？」%K%P
%LC春樹
%LC春樹
「ラブコ――〜〜っっ！？\n　へへへ、変なこと言わないで！！　怒るよっ！？」%K%P
「ラブコ――〜〜っっ！？\n　へへへ、変なこと言わないで！！　怒るよっ！？」%K%P
%LC清佳
%LC清佳
「いつもの冗談でしょうに……。\n　何を顔真っ赤にしてガチギレしてるのよ……」%K%P
「いつもの冗談でしょうに……。\n　何を顔真っ赤にしてガチギレしてるのよ……」%K%P
%LC愛
%LC愛
「…………」%K%P
「…………」%K%P
というようなことがあって――%K%P
というようなことがあって――%K%P
%LC愛
%LC愛
「露骨に動揺しすぎですっ！\n　清佳様に不審がられているではありませんかっ」%K%P
「露骨に動揺しすぎですっ！\n　清佳様に不審がられているではありませんかっ」%K%P
%LC愛
%LC愛
「愛は清佳様に詰問されてしまいましたよ！？\n　蛍や春樹くんと何かあったのか、と……！」%K%P
「愛は清佳様に詰問されてしまいましたよ！？\n　蛍や春樹くんと何かあったのか、と……！」%K%P
%LC春樹
%LC春樹
「ご、ごめんなさい……！」%K%P
「ご、ごめんなさい……！」%K%P
%LC愛
%LC愛
「謝るのでしたら普段通りに接して下さい。\n　あれでは秘密に気づいてと言っているようなものです！」%K%P
「謝るのでしたら普段通りに接して下さい。\n　あれでは秘密に気づいてと言っているようなものです！」%K%P
%LC春樹
%LC春樹
「それはわかってるんだけど……」%K%P
「それはわかってるんだけど……」%K%P
あんなことをされておいて、\n普段通り接することなんてできやしない。%K%P
あんなことをされておいて、\n普段通り接することなんてできやしない。%K%P
%LC春樹
%LC春樹
「むしろ愛さんは、どうしてその……。\n　普通に接してこられるの……？」%K%P
「むしろ愛さんは、どうしてその……。\n　普通に接してこられるの……？」%K%P
%LC愛
%LC愛
「はぁ？　当たり前ではないですか。\n　あなたに特別な感情を抱いているわけでもありませんし」%K%P
「はぁ？　当たり前ではないですか。\n　あなたに特別な感情を抱いているわけでもありませんし」%K%P
%LC愛
%LC愛
「あの日のことは愛にとって使用人の仕事の一つに\n　過ぎません。何を気にすることがあるのですか」%K%P
「あの日のことは愛にとって使用人の仕事の一つに\n　過ぎません。何を気にすることがあるのですか」%K%P
%LC春樹
%LC春樹
「でもそのっ、とんでもないことしたじゃないっ」%K%P
「でもそのっ、とんでもないことしたじゃないっ」%K%P
%LC愛
%LC愛
「単にシコって抜かせただけじゃないですか。\n　セックスしたわけでもありませんし」%K%P
「単にシコって抜かせただけじゃないですか。\n　セックスしたわけでもありませんし」%K%P
%LC愛
%LC愛
「あなたは必要以上に気にしすぎです。\n　風俗にでも行ったと思って下さい」%K%P
「あなたは必要以上に気にしすぎです。\n　風俗にでも行ったと思って下さい」%K%P
%LC春樹
%LC春樹
「僕は、ううん、\n　俺は愛さんみたいに割り切れないよ……！」%K%P
「僕は、ううん、\n　俺は愛さんみたいに割り切れないよ……！」%K%P
%LC愛
%LC愛
「……はぁ。童貞には刺激が強すぎましたかね……」%K%P
「……はぁ。童貞には刺激が強すぎましたかね……」%K%P
%LC愛
%LC愛
「わかりました。そう仰るのなら、もう二度と愛は\n　あなたの性欲処理に協力はしません」%K%P
「わかりました。そう仰るのなら、もう二度と愛は\n　あなたの性欲処理に協力はしません」%K%P
%LC愛
%LC愛
「ですからこれ以上、変な反応をしないで下さい。\n　清佳様は人の感情の機微には敏感なのです」%K%P
「ですからこれ以上、変な反応をしないで下さい。\n　清佳様は人の感情の機微には敏感なのです」%K%P
%LC春樹
%LC春樹
「そ、そういう問題でもないけど……。\n　自分で処理させてもらえるのなら……」%K%P
「そ、そういう問題でもないけど……。\n　自分で処理させてもらえるのなら……」%K%P
%LC愛
%LC愛
「もちろん見張りはしますが。愛の目の前で、\n　ペニスが勃たなくなるまで抜いてもらいますからね」%K%P
「もちろん見張りはしますが。愛の目の前で、\n　ペニスが勃たなくなるまで抜いてもらいますからね」%K%P
%LC春樹
%LC春樹
「〜〜っっ。それはそれで恥ずかしいってばぁ……！」%K%P
「〜〜っっ。それはそれで恥ずかしいってばぁ……！」%K%P
%LC愛
%LC愛
「知りません。これが愛にできる最大限の譲歩です。\n　清佳様にあなたの正体がバレるわけにはいきませんので」%K%P
「知りません。これが愛にできる最大限の譲歩です。\n　清佳様にあなたの正体がバレるわけにはいきませんので」%K%P
ぴしゃりと愛さんが告げてくる。%K%P
ぴしゃりと愛さんが告げてくる。%K%P
僕とエッチなことをしたことは\n本当に気にしてないみたいだ。%K%P
僕とエッチなことをしたことは\n本当に気にしてないみたいだ。%K%P
%LC春樹
%LC春樹
「愛さんはどうしてそこまで割り切れるの？」%K%P
「愛さんはどうしてそこまで割り切れるの？」%K%P
%LC愛
%LC愛
「……何度も言っているではありませんか。\n　愛にとって、あれも仕事の一つに過ぎませんので」%K%P
「……何度も言っているではありませんか。\n　愛にとって、あれも仕事の一つに過ぎませんので」%K%P
%LC春樹
%LC春樹
「し、仕事だからと言って自分を犠牲にしすぎだよっ」%K%P
「し、仕事だからと言って自分を犠牲にしすぎだよっ」%K%P
%LC愛
%LC愛
「……はぁ？　誰のせいで自分を犠牲にする羽目に\n　なったと思っているのですか？」%K%P
「……はぁ？　誰のせいで自分を犠牲にする羽目に\n　なったと思っているのですか？」%K%P
%LC春樹
%LC春樹
「うっ……！　それは……！」%K%P
「うっ……！　それは……！」%K%P
%LC愛
%LC愛
「ま、終わったことをどうこう言うつもりはありません。\n　あれはあれで面白い体験でしたしね」%K%P
「ま、終わったことをどうこう言うつもりはありません。\n　あれはあれで面白い体験でしたしね」%K%P
%LC愛
%LC愛
「……ですが覚えておいて下さい。\n　主人のために身を粉にして働くのは、\n　使用人として当然のことです」%K%P
「……ですが覚えておいて下さい。\n　主人のために身を粉にして働くのは、\n　使用人として当然のことです」%K%P
%LC愛
%LC愛
「そこをイチイチ追求されても、\n　愛には答える術がありません。\n　そういうものですので」%K%P
「そこをイチイチ追求されても、\n　愛には答える術がありません。\n　そういうものですので」%K%P
%LC春樹
%LC春樹
「そういうものって……」%K%P
「そういうものって……」%K%P
なんだか自分を物扱いしているみたいに聞こえる。\nそんな寂しいこと言わなくても……。%K%P
なんだか自分を物扱いしているみたいに聞こえる。\nそんな寂しいこと言わなくても……。%K%P
%LC愛
%LC愛
「っと……授業が始まってしまいますね。\n　くれぐれも愛を見て動揺しないで下さいね」%K%P
「っと……授業が始まってしまいますね。\n　くれぐれも愛を見て動揺しないで下さいね」%K%P
%LC春樹
%LC春樹
「あ、ちょっと……！」%K%P
「あ、ちょっと……！」%K%P
引き止める間もなく、愛さんが立ち去ってしまう。%K%P
引き止める間もなく、愛さんが立ち去ってしまう。%K%P
%LC春樹
%LC春樹
「…………」%K%P
「…………」%K%P
主人のために身を粉にして働く――\n確かにそれは使用人として当然なのかもしれない。%K%P
主人のために身を粉にして働く――\n確かにそれは使用人として当然なのかもしれない。%K%P
でも清佳ちゃんは本当に、\n愛さんにそんなこと望んでいるのかな……。%K%P
でも清佳ちゃんは本当に、\n愛さんにそんなこと望んでいるのかな……。%K%P
%LC清佳
%LC清佳
「ん〜……！　終わったぁ〜……！」%K%P
「ん〜……！　終わったぁ〜……！」%K%P
%LC清佳
%LC清佳
「堅苦しくない授業もいいものね。\n　前の学園よりも、よっぽど気楽に過ごせるわ」%K%P
「堅苦しくない授業もいいものね。\n　前の学園よりも、よっぽど気楽に過ごせるわ」%K%P
%LC愛
%LC愛
「だとしても、だらけすぎですよぉ〜。\n　アホ面晒して伸びまでしちゃって〜。\n　楠家の品位が下がっちゃいますよぉ〜？」%K%P
「だとしても、だらけすぎですよぉ〜。\n　アホ面晒して伸びまでしちゃって〜。\n　楠家の品位が下がっちゃいますよぉ〜？」%K%P
%LC清佳
%LC清佳
「誰がアホ面よ！？　変に気取りすぎても\n　クラスの子が萎縮しちゃうでしょうに」%K%P
「誰がアホ面よ！？　変に気取りすぎても\n　クラスの子が萎縮しちゃうでしょうに」%K%P
%LC春樹
%LC春樹
「…………」%K%P
「…………」%K%P
放課後。帰り支度を整えながらも、\nついつい愛さんの姿に目が行ってしまう。%K%P
放課後。帰り支度を整えながらも、\nついつい愛さんの姿に目が行ってしまう。%K%P
でも早く帰っちゃった方がいいよね。\nあんまり長居すると愛さんに迷惑をかけちゃいそうだし。%K%P
でも早く帰っちゃった方がいいよね。\nあんまり長居すると愛さんに迷惑をかけちゃいそうだし。%K%P
%LC清佳
%LC清佳
「あ、そうだ愛。先に車へ戻ってくれていていいわよ。\n　私、お花を摘んでから行くから」%K%P
「あ、そうだ愛。先に車へ戻ってくれていていいわよ。\n　私、お花を摘んでから行くから」%K%P
%LC愛
%LC愛
「や、そういうこともイチイチ言わなくていいですから。\n　じゃ先に戻って飲み物とお菓子の用意しておきますねー」%K%P
「や、そういうこともイチイチ言わなくていいですから。\n　じゃ先に戻って飲み物とお菓子の用意しておきますねー」%K%P
%LC清佳
%LC清佳
「さて、と」%K%P
「さて、と」%K%P
%LC清佳
%LC清佳
「春樹くん。帰る前にちょっと付き合ってくれる？」%K%P
「春樹くん。帰る前にちょっと付き合ってくれる？」%K%P
%LC春樹
%LC春樹
「へっ！？　ト、トイレに……！？」%K%P
「へっ！？　ト、トイレに……！？」%K%P
%LC清佳
%LC清佳
「……アホなの？　アレは二人きりになるための口実よ」%K%P
「……アホなの？　アレは二人きりになるための口実よ」%K%P
%LC清佳
%LC清佳
「ついてきて。ここは人が多すぎるわ」%K%P
「ついてきて。ここは人が多すぎるわ」%K%P
清佳ちゃんに連れてこられたのは\n人気のない学園の調理室だった。%K%P
清佳ちゃんに連れてこられたのは\n人気のない学園の調理室だった。%K%P
%LC清佳
%LC清佳
「単刀直入に聞くわ。愛と――何があったの？」%K%P
「単刀直入に聞くわ。愛と――何があったの？」%K%P
%LC春樹
%LC春樹
「な、何がって。何もないよ？」%K%P
「な、何がって。何もないよ？」%K%P
%LC清佳
%LC清佳
「誤魔化さないでいいの。見ていればわかるから。\n　ここ数日、あなたも愛も蛍も様子がおかしいもの」%K%P
「誤魔化さないでいいの。見ていればわかるから。\n　ここ数日、あなたも愛も蛍も様子がおかしいもの」%K%P
%LC春樹
%LC春樹
「うっ……」%K%P
「うっ……」%K%P
愛さんの言う通りだ。\n清佳ちゃんに思いきり訝しがられちゃってる……！%K%P
愛さんの言う通りだ。\n清佳ちゃんに思いきり訝しがられちゃってる……！%K%P
%LC清佳
%LC清佳
「あなたも蛍も妙に愛を見てモジモジしていて……。\n　まさか、愛に変なことでもされた？」%K%P
「あなたも蛍も妙に愛を見てモジモジしていて……。\n　まさか、愛に変なことでもされた？」%K%P
しかも鋭い……！　核心を突いてくる……！%K%P
しかも鋭い……！　核心を突いてくる……！%K%P
%LC春樹
%LC春樹
「そ、そんなことないよ……？\n　清佳さんの気のせいじゃない？」%K%P
「そ、そんなことないよ……？\n　清佳さんの気のせいじゃない？」%K%P
%LC清佳
%LC清佳
「わからない人ね。誤魔化さなくてもいいと言ってる\n　じゃない。何も鬼の首を取ろうとしてるわけじゃないわ」%K%P
「わからない人ね。誤魔化さなくてもいいと言ってる\n　じゃない。何も鬼の首を取ろうとしてるわけじゃないわ」%K%P
%LC清佳
%LC清佳
「むしろ愛が無茶していないか心配なのよ。\n　あの子ああ見えて、すごく献身的――\n　いえ仕事熱心だから……」%K%P
「むしろ愛が無茶していないか心配なのよ。\n　あの子ああ見えて、すごく献身的――\n　いえ仕事熱心だから……」%K%P
愛さんを心から心配しているのか、\n清佳ちゃんが顔を曇らせる。%K%P
愛さんを心から心配しているのか、\n清佳ちゃんが顔を曇らせる。%K%P
%LC清佳
%LC清佳
「尽くしてくれるのはすごく有り難いことなんだけどね。\n　愛はいつも自分を省みなさすぎるというか……」%K%P
「尽くしてくれるのはすごく有り難いことなんだけどね。\n　愛はいつも自分を省みなさすぎるというか……」%K%P
%LC清佳
%LC清佳
「まぁ使用人としては当然といえば当然なんだけど。\n　……いいえ。当然だと思ってるのがいけないのよね」%K%P
「まぁ使用人としては当然といえば当然なんだけど。\n　……いいえ。当然だと思ってるのがいけないのよね」%K%P
%LC清佳
%LC清佳
「私も小さい頃から愛に世話を焼かれることが\n　当たり前だったから。感覚がおかしい自覚はあるの」%K%P
「私も小さい頃から愛に世話を焼かれることが\n　当たり前だったから。感覚がおかしい自覚はあるの」%K%P
%LC清佳
%LC清佳
「愛ならどんな無茶な頼みも聞いてくれると思ってるし、\n　ついついワガママを言ってしまってばかりだし」%K%P
「愛ならどんな無茶な頼みも聞いてくれると思ってるし、\n　ついついワガママを言ってしまってばかりだし」%K%P
%LC清佳
%LC清佳
「でも、それがあまり良くないことだとも思っていて。\n　愛も私と同じく年頃の女の子だから……」%K%P
「でも、それがあまり良くないことだとも思っていて。\n　愛も私と同じく年頃の女の子だから……」%K%P
%LC春樹
%LC春樹
「清佳さん……」%K%P
「清佳さん……」%K%P
%LC清佳
%LC清佳
「だからもし愛が無茶をしているのなら教えて？\n　私が言ってやめさせるから」%K%P
「だからもし愛が無茶をしているのなら教えて？\n　私が言ってやめさせるから」%K%P
%LC清佳
%LC清佳
「……いえ。言ったところでやめるかどうかも\n　わからないんだけど。ああもう困ったわ……」%K%P
「……いえ。言ったところでやめるかどうかも\n　わからないんだけど。ああもう困ったわ……」%K%P
清佳さんが大きなため息をついて肩を落とす。%K%P
清佳さんが大きなため息をついて肩を落とす。%K%P
%LC清佳
%LC清佳
「とにかくその……愛が使用人として私のために\n　あなたへ何かしているのだとしたら断ってくれない？」%K%P
「とにかくその……愛が使用人として私のために\n　あなたへ何かしているのだとしたら断ってくれない？」%K%P
%LC清佳
%LC清佳
「私のことは気にせずに、\n　もっと自分を大事にしてもらいたいの」%K%P
「私のことは気にせずに、\n　もっと自分を大事にしてもらいたいの」%K%P
清佳ちゃんの気持ちを聞いて、ホっとしてしまう。\n彼女も……僕と同じように考えていたんだ。%K%P
清佳ちゃんの気持ちを聞いて、ホっとしてしまう。\n彼女も……僕と同じように考えていたんだ。%K%P
あの夜、愛さんに流されてしまった自分が恥ずかしい。\n鋼の意志を以て断るべきだった。%K%P
あの夜、愛さんに流されてしまった自分が恥ずかしい。\n鋼の意志を以て断るべきだった。%K%P
そうすれば清佳ちゃんにも\nこうして心配をかけることもなかっただろう。%K%P
そうすれば清佳ちゃんにも\nこうして心配をかけることもなかっただろう。%K%P
%LC春樹
%LC春樹
「清佳さんは愛さんを大切に思ってるんだね」%K%P
「清佳さんは愛さんを大切に思ってるんだね」%K%P
%LC清佳
%LC清佳
「当たり前よ。小さい頃からずっと一緒にいるし。\n　妹同然と言っても差し支えないくらいの仲だわ」%K%P
「当たり前よ。小さい頃からずっと一緒にいるし。\n　妹同然と言っても差し支えないくらいの仲だわ」%K%P
%LC清佳
%LC清佳
「とは言っても……主人と使用人の立場もあって、\n　どうしても一線は引いちゃってるけどね」%K%P
「とは言っても……主人と使用人の立場もあって、\n　どうしても一線は引いちゃってるけどね」%K%P
%LC清佳
%LC清佳
「でも……だからこそ、愛にも私にとっての蛍のような、\n　立場抜きで付き合える人がいたら良かったんだけど」%K%P
「でも……だからこそ、愛にも私にとっての蛍のような、\n　立場抜きで付き合える人がいたら良かったんだけど」%K%P
%LC清佳
%LC清佳
「私のお付きをしているせいで、\n　そういう人にも出会えなくってね……。\n　ずっと申し訳なく思ってるの……」%K%P
「私のお付きをしているせいで、\n　そういう人にも出会えなくってね……。\n　ずっと申し訳なく思ってるの……」%K%P
再び清佳ちゃんが大きなため息をつく。%K%P
再び清佳ちゃんが大きなため息をつく。%K%P
%LC清佳
%LC清佳
「愛も年ごろの女の子だもの。普通なら、\n　恋や遊びに熱中して自由を謳歌している頃だわ」%K%P
「愛も年ごろの女の子だもの。普通なら、\n　恋や遊びに熱中して自由を謳歌している頃だわ」%K%P
%LC清佳
%LC清佳
「私も……もしも自分が普通の家庭に生まれていたら\n　って何度も考えたことがある。そうしたら、\n　蛍とももっと自然に遊べていたんじゃって……」%K%P
「私も……もしも自分が普通の家庭に生まれていたら\n　って何度も考えたことがある。そうしたら、\n　蛍とももっと自然に遊べていたんじゃって……」%K%P
%LC春樹
%LC春樹
「清佳さん……」%K%P
「清佳さん……」%K%P
%LC清佳
%LC清佳
「なんだか脱線して湿っぽい話をしちゃったわね。\n　ごめんなさい。気にしないで？」%K%P
「なんだか脱線して湿っぽい話をしちゃったわね。\n　ごめんなさい。気にしないで？」%K%P
%LC清佳
%LC清佳
「とにかく私は、愛にもっと自分本位になって欲しいの。\n　私は蛍と出会ってそういう風になれたから」%K%P
「とにかく私は、愛にもっと自分本位になって欲しいの。\n　私は蛍と出会ってそういう風になれたから」%K%P
%LC清佳
%LC清佳
「私に尽くすだけの人生じゃなくて、\n　自分の幸せを追い求める人生を送って欲しいのよ。\n　私も立場があるから声を大にしては言えないけれど……」%K%P
「私に尽くすだけの人生じゃなくて、\n　自分の幸せを追い求める人生を送って欲しいのよ。\n　私も立場があるから声を大にしては言えないけれど……」%K%P
……清佳ちゃんも愛さんも根っこは同じだ。\nお互いがお互いの幸せを祈ってる。%K%P
……清佳ちゃんも愛さんも根っこは同じだ。\nお互いがお互いの幸せを祈ってる。%K%P
前に愛さんも同じようなことを言ってた。%K%P
前に愛さんも同じようなことを言ってた。%K%P
小さい頃から清佳ちゃんに仕えて色々な苦労を\n見ていたからこそ、幸せになって欲しいと思ってるって。%K%P
小さい頃から清佳ちゃんに仕えて色々な苦労を\n見ていたからこそ、幸せになって欲しいと思ってるって。%K%P
あの夜の行為も、その気持ちの表れなんだろうけど――\n――だとすれば一番悪いのは紛れもなく僕だ。%K%P
あの夜の行為も、その気持ちの表れなんだろうけど――\n――だとすれば一番悪いのは紛れもなく僕だ。%K%P
僕の女装さえバレなければ愛さんもあんなことを\nする必要もなかったわけだし……。%K%P
僕の女装さえバレなければ愛さんもあんなことを\nする必要もなかったわけだし……。%K%P
つくづく自分が嫌になる。\n僕が女装していたせいで色々な人に迷惑をかけて……。%K%P
つくづく自分が嫌になる。\n僕が女装していたせいで色々な人に迷惑をかけて……。%K%P
%LC春樹
%LC春樹
「……俺から愛さんにしてあげられることってないかな？」%K%P
「……俺から愛さんにしてあげられることってないかな？」%K%P
%LC清佳
%LC清佳
「え？」%K%P
「え？」%K%P
%LC春樹
%LC春樹
「清佳さんは愛さんが俺に変なことをしたんじゃないか\n　って思ってるみたいだけど、そうじゃないんだ」%K%P
「清佳さんは愛さんが俺に変なことをしたんじゃないか\n　って思ってるみたいだけど、そうじゃないんだ」%K%P
%LC春樹
%LC春樹
「むしろ愛さんは俺のせいで、やりたくもないことを、\n　口にも出せないようなことをする羽目になって……」%K%P
「むしろ愛さんは俺のせいで、やりたくもないことを、\n　口にも出せないようなことをする羽目になって……」%K%P
%LC春樹
%LC春樹
「だからこそ、俺が愛さんにしてあげられることなら、\n　なんでもしてあげたい」%K%P
「だからこそ、俺が愛さんにしてあげられることなら、\n　なんでもしてあげたい」%K%P
%LC春樹
%LC春樹
「愛さんに迷惑をかけるんじゃなくて、\n　愛さんが喜ぶようなことをしてあげたいんだ」%K%P
「愛さんに迷惑をかけるんじゃなくて、\n　愛さんが喜ぶようなことをしてあげたいんだ」%K%P
%LC清佳
%LC清佳
「春樹くん……」%K%P
「春樹くん……」%K%P
僕の言葉を聞いて、\n清佳さんが真っ直ぐこちらを見てくる。%K%P
僕の言葉を聞いて、\n清佳さんが真っ直ぐこちらを見てくる。%K%P
%LC清佳
%LC清佳
「あなたの気持ちはわかったわ」%K%P
「あなたの気持ちはわかったわ」%K%P
%LC清佳
%LC清佳
「ありがとう。正直な気持ちを聞かせてくれて」%K%P
「ありがとう。正直な気持ちを聞かせてくれて」%K%P
%LC清佳
%LC清佳
「愛を気遣ってくれて」%K%P
「愛を気遣ってくれて」%K%P
%LC春樹
%LC春樹
「そんな……。俺はお礼を言われるような人間じゃ。\n　むしろ――……」%K%P
「そんな……。俺はお礼を言われるような人間じゃ。\n　むしろ――……」%K%P
清佳ちゃんに軽蔑されても仕方ない。%K%P
清佳ちゃんに軽蔑されても仕方ない。%K%P
秘密を守るために彼女の大切な人を\n穢してしまうような真似をしちゃったんだから。%K%P
秘密を守るために彼女の大切な人を\n穢してしまうような真似をしちゃったんだから。%K%P
%LC清佳
%LC清佳
「あまり気に病む必要はないわよ。\n　どうせ愛が意固地になっていたんでしょうし。\n　あの子、かなり頑固だから」%K%P
「あまり気に病む必要はないわよ。\n　どうせ愛が意固地になっていたんでしょうし。\n　あの子、かなり頑固だから」%K%P
%LC清佳
%LC清佳
「何があったのかは、もう聞かないわ。\n　どうやら言いづらそうなことらしいし」%K%P
「何があったのかは、もう聞かないわ。\n　どうやら言いづらそうなことらしいし」%K%P
%LC清佳
%LC清佳
「それよりも愛のために何かしてあげたいと\n　思ってくれた気持ちの方が私としては嬉しいもの」%K%P
「それよりも愛のために何かしてあげたいと\n　思ってくれた気持ちの方が私としては嬉しいもの」%K%P
%LC清佳
%LC清佳
「そんな風に愛を想ってくれるような人、\n　今までいなかったから」%K%P
「そんな風に愛を想ってくれるような人、\n　今までいなかったから」%K%P
%LC春樹
%LC春樹
「清佳さん……」%K%P
「清佳さん……」%K%P
%LC清佳
%LC清佳
「で、愛にしてあげられることだったわね？\n　そういうことなら私に考えがあるわよ？」%K%P
「で、愛にしてあげられることだったわね？\n　そういうことなら私に考えがあるわよ？」%K%P
%LC春樹
%LC春樹
「ホ、ホントっ？」%K%P
「ホ、ホントっ？」%K%P
%LC清佳
%LC清佳
「ええ。といっても大したことじゃないわ。\n　とても簡単なことよ」%K%P
「ええ。といっても大したことじゃないわ。\n　とても簡単なことよ」%K%P
%LC清佳
%LC清佳
「あ、でも蛍に許可は取らないとね……。\n　蛍としては良い気持ちがしないでしょうし……」%K%P
「あ、でも蛍に許可は取らないとね……。\n　蛍としては良い気持ちがしないでしょうし……」%K%P
蛍に許可を取らなきゃいけないこと？\n一体なんだろう？%K%P
蛍に許可を取らなきゃいけないこと？\n一体なんだろう？%K%P
