………………%K%P
………………%K%P
…………%K%P
…………%K%P
……%K%P
……%K%P
%LC愛
%LC愛
「はぁ……」%K%P
「はぁ……」%K%P
%LC愛
%LC愛
「どうしてこんなことに……」%K%P
「どうしてこんなことに……」%K%P
%LC春樹
%LC春樹
「まぁまぁいいじゃない。\n　せっかくだから一日楽しもうよ」%K%P
「まぁまぁいいじゃない。\n　せっかくだから一日楽しもうよ」%K%P
――数日後の休日。\n僕は愛さんと繁華街に来ていた。%K%P
――数日後の休日。\n僕は愛さんと繁華街に来ていた。%K%P
愛さんも僕と二人きりということもあってか、\nいつもみたいにキャラ作りして接してこない。%K%P
愛さんも僕と二人きりということもあってか、\nいつもみたいにキャラ作りして接してこない。%K%P
何故こんなことになったかと言うと――%K%P
何故こんなことになったかと言うと――%K%P
%LC春樹
%LC春樹
「えっ！？　デ、デート……！？」%K%P
「えっ！？　デ、デート……！？」%K%P
%LC清佳
%LC清佳
「ええ。デートよ、デート。\n　何かしてあげたいって言うのならデートしてあげて？」%K%P
「ええ。デートよ、デート。\n　何かしてあげたいって言うのならデートしてあげて？」%K%P
%LC清佳
%LC清佳
「遊園地の下見に付き合ってくれたことがあったでしょ？\n　あんな感じでいいから愛と遊んであげて欲しいの」%K%P
「遊園地の下見に付き合ってくれたことがあったでしょ？\n　あんな感じでいいから愛と遊んであげて欲しいの」%K%P
%LC清佳
%LC清佳
「あの子も私と同じで、ううん、それ以上に\n　年頃らしい遊びをしたことがないはずだから」%K%P
「あの子も私と同じで、ううん、それ以上に\n　年頃らしい遊びをしたことがないはずだから」%K%P
%LC春樹
%LC春樹
「そっか……。ずっと清佳さんのお付きをしてるもんね」%K%P
「そっか……。ずっと清佳さんのお付きをしてるもんね」%K%P
%LC清佳
%LC清佳
「ええ。たまの休みも勉強ばかりしているしね。\n　仕事しか知らない弊害なのだろうけど」%K%P
「ええ。たまの休みも勉強ばかりしているしね。\n　仕事しか知らない弊害なのだろうけど」%K%P
%LC清佳
%LC清佳
「だから普通の女の子みたいに遊んであげて欲しいの。\n　私のいないところで伸び伸びさせてあげたくて」%K%P
「だから普通の女の子みたいに遊んであげて欲しいの。\n　私のいないところで伸び伸びさせてあげたくて」%K%P
%LC清佳
%LC清佳
「手はずはこちらで整えるから、\n　あなたは休日の予定だけ空けておいて？」%K%P
「手はずはこちらで整えるから、\n　あなたは休日の予定だけ空けておいて？」%K%P
%LC清佳
%LC清佳
「まぁでも……蛍が許してくれればだけどね？\n　あなたと愛が二人きりだとヤキモチ焼いちゃうかもだし」%K%P
「まぁでも……蛍が許してくれればだけどね？\n　あなたと愛が二人きりだとヤキモチ焼いちゃうかもだし」%K%P
――無論、後日清佳ちゃんから\n蛍姿の時に話が来た時は二つ返事で頷いた。%K%P
――無論、後日清佳ちゃんから\n蛍姿の時に話が来た時は二つ返事で頷いた。%K%P
愛さんには色仕掛け作戦の一環として、\n休日に僕と遊ぶように命令したらしい。%K%P
愛さんには色仕掛け作戦の一環として、\n休日に僕と遊ぶように命令したらしい。%K%P
後は僕が愛さんに休日を\n満喫してもらえるようエスコートするだけだ。%K%P
後は僕が愛さんに休日を\n満喫してもらえるようエスコートするだけだ。%K%P
もちろん。愛さんにはその目的が\nバレないように気を付けて――%K%P
もちろん。愛さんにはその目的が\nバレないように気を付けて――%K%P
%LC愛
%LC愛
「で……清佳様と組んで愛に何をさせたいのですか？\n　また愛にこんな似合わない服まで着せて」%K%P
「で……清佳様と組んで愛に何をさせたいのですか？\n　また愛にこんな似合わない服まで着せて」%K%P
%LC春樹
%LC春樹
「えっ！？　べべべ、別に組んでなんて……！」%K%P
「えっ！？　べべべ、別に組んでなんて……！」%K%P
%LC愛
%LC愛
「あなた……ずっと女装の秘密を隠してきた割に、\n　嘘が苦手ですよね。清佳様もですけど」%K%P
「あなた……ずっと女装の秘密を隠してきた割に、\n　嘘が苦手ですよね。清佳様もですけど」%K%P
%LC愛
%LC愛
「おおよその察しはついてます。愛を遊びに連れて\n　行ってあげてとでも清佳様に頼まれたのでしょう？」%K%P
「おおよその察しはついてます。愛を遊びに連れて\n　行ってあげてとでも清佳様に頼まれたのでしょう？」%K%P
%LC春樹
%LC春樹
「うっ……！」%K%P
「うっ……！」%K%P
%LC愛
%LC愛
「やはりそうでしたか。余計なお世話です」%K%P
「やはりそうでしたか。余計なお世話です」%K%P
%LC愛
%LC愛
「愛と遊ぶ暇があるなら、\n　蛍になって清佳様と遊んであげて下さい」%K%P
「愛と遊ぶ暇があるなら、\n　蛍になって清佳様と遊んであげて下さい」%K%P
%LC春樹
%LC春樹
「そ、そう言わずに。清佳さんも心配してたよ？\n　愛さんにもっと自由を謳歌して欲しいって」%K%P
「そ、そう言わずに。清佳さんも心配してたよ？\n　愛さんにもっと自由を謳歌して欲しいって」%K%P
%LC愛
%LC愛
「別に愛は今の生活に不満はありませんから。\n　愛より清佳様を優先して下さい」%K%P
「別に愛は今の生活に不満はありませんから。\n　愛より清佳様を優先して下さい」%K%P
とりつく島もない。%K%P
とりつく島もない。%K%P
そう言えば清佳ちゃん、\n愛さんのことを意固地だって言ってたなぁ。%K%P
そう言えば清佳ちゃん、\n愛さんのことを意固地だって言ってたなぁ。%K%P
%LC愛
%LC愛
「そもそもこんな場所で何をするというのですか？」%K%P
「そもそもこんな場所で何をするというのですか？」%K%P
%LC春樹
%LC春樹
「色々あるじゃない。ショッピングとか、食べ歩きとか。\n　あ、ゲームセンターに行ったりとか」%K%P
「色々あるじゃない。ショッピングとか、食べ歩きとか。\n　あ、ゲームセンターに行ったりとか」%K%P
%LC愛
%LC愛
「興味ありません。そんなことなんの役にも立たない\n　じゃないですか。それなら勉強の一つでもしていた\n　方がマシです」%K%P
「興味ありません。そんなことなんの役にも立たない\n　じゃないですか。それなら勉強の一つでもしていた\n　方がマシです」%K%P
%LC愛
%LC愛
「無駄なことに時間を費やすより、\n　もっと有意義なことに時間を使うべきですよ」%K%P
「無駄なことに時間を費やすより、\n　もっと有意義なことに時間を使うべきですよ」%K%P
%LC春樹
%LC春樹
「……ふふっ……」%K%P
「……ふふっ……」%K%P
%LC愛
%LC愛
「？？？　何を笑っているのですか」%K%P
「？？？　何を笑っているのですか」%K%P
%LC春樹
%LC春樹
「ふふ、ごめん。清佳さんと初めて出会った時に、\n　同じような台詞を清佳さんも言ってたなぁって思って」%K%P
「ふふ、ごめん。清佳さんと初めて出会った時に、\n　同じような台詞を清佳さんも言ってたなぁって思って」%K%P
%LC春樹
%LC春樹
「愛さんって、ちょっぴり清佳さんに似てるね？\n　遊びたいなら遊びたいって言えばいいのに」%K%P
「愛さんって、ちょっぴり清佳さんに似てるね？\n　遊びたいなら遊びたいって言えばいいのに」%K%P
%LC愛
%LC愛
「で、ですから愛は――」%K%P
「で、ですから愛は――」%K%P
%LC春樹
%LC春樹
「――とにかく行こうっ？\n　じっとしてても仕方ないしっ」%K%P
「――とにかく行こうっ？\n　じっとしてても仕方ないしっ」%K%P
%LC愛
%LC愛
「ひゃっ！？」%K%P
「ひゃっ！？」%K%P
愛さんの小さな手を握って、\n街中へ駆け出していく。%K%P
愛さんの小さな手を握って、\n街中へ駆け出していく。%K%P
%LC春樹
%LC春樹
「やっぱり俺は簡単には割り切れないから。\n　あの日のお返しだと思って一日付き合ってよっ」%K%P
「やっぱり俺は簡単には割り切れないから。\n　あの日のお返しだと思って一日付き合ってよっ」%K%P
%LC愛
%LC愛
「何度も言いますがそんな必要は……！\n　というかどこへ向かっているんですっ？」%K%P
「何度も言いますがそんな必要は……！\n　というかどこへ向かっているんですっ？」%K%P
%LC春樹
%LC春樹
「何も考えてないっ」%K%P
「何も考えてないっ」%K%P
%LC愛
%LC愛
「〜〜っっ！　もう……！\n　どうして愛の周りはこう鳥頭が多いのですか……！」%K%P
「〜〜っっ！　もう……！\n　どうして愛の周りはこう鳥頭が多いのですか……！」%K%P
嫌がるような言葉とは裏腹に、\n愛さんは僕の歩みにおっかなびっくり付いてくる。%K%P
嫌がるような言葉とは裏腹に、\n愛さんは僕の歩みにおっかなびっくり付いてくる。%K%P
興味ないって言ってたけど、\nやっぱり遊んでみたい気持ちはあるみたいだ。%K%P
興味ないって言ってたけど、\nやっぱり遊んでみたい気持ちはあるみたいだ。%K%P
なら――今日は心ゆくまで楽しんでもらおう。%K%P
なら――今日は心ゆくまで楽しんでもらおう。%K%P
あの日の借りを返したいという気持ち以上に、\nたまには仕事を忘れて愛さんにはしゃいでもらいたい。%K%P
あの日の借りを返したいという気持ち以上に、\nたまには仕事を忘れて愛さんにはしゃいでもらいたい。%K%P
%LC春樹
%LC春樹
「見て見て愛さん。ペットショップだよ？\n　愛さんは飼ってみたい動物とかいる？」%K%P
「見て見て愛さん。ペットショップだよ？\n　愛さんは飼ってみたい動物とかいる？」%K%P
%LC愛
%LC愛
「いません。清佳様のお世話だけでも大変なのに、\n　ペットの世話までしていられませんから」%K%P
「いません。清佳様のお世話だけでも大変なのに、\n　ペットの世話までしていられませんから」%K%P
%LC春樹
%LC春樹
「じゃあ、犬派？　猫派？\n　飼うこと考えずに言ってくれていいからさ」%K%P
「じゃあ、犬派？　猫派？\n　飼うこと考えずに言ってくれていいからさ」%K%P
%LC愛
%LC愛
「そんなのどちらでもいいではありませんか。\n　愛が犬派か猫派かを知ってどうするんです？」%K%P
「そんなのどちらでもいいではありませんか。\n　愛が犬派か猫派かを知ってどうするんです？」%K%P
%LC春樹
%LC春樹
「いいじゃない。教えてよ。\n　ちなみに俺は犬も猫も好きだなぁ」%K%P
「いいじゃない。教えてよ。\n　ちなみに俺は犬も猫も好きだなぁ」%K%P
%LC愛
%LC愛
「自分で二択の質問をしておいて、\n　まさか第三の選択肢を選ぶとは……はぁ。\n　本当に適当ですね……」%K%P
「自分で二択の質問をしておいて、\n　まさか第三の選択肢を選ぶとは……はぁ。\n　本当に適当ですね……」%K%P
愛さんが面倒臭そうにため息をこぼす。\nけれど僕はめげずに話しかけ続けた。%K%P
愛さんが面倒臭そうにため息をこぼす。\nけれど僕はめげずに話しかけ続けた。%K%P
%LC愛
%LC愛
「愛は……そうですね。どちらかというと犬派です。\n　忠犬っぷりは使用人の仕事に通じるところがありますし」%K%P
「愛は……そうですね。どちらかというと犬派です。\n　忠犬っぷりは使用人の仕事に通じるところがありますし」%K%P
%LC春樹
%LC春樹
「そうなんだ？　なんだか愛さんって猫っぽいのに」%K%P
「そうなんだ？　なんだか愛さんって猫っぽいのに」%K%P
%LC愛
%LC愛
「愛が猫っぽいですか？」%K%P
「愛が猫っぽいですか？」%K%P
%LC春樹
%LC春樹
「うん。マイペースで自由気ままで\n　清佳さんにも慇懃無礼だし」%K%P
「うん。マイペースで自由気ままで\n　清佳さんにも慇懃無礼だし」%K%P
%LC愛
%LC愛
「む……。あれは愛なりの処世術ですよ。\n　全部、あえてやっていることです」%K%P
「む……。あれは愛なりの処世術ですよ。\n　全部、あえてやっていることです」%K%P
%LC春樹
%LC春樹
「ふふ、そういう素直じゃないところも猫っぽい。\n　隠れてこっそり尻尾フリフリしてそう」%K%P
「ふふ、そういう素直じゃないところも猫っぽい。\n　隠れてこっそり尻尾フリフリしてそう」%K%P
%LC愛
%LC愛
「っっ。ケンカ売ってますかっ？\n　売ってますよね？　買いますよ？」%K%P
「っっ。ケンカ売ってますかっ？\n　売ってますよね？　買いますよ？」%K%P
%LC春樹
%LC春樹
「売ってないってば。――あ、店員さんに言えば、\n　抱かせてもらえるらしいよ。猫ちゃん抱いてみる？」%K%P
「売ってないってば。――あ、店員さんに言えば、\n　抱かせてもらえるらしいよ。猫ちゃん抱いてみる？」%K%P
%LC愛
%LC愛
「だ・き・ま・せ・ん！」%K%P
「だ・き・ま・せ・ん！」%K%P
%LC春樹
%LC春樹
「すみません、店員さーん」%K%P
「すみません、店員さーん」%K%P
%LC愛
%LC愛
%XS20「愛の話聞いてます！？」%XE%K%P
%XS20「愛の話聞いてます！？」%XE%K%P
%LC春樹
%LC春樹
「はい。どうぞ。逃がさないように気を付けてね？」%K%P
「はい。どうぞ。逃がさないように気を付けてね？」%K%P
%LC愛
%LC愛
「ひゃっ……！」%K%P
「ひゃっ……！」%K%P
ケージから出してもらった猫ちゃんを\n愛さんの腕にそっと乗せる。%K%P
ケージから出してもらった猫ちゃんを\n愛さんの腕にそっと乗せる。%K%P
%LC猫
%LC猫
「ふにゃ〜……」%K%P
「ふにゃ〜……」%K%P
%LC愛
%LC愛
「あ……ふふ。可愛い……」%K%P
「あ……ふふ。可愛い……」%K%P
文字通り猫撫で声を上げる猫ちゃんを\n愛さんが優しくよしよしと撫でる。%K%P
文字通り猫撫で声を上げる猫ちゃんを\n愛さんが優しくよしよしと撫でる。%K%P
%LC猫
%LC猫
「んにゃ、ふにゃぁ……」%K%P
「んにゃ、ふにゃぁ……」%K%P
%LC愛
%LC愛
「猫のクセして人懐っこいじゃないですか。\n　ふふ、もっと撫でて欲しいんですか？」%K%P
「猫のクセして人懐っこいじゃないですか。\n　ふふ、もっと撫でて欲しいんですか？」%K%P
%LC猫
%LC猫
「にゃぁ〜！」%K%P
「にゃぁ〜！」%K%P
%LC愛
%LC愛
「ふふふ。甘えた声を出せば撫でてもらえると\n　思っているようですね。でも簡単には撫でません」%K%P
「ふふふ。甘えた声を出せば撫でてもらえると\n　思っているようですね。でも簡単には撫でません」%K%P
%LC猫
%LC猫
「にゃっ！？」%K%P
「にゃっ！？」%K%P
%LC愛
%LC愛
「もっと……ふふふ。甘えてきたら考えてあげます。\n　ほら。さっきみたいに可愛い声で鳴いたらどうです？」%K%P
「もっと……ふふふ。甘えてきたら考えてあげます。\n　ほら。さっきみたいに可愛い声で鳴いたらどうです？」%K%P
%LC猫
%LC猫
「ふにゃぁ〜……。んにゃあ〜……」%K%P
「ふにゃぁ〜……。んにゃあ〜……」%K%P
%LC愛
%LC愛
「ふふふ、良い気分です。\n　いいでしょう。ご褒美に撫でてあげます」%K%P
「ふふふ、良い気分です。\n　いいでしょう。ご褒美に撫でてあげます」%K%P
楽しげな笑みを浮かべながら愛さんが猫を愛でる。%K%P
楽しげな笑みを浮かべながら愛さんが猫を愛でる。%K%P
%LC春樹
%LC春樹
「なーんだ。やっぱり抱きたかったんじゃない」%K%P
「なーんだ。やっぱり抱きたかったんじゃない」%K%P
%LC愛
%LC愛
「〜〜っっ！？　愛としたことが……！\n　お返しします……！　興味ありませんし……！」%K%P
「〜〜っっ！？　愛としたことが……！\n　お返しします……！　興味ありませんし……！」%K%P
%LC春樹
%LC春樹
「いいよいいよ。照れなくたっていいじゃない」%K%P
「いいよいいよ。照れなくたっていいじゃない」%K%P
%LC愛
%LC愛
「照れてませんから……！」%K%P
「照れてませんから……！」%K%P
顔を真っ赤にしながら愛さんが店員さんに猫を返す。%K%P
顔を真っ赤にしながら愛さんが店員さんに猫を返す。%K%P
ホントに、あまのじゃくだなぁ。\nでも今まで見たことのない愛さんの姿を見られて新鮮だ。%K%P
ホントに、あまのじゃくだなぁ。\nでも今まで見たことのない愛さんの姿を見られて新鮮だ。%K%P
%LC愛
%LC愛
「む……その目、めちゃくちゃ気に入らないです。\n　愛を上から目線で子供扱いしてますよね？」%K%P
「む……その目、めちゃくちゃ気に入らないです。\n　愛を上から目線で子供扱いしてますよね？」%K%P
%LC春樹
%LC春樹
「そんなことないよ。\n　ただ可愛いところもあるなぁって思ってただけ」%K%P
「そんなことないよ。\n　ただ可愛いところもあるなぁって思ってただけ」%K%P
%LC愛
%LC愛
「っっ。それが上から目線だと言っているんです。\n　愛にペニスを扱かれてヒンヒン鳴いてた男のクセに」%K%P
「っっ。それが上から目線だと言っているんです。\n　愛にペニスを扱かれてヒンヒン鳴いてた男のクセに」%K%P
%LC春樹
%LC春樹
「〜〜っっ！？　ちょっと……！\n　こんな場所で何言ってるの……！！」%K%P
「〜〜っっ！？　ちょっと……！\n　こんな場所で何言ってるの……！！」%K%P
%LC愛
%LC愛
「ふんだ。あなたが愛を辱めるからですよ」%K%P
「ふんだ。あなたが愛を辱めるからですよ」%K%P
%LC愛
%LC愛
「愛は人をバカにするのは好きですが、\n　人からバカにされるのは嫌いなんです」%K%P
「愛は人をバカにするのは好きですが、\n　人からバカにされるのは嫌いなんです」%K%P
%LC春樹
%LC春樹
「バカにしたわけじゃないってばっ」%K%P
「バカにしたわけじゃないってばっ」%K%P
%LC愛
%LC愛
「愛を見てほくそ笑んでいたではありませんか。\n　言っておきますけど、あなたを辱めることくらい、\n　愛には朝飯前なんですよ？」%K%P
「愛を見てほくそ笑んでいたではありませんか。\n　言っておきますけど、あなたを辱めることくらい、\n　愛には朝飯前なんですよ？」%K%P
%LC愛
%LC愛
「例えば、こんな風に――」%K%P
「例えば、こんな風に――」%K%P
すると愛さんはおもむろに僕の腕に抱きついてきて――%K%P
すると愛さんはおもむろに僕の腕に抱きついてきて――%K%P
%LC愛
%LC愛
「ね、せーんぱい。愛はペットを可愛がるよりもぉ……。\n　先輩を可愛がってあげたいなぁ？」%K%P
「ね、せーんぱい。愛はペットを可愛がるよりもぉ……。\n　先輩を可愛がってあげたいなぁ？」%K%P
これ見よがしに身体を押し当てながら、\n愛さんが上目遣いで甘く囁いてくる。%K%P
これ見よがしに身体を押し当てながら、\n愛さんが上目遣いで甘く囁いてくる。%K%P
この角度だと、小さなお胸がチラりと見えかけて――%K%P
この角度だと、小さなお胸がチラりと見えかけて――%K%P
%LC愛
%LC愛
「あ……ふふ。どーこ見てるんですか？\n　先輩の……エッチ……」%K%P
「あ……ふふ。どーこ見てるんですか？\n　先輩の……エッチ……」%K%P
%LC春樹
%LC春樹
「〜〜っっ！　みみみ、見てない……！\n　何も見てないってば……！！」%K%P
「〜〜っっ！　みみみ、見てない……！\n　何も見てないってば……！！」%K%P
%LC愛
%LC愛
「耳まで真っ赤ですよぉ〜……？\n　やっぱり先輩は照れてる方が可愛いですね♪」%K%P
「耳まで真っ赤ですよぉ〜……？\n　やっぱり先輩は照れてる方が可愛いですね♪」%K%P
%LC愛
%LC愛
「でも、ホント浮気性です。\n　清佳様を好きなのに愛のおっぱいを覗こうとして」%K%P
「でも、ホント浮気性です。\n　清佳様を好きなのに愛のおっぱいを覗こうとして」%K%P
%LC春樹
%LC春樹
「ち、違うんだってば……！\n　身長差的に目に入っちゃっただけで……！」%K%P
「ち、違うんだってば……！\n　身長差的に目に入っちゃっただけで……！」%K%P
%LC愛
%LC愛
「ふーん？　見てるじゃないですか」%K%P
「ふーん？　見てるじゃないですか」%K%P
%LC春樹
%LC春樹
「あ――！」%K%P
「あ――！」%K%P
%LC愛
%LC愛
「……とんだスケベ男ですね？\n　煩悩まみれのド変態クソ野郎です」%K%P
「……とんだスケベ男ですね？\n　煩悩まみれのド変態クソ野郎です」%K%P
%LC春樹
%LC春樹
「ご、ごめんなさい……！\n　でも、えと……！」%K%P
「ご、ごめんなさい……！\n　でも、えと……！」%K%P
焦っていると愛さんがふと僕から身体を離した。\nそして素に戻って話し始める。%K%P
焦っていると愛さんがふと僕から身体を離した。\nそして素に戻って話し始める。%K%P
%LC愛
%LC愛
「ふふ。そら言ったとおりでしょう？\n　あなたを辱めるくらい朝飯前です」%K%P
「ふふ。そら言ったとおりでしょう？\n　あなたを辱めるくらい朝飯前です」%K%P
%LC愛
%LC愛
「ちょーっと胸チラさせただけで、\n　すぐ赤面しちゃうんですから」%K%P
「ちょーっと胸チラさせただけで、\n　すぐ赤面しちゃうんですから」%K%P
%LC春樹
%LC春樹
「〜〜っっ！　もしかしてわざとだったのっ？\n　そういうことされても困るよ……！」%K%P
「〜〜っっ！　もしかしてわざとだったのっ？\n　そういうことされても困るよ……！」%K%P
%LC愛
%LC愛
「その割にはガン見していたじゃないですか。\n　そんなことだから愛は不安なんですよ？\n　勃起して清佳様に正体バレるかもしれないって」%K%P
「その割にはガン見していたじゃないですか。\n　そんなことだから愛は不安なんですよ？\n　勃起して清佳様に正体バレるかもしれないって」%K%P
%LC春樹
%LC春樹
「う……。ごめんなさい……」%K%P
「う……。ごめんなさい……」%K%P
%LC愛
%LC愛
「ふふふ。しょんぼりする顔も可愛いですね。\n　やっぱり春樹さんはイジメ甲斐がありますよ」%K%P
「ふふふ。しょんぼりする顔も可愛いですね。\n　やっぱり春樹さんはイジメ甲斐がありますよ」%K%P
%LC春樹
%LC春樹
「イジメ甲斐って……」%K%P
「イジメ甲斐って……」%K%P
%LC愛
%LC愛
「決めました。せっかくですし、\n　春樹さんを一日からかって遊ぶことにします。\n　からかわれるのは癪ですし」%K%P
「決めました。せっかくですし、\n　春樹さんを一日からかって遊ぶことにします。\n　からかわれるのは癪ですし」%K%P
%LC春樹
%LC春樹
「ええっ！？　ど、どういうこと……！？」%K%P
「ええっ！？　ど、どういうこと……！？」%K%P
%LC愛
%LC愛
「どういうことって――……」%K%P
「どういうことって――……」%K%P
そうして再び愛さんが身を寄せてくる。%K%P
そうして再び愛さんが身を寄せてくる。%K%P
%LC愛
%LC愛
「こうやって……ふふ。先輩をドキドキさせながら、\n　一日過ごそうかなーっていう意味ですよ？」%K%P
「こうやって……ふふ。先輩をドキドキさせながら、\n　一日過ごそうかなーっていう意味ですよ？」%K%P
%LC春樹
%LC春樹
「っっ。それは――」%K%P
「っっ。それは――」%K%P
%LC愛
%LC愛
「――困るとか言わないですよね？\n　誘ってきたのは先輩の方なんですから♪」%K%P
「――困るとか言わないですよね？\n　誘ってきたのは先輩の方なんですから♪」%K%P
%LC愛
%LC愛
「よく考えればこれはこれで社会勉強にもなりますしぃ。\n　リサーチがてら先輩とデートするのも悪くないです」%K%P
「よく考えればこれはこれで社会勉強にもなりますしぃ。\n　リサーチがてら先輩とデートするのも悪くないです」%K%P
%LC春樹
%LC春樹
「デ、デートっ？」%K%P
「デ、デートっ？」%K%P
%LC愛
%LC愛
「あれあれ？　デートじゃなかったんですかぁ？\n　エッチしてあげたお礼にデートしてくれるんですよね？」%K%P
「あれあれ？　デートじゃなかったんですかぁ？\n　エッチしてあげたお礼にデートしてくれるんですよね？」%K%P
%LC春樹
%LC春樹
「だから公衆の面前でそういうこと言わないでって！」%K%P
「だから公衆の面前でそういうこと言わないでって！」%K%P
%LC愛
%LC愛
「ふふふ。愛、甘いスイーツとか食べたいなぁ〜。\n　あ、ゲームセンターも行ってみたいですぅ〜」%K%P
「ふふふ。愛、甘いスイーツとか食べたいなぁ〜。\n　あ、ゲームセンターも行ってみたいですぅ〜」%K%P
悪戯っぽく愛さんが笑ってからかってくる。%K%P
悪戯っぽく愛さんが笑ってからかってくる。%K%P
ま、まぁ乗り気になってくれたのならいいか。\n愛さんの羽根を伸ばしてあげよう。%K%P
ま、まぁ乗り気になってくれたのならいいか。\n愛さんの羽根を伸ばしてあげよう。%K%P
%LC？？？
%LC？？？
「…………」\n「…………」%K%P
「…………」\n「…………」%K%P
%LC春樹
%LC春樹
「ん？」%K%P
「ん？」%K%P
気のせいかな。何か視線を感じるような……。%K%P
気のせいかな。何か視線を感じるような……。%K%P
%LC愛
%LC愛
「――ぎゅぅ〜！」%K%P
「――ぎゅぅ〜！」%K%P
%LC春樹
%LC春樹
「ひぃあ！？　きゅ、急になに！？」%K%P
「ひぃあ！？　きゅ、急になに！？」%K%P
%LC愛
%LC愛
「先輩がボーッとしてるからじゃないですかぁ。\n　それにこの方が、デートっぽいですしぃ……？」%K%P
「先輩がボーッとしてるからじゃないですかぁ。\n　それにこの方が、デートっぽいですしぃ……？」%K%P
%LC愛
%LC愛
「ま、愛としても春樹さんの恋を\n　無理やり終わらせちゃった申し訳なさもありますしね？」%K%P
「ま、愛としても春樹さんの恋を\n　無理やり終わらせちゃった申し訳なさもありますしね？」%K%P
%LC愛
%LC愛
「ですから今日はぁ、愛を彼女だと思って\n　連れ回してくれてもいいですよ？」%K%P
「ですから今日はぁ、愛を彼女だと思って\n　連れ回してくれてもいいですよ？」%K%P
%LC春樹
%LC春樹
「愛さん……」%K%P
「愛さん……」%K%P
気にしてくれてたんだ……。\nやっぱり根は優しい人なんだなぁ。%K%P
気にしてくれてたんだ……。\nやっぱり根は優しい人なんだなぁ。%K%P
%LC愛
%LC愛
「あ……でも変な期待持たないで下さいね？\n　これはあくまでからかうための演技で、\n　愛は先輩にこれっぽっちの興味もありませんから」%K%P
「あ……でも変な期待持たないで下さいね？\n　これはあくまでからかうための演技で、\n　愛は先輩にこれっぽっちの興味もありませんから」%K%P
%LC春樹
%LC春樹
「わ、わかってるってば。一言多いよ！」%K%P
「わ、わかってるってば。一言多いよ！」%K%P
%LC愛
%LC愛
「あはは」%K%P
「あはは」%K%P
屈託なく愛さんが笑う。%K%P
屈託なく愛さんが笑う。%K%P
演技だとわかってはいるけれど、\nその弾けるような笑顔に思わずドキリとさせられた。%K%P
演技だとわかってはいるけれど、\nその弾けるような笑顔に思わずドキリとさせられた。%K%P
%LC愛
%LC愛
「でしたらぁ。愛のこと、ふふっ、\n　たっぷりエスコートして下さいね？」%K%P
「でしたらぁ。愛のこと、ふふっ、\n　たっぷりエスコートして下さいね？」%K%P
………………%K%P
………………%K%P
…………%K%P
…………%K%P
……%K%P
……%K%P
%LC春樹
%LC春樹
「うぅ……。今月のお小遣いが……」%K%P
「うぅ……。今月のお小遣いが……」%K%P
日が沈む頃には僕のお財布は空っぽ同然になっていた。\n行く先々で散財させられてしまったから当然だろう。%K%P
日が沈む頃には僕のお財布は空っぽ同然になっていた。\n行く先々で散財させられてしまったから当然だろう。%K%P
%LC愛
%LC愛
「ふふ、何をメソメソしてるんですか。\n　先輩が煽ってくるから悪いんですよ？」%K%P
「ふふ、何をメソメソしてるんですか。\n　先輩が煽ってくるから悪いんですよ？」%K%P
%LC春樹
%LC春樹
「煽ってないってば。愛さんが物欲しそうに\n　見てるのに興味のないフリするからだもんっ」%K%P
「煽ってないってば。愛さんが物欲しそうに\n　見てるのに興味のないフリするからだもんっ」%K%P
%LC愛
%LC愛
「〜〜っっ！　う、うるさいですね……！\n　ホントに興味なかったんです……！」%K%P
「〜〜っっ！　う、うるさいですね……！\n　ホントに興味なかったんです……！」%K%P
%LC春樹
%LC春樹
「でも……愛さんって意外と甘い物好きだったんだね？\n　ネタで言ってるだけかと思ってたのに」%K%P
「でも……愛さんって意外と甘い物好きだったんだね？\n　ネタで言ってるだけかと思ってたのに」%K%P
%LC愛
%LC愛
「ですから好きじゃないですってば！\n　デートっぽくするために頼んであげただけです！」%K%P
「ですから好きじゃないですってば！\n　デートっぽくするために頼んであげただけです！」%K%P
%LC春樹
%LC春樹
「照れなくていいじゃない。あ、そうだ。\n　帰る前にもう一度ゲームセンター寄っていく？\n　取り損ねた最後のぬいぐるみ、再挑戦してみよっか？」%K%P
「照れなくていいじゃない。あ、そうだ。\n　帰る前にもう一度ゲームセンター寄っていく？\n　取り損ねた最後のぬいぐるみ、再挑戦してみよっか？」%K%P
%LC愛
%LC愛
「要らないですってば！　それもあなたが勝手に\n　愛が欲しがってるって思っただけですよね……！」%K%P
「要らないですってば！　それもあなたが勝手に\n　愛が欲しがってるって思っただけですよね……！」%K%P
%LC春樹
%LC春樹
「その割には全種類集めるまで、\n　何度も何度もクレーンゲームやらされたような……」%K%P
「その割には全種類集めるまで、\n　何度も何度もクレーンゲームやらされたような……」%K%P
%LC愛
%LC愛
「それもよく聞くデートらしいことを\n　させてあげようと思った愛の配慮ですってば！」%K%P
「それもよく聞くデートらしいことを\n　させてあげようと思った愛の配慮ですってば！」%K%P
夕日色に頬を染めながら愛さんが反論してくる。\n本当に愛さんも素直じゃないなぁ。%K%P
夕日色に頬を染めながら愛さんが反論してくる。\n本当に愛さんも素直じゃないなぁ。%K%P
でも……普段クールな分、なんだか可愛いかも。%K%P
でも……普段クールな分、なんだか可愛いかも。%K%P
%LC愛
%LC愛
「そ、そろそろ帰りますっ。夕食の準備もありますし」%K%P
「そ、そろそろ帰りますっ。夕食の準備もありますし」%K%P
%LC愛
%LC愛
「誰かさんがお屋敷にいらっしゃらない以上、\n　愛が夕食の準備をしなければいけませんので」%K%P
「誰かさんがお屋敷にいらっしゃらない以上、\n　愛が夕食の準備をしなければいけませんので」%K%P
%LC春樹
%LC春樹
「そ、それはごめんね？\n　すぐに着替えて僕も戻るから」%K%P
「そ、それはごめんね？\n　すぐに着替えて僕も戻るから」%K%P
%LC愛
%LC愛
「なら夕食の手伝いより清佳様と遊んであげて下さい。\n　今日一日、蛍様がいなくて寂しがってるでしょうし」%K%P
「なら夕食の手伝いより清佳様と遊んであげて下さい。\n　今日一日、蛍様がいなくて寂しがってるでしょうし」%K%P
それだけ言って愛さんが立ち去ろうとする。%K%P
それだけ言って愛さんが立ち去ろうとする。%K%P
結局どうだったんだろう。\n愛さんは今日一日楽しめたのかな……。%K%P
結局どうだったんだろう。\n愛さんは今日一日楽しめたのかな……。%K%P
%LC愛
%LC愛
「一応……」%K%P
「一応……」%K%P
%LC春樹
%LC春樹
「え？」%K%P
「え？」%K%P
ふと愛さんが立ち止まって、くるりと振り返ってくる。%K%P
ふと愛さんが立ち止まって、くるりと振り返ってくる。%K%P
%LC愛
%LC愛
「一応、お礼は言っておきます……」%K%P
「一応、お礼は言っておきます……」%K%P
%LC愛
%LC愛
「今日は……その。楽しかったです。\n　初めてのことたくさんしましたし……」%K%P
「今日は……その。楽しかったです。\n　初めてのことたくさんしましたし……」%K%P
%LC愛
%LC愛
「ひとときでも……仕事を忘れて楽しめました」%K%P
「ひとときでも……仕事を忘れて楽しめました」%K%P
ちょっぴり恥ずかしそうに、\n愛さんが顔を俯かせて呟いてくる。%K%P
ちょっぴり恥ずかしそうに、\n愛さんが顔を俯かせて呟いてくる。%K%P
%LC春樹
%LC春樹
「……ふふ。だったら良かった。\n　また遊びたい時はいつでも言ってよ」%K%P
「……ふふ。だったら良かった。\n　また遊びたい時はいつでも言ってよ」%K%P
%LC愛
%LC愛
「言いませんってば。愛と遊ぶ暇があったら、\n　清佳様と遊んであげて下さい。何度言わせるんですか」%K%P
「言いませんってば。愛と遊ぶ暇があったら、\n　清佳様と遊んであげて下さい。何度言わせるんですか」%K%P
%LC愛
%LC愛
「まぁ……でも。気が向いたら誘ってあげます」%K%P
「まぁ……でも。気が向いたら誘ってあげます」%K%P
%LC春樹
%LC春樹
「ふふ、うん」%K%P
「ふふ、うん」%K%P
%LC愛
%LC愛
「っっ。で、では。くれぐれも\n　清佳様たちにバレないように帰ってきて下さいねっ！」%K%P
「っっ。で、では。くれぐれも\n　清佳様たちにバレないように帰ってきて下さいねっ！」%K%P
それだけで言って愛さんが足早に走り去って行く。%K%P
それだけで言って愛さんが足早に走り去って行く。%K%P
今日一日過ごしてわかったけど……\nやっぱり愛さんは普通の女の子だ。%K%P
今日一日過ごしてわかったけど……\nやっぱり愛さんは普通の女の子だ。%K%P
小さい頃の清佳ちゃんと同じで、\nただ遊び方を知らないだけ。%K%P
小さい頃の清佳ちゃんと同じで、\nただ遊び方を知らないだけ。%K%P
%LC春樹
%LC春樹
「また……一緒に遊びたいな」%K%P
「また……一緒に遊びたいな」%K%P
ふと無意識に呟いてしまう。%K%P
ふと無意識に呟いてしまう。%K%P
そうだ。今度は清佳ちゃんと三人で遊びにこよう。\n蛍姿ならそういうことだってできるはずだ。%K%P
そうだ。今度は清佳ちゃんと三人で遊びにこよう。\n蛍姿ならそういうことだってできるはずだ。%K%P
お姉ちゃんも誘ってあげてもいいかな。\nあ。でも、お姉ちゃんがいると愛さんは嫌がるかも。%K%P
お姉ちゃんも誘ってあげてもいいかな。\nあ。でも、お姉ちゃんがいると愛さんは嫌がるかも。%K%P
けど、お姉ちゃんに絡まれて困る愛さんの姿も、\nふふふ、面白そうかも。%K%P
けど、お姉ちゃんに絡まれて困る愛さんの姿も、\nふふふ、面白そうかも。%K%P
%LC春樹
%LC春樹
「と。こうしちゃいられないや。\n　どこかで着替えて僕も帰ろう」%K%P
「と。こうしちゃいられないや。\n　どこかで着替えて僕も帰ろう」%K%P
そうして愛さんが歩いて行った方向とは\n反対方向へと歩き始める。%K%P
そうして愛さんが歩いて行った方向とは\n反対方向へと歩き始める。%K%P
別に誰に見られてるわけじゃないだろうけど、\n一応用心のためだ。%K%P
別に誰に見られてるわけじゃないだろうけど、\n一応用心のためだ。%K%P
%LC？？？
%LC？？？
「いやー。中々のデートっぷりだったね〜？」%K%P
「いやー。中々のデートっぷりだったね〜？」%K%P
%LC？？？
%LC？？？
「そうですね。愛ったら、ふふふっ。\n　本当に春樹くんに惚れちゃってたりして」%K%P
「そうですね。愛ったら、ふふふっ。\n　本当に春樹くんに惚れちゃってたりして」%K%P
%LC清佳
%LC清佳
「あの愛が私の尾行に全く気づかないんだもの。\n　よっぽどドキドキしてたんだわ」%K%P
「あの愛が私の尾行に全く気づかないんだもの。\n　よっぽどドキドキしてたんだわ」%K%P
%LC千鶴
%LC千鶴
「しっかし、うちの弟はホント浮気性だねー……。\n　まぁでもアレはアレで吹っ切れたってことなのかな」%K%P
「しっかし、うちの弟はホント浮気性だねー……。\n　まぁでもアレはアレで吹っ切れたってことなのかな」%K%P
%LC清佳
%LC清佳
「どういう意味ですか？」%K%P
「どういう意味ですか？」%K%P
%LC千鶴
%LC千鶴
「あ、ううん。こっちの話こっちの話。\n　それよりこの後はどうすんの？」%K%P
「あ、ううん。こっちの話こっちの話。\n　それよりこの後はどうすんの？」%K%P
%LC清佳
%LC清佳
「とりあえず車に乗って帰りましょう。\n　愛より先に着かないと尾行してたことがバレますし」%K%P
「とりあえず車に乗って帰りましょう。\n　愛より先に着かないと尾行してたことがバレますし」%K%P
%LC清佳
%LC清佳
「にしても、ふふふ。愛が春樹くんをね……。\n　これは面白いことになりそう……！\n　蛍と愛の三角関係に発展しそうだし……！」%K%P
「にしても、ふふふ。愛が春樹くんをね……。\n　これは面白いことになりそう……！\n　蛍と愛の三角関係に発展しそうだし……！」%K%P
%LC清佳
%LC清佳
「ああ、私はどっちを応援するべきなのかしら。\n　正直、蛍には失恋してもらいたいけど……！\n　でも露骨に愛を応援すると私への好感度が……！」%K%P
「ああ、私はどっちを応援するべきなのかしら。\n　正直、蛍には失恋してもらいたいけど……！\n　でも露骨に愛を応援すると私への好感度が……！」%K%P
%LC千鶴
%LC千鶴
「もし愛ちゃんと春樹がくっつけば、\n　あの超絶美少女金髪ロリっ子が妹になるわけか……」%K%P
「もし愛ちゃんと春樹がくっつけば、\n　あの超絶美少女金髪ロリっ子が妹になるわけか……」%K%P
%LC千鶴
%LC千鶴
「――最高じゃんっ！　着せ替えし放題じゃん……！」%K%P
「――最高じゃんっ！　着せ替えし放題じゃん……！」%K%P
%LC清佳
%LC清佳
「失恋した蛍を慰めて一気に好感度アップを\n　計れるかも……！　愛も彼氏ができて幸せだろうしっ。\n　ちょっぴり良心が痛むけど、これなら……！」%K%P
「失恋した蛍を慰めて一気に好感度アップを\n　計れるかも……！　愛も彼氏ができて幸せだろうしっ。\n　ちょっぴり良心が痛むけど、これなら……！」%K%P
%LC千鶴
%LC千鶴
「やべぇ。愛ちゃんを着せ替えられると思うと、\n　どんどんアイデア湧いてきた！　服作りてぇ……！」%K%P
「やべぇ。愛ちゃんを着せ替えられると思うと、\n　どんどんアイデア湧いてきた！　服作りてぇ……！」%K%P
%LC清佳
%LC清佳
「早く帰りましょう、千鶴さん……！\n　愛に恋愛のいろはを教えてあげなくちゃ！」%K%P
「早く帰りましょう、千鶴さん……！\n　愛に恋愛のいろはを教えてあげなくちゃ！」%K%P
%LC千鶴
%LC千鶴
「そうだね！　愛ちゃんと春樹をくっつけちゃお！」%K%P
「そうだね！　愛ちゃんと春樹をくっつけちゃお！」%K%P
