%LC蛍
%LC蛍
「ちょ、ちょっと清佳ちゃん……！？\n　ダメだってば……！」%K%P
「ちょ、ちょっと清佳ちゃん……！？\n　ダメだってば……！」%K%P
%LC清佳
%LC清佳
「いいじゃない。女の子同士なんだし♪」%K%P
「いいじゃない。女の子同士なんだし♪」%K%P
それは、愛さんと付き合ってしばらく経った、\nとある日の夜のことだった――%K%P
それは、愛さんと付き合ってしばらく経った、\nとある日の夜のことだった――%K%P
%LC清佳
%LC清佳
「たまには一緒にお風呂くらい、入りましょ？」%K%P
「たまには一緒にお風呂くらい、入りましょ？」%K%P
%LC蛍
%LC蛍
「〜〜っっ！　い、いけないよ……！\n　愛さんにもしバレたら……！」%K%P
「〜〜っっ！　い、いけないよ……！\n　愛さんにもしバレたら……！」%K%P
%LC清佳
%LC清佳
「ふふ。どうして愛の名前が出てくるの？\n　愛と付き合ってるのは春樹くんで、\n　蛍ではないはずでしょ？」%K%P
「ふふ。どうして愛の名前が出てくるの？\n　愛と付き合ってるのは春樹くんで、\n　蛍ではないはずでしょ？」%K%P
%LC蛍
%LC蛍
「それはそうだけど……！」%K%P
「それはそうだけど……！」%K%P
蛍として扱ってくれるのは嬉しいけど、\nさ、流石にお風呂はやり過ぎだよ……！%K%P
蛍として扱ってくれるのは嬉しいけど、\nさ、流石にお風呂はやり過ぎだよ……！%K%P
わざとらしく裸を見せつけてきてるし……！\n一体、清佳ちゃんは何を考えて――%K%P
わざとらしく裸を見せつけてきてるし……！\n一体、清佳ちゃんは何を考えて――%K%P
%LC清佳
%LC清佳
「あら……ふふふ。なぁに？\n　蛍は私の裸が気になるの？」%K%P
「あら……ふふふ。なぁに？\n　蛍は私の裸が気になるの？」%K%P
%LC清佳
%LC清佳
「別に見てもいいわよ？　なんなら……ふふ。\n　このまま押し倒しちゃいましょうか」%K%P
「別に見てもいいわよ？　なんなら……ふふ。\n　このまま押し倒しちゃいましょうか」%K%P
%LC蛍
%LC蛍
「そういう不純なのはＮＧだってば……！\n　流石のわたしも怒るよっ？」%K%P
「そういう不純なのはＮＧだってば……！\n　流石のわたしも怒るよっ？」%K%P
%LC清佳
%LC清佳
「むぅ。蛍のいけず。……まぁいいわ。\n　じゃあお風呂あがったら一緒に遊びましょ？\n　不純なことはしないから」%K%P
「むぅ。蛍のいけず。……まぁいいわ。\n　じゃあお風呂あがったら一緒に遊びましょ？\n　不純なことはしないから」%K%P
%LC蛍
%LC蛍
「う、うん。それなら」%K%P
「う、うん。それなら」%K%P
%LC清佳
%LC清佳
「ふふ。約束よ？」%K%P
「ふふ。約束よ？」%K%P
それだけ言うと清佳ちゃんは\n湯船からあがってお風呂場から出て行く。%K%P
それだけ言うと清佳ちゃんは\n湯船からあがってお風呂場から出て行く。%K%P
どうやら遊びの約束を取り付けるために\nわざわざお風呂までやってきたみたいだ。%K%P
どうやら遊びの約束を取り付けるために\nわざわざお風呂までやってきたみたいだ。%K%P
何もそこまでしなくとも、\n毎日のように一緒にいるのに。%K%P
何もそこまでしなくとも、\n毎日のように一緒にいるのに。%K%P
むしろここ最近は愛さんよりも\n一緒にいる時間が長いくらいだし……。%K%P
むしろここ最近は愛さんよりも\n一緒にいる時間が長いくらいだし……。%K%P
%LC蛍
%LC蛍
「でもこれで、ようやくゆっくりとお風呂に入れるや……」%K%P
「でもこれで、ようやくゆっくりとお風呂に入れるや……」%K%P
と。一息ついて、湯船に浸かっていると――%K%P
と。一息ついて、湯船に浸かっていると――%K%P
%LC蛍
%LC蛍
「きゃっ！？」%K%P
「きゃっ！？」%K%P
不意にまたお風呂の扉が開く。%K%P
不意にまたお風呂の扉が開く。%K%P
%LC蛍
%LC蛍
「も、もう。清佳ちゃん……！\n　ちゃんとお風呂上がったらお部屋に行くから――」%K%P
「も、もう。清佳ちゃん……！\n　ちゃんとお風呂上がったらお部屋に行くから――」%K%P
%LC愛
%LC愛
「……ふふふ。そうですか、そうですか。\n　まず最初に出る名前が清佳様なのですね？」%K%P
「……ふふふ。そうですか、そうですか。\n　まず最初に出る名前が清佳様なのですね？」%K%P
%LC蛍
%LC蛍
「ふぇ！？」%K%P
「ふぇ！？」%K%P
%LC愛
%LC愛
「清佳様がどこを探してもいらっしゃらないと思ったら、\n　やはり一緒にご入浴されていたのですか」%K%P
「清佳様がどこを探してもいらっしゃらないと思ったら、\n　やはり一緒にご入浴されていたのですか」%K%P
%LC愛
%LC愛
「仲睦まじくて、とても良いですね？\n　彼女のことは、ずーっと放置しているくせに」%K%P
「仲睦まじくて、とても良いですね？\n　彼女のことは、ずーっと放置しているくせに」%K%P
%LC蛍
%LC蛍
「あ、愛さん……！　いや、今のは、その……！」%K%P
「あ、愛さん……！　いや、今のは、その……！」%K%P
%LC愛
%LC愛
「わかっていますよ？　大方、清佳様が勝手に\n　入浴してきたのでしょう？　まぁだとしても。ですが」%K%P
「わかっていますよ？　大方、清佳様が勝手に\n　入浴してきたのでしょう？　まぁだとしても。ですが」%K%P
背筋が凍るような笑顔を浮かべながら、\n愛さんが僕の隣に座り込んでくる。%K%P
背筋が凍るような笑顔を浮かべながら、\n愛さんが僕の隣に座り込んでくる。%K%P
%LC愛
%LC愛
「とりあえず、ウィッグ取ってくれませんか？\n　今は愛と、二人きりですよ？」%K%P
「とりあえず、ウィッグ取ってくれませんか？\n　今は愛と、二人きりですよ？」%K%P
%LC蛍
%LC蛍
「は、はい」%K%P
「は、はい」%K%P
%LC春樹
%LC春樹
「……脱ぎました……」%K%P
「……脱ぎました……」%K%P
%LC愛
%LC愛
「よろしい」%K%P
「よろしい」%K%P
まるで浮気現場を目撃されてしまったかのような\n緊張が走る。こ、怖い。%K%P
まるで浮気現場を目撃されてしまったかのような\n緊張が走る。こ、怖い。%K%P
でも愛さん、どうして水着なんだろう……？\n……最高にエッチで可愛いけど。%K%P
でも愛さん、どうして水着なんだろう……？\n……最高にエッチで可愛いけど。%K%P
%LC愛
%LC愛
「……なにをジロジロ見ているんです。\n　そうやって清佳様の裸も見ておられたのですか？」%K%P
「……なにをジロジロ見ているんです。\n　そうやって清佳様の裸も見ておられたのですか？」%K%P
%LC春樹
%LC春樹
「み、見てない。見てないよ……！」%K%P
「み、見てない。見てないよ……！」%K%P
%LC愛
%LC愛
「へぇ……？　さっき清佳様に自慢されましたけどね？\n　『蛍は私の裸に興味津々みたいよ！』って」%K%P
「へぇ……？　さっき清佳様に自慢されましたけどね？\n　『蛍は私の裸に興味津々みたいよ！』って」%K%P
――うわあああっ！\nなに言ってくれてるの清佳ちゃん！？%K%P
――うわあああっ！\nなに言ってくれてるの清佳ちゃん！？%K%P
%LC春樹
%LC春樹
「誤解だよ……！　確かに目に入っていたけれど、\n　邪な目で見ていたわけじゃ決してなくて……！」%K%P
「誤解だよ……！　確かに目に入っていたけれど、\n　邪な目で見ていたわけじゃ決してなくて……！」%K%P
%LC愛
%LC愛
「ふーん。でしたら――……」%K%P
「ふーん。でしたら――……」%K%P
すると、愛さんはぐっと身体を寄せてきて――%K%P
すると、愛さんはぐっと身体を寄せてきて――%K%P
%LC愛
%LC愛
「愛の身体はぁ……\n　邪な目で見ちゃってるってことですか？」%K%P
「愛の身体はぁ……\n　邪な目で見ちゃってるってことですか？」%K%P
不意に愛さんが甘い声で耳打ちしてくる。\n小さい胸が身体に当たって……！%K%P
不意に愛さんが甘い声で耳打ちしてくる。\n小さい胸が身体に当たって……！%K%P
%LC愛
%LC愛
「どうなんですか？\n　えっちい目で見ちゃってるんですか？」%K%P
「どうなんですか？\n　えっちい目で見ちゃってるんですか？」%K%P
%LC愛
%LC愛
「愛の身体触りたい……とか。\n　思っちゃってるんですか？」%K%P
「愛の身体触りたい……とか。\n　思っちゃってるんですか？」%K%P
%LC春樹
%LC春樹
「……う、うん……」%K%P
「……う、うん……」%K%P
%LC愛
%LC愛
「ふーん。まぁ触らせませんけど」%K%P
「ふーん。まぁ触らせませんけど」%K%P
%LC春樹
%LC春樹
「えっ！？　どうしてっ！？」%K%P
「えっ！？　どうしてっ！？」%K%P
%LC愛
%LC愛
「清佳様にうつつを抜かしていた罰ですよぉ。\n　なんだかんだ言って、大きいのがお好きなんですよね？」%K%P
「清佳様にうつつを抜かしていた罰ですよぉ。\n　なんだかんだ言って、大きいのがお好きなんですよね？」%K%P
%LC愛
%LC愛
「まぁ別にいいですけど。\n　愛の身体はどうせ貧相ですし」%K%P
「まぁ別にいいですけど。\n　愛の身体はどうせ貧相ですし」%K%P
%LC愛
%LC愛
「清佳様みたいに、おっぱい大きくないですし。\n　身長だって低くて、身体付きもほっそりしてますし」%K%P
「清佳様みたいに、おっぱい大きくないですし。\n　身長だって低くて、身体付きもほっそりしてますし」%K%P
%LC春樹
%LC春樹
「だから誤解だってば……！\n　そういう目で清佳ちゃんを見てなくて……！」%K%P
「だから誤解だってば……！\n　そういう目で清佳ちゃんを見てなくて……！」%K%P
必死に愛さんに訴える。\nすると彼女はぽつりと呟いた。%K%P
必死に愛さんに訴える。\nすると彼女はぽつりと呟いた。%K%P
%LC愛
%LC愛
「……なら。どうして触ってくれないんですか？」%K%P
「……なら。どうして触ってくれないんですか？」%K%P
%LC春樹
%LC春樹
「えっ？」%K%P
「えっ？」%K%P
%LC愛
%LC愛
「愛をえっちい目で本当に見ていたら、\n　何を言われても触っちゃうと思うんです」%K%P
「愛をえっちい目で本当に見ていたら、\n　何を言われても触っちゃうと思うんです」%K%P
%LC愛
%LC愛
「でも……全然触ってくれないじゃないですか。\n　キスの一つもしてくれませんし」%K%P
「でも……全然触ってくれないじゃないですか。\n　キスの一つもしてくれませんし」%K%P
%LC愛
%LC愛
「最近はずっと清佳様に付きっきりで……。\n　愛には全く構ってくれなかったりもしますし」%K%P
「最近はずっと清佳様に付きっきりで……。\n　愛には全く構ってくれなかったりもしますし」%K%P
愛さんがしおらしそうに俯く。\n……寂しい思いをさせちゃってたみたいだ。%K%P
愛さんがしおらしそうに俯く。\n……寂しい思いをさせちゃってたみたいだ。%K%P
%LC愛
%LC愛
「面倒臭いこと言っちゃってるのわかってます。\n　触らせないって言ったり、触ってって言ったり……」%K%P
「面倒臭いこと言っちゃってるのわかってます。\n　触らせないって言ったり、触ってって言ったり……」%K%P
%LC愛
%LC愛
「……でも、その。飽きられてないか不安で……。\n　愛の身体、やっぱり貧相ですし……」%K%P
「……でも、その。飽きられてないか不安で……。\n　愛の身体、やっぱり貧相ですし……」%K%P
%LC春樹
%LC春樹
「愛さん……」%K%P
「愛さん……」%K%P
%LC愛
%LC愛
「――な、なーんて。言ってみたりして。\n　冗談ですよぉ。不安に思ってるわけないじゃないですか」%K%P
「――な、なーんて。言ってみたりして。\n　冗談ですよぉ。不安に思ってるわけないじゃないですか」%K%P
%LC愛
%LC愛
「先輩がロリコンなのはわかってますしぃ？\n　さっきからずーっとおちんぽも、ふふ、勃ってますし♪」%K%P
「先輩がロリコンなのはわかってますしぃ？\n　さっきからずーっとおちんぽも、ふふ、勃ってますし♪」%K%P
%LC愛
%LC愛
「愛に興奮してるの丸わかりですよぉ〜……。\n　まぁ、だとしてもしばらく触らせませんけど♪」%K%P
「愛に興奮してるの丸わかりですよぉ〜……。\n　まぁ、だとしてもしばらく触らせませんけど♪」%K%P
誤魔化すように愛さんが声色を変えて\n笑い飛ばそうとしてくる。%K%P
誤魔化すように愛さんが声色を変えて\n笑い飛ばそうとしてくる。%K%P
%LC愛
%LC愛
「じゃあ、愛は上がりますね。\n　あなたも早く上がって下さい。\n　清佳様が待ってましたよ？」%K%P
「じゃあ、愛は上がりますね。\n　あなたも早く上がって下さい。\n　清佳様が待ってましたよ？」%K%P
%LC愛
%LC愛
「愛のことは気にしないで構いませんから。\n　どーせ先輩は、ふふ、愛に首ったけですし♪」%K%P
「愛のことは気にしないで構いませんから。\n　どーせ先輩は、ふふ、愛に首ったけですし♪」%K%P
そう言って愛さんが湯船から立ち上がる。%K%P
そう言って愛さんが湯船から立ち上がる。%K%P
そして、そのまま立ち去ろうとして――%K%P
そして、そのまま立ち去ろうとして――%K%P
%LC愛
%LC愛
「きゃっ！？」%K%P
「きゃっ！？」%K%P
そんな彼女を引き止めるように僕は抱き寄せた。\nそのまま膝の上に座らせる。%K%P
そんな彼女を引き止めるように僕は抱き寄せた。\nそのまま膝の上に座らせる。%K%P
%LC愛
%LC愛
「な、なんですかもう〜……。\n　急に抱きしめてきたりして〜……。\n　触っちゃダメって言ったところですよぉ〜？」%K%P
「な、なんですかもう〜……。\n　急に抱きしめてきたりして〜……。\n　触っちゃダメって言ったところですよぉ〜？」%K%P
%LC春樹
%LC春樹
「ごめんね、愛さん。寂しい思いさせちゃって」%K%P
「ごめんね、愛さん。寂しい思いさせちゃって」%K%P
%LC愛
%LC愛
「っっ。べ、別に愛は寂しいだなんて。\n　ちょっと可愛く拗ねてみただけですってばぁ〜」%K%P
「っっ。べ、別に愛は寂しいだなんて。\n　ちょっと可愛く拗ねてみただけですってばぁ〜」%K%P
%LC愛
%LC愛
「それより早く離してくだ――んんっ！？」%K%P
「それより早く離してくだ――んんっ！？」%K%P
はぐらかそうとする愛さんに、\nグっと唇を押しつける。%K%P
はぐらかそうとする愛さんに、\nグっと唇を押しつける。%K%P
%LC愛
%LC愛
「んんっ……！　んちゅっ……んふ……！」%K%P
「んんっ……！　んちゅっ……んふ……！」%K%P
%LC愛
%LC愛
「……ぷは、はぁはぁ。\n　い、いきなりキスしてくるなんて……」%K%P
「……ぷは、はぁはぁ。\n　い、いきなりキスしてくるなんて……」%K%P
%LC春樹
%LC春樹
「ダメだった？」%K%P
「ダメだった？」%K%P
%LC愛
%LC愛
「ダメでは……ないですけど」%K%P
「ダメでは……ないですけど」%K%P
%LC春樹
%LC春樹
「なら……もう一度してもいい？」%K%P
「なら……もう一度してもいい？」%K%P
%LC愛
%LC愛
「……は、はい……」%K%P
「……は、はい……」%K%P
俯いて呟く彼女の顔をクイっと上げさせる。\nそして、再び顔を近づけた。%K%P
俯いて呟く彼女の顔をクイっと上げさせる。\nそして、再び顔を近づけた。%K%P
%LC愛
%LC愛
「ん……ふ……んちゅっ……ちゅ……」%K%P
「ん……ふ……んちゅっ……ちゅ……」%K%P
%LC愛
%LC愛
「ふぁ……んふ、んちゅぁ……れろ……れろろぉ……」%K%P
「ふぁ……んふ、んちゅぁ……れろ……れろろぉ……」%K%P
%LC愛
%LC愛
「んはぁむ……んっ、んふ、ちゅぁ、ん、ぺろ、れろろ」%K%P
「んはぁむ……んっ、んふ、ちゅぁ、ん、ぺろ、れろろ」%K%P
ついばむようなキスから、そのまま舌を絡めていくと、\n愛さんもまた小さくて短いベロを絡ませてきてくれた。%K%P
ついばむようなキスから、そのまま舌を絡めていくと、\n愛さんもまた小さくて短いベロを絡ませてきてくれた。%K%P
さっきまで紅茶でも飲んでいたのかな？\n舌先にその味が残っている。%K%P
さっきまで紅茶でも飲んでいたのかな？\n舌先にその味が残っている。%K%P
けれどキスを繰り返している間にその味も薄れて、\nガムシロップのような彼女の味が口いっぱいに広がった。%K%P
けれどキスを繰り返している間にその味も薄れて、\nガムシロップのような彼女の味が口いっぱいに広がった。%K%P
%LC愛
%LC愛
「……ぷはぁ。はぁ、はぁ、はぁ……。\n　し、舌まで入れていいとは言ってません」%K%P
「……ぷはぁ。はぁ、はぁ、はぁ……。\n　し、舌まで入れていいとは言ってません」%K%P
%LC春樹
%LC春樹
「つい興奮しちゃって」%K%P
「つい興奮しちゃって」%K%P
%LC愛
%LC愛
「っっ。そ、そうですか……」%K%P
「っっ。そ、そうですか……」%K%P
%LC春樹
%LC春樹
「もっとエッチなことしていいかな？\n　愛さんとイチャイチャしたくて」%K%P
「もっとエッチなことしていいかな？\n　愛さんとイチャイチャしたくて」%K%P
%LC愛
%LC愛
「〜〜っっ。露骨に機嫌を取らないで下さい。\n　さっきのは冗談ですから……！」%K%P
「〜〜っっ。露骨に機嫌を取らないで下さい。\n　さっきのは冗談ですから……！」%K%P
愛さんがプイっと顔を逸らして頬を膨らませる。%K%P
愛さんがプイっと顔を逸らして頬を膨らませる。%K%P
しかし、照れ隠しするように声色を変えて――%K%P
しかし、照れ隠しするように声色を変えて――%K%P
%LC愛
%LC愛
「まぁ……でも」%K%P
「まぁ……でも」%K%P
%LC愛
%LC愛
「……先輩がどうしてもって言うのなら。\n　イチャイチャしてあげてもいいですけど……」%K%P
「……先輩がどうしてもって言うのなら。\n　イチャイチャしてあげてもいいですけど……」%K%P
愛さんが僕の胸に、そっと背中を預けてくる。\nそんな彼女へ僕はまた唇を近づけていった。%K%P
愛さんが僕の胸に、そっと背中を預けてくる。\nそんな彼女へ僕はまた唇を近づけていった。%K%P
%LC愛
%LC愛
「ん……ふ……。んちゅ……ちゅ……」%K%P
「ん……ふ……。んちゅ……ちゅ……」%K%P
%LC愛
%LC愛
「んはぁむ……んふ。れろぉ……れろろぉ……」%K%P
「んはぁむ……んふ。れろぉ……れろろぉ……」%K%P
%LC春樹
%LC春樹
「好きだよ……ん、愛さん……愛してる……」%K%P
「好きだよ……ん、愛さん……愛してる……」%K%P
%LC愛
%LC愛
「都合が、んちゅ、いいんですから……。\n　愛のこと、いっつも放っておいてるクセに……」%K%P
「都合が、んちゅ、いいんですから……。\n　愛のこと、いっつも放っておいてるクセに……」%K%P
%LC春樹
%LC春樹
「ごめん……。寂しい想いさせた分、ん……。\n　心行くまでイチャイチャするから……」%K%P
「ごめん……。寂しい想いさせた分、ん……。\n　心行くまでイチャイチャするから……」%K%P
%LC愛
%LC愛
「……ん、ぷはぁ。はぁはぁ、いいんですか……？\n　清佳様……お部屋でずっと待ってますよ？」%K%P
「……ん、ぷはぁ。はぁはぁ、いいんですか……？\n　清佳様……お部屋でずっと待ってますよ？」%K%P
%LC春樹
%LC春樹
「……僕だって寂しかったんだ。\n　清佳ちゃんと遊びながらずっと愛さんのこと考えてた」%K%P
「……僕だって寂しかったんだ。\n　清佳ちゃんと遊びながらずっと愛さんのこと考えてた」%K%P
%LC春樹
%LC春樹
「今も……愛さんとキスするだけで、\n　ううん、愛さんの姿を見てるだけで興奮してる……」%K%P
「今も……愛さんとキスするだけで、\n　ううん、愛さんの姿を見てるだけで興奮してる……」%K%P
%LC春樹
%LC春樹
「すぐにでも射精しちゃいそうなくらい……。\n　おちんちんもパンパンになっちゃってて……」%K%P
「すぐにでも射精しちゃいそうなくらい……。\n　おちんちんもパンパンになっちゃってて……」%K%P
%LC愛
%LC愛
「……ふふ。なんだか不倫男の口説き文句みたいですね？\n　ご機嫌取りが上手なんですから……」%K%P
「……ふふ。なんだか不倫男の口説き文句みたいですね？\n　ご機嫌取りが上手なんですから……」%K%P
%LC愛
%LC愛
「でも……そこまで言うならいいですよ？\n　特別に……好きなだけ愛の身体眺めさせてあげます」%K%P
「でも……そこまで言うならいいですよ？\n　特別に……好きなだけ愛の身体眺めさせてあげます」%K%P
%LC春樹
%LC春樹
「な、眺めるだけ？」%K%P
「な、眺めるだけ？」%K%P
%LC愛
%LC愛
「はい。おっぱいもアソコも触っちゃダメですよ？\n　キスも今ので終わりです」%K%P
「はい。おっぱいもアソコも触っちゃダメですよ？\n　キスも今ので終わりです」%K%P
%LC愛
%LC愛
「おちんぽなんて、絶対に挿れちゃダメですから。\n　愛を放っておいた罰として、しばらくエッチはしません」%K%P
「おちんぽなんて、絶対に挿れちゃダメですから。\n　愛を放っておいた罰として、しばらくエッチはしません」%K%P
言葉とは裏腹に愛さんが色っぽい顔で僕を見上げてくる。%K%P
言葉とは裏腹に愛さんが色っぽい顔で僕を見上げてくる。%K%P
僕の腕を自分のおっぱいにわざとらしく押し当てたり、\nお尻でおちんちんをスリスリしてくる。%K%P
僕の腕を自分のおっぱいにわざとらしく押し当てたり、\nお尻でおちんちんをスリスリしてくる。%K%P
キスする寸前まで顔も近づけてきて――\nすぐにでもその唇を奪いたくなってしまう。%K%P
キスする寸前まで顔も近づけてきて――\nすぐにでもその唇を奪いたくなってしまう。%K%P
%LC愛
%LC愛
「ダメ……。ダメですよ……？\n　エッチなことしたら許しませんからね……？」%K%P
「ダメ……。ダメですよ……？\n　エッチなことしたら許しませんからね……？」%K%P
%LC愛
%LC愛
「見るだけで我慢して下さい。\n　もっと愛のおっぱいや、アソコ……見て下さい？」%K%P
「見るだけで我慢して下さい。\n　もっと愛のおっぱいや、アソコ……見て下さい？」%K%P
これ見よがしに愛さんが、スク水越しのおっぱいや\nおまんこを見せつけてくる。%K%P
これ見よがしに愛さんが、スク水越しのおっぱいや\nおまんこを見せつけてくる。%K%P
乳首はピンと勃っていて、股間の布地は\n割れ目にやらしく食い込んでいた。%K%P
乳首はピンと勃っていて、股間の布地は\n割れ目にやらしく食い込んでいた。%K%P
%LC愛
%LC愛
「あ……ふふ。おちんちんガッチガチ……。\n　お尻の下で、ビクビクしちゃってます……♪」%K%P
「あ……ふふ。おちんちんガッチガチ……。\n　お尻の下で、ビクビクしちゃってます……♪」%K%P
%LC愛
%LC愛
「でも……ダメですからね？\n　愛のこと襲ったりしたら、別れちゃいますから」%K%P
「でも……ダメですからね？\n　愛のこと襲ったりしたら、別れちゃいますから」%K%P
%LC愛
%LC愛
「眺めるだけに……しておいて下さい？」%K%P
「眺めるだけに……しておいて下さい？」%K%P
誘惑するように愛さんが耳元で囁いてくる。%K%P
誘惑するように愛さんが耳元で囁いてくる。%K%P
――我慢できるわけがなかった。%K%P
――我慢できるわけがなかった。%K%P
%LC愛
%LC愛
「きゃっ！」%K%P
「きゃっ！」%K%P
愛さんの言葉を無視して彼女の水着をはだける。%K%P
愛さんの言葉を無視して彼女の水着をはだける。%K%P
そして欲望のまま彼女のおまんこに、\nおちんちんを押し当てて――%K%P
そして欲望のまま彼女のおまんこに、\nおちんちんを押し当てて――%K%P
