………………%K%P
………………%K%P
…………%K%P
…………%K%P
……%K%P
……%K%P
%LC春樹
%LC春樹
「はぁ、はぁ……！」%K%P
「はぁ、はぁ……！」%K%P
猛ダッシュで街中を駆け抜ける。%K%P
猛ダッシュで街中を駆け抜ける。%K%P
時計を確認すると、待ち合わせの時間を\n大幅に遅刻してしまっていた。%K%P
時計を確認すると、待ち合わせの時間を\n大幅に遅刻してしまっていた。%K%P
ああ、きっと怒ってるだろうな……。\n急がないと……！%K%P
ああ、きっと怒ってるだろうな……。\n急がないと……！%K%P
%LC春樹
%LC春樹
「ごめん、愛さんっ……！\n　はぁはぁ、お待たせ……！」%K%P
「ごめん、愛さんっ……！\n　はぁはぁ、お待たせ……！」%K%P
%LC愛
%LC愛
「……遅いです」%K%P
「……遅いです」%K%P
待ち合わせ場所には、\n仏頂面で僕を睨みつけてくる愛さんがいた。%K%P
待ち合わせ場所には、\n仏頂面で僕を睨みつけてくる愛さんがいた。%K%P
%LC愛
%LC愛
「待ち合わせの時間から実に３０分以上の遅刻ですよ？\n　何か申し開きがあるならお聞き致しますが」%K%P
「待ち合わせの時間から実に３０分以上の遅刻ですよ？\n　何か申し開きがあるならお聞き致しますが」%K%P
%LC春樹
%LC春樹
「ご、ごめんね。出る直前に清佳ちゃんに\n　紅茶を淹れてって頼まれちゃって。\n　そのまましばらく蛍姿でティータイムを……」%K%P
「ご、ごめんね。出る直前に清佳ちゃんに\n　紅茶を淹れてって頼まれちゃって。\n　そのまましばらく蛍姿でティータイムを……」%K%P
%LC愛
%LC愛
「へぇ……。愛とのデートよりも\n　清佳様を優先なさっていたわけですか」%K%P
「へぇ……。愛とのデートよりも\n　清佳様を優先なさっていたわけですか」%K%P
%LC愛
%LC愛
「相変わらず浮気性な男ですね？\n　愛は健気にもここでずっと待っておりましたのに」%K%P
「相変わらず浮気性な男ですね？\n　愛は健気にもここでずっと待っておりましたのに」%K%P
皮肉交じりに愛さんが小首を傾げて明るく言ってくる。\nうぅ、やっぱり怒ってるみたいだ。%K%P
皮肉交じりに愛さんが小首を傾げて明るく言ってくる。\nうぅ、やっぱり怒ってるみたいだ。%K%P
%LC春樹
%LC春樹
「ほ、本当にごめんね。でも、蛍と一緒に\n　紅茶を飲みたいって言われると断れなくて……」%K%P
「ほ、本当にごめんね。でも、蛍と一緒に\n　紅茶を飲みたいって言われると断れなくて……」%K%P
%LC愛
%LC愛
「……清佳様に負い目を感じているのはわかりますが。\n　だからと言って愛を蔑ろにするとは良い度胸です」%K%P
「……清佳様に負い目を感じているのはわかりますが。\n　だからと言って愛を蔑ろにするとは良い度胸です」%K%P
%LC愛
%LC愛
「おかげで３０分も無駄にしてしまいました。\n　なんのためにお休みを頂いたのだかわかりませんね」%K%P
「おかげで３０分も無駄にしてしまいました。\n　なんのためにお休みを頂いたのだかわかりませんね」%K%P
%LC春樹
%LC春樹
「お、遅れた分しっかり楽しませるから……！\n　本当にごめんね？」%K%P
「お、遅れた分しっかり楽しませるから……！\n　本当にごめんね？」%K%P
%LC愛
%LC愛
「……ふふ。言いましたね？\n　つまらないデートをしてくれたら許しませんよ？」%K%P
「……ふふ。言いましたね？\n　つまらないデートをしてくれたら許しませんよ？」%K%P
そう言って、愛さんが僕の身体を抱き寄せてくる。%K%P
そう言って、愛さんが僕の身体を抱き寄せてくる。%K%P
%LC愛
%LC愛
「さぁ、行きましょう。\n　今日は行きたい場所がたくさんあるんです」%K%P
「さぁ、行きましょう。\n　今日は行きたい場所がたくさんあるんです」%K%P
%LC春樹
%LC春樹
「わわっ。そんなに引っ張らなくても大丈夫だよ」%K%P
「わわっ。そんなに引っ張らなくても大丈夫だよ」%K%P
%LC愛
%LC愛
「もう３０分以上も無駄にしているんです。\n　１分１秒が勿体ないじゃないですか」%K%P
「もう３０分以上も無駄にしているんです。\n　１分１秒が勿体ないじゃないですか」%K%P
愛さんが僕を引っ張って行く。\nふふ、この間とは真逆だなぁ。%K%P
愛さんが僕を引っ張って行く。\nふふ、この間とは真逆だなぁ。%K%P
%LC愛
%LC愛
「……む。何を笑っておられるのですか？」%K%P
「……む。何を笑っておられるのですか？」%K%P
%LC春樹
%LC春樹
「はしゃぐ愛さんが可愛くて」%K%P
「はしゃぐ愛さんが可愛くて」%K%P
%LC愛
%LC愛
「〜〜っっ。あ、あなたはまたそういう……！\n　別に、はしゃいじゃいませんし……！」%K%P
「〜〜っっ。あ、あなたはまたそういう……！\n　別に、はしゃいじゃいませんし……！」%K%P
愛さんが顔を赤くしながらほっぺを膨らませる。\nそうやって照れる姿もすごく可愛らしかった。%K%P
愛さんが顔を赤くしながらほっぺを膨らませる。\nそうやって照れる姿もすごく可愛らしかった。%K%P
%LC愛
%LC愛
「あなたこそ……その。内心ではしゃいでるんじゃ\n　ないですか？　可愛い、か、かか、彼女に腕組まれて」%K%P
「あなたこそ……その。内心ではしゃいでるんじゃ\n　ないですか？　可愛い、か、かか、彼女に腕組まれて」%K%P
%LC春樹
%LC春樹
「そうだね。すっごくはしゃいでるよ？」%K%P
「そうだね。すっごくはしゃいでるよ？」%K%P
%LC愛
%LC愛
「〜〜っっ！　ですから否定して下さい……！\n　ツッコミ待ちしてるんですよ、こっちは……！」%K%P
「〜〜っっ！　ですから否定して下さい……！\n　ツッコミ待ちしてるんですよ、こっちは……！」%K%P
%LC春樹
%LC春樹
「だって本当に嬉しいんだもん」%K%P
「だって本当に嬉しいんだもん」%K%P
%LC愛
%LC愛
「ふ、ふんだ……。そんな言葉に騙されません。\n　愛を長々と待たせたクセに……」%K%P
「ふ、ふんだ……。そんな言葉に騙されません。\n　愛を長々と待たせたクセに……」%K%P
照れ隠しするように愛さんがプイと顔を逸らす。%K%P
照れ隠しするように愛さんがプイと顔を逸らす。%K%P
だけど逸らした顔とは裏腹に、\n僕の腕を抱く力はさっきよりも強くなっていた。%K%P
だけど逸らした顔とは裏腹に、\n僕の腕を抱く力はさっきよりも強くなっていた。%K%P
こういう天邪鬼なところが本当に可愛い。%K%P
こういう天邪鬼なところが本当に可愛い。%K%P
%LC春樹
%LC春樹
「待たせちゃったのは本当にごめんね？\n　代わりに今日は一日中付き合うから」%K%P
「待たせちゃったのは本当にごめんね？\n　代わりに今日は一日中付き合うから」%K%P
%LC愛
%LC愛
「当たり前です。こっちはわざわざ今日のために\n　お休みまで取っているのですから」%K%P
「当たり前です。こっちはわざわざ今日のために\n　お休みまで取っているのですから」%K%P
%LC愛
%LC愛
「朝から夜まで……一日中\n　愛に時間を使ってもらわないと困ります。\n　普段は清佳様に取られてばかりですし」%K%P
「朝から夜まで……一日中\n　愛に時間を使ってもらわないと困ります。\n　普段は清佳様に取られてばかりですし」%K%P
%LC愛
%LC愛
「清佳様と話している時のあなたはあなたで……\n　なんだかデレデレしちゃってますし」%K%P
「清佳様と話している時のあなたはあなたで……\n　なんだかデレデレしちゃってますし」%K%P
%LC春樹
%LC春樹
「し、してないよ。清佳さんと話す時はいつも蛍姿だし。\n　あくまで親友として接してるだけだから……！」%K%P
「し、してないよ。清佳さんと話す時はいつも蛍姿だし。\n　あくまで親友として接してるだけだから……！」%K%P
愛さんと付き合ってから既に数週間。\n未だに僕はお屋敷にいる時は蛍姿で過ごしていた。%K%P
愛さんと付き合ってから既に数週間。\n未だに僕はお屋敷にいる時は蛍姿で過ごしていた。%K%P
正体を明かしてもなお蛍を大切に想ってくれる\n清佳ちゃんのためだ。%K%P
正体を明かしてもなお蛍を大切に想ってくれる\n清佳ちゃんのためだ。%K%P
その時ばかりは僕も春樹であることを忘れて、\n清佳ちゃんの親友である蛍であることに徹している。%K%P
その時ばかりは僕も春樹であることを忘れて、\n清佳ちゃんの親友である蛍であることに徹している。%K%P
それがきっと、彼女を騙し続けていた僕にできる、\n唯一の罪滅ぼしだから。%K%P
それがきっと、彼女を騙し続けていた僕にできる、\n唯一の罪滅ぼしだから。%K%P
%LC愛
%LC愛
「だとしても……清佳様に構い過ぎです。\n　愛との時間ももっと大切にして欲しいですね」%K%P
「だとしても……清佳様に構い過ぎです。\n　愛との時間ももっと大切にして欲しいですね」%K%P
%LC愛
%LC愛
「清佳様も清佳様で未だに蛍様とのデートの相談とか\n　してきますし。愛から寝取るつもり満々じゃないですか」%K%P
「清佳様も清佳様で未だに蛍様とのデートの相談とか\n　してきますし。愛から寝取るつもり満々じゃないですか」%K%P
%LC春樹
%LC春樹
「そ、そんな相談されてるんだ」%K%P
「そ、そんな相談されてるんだ」%K%P
%LC愛
%LC愛
「はい。清佳様の中ではあなたと蛍様は今も別人なので。\n　『蛍は私がもらうわよ』とか言われてます」%K%P
「はい。清佳様の中ではあなたと蛍様は今も別人なので。\n　『蛍は私がもらうわよ』とか言われてます」%K%P
……確かに正体を明かした後も何も変わってないもんね。\nそれはそれで有り難いことなんだけど……。%K%P
……確かに正体を明かした後も何も変わってないもんね。\nそれはそれで有り難いことなんだけど……。%K%P
%LC愛
%LC愛
「ちょっぴり――いいえ、かなり不安です。\n　あなたは浮気性のドスケベ男ですから」%K%P
「ちょっぴり――いいえ、かなり不安です。\n　あなたは浮気性のドスケベ男ですから」%K%P
%LC愛
%LC愛
「清佳様に押し倒されたら最後……\n　そのまま心変わりしちゃいそうで」%K%P
「清佳様に押し倒されたら最後……\n　そのまま心変わりしちゃいそうで」%K%P
%LC春樹
%LC春樹
「し、しないってば」%K%P
「し、しないってば」%K%P
%LC愛
%LC愛
「信用できません。今日も遅れてきましたし」%K%P
「信用できません。今日も遅れてきましたし」%K%P
ヤキモチを妬いているのか、\n愛さんがつーんと不機嫌そうに言ってくる。%K%P
ヤキモチを妬いているのか、\n愛さんがつーんと不機嫌そうに言ってくる。%K%P
だけど、そんな姿も可愛く思えてしまうのだから、\n僕は相当彼女に惚れちゃっているんだろう。%K%P
だけど、そんな姿も可愛く思えてしまうのだから、\n僕は相当彼女に惚れちゃっているんだろう。%K%P
%LC愛
%LC愛
「……あんまり愛を放っておくと、\n　他の男に乗り換えちゃいますよ？」%K%P
「……あんまり愛を放っておくと、\n　他の男に乗り換えちゃいますよ？」%K%P
%LC愛
%LC愛
「愛はこう見えてチョロいんです。\n　他の良い男にナンパされたら\n　ホイホイついていってしまうかもしれません」%K%P
「愛はこう見えてチョロいんです。\n　他の良い男にナンパされたら\n　ホイホイついていってしまうかもしれません」%K%P
%LC春樹
%LC春樹
「それは困るよ……！」%K%P
「それは困るよ……！」%K%P
%LC愛
%LC愛
「なら……。もっとしっかり捕まえていて下さい。\n　愛に優しくして、あなたにもっと恋させて下さい」%K%P
「なら……。もっとしっかり捕まえていて下さい。\n　愛に優しくして、あなたにもっと恋させて下さい」%K%P
愛さんが僕を抱き寄せながら上目遣いにそう言ってくる。\nその言葉に、仕草に、ドキドキが止まらない。%K%P
愛さんが僕を抱き寄せながら上目遣いにそう言ってくる。\nその言葉に、仕草に、ドキドキが止まらない。%K%P
それに――%K%P
それに――%K%P
%LC春樹
%LC春樹
「ふふ」%K%P
「ふふ」%K%P
%LC愛
%LC愛
「で、ですから、どうしてそこで笑うんですか」%K%P
「で、ですから、どうしてそこで笑うんですか」%K%P
%LC春樹
%LC春樹
「だって愛さん。いつかと真逆のこと言ってるから」%K%P
「だって愛さん。いつかと真逆のこと言ってるから」%K%P
%LC春樹
%LC春樹
「少し前は、愛のことは放っておいてって。\n　恋させないでって言ってきたのに」%K%P
「少し前は、愛のことは放っておいてって。\n　恋させないでって言ってきたのに」%K%P
%LC愛
%LC愛
「う、うるさいですね。愛に惚れたのは\n　そっちじゃないですか」%K%P
「う、うるさいですね。愛に惚れたのは\n　そっちじゃないですか」%K%P
%LC春樹
%LC春樹
「うん……そうだね。\n　だから他の男の人に取られるのは嫌だな」%K%P
「うん……そうだね。\n　だから他の男の人に取られるのは嫌だな」%K%P
%LC愛
%LC愛
「ふぁ……」%K%P
「ふぁ……」%K%P
愛さんにそっと身を寄せる。\nすると愛さんは照れたように顔を赤くした。%K%P
愛さんにそっと身を寄せる。\nすると愛さんは照れたように顔を赤くした。%K%P
%LC春樹
%LC春樹
「ちゃんと、ふふ。捕まえておくね？」%K%P
「ちゃんと、ふふ。捕まえておくね？」%K%P
%LC愛
%LC愛
「……そ、そうして下さい……」%K%P
「……そ、そうして下さい……」%K%P
蚊の鳴くような声で呟く彼女が\n愛おしくてたまらない。%K%P
蚊の鳴くような声で呟く彼女が\n愛おしくてたまらない。%K%P
ずっとずっと大切にしていきたいと思う。%K%P
ずっとずっと大切にしていきたいと思う。%K%P
%LC春樹
%LC春樹
「それで今日は何をしよっか？\n　どこか行きたい場所はある？」%K%P
「それで今日は何をしよっか？\n　どこか行きたい場所はある？」%K%P
%LC愛
%LC愛
「と、とりあえず服を買ってみたいです……！\n　あとペットショップにもまた行ってみたくて。\n　それと甘いものもたくさん食べたいです……！」%K%P
「と、とりあえず服を買ってみたいです……！\n　あとペットショップにもまた行ってみたくて。\n　それと甘いものもたくさん食べたいです……！」%K%P
%LC春樹
%LC春樹
「ふふ。わかった。時間はたっぷりあるし、\n　行きたいところ全部回ってみよう？」%K%P
「ふふ。わかった。時間はたっぷりあるし、\n　行きたいところ全部回ってみよう？」%K%P
%LC愛
%LC愛
「はいっ」%K%P
「はいっ」%K%P
愛さんも変わったなぁ。%K%P
愛さんも変わったなぁ。%K%P
この間は何事にも興味なさそうにしていたのに。\nこんなにも楽しそうに僕を引っ張り回すようになって。%K%P
この間は何事にも興味なさそうにしていたのに。\nこんなにも楽しそうに僕を引っ張り回すようになって。%K%P
%LC愛
%LC愛
「……あなたが変えてくれたんですよ？」%K%P
「……あなたが変えてくれたんですよ？」%K%P
%LC春樹
%LC春樹
「え？」%K%P
「え？」%K%P
%LC愛
%LC愛
「ですから……あなたが愛を変えてくれたんです」%K%P
「ですから……あなたが愛を変えてくれたんです」%K%P
%LC愛
%LC愛
「ずっと自分に嘘をついて何事にも興味のないフリを\n　していた愛を、あなたが変えてくれました」%K%P
「ずっと自分に嘘をついて何事にも興味のないフリを\n　していた愛を、あなたが変えてくれました」%K%P
%LC愛
%LC愛
「自分のことなんか諦めきっていた愛を……\n　あなたが救ってくれたんです」%K%P
「自分のことなんか諦めきっていた愛を……\n　あなたが救ってくれたんです」%K%P
%LC春樹
%LC春樹
「そう言ってもらうと……なんだか照れるかも」%K%P
「そう言ってもらうと……なんだか照れるかも」%K%P
%LC春樹
%LC春樹
「でも、僕だけじゃないよ？　お姉ちゃんも\n　清佳さんも愛さんのことを思ってるんだから」%K%P
「でも、僕だけじゃないよ？　お姉ちゃんも\n　清佳さんも愛さんのことを思ってるんだから」%K%P
%LC愛
%LC愛
「それは重々承知しています。\n　だけど……あなたはその中でも特別です」%K%P
「それは重々承知しています。\n　だけど……あなたはその中でも特別です」%K%P
すると愛さんは、ふっと表情を緩ませて――%K%P
すると愛さんは、ふっと表情を緩ませて――%K%P
%LC愛
%LC愛
「なんと言っても……ふふ。\n　あなたは愛の彼氏さんなんですから」%K%P
「なんと言っても……ふふ。\n　あなたは愛の彼氏さんなんですから」%K%P
%LC春樹
%LC春樹
「愛さん……」%K%P
「愛さん……」%K%P
%LC愛
%LC愛
「えへへ……。愛に恋を教えたこと、\n　後悔させてあげますからね？」%K%P
「えへへ……。愛に恋を教えたこと、\n　後悔させてあげますからね？」%K%P
%LC愛
%LC愛
「清佳様なんかメじゃないくらい、\n　愛にもっともっと惚れさせてやりますから」%K%P
「清佳様なんかメじゃないくらい、\n　愛にもっともっと惚れさせてやりますから」%K%P
%LC愛
%LC愛
「こう見えて愛はチョロい上に、一度惚れてしまったら\n　デレデレになってしまう女の子らしいです。\n　……こうなった愛は中々に面倒臭いですよ？」%K%P
「こう見えて愛はチョロい上に、一度惚れてしまったら\n　デレデレになってしまう女の子らしいです。\n　……こうなった愛は中々に面倒臭いですよ？」%K%P
%LC春樹
%LC春樹
「ふふふ。望むところだよ」%K%P
「ふふふ。望むところだよ」%K%P
明るい笑顔で笑いかけてくれる彼女を見て、\n僕も自然と笑顔が漏れてしまう。%K%P
明るい笑顔で笑いかけてくれる彼女を見て、\n僕も自然と笑顔が漏れてしまう。%K%P
後悔なんて絶対にしないだろう。\n僕はいつまでもこの笑顔を眺めていたい。%K%P
後悔なんて絶対にしないだろう。\n僕はいつまでもこの笑顔を眺めていたい。%K%P
%LC愛
%LC愛
「えへへ……」%K%P
「えへへ……」%K%P
%LC春樹
%LC春樹
「どうしたの？」%K%P
「どうしたの？」%K%P
%LC愛
%LC愛
「幸せだなぁって思いまして……。\n　あなたと歩いてるだけでも心がポカポカします」%K%P
「幸せだなぁって思いまして……。\n　あなたと歩いてるだけでも心がポカポカします」%K%P
%LC愛
%LC愛
「今なら愛にもハッキリわかります。\n　これが、恋なんだって……」%K%P
「今なら愛にもハッキリわかります。\n　これが、恋なんだって……」%K%P
愛さんが真っ直ぐ僕を見て微笑みかけてくれる。%K%P
愛さんが真っ直ぐ僕を見て微笑みかけてくれる。%K%P
%LC愛
%LC愛
「大好き……ですよ？　えへへ……愛してます」%K%P
「大好き……ですよ？　えへへ……愛してます」%K%P
%LC愛
%LC愛
「これからも、愛をよろしくお願いしますね？」%K%P
「これからも、愛をよろしくお願いしますね？」%K%P
愛さんがぎゅっと僕に抱きついてきてくれる。%K%P
愛さんがぎゅっと僕に抱きついてきてくれる。%K%P
僕はそんな彼女を抱きしめ返した。%K%P
僕はそんな彼女を抱きしめ返した。%K%P
