………………%K%P
………………%K%P
…………%K%P
…………%K%P
……%K%P
……%K%P
%LC清佳
%LC清佳
%XS20「――ほ、ほーっ、ホアアーッ！！　ホアーッ！！」%XE%K%P
%XS20「――ほ、ほーっ、ホアアーッ！！　ホアーッ！！」%XE%K%P
%LC蛍
%LC蛍
「ひぃあっ……！？　な、なに……！？」%K%P
「ひぃあっ……！？　な、なに……！？」%K%P
耳元で奇怪な大声を聞かされて、思わず飛び起きる。%K%P
耳元で奇怪な大声を聞かされて、思わず飛び起きる。%K%P
%LC清佳
%LC清佳
「ホアアッ、ホアッ！！\n　ほたッ、ほたたたッッ……！！」%K%P
「ホアアッ、ホアッ！！\n　ほたッ、ほたたたッッ……！！」%K%P
%LC蛍
%LC蛍
「あ――〜〜っっ！　き、清佳ちゃん……」%K%P
「あ――〜〜っっ！　き、清佳ちゃん……」%K%P
目に飛び込んできた彼女の姿を見て、\n清佳ちゃんと同じ心持ちになる。%K%P
目に飛び込んできた彼女の姿を見て、\n清佳ちゃんと同じ心持ちになる。%K%P
そ、そうだ僕……！\n昨日、清佳ちゃんと――%K%P
そ、そうだ僕……！\n昨日、清佳ちゃんと――%K%P
%LC清佳
%LC清佳
「あのっ、えと……！！\n　蛍っ、き、昨日、ききき、昨日っ……！！」%K%P
「あのっ、えと……！！\n　蛍っ、き、昨日、ききき、昨日っ……！！」%K%P
%LC蛍
%LC蛍
「ふぇっ……！！　あえとっ……！！　そ、その……！！」%K%P
「ふぇっ……！！　あえとっ……！！　そ、その……！！」%K%P
二人揃って慌てふためいてしまう。\n頭が働かない。何も考えられなくて……！！%K%P
二人揃って慌てふためいてしまう。\n頭が働かない。何も考えられなくて……！！%K%P
%LC清佳
%LC清佳
「〜〜っっ！！　ごめんなさいっ……！！\n　いま私、蛍の顔見られそうになくてっ……！！\n　あ、朝ご飯、いらないからっっ……！！」%K%P
「〜〜っっ！！　ごめんなさいっ……！！\n　いま私、蛍の顔見られそうになくてっ……！！\n　あ、朝ご飯、いらないからっっ……！！」%K%P
%LC蛍
%LC蛍
「あっ――き、清佳ちゃん……！！」%K%P
「あっ――き、清佳ちゃん……！！」%K%P
%LC清佳
%LC清佳
『愛っ……！！　愛っっ！！！\n　車をっ、車を回してっっ、愛っっ！！！！』%K%P
『愛っ……！！　愛っっ！！！\n　車をっ、車を回してっっ、愛っっ！！！！』%K%P
止める間もなく清佳ちゃんが部屋を出て行ってしまう。%K%P
止める間もなく清佳ちゃんが部屋を出て行ってしまう。%K%P
無理もないよね……。\nあんなことしたわけだし……。%K%P
無理もないよね……。\nあんなことしたわけだし……。%K%P
%LC蛍
%LC蛍
「冷静に考えると、\n　とんでもないことをしちゃったような……」%K%P
「冷静に考えると、\n　とんでもないことをしちゃったような……」%K%P
キスや告白だけでもマズいと思っていたのに、\nエ、エッチまでしちゃって……。%K%P
キスや告白だけでもマズいと思っていたのに、\nエ、エッチまでしちゃって……。%K%P
清佳ちゃんを――騙したまま。%K%P
清佳ちゃんを――騙したまま。%K%P
%LC蛍
%LC蛍
「…………」%K%P
「…………」%K%P
幸せな気持ちから一転、罪悪感が募ってしまう。\n僕はなんて最低愛悪の男なんだ……。%K%P
幸せな気持ちから一転、罪悪感が募ってしまう。\n僕はなんて最低愛悪の男なんだ……。%K%P
%LC蛍
%LC蛍
「いっそ……本当に女の子だったら良かったのに」%K%P
「いっそ……本当に女の子だったら良かったのに」%K%P
僕が生まれた時から女の子だったら、蛍だったら、\n清佳ちゃんと純粋に愛し合えたはずだ。%K%P
僕が生まれた時から女の子だったら、蛍だったら、\n清佳ちゃんと純粋に愛し合えたはずだ。%K%P
ああしてイチャイチャした後に、\nこうして悲しい気持ちになることもなかっただろう。%K%P
ああしてイチャイチャした後に、\nこうして悲しい気持ちになることもなかっただろう。%K%P
僕は一体……どうすればいいんだろう。%K%P
僕は一体……どうすればいいんだろう。%K%P
%LC千鶴
%LC千鶴
「はーるき」%K%P
「はーるき」%K%P
%LC蛍
%LC蛍
「ひぃあっ！？　おおお、お姉ちゃん……！？」%K%P
「ひぃあっ！？　おおお、お姉ちゃん……！？」%K%P
不意に音もなく、お姉ちゃんが入ってくる。\n扉が開けっ放しだったみたいだ。%K%P
不意に音もなく、お姉ちゃんが入ってくる。\n扉が開けっ放しだったみたいだ。%K%P
%LC千鶴
%LC千鶴
「やー……。どうやら難儀なことになっちゃった\n　みたいだねー……。これからどうするの？」%K%P
「やー……。どうやら難儀なことになっちゃった\n　みたいだねー……。これからどうするの？」%K%P
%LC蛍
%LC蛍
「えっ！？　な、なんの話……！？」%K%P
「えっ！？　な、なんの話……！？」%K%P
%LC千鶴
%LC千鶴
「なんの話って……そりゃ昨日の話だよ。\n　清佳ちゃん、嬉しそうに報告してきたよ？\n　蛍にキスしてもらった、好きって言ってもらえたって」%K%P
「なんの話って……そりゃ昨日の話だよ。\n　清佳ちゃん、嬉しそうに報告してきたよ？\n　蛍にキスしてもらった、好きって言ってもらえたって」%K%P
%LC千鶴
%LC千鶴
「まったく……。なーにしてんのさ。\n　どんどん春樹として付き合えなくなっちゃうじゃん」%K%P
「まったく……。なーにしてんのさ。\n　どんどん春樹として付き合えなくなっちゃうじゃん」%K%P
な、なんだ。その話か……。%K%P
な、なんだ。その話か……。%K%P
てっきりエッチのことかと思っ――%K%P
てっきりエッチのことかと思っ――%K%P
%LC千鶴
%LC千鶴
「その上エッチまでしてたみたいだし」%K%P
「その上エッチまでしてたみたいだし」%K%P
%LC蛍
%LC蛍
%XS20「どうして知ってるの！！？」%XE%K%P
%XS20「どうして知ってるの！！？」%XE%K%P
%LC千鶴
%LC千鶴
「……やっぱしてたんだ。夜寝ようとしてたら、\n　清佳ちゃんのえっろい声が超聞こえてきてさー……」%K%P
「……やっぱしてたんだ。夜寝ようとしてたら、\n　清佳ちゃんのえっろい声が超聞こえてきてさー……」%K%P
%LC千鶴
%LC千鶴
「てか、もしかしてついに正体明かしたの？\n　その流れでヤっちゃった感じ……？」%K%P
「てか、もしかしてついに正体明かしたの？\n　その流れでヤっちゃった感じ……？」%K%P
%LC蛍
%LC蛍
「あ、いや、それは、えと――……！」%K%P
「あ、いや、それは、えと――……！」%K%P
昨夜の出来事をかいつまんでお姉ちゃんに話す。%K%P
昨夜の出来事をかいつまんでお姉ちゃんに話す。%K%P
すると――%K%P
すると――%K%P
%LC千鶴
%LC千鶴
「我が弟ながら向こう見ずだねー……」%K%P
「我が弟ながら向こう見ずだねー……」%K%P
%LC蛍
%LC蛍
「う……。ご、ごめんなさい……」%K%P
「う……。ご、ごめんなさい……」%K%P
%LC千鶴
%LC千鶴
「あたしに謝られても。\n　それに悪いことでもなくない？」%K%P
「あたしに謝られても。\n　それに悪いことでもなくない？」%K%P
%LC蛍
%LC蛍
「えっ？」%K%P
「えっ？」%K%P
%LC千鶴
%LC千鶴
「それだけ想いが止められなかったってコトっしょ。\n　春樹は本気で清佳ちゃんが好きなんだよ」%K%P
「それだけ想いが止められなかったってコトっしょ。\n　春樹は本気で清佳ちゃんが好きなんだよ」%K%P
%LC千鶴
%LC千鶴
「最後の一線だって守ったわけじゃん？\n　チンポ生えてること……隠し続けたんでしょ？」%K%P
「最後の一線だって守ったわけじゃん？\n　チンポ生えてること……隠し続けたんでしょ？」%K%P
%LC千鶴
%LC千鶴
「普通は襲っちゃうって、好きな子のあんな\n　エロい声聞かされたら。あたしもムラムラしたもん」%K%P
「普通は襲っちゃうって、好きな子のあんな\n　エロい声聞かされたら。あたしもムラムラしたもん」%K%P
%LC蛍
%LC蛍
「お姉ちゃん……」%K%P
「お姉ちゃん……」%K%P
%LC千鶴
%LC千鶴
「ま……前途多難になったのは間違いないけどさ。\n　あんま悩みすぎても仕方ないって」%K%P
「ま……前途多難になったのは間違いないけどさ。\n　あんま悩みすぎても仕方ないって」%K%P
%LC千鶴
%LC千鶴
「それより清佳ちゃんへの気持ちを大切にしなよ。\n　土下座して謝るって言うなら一緒に謝ってあげるしさ」%K%P
「それより清佳ちゃんへの気持ちを大切にしなよ。\n　土下座して謝るって言うなら一緒に謝ってあげるしさ」%K%P
%LC蛍
%LC蛍
「うん……ありがとう」%K%P
「うん……ありがとう」%K%P
お姉ちゃんの言う通りだ。\n自分を責めても何も解決しない。%K%P
お姉ちゃんの言う通りだ。\n自分を責めても何も解決しない。%K%P
いっそ本当に土下座してもいいかもしれない。%K%P
いっそ本当に土下座してもいいかもしれない。%K%P
今こそ全てを打ち明けて、\n清佳ちゃんに自分の想いを告げる時なのかも――%K%P
今こそ全てを打ち明けて、\n清佳ちゃんに自分の想いを告げる時なのかも――%K%P
%LC愛
%LC愛
「――去勢しますね」%K%P
「――去勢しますね」%K%P
%LC春樹
%LC春樹
「ははは、話せばわかるよ……！！」%K%P
「ははは、話せばわかるよ……！！」%K%P
%LC愛
%LC愛
「問答無用です。切ります」%K%P
「問答無用です。切ります」%K%P
%LC春樹
%LC春樹
「ひぃいっ！？　ホントにハサミ持ってるし！！」%K%P
「ひぃいっ！？　ホントにハサミ持ってるし！！」%K%P
登校するや否や、愛さんに声をかけられて、\n体育倉庫へと連れて行かれた。そして今に至る。%K%P
登校するや否や、愛さんに声をかけられて、\n体育倉庫へと連れて行かれた。そして今に至る。%K%P
%LC愛
%LC愛
「ふふふ、昨夜はお楽しみだったのでしょう？\n　女装姿でキスに告白、果てはエッチまでなさったとか」%K%P
「ふふふ、昨夜はお楽しみだったのでしょう？\n　女装姿でキスに告白、果てはエッチまでなさったとか」%K%P
%LC愛
%LC愛
「それはつまり男を捨てる覚悟をなさった、\n　ということでございますよね？　そうでしょう？」%K%P
「それはつまり男を捨てる覚悟をなさった、\n　ということでございますよね？　そうでしょう？」%K%P
%LC春樹
%LC春樹
「そそそ、それは……！」%K%P
「そそそ、それは……！」%K%P
%LC愛
%LC愛
「まさか、その覚悟もなしに清佳様に触れたのですか？\n　あり得ませんよね？　ゴミクズ以下の思考ですよ？」%K%P
「まさか、その覚悟もなしに清佳様に触れたのですか？\n　あり得ませんよね？　ゴミクズ以下の思考ですよ？」%K%P
%LC春樹
%LC春樹
「つ、つい――」%K%P
「つ、つい――」%K%P
%LC愛
%LC愛
「――『つい勢いで』とでも言おうものなら、\n　本気で去勢しますから。そんな言葉で\n　済まされるものだとお思いなのですか？」%K%P
「――『つい勢いで』とでも言おうものなら、\n　本気で去勢しますから。そんな言葉で\n　済まされるものだとお思いなのですか？」%K%P
%LC春樹
%LC春樹
「うっ……！」%K%P
「うっ……！」%K%P
愛さんに激詰めされて口ごもってしまう。\nそ、そうだよね。済まされないよね……。%K%P
愛さんに激詰めされて口ごもってしまう。\nそ、そうだよね。済まされないよね……。%K%P
%LC愛
%LC愛
「清佳様の話によれば、夏祭りでは自らキスをされて、\n　昨夜は自ら清佳様を押し倒されたのでしょう？」%K%P
「清佳様の話によれば、夏祭りでは自らキスをされて、\n　昨夜は自ら清佳様を押し倒されたのでしょう？」%K%P
%LC愛
%LC愛
「なら下品なイチモツは必要ないではありませんか。\n　身も心も女になれば、思い悩むこともありませんよ？」%K%P
「なら下品なイチモツは必要ないではありませんか。\n　身も心も女になれば、思い悩むこともありませんよ？」%K%P
%LC春樹
%LC春樹
「そ、それはそうなんだけど……」%K%P
「そ、それはそうなんだけど……」%K%P
%LC愛
%LC愛
「『けど』？　なんです？　まさかこの期に及んで、\n　男として好かれることを諦めてないのですか？」%K%P
「『けど』？　なんです？　まさかこの期に及んで、\n　男として好かれることを諦めてないのですか？」%K%P
%LC春樹
%LC春樹
「…………」%K%P
「…………」%K%P
どうなんだろう。\n自分でもよくわからない。%K%P
どうなんだろう。\n自分でもよくわからない。%K%P
昨夜、清佳ちゃんとエッチするまでは、\n夏祭りでキスや告白をしてしまったことも後悔してた。%K%P
昨夜、清佳ちゃんとエッチするまでは、\n夏祭りでキスや告白をしてしまったことも後悔してた。%K%P
でも今は……どうなんだろう。\n今朝も「もし自分が蛍だったら」なんて思っていたし。%K%P
でも今は……どうなんだろう。\n今朝も「もし自分が蛍だったら」なんて思っていたし。%K%P
%LC愛
%LC愛
「はぁ……。ともかく自分のしでかした行為の責任は\n　きちんと取って下さい」%K%P
「はぁ……。ともかく自分のしでかした行為の責任は\n　きちんと取って下さい」%K%P
%LC愛
%LC愛
「明日から夏休みでしょう？　蛍様として、\n　清佳様と関わる機会も自ずと増えるはずですし」%K%P
「明日から夏休みでしょう？　蛍様として、\n　清佳様と関わる機会も自ずと増えるはずですし」%K%P
%LC愛
%LC愛
「二人の関係が深まったというなら尚更です。\n　くれぐれも正体がバレないように振る舞って下さい」%K%P
「二人の関係が深まったというなら尚更です。\n　くれぐれも正体がバレないように振る舞って下さい」%K%P
%LC愛
%LC愛
「清佳様を悲しませるような真似をなされば、\n　愛はあなたを許しませんから」%K%P
「清佳様を悲しませるような真似をなされば、\n　愛はあなたを許しませんから」%K%P
それだけ言って愛さんは去って行った。%K%P
それだけ言って愛さんは去って行った。%K%P
……愛さんの話ももっともだ。だからこそ迷う。%K%P
……愛さんの話ももっともだ。だからこそ迷う。%K%P
お姉ちゃんの言うように土下座してでも打ち明けるか、\nあるいは本当に蛍になってしまうか。%K%P
お姉ちゃんの言うように土下座してでも打ち明けるか、\nあるいは本当に蛍になってしまうか。%K%P
僕は一体、どうしたいんだろう。%K%P
僕は一体、どうしたいんだろう。%K%P
%LC教師
%LC教師
「夏休みだからと言って羽目を外しすぎないように！\n　休み明けに髪染めたまま登校するなよ。以上」%K%P
「夏休みだからと言って羽目を外しすぎないように！\n　休み明けに髪染めたまま登校するなよ。以上」%K%P
ＨＲが終わった瞬間、教室が一気に賑やかになる。\n夏休みの予定を友達同士で立てているみたいだ。%K%P
ＨＲが終わった瞬間、教室が一気に賑やかになる。\n夏休みの予定を友達同士で立てているみたいだ。%K%P
%LC春樹
%LC春樹
「はぁ……」%K%P
「はぁ……」%K%P
%LC清佳
%LC清佳
「どうしたのよ……。ようやく夏休みに入ったって\n　いうのにため息なんか漏らしちゃって」%K%P
「どうしたのよ……。ようやく夏休みに入ったって\n　いうのにため息なんか漏らしちゃって」%K%P
%LC春樹
%LC春樹
「ふぇ！？　き、清佳さん……！？」%K%P
「ふぇ！？　き、清佳さん……！？」%K%P
%LC清佳
%LC清佳
「何よ、その驚きようは。\n　悩みがあるなら聞くわよ？\n　私、今日はとっても機嫌が良いから」%K%P
「何よ、その驚きようは。\n　悩みがあるなら聞くわよ？\n　私、今日はとっても機嫌が良いから」%K%P
ニコニコと幸せそうに笑いながら\n清佳ちゃんが話しかけてきてくれる。%K%P
ニコニコと幸せそうに笑いながら\n清佳ちゃんが話しかけてきてくれる。%K%P
その笑顔の理由を考えて、嬉しくなる反面、\nやっぱり申し訳なさも覚えてしまう。%K%P
その笑顔の理由を考えて、嬉しくなる反面、\nやっぱり申し訳なさも覚えてしまう。%K%P
早急に僕も覚悟を決めないと、だよね。%K%P
早急に僕も覚悟を決めないと、だよね。%K%P
%LC春樹
%LC春樹
「ありがとう。でも大丈夫」%K%P
「ありがとう。でも大丈夫」%K%P
%LC清佳
%LC清佳
「そう？　ならいいけど」%K%P
「そう？　ならいいけど」%K%P
手を振って応えると、清佳ちゃんも\n特段、気にする様子もなく頷いてくれた。%K%P
手を振って応えると、清佳ちゃんも\n特段、気にする様子もなく頷いてくれた。%K%P
もしもこれが蛍だったら、\nもっと悩みを聞き出されたりしたのかな。%K%P
もしもこれが蛍だったら、\nもっと悩みを聞き出されたりしたのかな。%K%P
って……何を考えてるんだ、僕は。%K%P
って……何を考えてるんだ、僕は。%K%P
%LC清佳
%LC清佳
「あ、そうだ。春樹くん、このあと暇だったりする？」%K%P
「あ、そうだ。春樹くん、このあと暇だったりする？」%K%P
%LC春樹
%LC春樹
「え？　えと、どうだろう」%K%P
「え？　えと、どうだろう」%K%P
%LC清佳
%LC清佳
「どうだろう。ってことは予定らしい予定はないのね？」%K%P
「どうだろう。ってことは予定らしい予定はないのね？」%K%P
%LC清佳
%LC清佳
「なら付き合って欲しいことがあるんだけど」%K%P
「なら付き合って欲しいことがあるんだけど」%K%P
%LC春樹
%LC春樹
「へ？」%K%P
「へ？」%K%P
