………………%K%P
………………%K%P
…………%K%P
…………%K%P
……%K%P
……%K%P
%LC清佳
%LC清佳
「はぁ……」%K%P
「はぁ……」%K%P
%LC春樹
%LC春樹
「やっぱりここにいたんだ？」%K%P
「やっぱりここにいたんだ？」%K%P
%LC清佳
%LC清佳
「あ……春樹くん」%K%P
「あ……春樹くん」%K%P
%LC春樹
%LC春樹
「お屋敷にいなかったからさ。\n　きっとここかなって」%K%P
「お屋敷にいなかったからさ。\n　きっとここかなって」%K%P
まだ人もまばらの早朝。\n彼女は公園のベンチに一人座っていた。%K%P
まだ人もまばらの早朝。\n彼女は公園のベンチに一人座っていた。%K%P
%LC春樹
%LC春樹
「隣座っていい？」%K%P
「隣座っていい？」%K%P
%LC清佳
%LC清佳
「ええ……」%K%P
「ええ……」%K%P
突然現れた僕に戸惑った顔を浮かべながらも、\n清佳ちゃんが頷き返して隣にズレてくれる。%K%P
突然現れた僕に戸惑った顔を浮かべながらも、\n清佳ちゃんが頷き返して隣にズレてくれる。%K%P
%LC春樹
%LC春樹
「んしょ、と」%K%P
「んしょ、と」%K%P
朝の公園は空気がとても澄んでいて、\n夏場にもかかわらず少し肌寒い。%K%P
朝の公園は空気がとても澄んでいて、\n夏場にもかかわらず少し肌寒い。%K%P
けれど燦々と照りつける太陽が冷えた身体を\nほどよく温めてくれて、とても心地が良かった。%K%P
けれど燦々と照りつける太陽が冷えた身体を\nほどよく温めてくれて、とても心地が良かった。%K%P
%LC春樹
%LC春樹
「なんだかこうして一緒にベンチに座ってると、\n　小さい頃を思い出しちゃうね？」%K%P
「なんだかこうして一緒にベンチに座ってると、\n　小さい頃を思い出しちゃうね？」%K%P
%LC春樹
%LC春樹
「あの頃はいつもここで待ち合わせをしてたっけ。\n　先に来た方がベンチに座って待っててさ」%K%P
「あの頃はいつもここで待ち合わせをしてたっけ。\n　先に来た方がベンチに座って待っててさ」%K%P
%LC清佳
%LC清佳
「……そうね。大抵、私が先に着いてたっけ。\n　蛍と遊ぶ時間が楽しみで楽しみで仕方なくて」%K%P
「……そうね。大抵、私が先に着いてたっけ。\n　蛍と遊ぶ時間が楽しみで楽しみで仕方なくて」%K%P
%LC清佳
%LC清佳
「蛍と遊んでいる時間だけは、\n　自分が楠家の娘だってことを忘れられたから」%K%P
「蛍と遊んでいる時間だけは、\n　自分が楠家の娘だってことを忘れられたから」%K%P
しんみりと清佳ちゃんが目を細める。%K%P
しんみりと清佳ちゃんが目を細める。%K%P
やはり昨日のことを気にしてるんだろう。%K%P
やはり昨日のことを気にしてるんだろう。%K%P
お嬢様扱いを特に嫌う彼女だ。\n昨日の忖度は不本意でしかなかったはずだ。%K%P
お嬢様扱いを特に嫌う彼女だ。\n昨日の忖度は不本意でしかなかったはずだ。%K%P
どうにか励ましてあげたい。\nでも言葉を重ねたところでは気は晴れたりしないだろう。%K%P
どうにか励ましてあげたい。\nでも言葉を重ねたところでは気は晴れたりしないだろう。%K%P
%LC春樹
%LC春樹
「ならさ」%K%P
「ならさ」%K%P
%LC清佳
%LC清佳
「ひゃっ！？」%K%P
「ひゃっ！？」%K%P
彼女の手を引いて立ち上がる。%K%P
彼女の手を引いて立ち上がる。%K%P
%LC春樹
%LC春樹
「今から遊ぼうよ。\n　せっかく公園にいるんだし――ねっ？」%K%P
「今から遊ぼうよ。\n　せっかく公園にいるんだし――ねっ？」%K%P
%LC清佳
%LC清佳
「春樹くん……」%K%P
「春樹くん……」%K%P
%LC清佳
%LC清佳
「ええ。遊びましょっ……！」%K%P
「ええ。遊びましょっ……！」%K%P
早朝の――誰もいない公園を独占して、\n二人で子供のようにはしゃぎ回る。%K%P
早朝の――誰もいない公園を独占して、\n二人で子供のようにはしゃぎ回る。%K%P
%LC清佳
%LC清佳
「わぁ……！　早いっ、高いっ……！\n　相変わらずブランコ上手ねっ……！」%K%P
「わぁ……！　早いっ、高いっ……！\n　相変わらずブランコ上手ねっ……！」%K%P
%LC春樹
%LC春樹
「ふふっ、もっと早く、もっと高くできるよっ？\n　そらっ――！！」%K%P
「ふふっ、もっと早く、もっと高くできるよっ？\n　そらっ――！！」%K%P
%LC清佳
%LC清佳
「きゃっ！！　もう、張り切りすぎよっ。\n　ズドンって来たわよ、今……！」%K%P
「きゃっ！！　もう、張り切りすぎよっ。\n　ズドンって来たわよ、今……！」%K%P
%LC春樹
%LC春樹
「あははっ」%K%P
「あははっ」%K%P
子供の時もこんな風にブランコに乗ったなぁ。%K%P
子供の時もこんな風にブランコに乗ったなぁ。%K%P
僕がめいっぱい立ちこぎすると、\nこうして清佳ちゃんに怒られちゃったっけ。%K%P
僕がめいっぱい立ちこぎすると、\nこうして清佳ちゃんに怒られちゃったっけ。%K%P
%LC清佳
%LC清佳
「ん、しょ。よいっしょ――っと。\n　ジャングルジムなんてのぼるの何年ぶりかしら」%K%P
「ん、しょ。よいっしょ――っと。\n　ジャングルジムなんてのぼるの何年ぶりかしら」%K%P
%LC春樹
%LC春樹
「ま、待って清佳ちゃん。僕が先にのぼるから」%K%P
「ま、待って清佳ちゃん。僕が先にのぼるから」%K%P
%LC清佳
%LC清佳
「ダーメ。これは勝負なんだから。\n　あの頃みたいに先に頂上へ着いた方の勝ちよ！」%K%P
「ダーメ。これは勝負なんだから。\n　あの頃みたいに先に頂上へ着いた方の勝ちよ！」%K%P
%LC清佳
%LC清佳
「これだけは、ふふん。蛍に負けたことなかったし！\n　悔しいなら私より早くのぼってみなさい」%K%P
「これだけは、ふふん。蛍に負けたことなかったし！\n　悔しいなら私より早くのぼってみなさい」%K%P
%LC春樹
%LC春樹
「ま……まぁ、清佳ちゃんがそう言うなら……」%K%P
「ま……まぁ、清佳ちゃんがそう言うなら……」%K%P
%LC清佳
%LC清佳
「何よ、変に熱っぽい声出して――……っっ！？\n　ま、待って、あなた下からパンツ覗いてないっ！？」%K%P
「何よ、変に熱っぽい声出して――……っっ！？\n　ま、待って、あなた下からパンツ覗いてないっ！？」%K%P
%LC春樹
%LC春樹
「〜〜っっ！！　ののの、覗いてないよ！！\n　覗くわけないじゃないっ……！！」%K%P
「〜〜っっ！！　ののの、覗いてないよ！！\n　覗くわけないじゃないっ……！！」%K%P
%LC清佳
%LC清佳
「バッチリ覗いてるじゃないっ……！！\n　――ハっ！　もしかして小さい頃もそうやって――」%K%P
「バッチリ覗いてるじゃないっ……！！\n　――ハっ！　もしかして小さい頃もそうやって――」%K%P
%LC春樹
%LC春樹
「ししし、してない！！　してないからっ！！」%K%P
「ししし、してない！！　してないからっ！！」%K%P
%LC清佳
%LC清佳
「……あの頃は女の子同士だと思っていたから\n　気にしてなかったけど、そんなスケベな目で見てたのね」%K%P
「……あの頃は女の子同士だと思っていたから\n　気にしてなかったけど、そんなスケベな目で見てたのね」%K%P
%LC春樹
%LC春樹
「ご、誤解だってばぁ……！！」%K%P
「ご、誤解だってばぁ……！！」%K%P
と――過去の罪を明らかにされちゃったり。%K%P
と――過去の罪を明らかにされちゃったり。%K%P
%LC春樹
%LC春樹
「ん、もう少し……！」%K%P
「ん、もう少し……！」%K%P
%LC清佳
%LC清佳
「ゆっくり……！　ゆっくりよ？\n　急ぐと崩れちゃうから……！」%K%P
「ゆっくり……！　ゆっくりよ？\n　急ぐと崩れちゃうから……！」%K%P
%LC春樹
%LC春樹
「う、うんっ……！！」%K%P
「う、うんっ……！！」%K%P
砂場でお城を作ってトンネルを開通させる。\n慎重に、慎重に掘り進めていって――%K%P
砂場でお城を作ってトンネルを開通させる。\n慎重に、慎重に掘り進めていって――%K%P
%LC清佳
%LC清佳
「――あっ。ふふ、繋がった……」%K%P
「――あっ。ふふ、繋がった……」%K%P
砂の壁の向こうから、\n温かくてスベスベな清佳ちゃんの手の平が触れてくる。%K%P
砂の壁の向こうから、\n温かくてスベスベな清佳ちゃんの手の平が触れてくる。%K%P
どちらともなく手を繋いで、無邪気に微笑みあった。%K%P
どちらともなく手を繋いで、無邪気に微笑みあった。%K%P
%LC清佳
%LC清佳
「えへへ、楽しい……。\n　ホントに子供の頃に戻ったみたい……」%K%P
「えへへ、楽しい……。\n　ホントに子供の頃に戻ったみたい……」%K%P
%LC春樹
%LC春樹
「そうだね。あの頃は毎日こんな風に\n　たくさんたくさん遊んでたっけ」%K%P
「そうだね。あの頃は毎日こんな風に\n　たくさんたくさん遊んでたっけ」%K%P
%LC清佳
%LC清佳
「ええ。蛍が毎日違う遊びを教えてくれて。\n　何も知らなかった私に楽しいことを\n　たくさんたくさん教えてくれて……」%K%P
「ええ。蛍が毎日違う遊びを教えてくれて。\n　何も知らなかった私に楽しいことを\n　たくさんたくさん教えてくれて……」%K%P
%LC清佳
%LC清佳
「本当に夢のような時間だった。\n　時間も立場も忘れて、はしゃぎ回ってたわ」%K%P
「本当に夢のような時間だった。\n　時間も立場も忘れて、はしゃぎ回ってたわ」%K%P
あの頃を懐かしむように清佳ちゃんが微笑む。%K%P
あの頃を懐かしむように清佳ちゃんが微笑む。%K%P
気づけば公園の時計は正午過ぎを指していて、\n公園にも小さな子供たちが増えてきていた。%K%P
気づけば公園の時計は正午過ぎを指していて、\n公園にも小さな子供たちが増えてきていた。%K%P
%LC春樹
%LC春樹
「なら、今日も新しいこと教えちゃおうかな」%K%P
「なら、今日も新しいこと教えちゃおうかな」%K%P
%LC清佳
%LC清佳
「え？」%K%P
「え？」%K%P
%LC春樹
%LC春樹
「まだまだ遊び足りないでしょ？\n　今度は子供の遊びじゃなくて、\n　今の僕たちにあった遊びを教えてあげるっ」%K%P
「まだまだ遊び足りないでしょ？\n　今度は子供の遊びじゃなくて、\n　今の僕たちにあった遊びを教えてあげるっ」%K%P
%LC清佳
%LC清佳
「春樹くん……」%K%P
「春樹くん……」%K%P
%LC春樹
%LC春樹
「行こう、清佳ちゃん。\n　夏休みなんだし、遊ばなくちゃ勿体ないよ！」%K%P
「行こう、清佳ちゃん。\n　夏休みなんだし、遊ばなくちゃ勿体ないよ！」%K%P
%LC清佳
%LC清佳
「……ふふ。本当にあなたは、\n　今も昔も変わらないんだから……」%K%P
「……ふふ。本当にあなたは、\n　今も昔も変わらないんだから……」%K%P
清佳ちゃんが嬉しそうに笑ってくれる。\nやっぱり彼女は笑っている方がずっと可愛い。%K%P
清佳ちゃんが嬉しそうに笑ってくれる。\nやっぱり彼女は笑っている方がずっと可愛い。%K%P
%LC清佳
%LC清佳
「どこに連れて行ってくれるのっ？\n　言っておくけど相当ハードル上がっちゃってるからね？」%K%P
「どこに連れて行ってくれるのっ？\n　言っておくけど相当ハードル上がっちゃってるからね？」%K%P
%LC春樹
%LC春樹
「ふふ、任せてよっ」%K%P
「ふふ、任せてよっ」%K%P
公園を飛び出して街へ繰り出す――%K%P
公園を飛び出して街へ繰り出す――%K%P
子供の頃には行けなかったカラオケや\nボーリングをしたり、偶然やってた催し物を見たりした。%K%P
子供の頃には行けなかったカラオケや\nボーリングをしたり、偶然やってた催し物を見たりした。%K%P
食べたことがないと言うからハンバーガー屋さんにも\n連れて行ってあげて。%K%P
食べたことがないと言うからハンバーガー屋さんにも\n連れて行ってあげて。%K%P
あまりにも清佳ちゃんの食べ方が上品すぎて、\n逆に笑っちゃったりもして。%K%P
あまりにも清佳ちゃんの食べ方が上品すぎて、\n逆に笑っちゃったりもして。%K%P
その後はショッピングに興じた。\nお互いに似合いそうな服を選んで試着して。%K%P
その後はショッピングに興じた。\nお互いに似合いそうな服を選んで試着して。%K%P
女物の服を渡された時は困ったけれど、\n僕もお返しに彼女が普段着なさそうな服を選んであげた。%K%P
女物の服を渡された時は困ったけれど、\n僕もお返しに彼女が普段着なさそうな服を選んであげた。%K%P
そうやって笑顔で溢れる時間を過ごし続けて――%K%P
そうやって笑顔で溢れる時間を過ごし続けて――%K%P
気づけば空は青色からオレンジ色に変わっていて――%K%P
気づけば空は青色からオレンジ色に変わっていて――%K%P
%LC清佳
%LC清佳
「早く早く。暗くなるとせっかくのお花が\n　何も見えなくなっちゃうわ」%K%P
「早く早く。暗くなるとせっかくのお花が\n　何も見えなくなっちゃうわ」%K%P
%LC春樹
%LC春樹
「そんなに急がなくても大丈夫だってば。\n　お花踏んづけちゃうから……！」%K%P
「そんなに急がなくても大丈夫だってば。\n　お花踏んづけちゃうから……！」%K%P
最初は僕が引いていた手も、\nいつの間にか清佳ちゃんに引かれていた。%K%P
最初は僕が引いていた手も、\nいつの間にか清佳ちゃんに引かれていた。%K%P
昨日まではそれを男らしくないなって\n焦ったりもしたけれど、今はこれでいいと思える。%K%P
昨日まではそれを男らしくないなって\n焦ったりもしたけれど、今はこれでいいと思える。%K%P
清佳ちゃんがこうして笑顔で笑ってくれることこそが\n僕の幸せで、望みなんだから。%K%P
清佳ちゃんがこうして笑顔で笑ってくれることこそが\n僕の幸せで、望みなんだから。%K%P
%LC清佳
%LC清佳
「んしょ、と。ふふ、何度見ても綺麗な場所……。\n　心が洗われる気がする……」%K%P
「んしょ、と。ふふ、何度見ても綺麗な場所……。\n　心が洗われる気がする……」%K%P
%LC春樹
%LC春樹
「そうだね。ずっとこの花の香りに\n　身を任せたくなっちゃう……」%K%P
「そうだね。ずっとこの花の香りに\n　身を任せたくなっちゃう……」%K%P
適当なところに腰を下ろして、\n咲き誇る花々を肩を寄せ合いながら眺める。%K%P
適当なところに腰を下ろして、\n咲き誇る花々を肩を寄せ合いながら眺める。%K%P
すると清佳ちゃんがポツリと呟いてきた。%K%P
すると清佳ちゃんがポツリと呟いてきた。%K%P
%LC清佳
%LC清佳
「今日はありがとう。\n　私を励まそうとしてくれたのよね？」%K%P
「今日はありがとう。\n　私を励まそうとしてくれたのよね？」%K%P
%LC春樹
%LC春樹
「そんなつもりじゃないよ。\n　僕が清佳ちゃんと遊びたかっただけだから」%K%P
「そんなつもりじゃないよ。\n　僕が清佳ちゃんと遊びたかっただけだから」%K%P
%LC清佳
%LC清佳
「ふふ。格好付けちゃって」%K%P
「ふふ。格好付けちゃって」%K%P
おかしそうに微笑むと、\n清佳ちゃんは大きく息をはいた。%K%P
おかしそうに微笑むと、\n清佳ちゃんは大きく息をはいた。%K%P
そして行儀悪く手足を投げ出して、\n花畑に寝転がる。%K%P
そして行儀悪く手足を投げ出して、\n花畑に寝転がる。%K%P
%LC清佳
%LC清佳
「ああもう、資産家の家に生まれるのって最悪。\n　どこに行っても無駄に媚びを売られるもの」%K%P
「ああもう、資産家の家に生まれるのって最悪。\n　どこに行っても無駄に媚びを売られるもの」%K%P
%LC清佳
%LC清佳
「会う人会う人、私じゃなくて楠家にしか興味ないし。\n　隙あらば私を利用しようとするし」%K%P
「会う人会う人、私じゃなくて楠家にしか興味ないし。\n　隙あらば私を利用しようとするし」%K%P
%LC清佳
%LC清佳
「コンクールやコンテストに出ようものなら、\n　どんなに下手を打っても優勝させられちゃうしね。\n　はぁ。出来レースばっかりで嫌になっちゃう」%K%P
「コンクールやコンテストに出ようものなら、\n　どんなに下手を打っても優勝させられちゃうしね。\n　はぁ。出来レースばっかりで嫌になっちゃう」%K%P
%LC春樹
%LC春樹
「清佳ちゃん……」%K%P
「清佳ちゃん……」%K%P
清佳ちゃんの愚痴なんて初めて聞いたかもしれない。%K%P
清佳ちゃんの愚痴なんて初めて聞いたかもしれない。%K%P
嬉しいな。愚痴を聞かせてくれることが本当に嬉しい。\n僕を信頼してくれている証拠だもん。%K%P
嬉しいな。愚痴を聞かせてくれることが本当に嬉しい。\n僕を信頼してくれている証拠だもん。%K%P
%LC清佳
%LC清佳
「ごめんね、巻き込んじゃって。\n　きっと明日の決勝戦も優勝よ。\n　他の参加者たちにも申し訳ないわ」%K%P
「ごめんね、巻き込んじゃって。\n　きっと明日の決勝戦も優勝よ。\n　他の参加者たちにも申し訳ないわ」%K%P
%LC春樹
%LC春樹
「清佳ちゃんが嫌なら参加しなくてもいいんだよ？」%K%P
「清佳ちゃんが嫌なら参加しなくてもいいんだよ？」%K%P
%LC清佳
%LC清佳
「ダメよ。千鶴さんにも、依頼してくれた\n　ブライダルハウスさんにも悪いし」%K%P
「ダメよ。千鶴さんにも、依頼してくれた\n　ブライダルハウスさんにも悪いし」%K%P
%LC清佳
%LC清佳
「わかってるから。こうなった以上、\n　どうしようもないって。いつものことだし」%K%P
「わかってるから。こうなった以上、\n　どうしようもないって。いつものことだし」%K%P
%LC清佳
%LC清佳
「ちょっぴり弱音をはきたかっただけ。\n　あなたにしか……こんなこと言えないから」%K%P
「ちょっぴり弱音をはきたかっただけ。\n　あなたにしか……こんなこと言えないから」%K%P
清佳ちゃんが起き上がって僕の肩に頭を乗せてくる。\n身体についた花の香りの甘い匂いが香ってきた。%K%P
清佳ちゃんが起き上がって僕の肩に頭を乗せてくる。\n身体についた花の香りの甘い匂いが香ってきた。%K%P
%LC清佳
%LC清佳
「おかげでちょっとスッキリした」%K%P
「おかげでちょっとスッキリした」%K%P
%LC清佳
%LC清佳
「嬉しかったわ。一人で公園のベンチで落ち込んでた時、\n　颯爽と現れてくれて……」%K%P
「嬉しかったわ。一人で公園のベンチで落ち込んでた時、\n　颯爽と現れてくれて……」%K%P
%LC清佳
%LC清佳
「あなたと初めて出会った時のこと、思い出した。\n　私を孤独から救ってくれた、あの日のことを」%K%P
「あなたと初めて出会った時のこと、思い出した。\n　私を孤独から救ってくれた、あの日のことを」%K%P
%LC清佳
%LC清佳
「いつもあなたは救ってくれるのね。\n　私が苦しい時に、いつも傍にいてくれる」%K%P
「いつもあなたは救ってくれるのね。\n　私が苦しい時に、いつも傍にいてくれる」%K%P
%LC清佳
%LC清佳
「とっても格好いいわ。大好き……」%K%P
「とっても格好いいわ。大好き……」%K%P
僕の肩の上でスリスリと清佳ちゃんが\n頭を転がせる。その甘えるような仕草が嬉しかった。%K%P
僕の肩の上でスリスリと清佳ちゃんが\n頭を転がせる。その甘えるような仕草が嬉しかった。%K%P
%LC清佳
%LC清佳
「愚痴を聞いてくれてありがとう。\n　一日連れ回してくれてありがとう」%K%P
「愚痴を聞いてくれてありがとう。\n　一日連れ回してくれてありがとう」%K%P
%LC清佳
%LC清佳
「そうよね。私はもう一人で落ち込む必要も、\n　孤独を寂しがる必要もないんだった」%K%P
「そうよね。私はもう一人で落ち込む必要も、\n　孤独を寂しがる必要もないんだった」%K%P
%LC清佳
%LC清佳
「私を心から愛してくれている恋人が傍にいるんだもの」%K%P
「私を心から愛してくれている恋人が傍にいるんだもの」%K%P
胸の内にあるモヤモヤを吐き出すように、\n清佳ちゃんがもう一度大きく息をつく。%K%P
胸の内にあるモヤモヤを吐き出すように、\n清佳ちゃんがもう一度大きく息をつく。%K%P
気が晴れたようで、でも少し疲れているような、\n彼女らしくない表情をしていた。%K%P
気が晴れたようで、でも少し疲れているような、\n彼女らしくない表情をしていた。%K%P
話をしたり遊んだりして楽になったのは確かだけど、\nきっとモヤモヤした気持ちは抜けきってないんだろう。%K%P
話をしたり遊んだりして楽になったのは確かだけど、\nきっとモヤモヤした気持ちは抜けきってないんだろう。%K%P
%LC春樹
%LC春樹
「清佳ちゃんはさ」%K%P
「清佳ちゃんはさ」%K%P
%LC清佳
%LC清佳
「うん？」%K%P
「うん？」%K%P
%LC春樹
%LC春樹
「清佳ちゃんは他の参加者さんに申し訳なく\n　思ってるんだよね？　コンテストが出来レースに\n　なっちゃったから」%K%P
「清佳ちゃんは他の参加者さんに申し訳なく\n　思ってるんだよね？　コンテストが出来レースに\n　なっちゃったから」%K%P
%LC清佳
%LC清佳
「そうね。そう言ってるじゃない」%K%P
「そうね。そう言ってるじゃない」%K%P
%LC春樹
%LC春樹
「なら出来レースにしなければいいんじゃないかな？」%K%P
「なら出来レースにしなければいいんじゃないかな？」%K%P
%LC清佳
%LC清佳
「それも無理よ。私が……うん。\n　楠グループの娘である以上は」%K%P
「それも無理よ。私が……うん。\n　楠グループの娘である以上は」%K%P
%LC春樹
%LC春樹
「ううん、できる。簡単なことだよ」%K%P
「ううん、できる。簡単なことだよ」%K%P
%LC清佳
%LC清佳
「え？」%K%P
「え？」%K%P
%LC春樹
%LC春樹
「僕たちが優勝すればいいんだ。\n　本当の意味で優勝を勝ち取ればいいんだよ」%K%P
「僕たちが優勝すればいいんだ。\n　本当の意味で優勝を勝ち取ればいいんだよ」%K%P
%LC春樹
%LC春樹
「他の参加者さんも、審査員も、観客も、\n　満場一致で僕たちが優勝だって――\n　そう思わせるような結婚式にすればいいんだよ」%K%P
「他の参加者さんも、審査員も、観客も、\n　満場一致で僕たちが優勝だって――\n　そう思わせるような結婚式にすればいいんだよ」%K%P
%LC清佳
%LC清佳
「あ……」%K%P
「あ……」%K%P
僕の言葉を聞いて、清佳ちゃんがハっとする。%K%P
僕の言葉を聞いて、清佳ちゃんがハっとする。%K%P
%LC春樹
%LC春樹
「確かに予選を通過したのは清佳ちゃんへの\n　忖度があったからかもしれない」%K%P
「確かに予選を通過したのは清佳ちゃんへの\n　忖度があったからかもしれない」%K%P
%LC春樹
%LC春樹
「でも、だからこそ僕たちは納得させなくちゃ。\n　特例で予選を通過しただけの実力が、ううん」%K%P
「でも、だからこそ僕たちは納得させなくちゃ。\n　特例で予選を通過しただけの実力が、ううん」%K%P
%LC春樹
%LC春樹
「僕たちがブライダルの広告に相応しい、\n　幸せでラブラブなカップルだってことを」%K%P
「僕たちがブライダルの広告に相応しい、\n　幸せでラブラブなカップルだってことを」%K%P
隣にいる最愛の人に微笑みかける。%K%P
隣にいる最愛の人に微笑みかける。%K%P
彼女が傍にいるだけでこんなにも胸がときめくんだ。\nこの高鳴りをたくさんの人に届けたい。%K%P
彼女が傍にいるだけでこんなにも胸がときめくんだ。\nこの高鳴りをたくさんの人に届けたい。%K%P
愛する人と一緒になることは\nとてつもなく幸せで嬉しいことなんだって伝えたい。%K%P
愛する人と一緒になることは\nとてつもなく幸せで嬉しいことなんだって伝えたい。%K%P
%LC春樹
%LC春樹
「正々堂々、優勝しよう？\n　僕も予選のリベンジしたいからさ」%K%P
「正々堂々、優勝しよう？\n　僕も予選のリベンジしたいからさ」%K%P
%LC春樹
%LC春樹
「僕たちのラブパワーなら、きっとできるよ」%K%P
「僕たちのラブパワーなら、きっとできるよ」%K%P
%LC清佳
%LC清佳
「春樹くん……」%K%P
「春樹くん……」%K%P
%LC清佳
%LC清佳
「そうね……その通りだわ。\n　ふふふ、あなたの言う通りよっ！」%K%P
「そうね……その通りだわ。\n　ふふふ、あなたの言う通りよっ！」%K%P
%LC春樹
%LC春樹
「わわっ！」%K%P
「わわっ！」%K%P
清佳ちゃんが花のような笑顔を浮かべて、\n僕を花畑に押し倒しながら抱きついてくる。%K%P
清佳ちゃんが花のような笑顔を浮かべて、\n僕を花畑に押し倒しながら抱きついてくる。%K%P
%LC清佳
%LC清佳
「私ったら何を悩んでいたのかしら……！\n　出来レース関係なく私たちが一番に決まってるのに！」%K%P
「私ったら何を悩んでいたのかしら……！\n　出来レース関係なく私たちが一番に決まってるのに！」%K%P
%LC清佳
%LC清佳
「ありがとう、春樹くん！\n　おかげで目が覚めたわ、最高にすっきりしたっ！」%K%P
「ありがとう、春樹くん！\n　おかげで目が覚めたわ、最高にすっきりしたっ！」%K%P
%LC春樹
%LC春樹
「な、なら良かった」%K%P
「な、なら良かった」%K%P
清佳ちゃんに思いきり抱きしめられて、\nついついその体温にドキドキしてしまう。%K%P
清佳ちゃんに思いきり抱きしめられて、\nついついその体温にドキドキしてしまう。%K%P
%LC清佳
%LC清佳
「俄然やる気が湧いてきたわ……！\n　最高の結婚式を見せてあげましょっ？」%K%P
「俄然やる気が湧いてきたわ……！\n　最高の結婚式を見せてあげましょっ？」%K%P
%LC清佳
%LC清佳
「私たちが羨ましくなってつい結婚したくなるような\n　ラブラブで幸せいっぱいの披露宴をするのっ！」%K%P
「私たちが羨ましくなってつい結婚したくなるような\n　ラブラブで幸せいっぱいの披露宴をするのっ！」%K%P
%LC春樹
%LC春樹
「ん゛んっ〜〜……！！」%K%P
「ん゛んっ〜〜……！！」%K%P
悪戯を思いついた子供のようにはしゃぎながら、\n清佳ちゃんがめいっぱい唇を押しつけてきてくれる。%K%P
悪戯を思いついた子供のようにはしゃぎながら、\n清佳ちゃんがめいっぱい唇を押しつけてきてくれる。%K%P
げ、元気になってくれたのは嬉しいけど、\nこんなことされたら僕のアレも元気に――%K%P
げ、元気になってくれたのは嬉しいけど、\nこんなことされたら僕のアレも元気に――%K%P
%LC清佳
%LC清佳
「あ……ふふ。おっきくなってる。\n　さっきまであんなに格好良く励ましてくれてたのに」%K%P
「あ……ふふ。おっきくなってる。\n　さっきまであんなに格好良く励ましてくれてたのに」%K%P
%LC春樹
%LC春樹
「き、清佳ちゃんが抱きしめてきたり、\n　キスしてきたりするからだよ……！」%K%P
「き、清佳ちゃんが抱きしめてきたり、\n　キスしてきたりするからだよ……！」%K%P
%LC清佳
%LC清佳
「あはは、それだけでこーんなに硬くしちゃうんだ？\n　本当に私のこと、大好きなのね？」%K%P
「あはは、それだけでこーんなに硬くしちゃうんだ？\n　本当に私のこと、大好きなのね？」%K%P
%LC清佳
%LC清佳
「俄然ヤる気が湧いてきちゃう」%K%P
「俄然ヤる気が湧いてきちゃう」%K%P
%LC春樹
%LC春樹
「さっきと言葉のニュアンスが違っ――ひぃあ！？」%K%P
「さっきと言葉のニュアンスが違っ――ひぃあ！？」%K%P
%LC清佳
%LC清佳
「こーら暴れないの。服、脱がせられないでしょ？」%K%P
「こーら暴れないの。服、脱がせられないでしょ？」%K%P
%LC春樹
%LC春樹
「むしろどうして脱がそうとしてるのさ！？」%K%P
「むしろどうして脱がそうとしてるのさ！？」%K%P
%LC清佳
%LC清佳
「そんなのエッチするために決まってるじゃない。\n　私も脱いじゃおっと」%K%P
「そんなのエッチするために決まってるじゃない。\n　私も脱いじゃおっと」%K%P
清佳ちゃんが幸せそうな笑顔を浮かべたまま、\n恥ずかしげもなく服を脱ぎ始める。%K%P
清佳ちゃんが幸せそうな笑顔を浮かべたまま、\n恥ずかしげもなく服を脱ぎ始める。%K%P
%LC清佳
%LC清佳
「わぁ……。なんだかすっごく開放的……。\n　ちょっぴりイケナイことしてる気がしてくるけど」%K%P
「わぁ……。なんだかすっごく開放的……。\n　ちょっぴりイケナイことしてる気がしてくるけど」%K%P
%LC春樹
%LC春樹
「〜〜っっ！？　ぬ、脱ぎすぎだってば……！！\n　誰か来たらどうするのっ……！？」%K%P
「〜〜っっ！？　ぬ、脱ぎすぎだってば……！！\n　誰か来たらどうするのっ……！？」%K%P
%LC清佳
%LC清佳
「来ないってば。それよりほら、あなたも早く脱いで？\n　いま私ね？　とーっても身体が熱いの……」%K%P
「来ないってば。それよりほら、あなたも早く脱いで？\n　いま私ね？　とーっても身体が熱いの……」%K%P
%LC清佳
%LC清佳
「ムラムラしてるだけじゃない。\n　どうしようもなくあなたが愛おしくて……」%K%P
「ムラムラしてるだけじゃない。\n　どうしようもなくあなたが愛おしくて……」%K%P
%LC清佳
%LC清佳
「素肌と素肌を触れ合わせて……えへへ。\n　愛する人と一つになりたいって思ってる」%K%P
「素肌と素肌を触れ合わせて……えへへ。\n　愛する人と一つになりたいって思ってる」%K%P
%LC春樹
%LC春樹
「愛する人と一つに……」%K%P
「愛する人と一つに……」%K%P
%LC清佳
%LC清佳
「ええ。この気持ちがあれば絶対に優勝できるわ。\n　今度こそ私たちのラブラブっぷりを\n　見せつけてあげましょ？」%K%P
「ええ。この気持ちがあれば絶対に優勝できるわ。\n　今度こそ私たちのラブラブっぷりを\n　見せつけてあげましょ？」%K%P
%LC清佳
%LC清佳
「でもその前に……えへへ。\n　あなたのぬくもりをいっぱい感じたい」%K%P
「でもその前に……えへへ。\n　あなたのぬくもりをいっぱい感じたい」%K%P
清佳ちゃんがそっと僕の服を脱がしてくる。\nもはや僕も抵抗はしなかった。%K%P
清佳ちゃんがそっと僕の服を脱がしてくる。\nもはや僕も抵抗はしなかった。%K%P
そしてお互いに生まれたままの姿になって抱きしめ合う。%K%P
そしてお互いに生まれたままの姿になって抱きしめ合う。%K%P
%LC清佳
%LC清佳
「ん……あったかい。落ち着く……。\n　それ以上に胸がドキドキして……」%K%P
「ん……あったかい。落ち着く……。\n　それ以上に胸がドキドキして……」%K%P
%LC春樹
%LC春樹
「う、うん。こんな場所で裸で抱き合ってると\n　思うと恥ずかしいけど……」%K%P
「う、うん。こんな場所で裸で抱き合ってると\n　思うと恥ずかしいけど……」%K%P
だけど羞恥心を感じる以上に幸福だった。%K%P
だけど羞恥心を感じる以上に幸福だった。%K%P
彼女のぬくもりが、素肌の感触が、心音が、\n直に伝わってきて。溶け合っていって。%K%P
彼女のぬくもりが、素肌の感触が、心音が、\n直に伝わってきて。溶け合っていって。%K%P
%LC清佳
%LC清佳
「ふふ。おちんちん、さっきよりも膨らんでる」%K%P
「ふふ。おちんちん、さっきよりも膨らんでる」%K%P
%LC清佳
%LC清佳
「じっとしてて？　気持ち良くしてあげるから」%K%P
「じっとしてて？　気持ち良くしてあげるから」%K%P
すると清佳ちゃんは\nおもむろに僕の股間に身体を乗せて――%K%P
すると清佳ちゃんは\nおもむろに僕の股間に身体を乗せて――%K%P
