%LC清佳
%LC清佳
「ふぁ――あはぁぁん……」%K%P
「ふぁ――あはぁぁん……」%K%P
繋がっていくのを確かめるように、\nゆっくりと腰を落としてくれる。%K%P
繋がっていくのを確かめるように、\nゆっくりと腰を落としてくれる。%K%P
幸せそうな吐息を漏らしながら、\nどんどん僕と彼女の距離が縮まっていく。%K%P
幸せそうな吐息を漏らしながら、\nどんどん僕と彼女の距離が縮まっていく。%K%P
%LC清佳
%LC清佳
「根元まで、んはぁ、しっかり入ったぁ……」%K%P
「根元まで、んはぁ、しっかり入ったぁ……」%K%P
%LC清佳
%LC清佳
「えへへ……。挿れただけで、\n　さっきよりずっとキュンキュンしちゃう……」%K%P
「えへへ……。挿れただけで、\n　さっきよりずっとキュンキュンしちゃう……」%K%P
%LC清佳
%LC清佳
「この感覚、ふぁ、大好き……。\n　大好きな人が私の中にいるって感覚……」%K%P
「この感覚、ふぁ、大好き……。\n　大好きな人が私の中にいるって感覚……」%K%P
%LC春樹
%LC春樹
「僕も大好き……。挿れてもらってるだけで、\n　んん、おちんちんビクビクしちゃう……」%K%P
「僕も大好き……。挿れてもらってるだけで、\n　んん、おちんちんビクビクしちゃう……」%K%P
%LC清佳
%LC清佳
「うん……。感じる……。\n　あなたの興奮も、愛情も、存在も……」%K%P
「うん……。感じる……。\n　あなたの興奮も、愛情も、存在も……」%K%P
%LC清佳
%LC清佳
「とっても幸せで……えへへ。\n　とっても気持ちいい……」%K%P
「とっても幸せで……えへへ。\n　とっても気持ちいい……」%K%P
僕の身体に腰を下ろしたまま、\n清佳ちゃんが身体を小さく揺さぶる。%K%P
僕の身体に腰を下ろしたまま、\n清佳ちゃんが身体を小さく揺さぶる。%K%P
それだけでクチュンクチュンと小さな水音が立った。\n結合部から温かい愛液が僕の下腹部にも垂れてくる。%K%P
それだけでクチュンクチュンと小さな水音が立った。\n結合部から温かい愛液が僕の下腹部にも垂れてくる。%K%P
%LC清佳
%LC清佳
「我ながら濡れすぎ……。\n　おちんちん挿れて、もっと濡れちゃってる……」%K%P
「我ながら濡れすぎ……。\n　おちんちん挿れて、もっと濡れちゃってる……」%K%P
%LC春樹
%LC春樹
「うん……。感じる……。温かくてトロトロしてるのが\n　どんどん溢れてきてるや……」%K%P
「うん……。感じる……。温かくてトロトロしてるのが\n　どんどん溢れてきてるや……」%K%P
%LC清佳
%LC清佳
「これからもっと……ん、溢れてきちゃうと思う」%K%P
「これからもっと……ん、溢れてきちゃうと思う」%K%P
%LC清佳
%LC清佳
「こうやってずっぽり挿れてるだけでも、ふぁ。\n　ものすごく感じちゃってるから……」%K%P
「こうやってずっぽり挿れてるだけでも、ふぁ。\n　ものすごく感じちゃってるから……」%K%P
照れた様子で言いながらも、\n再び清佳ちゃんが身体を揺さぶる。%K%P
照れた様子で言いながらも、\n再び清佳ちゃんが身体を揺さぶる。%K%P
%LC清佳
%LC清佳
「ふぁ、あ。身じろぎするだけで、んん。\n　すっごく気持ちいい……」%K%P
「ふぁ、あ。身じろぎするだけで、んん。\n　すっごく気持ちいい……」%K%P
%LC清佳
%LC清佳
「赤ちゃんの部屋に、んふぅん、\n　グリグリおちんちんが当たっちゃって……」%K%P
「赤ちゃんの部屋に、んふぅん、\n　グリグリおちんちんが当たっちゃって……」%K%P
%LC清佳
%LC清佳
「も、もうしばらくじっとしててもいい……？\n　感じすぎて、ふぁ、動けない……」%K%P
「も、もうしばらくじっとしててもいい……？\n　感じすぎて、ふぁ、動けない……」%K%P
口ではそう尋ねながらも、\n清佳ちゃんの身体が徐々に浮き上がっていく。%K%P
口ではそう尋ねながらも、\n清佳ちゃんの身体が徐々に浮き上がっていく。%K%P
より強い快感を求めるように、\n腰を上下に揺らし始めてくれて――%K%P
より強い快感を求めるように、\n腰を上下に揺らし始めてくれて――%K%P
%LC清佳
%LC清佳
「あっ、あぁん……。あっ、はぁ……！」%K%P
「あっ、あぁん……。あっ、はぁ……！」%K%P
%LC清佳
%LC清佳
「突き上げちゃ、あぁん、ダメぇ。\n　か、感じ過ぎちゃうってば……」%K%P
「突き上げちゃ、あぁん、ダメぇ。\n　か、感じ過ぎちゃうってば……」%K%P
%LC春樹
%LC春樹
「はぁ、はぁ、動いてないよ。\n　清佳ちゃんが、その。自分で……」%K%P
「はぁ、はぁ、動いてないよ。\n　清佳ちゃんが、その。自分で……」%K%P
%LC清佳
%LC清佳
「えっ？　うそ、あっ、んっ……！」%K%P
「えっ？　うそ、あっ、んっ……！」%K%P
無意識に動いていたのか、\n清佳ちゃんがかーっと顔を赤くする。%K%P
無意識に動いていたのか、\n清佳ちゃんがかーっと顔を赤くする。%K%P
けれど身体の動きは止められないのか、ピクンピクンと\n痙攣しながら上下にゆっくりと動き続けていた。%K%P
けれど身体の動きは止められないのか、ピクンピクンと\n痙攣しながら上下にゆっくりと動き続けていた。%K%P
%LC清佳
%LC清佳
「ヤ、ヤダ、恥ずかしい、ふぁ、あぁん……。\n　でも、ん、とめられない……っっ」%K%P
「ヤ、ヤダ、恥ずかしい、ふぁ、あぁん……。\n　でも、ん、とめられない……っっ」%K%P
%LC清佳
%LC清佳
「動いてもらうのと、あはぁ、あぁ、全然違う……。\n　自分の気持ちいいところばっかり擦っちゃって……」%K%P
「動いてもらうのと、あはぁ、あぁ、全然違う……。\n　自分の気持ちいいところばっかり擦っちゃって……」%K%P
うっとりと甘い吐息を漏らしながら、\n初めてオナニーをする生娘のように清佳ちゃんが動く。%K%P
うっとりと甘い吐息を漏らしながら、\n初めてオナニーをする生娘のように清佳ちゃんが動く。%K%P
その姿があまりにも官能的で興奮がとまらない。%K%P
その姿があまりにも官能的で興奮がとまらない。%K%P
%LC清佳
%LC清佳
「ごめんなさ、あっ、ふぁ……！」%K%P
「ごめんなさ、あっ、ふぁ……！」%K%P
%LC清佳
%LC清佳
「あなたを、ん、気持ち良くするって言っておいて、\n　あ、はぁん、自分ばっかり……」%K%P
「あなたを、ん、気持ち良くするって言っておいて、\n　あ、はぁん、自分ばっかり……」%K%P
%LC清佳
%LC清佳
「で、でも、あっ、あぁん……。\n　とめられないの、ふぁぁ、おちんちん、気持ちいい……」%K%P
「で、でも、あっ、あぁん……。\n　とめられないの、ふぁぁ、おちんちん、気持ちいい……」%K%P
%LC春樹
%LC春樹
「い、いいよ。そのまま続けて？\n　十分えっちい、ううん、気持ちいいから……」%K%P
「い、いいよ。そのまま続けて？\n　十分えっちい、ううん、気持ちいいから……」%K%P
グッチュングッチュンとさっきよりも\n大きく卑猥な水音を立てる彼女の姿に発情してしまう。%K%P
グッチュングッチュンとさっきよりも\n大きく卑猥な水音を立てる彼女の姿に発情してしまう。%K%P
%LC清佳
%LC清佳
「ふぁぁ……！　ビュルって熱いの噴き出してきて……！\n　残ってた精子、あぁ、で、出てる……！」%K%P
「ふぁぁ……！　ビュルって熱いの噴き出してきて……！\n　残ってた精子、あぁ、で、出てる……！」%K%P
%LC清佳
%LC清佳
「はぁはぁ、そんなことされたら、あぁん……！\n　もっと欲しく、なっちゃう……」%K%P
「はぁはぁ、そんなことされたら、あぁん……！\n　もっと欲しく、なっちゃう……」%K%P
%LC清佳
%LC清佳
「ただでさえ、ふぁ、あぁん。私のおまんこ、\n　大好きな人の子種、欲しがっちゃってるのにっ……」%K%P
「ただでさえ、ふぁ、あぁん。私のおまんこ、\n　大好きな人の子種、欲しがっちゃってるのにっ……」%K%P
ピストンの勢いが、んん、どんどん増してきて……！\nじゅわわわって膣内に愛液が溢れてきてるのわかる……！%K%P
ピストンの勢いが、んん、どんどん増してきて……！\nじゅわわわって膣内に愛液が溢れてきてるのわかる……！%K%P
%LC清佳
%LC清佳
「あっ、あぁあんっ……！　ダ、ダメ、あぁ、\n　やっぱり、ふぁ、我慢できない……」%K%P
「あっ、あぁあんっ……！　ダ、ダメ、あぁ、\n　やっぱり、ふぁ、我慢できない……」%K%P
%LC清佳
%LC清佳
「自分が気持ち良くなっちゃおうと、\n　あっ、あっ、しちゃって……！」%K%P
「自分が気持ち良くなっちゃおうと、\n　あっ、あっ、しちゃって……！」%K%P
%LC清佳
%LC清佳
「今日は、あぁ、してあげたいのに……！\n　私が、あっ、はぁ、気持ち良く――んんっ！」%K%P
「今日は、あぁ、してあげたいのに……！\n　私が、あっ、はぁ、気持ち良く――んんっ！」%K%P
あくまで奉仕に徹したいのか、\n自分が快感を貪ろうとすることに抵抗があるみたいだ。%K%P
あくまで奉仕に徹したいのか、\n自分が快感を貪ろうとすることに抵抗があるみたいだ。%K%P
でも、僕だって――%K%P
でも、僕だって――%K%P
%LC清佳
%LC清佳
「――ひぃぁあああんっっ！！？」%K%P
「――ひぃぁあああんっっ！！？」%K%P
不意打ち気味に彼女の身体を突き上げると、\n清佳ちゃんは軽く絶頂したように大声で喘いだ。%K%P
不意打ち気味に彼女の身体を突き上げると、\n清佳ちゃんは軽く絶頂したように大声で喘いだ。%K%P
%LC清佳
%LC清佳
「あぁあんっ、あっ、はぁんっ……！！\n　ダ、ダメっ、あぁ、今日は、あぁ、私が……！！」%K%P
「あぁあんっ、あっ、はぁんっ……！！\n　ダ、ダメっ、あぁ、今日は、あぁ、私が……！！」%K%P
%LC清佳
%LC清佳
「ふぁぁっっ、お、おっぱいまで、あぁんっ……！！\n　気持ちいっ、ふぁぁ、でもダメっ……！！」%K%P
「ふぁぁっっ、お、おっぱいまで、あぁんっ……！！\n　気持ちいっ、ふぁぁ、でもダメっ……！！」%K%P
%LC春樹
%LC春樹
「ごめん、はぁはぁっ、僕の方が我慢できなくて……！」%K%P
「ごめん、はぁはぁっ、僕の方が我慢できなくて……！」%K%P
目の前で揺れていたおっぱいを鷲掴みにしながら、\nビショ濡れのおまんこを突き上げていく。%K%P
目の前で揺れていたおっぱいを鷲掴みにしながら、\nビショ濡れのおまんこを突き上げていく。%K%P
我慢できないのは本当だった。%K%P
我慢できないのは本当だった。%K%P
最初は清佳ちゃんにも気持ち良くなって欲しいと\n思って動いたけど、一度突き上げ始めたらもう……！%K%P
最初は清佳ちゃんにも気持ち良くなって欲しいと\n思って動いたけど、一度突き上げ始めたらもう……！%K%P
%LC清佳
%LC清佳
「あぁんっ、ふぁっ、はぁぁんっっ……！！\n　イっちゃっ、あああっ、イ、イくっ……！！」%K%P
「あぁんっ、ふぁっ、はぁぁんっっ……！！\n　イっちゃっ、あああっ、イ、イくっ……！！」%K%P
%LC清佳
%LC清佳
「ま、また私ばっかり、ふぁあっ、\n　気持ち良くしてもらっちゃって……！　あ、あぁんっ」%K%P
「ま、また私ばっかり、ふぁあっ、\n　気持ち良くしてもらっちゃって……！　あ、あぁんっ」%K%P
%LC春樹
%LC春樹
「違うよっ、はぁはぁっ……！　清佳ちゃんのおまんこが\n　気持ち良すぎるから僕も止められなくて……！」%K%P
「違うよっ、はぁはぁっ……！　清佳ちゃんのおまんこが\n　気持ち良すぎるから僕も止められなくて……！」%K%P
%LC清佳
%LC清佳
「ホ、ホントっ？　だったら嬉、しいっ……！！」%K%P
「ホ、ホントっ？　だったら嬉、しいっ……！！」%K%P
%LC清佳
%LC清佳
「なら好きなだけっ、あっ、あっ、あっ……！！\n　好きなだけ突いてっ……！！」%K%P
「なら好きなだけっ、あっ、あっ、あっ……！！\n　好きなだけ突いてっ……！！」%K%P
%LC清佳
%LC清佳
「私のおまんこっ、あぁんっ、いっぱい突いてっ……！\n　おっぱいも、あっ、はぁんっ、揉んでっ……！！」%K%P
「私のおまんこっ、あぁんっ、いっぱい突いてっ……！\n　おっぱいも、あっ、はぁんっ、揉んでっ……！！」%K%P
%LC春樹
%LC春樹
「清佳ちゃんもっ、ふぁっ、好きに動いてっ……！！\n　僕ので、んぁ、気持ち良くなって欲しいっ……！！」%K%P
「清佳ちゃんもっ、ふぁっ、好きに動いてっ……！！\n　僕ので、んぁ、気持ち良くなって欲しいっ……！！」%K%P
%LC清佳
%LC清佳
「う、うんっ――あぁぁあああんっ……！！」%K%P
「う、うんっ――あぁぁあああんっ……！！」%K%P
清佳ちゃんが体勢を整えて、\nヌッチャヌッチャと激しく腰を振り始める。%K%P
清佳ちゃんが体勢を整えて、\nヌッチャヌッチャと激しく腰を振り始める。%K%P
ブルンブルンと揺れるおっぱいを揉み回しながら、\n僕も彼女の動きに合わせて突き上げていく。%K%P
ブルンブルンと揺れるおっぱいを揉み回しながら、\n僕も彼女の動きに合わせて突き上げていく。%K%P
%LC清佳
%LC清佳
「ふぁあああっ、気持ちいいっ……！！\n　あぁっ、イくっ、んぁっ、あぁぁああっっ……！！」%K%P
「ふぁあああっ、気持ちいいっ……！！\n　あぁっ、イくっ、んぁっ、あぁぁああっっ……！！」%K%P
%LC清佳
%LC清佳
「赤ちゃんの部屋がっ、あっ、ふぁっ、\n　ずんずん押し上げられてっ、あふぁ！　あぁあ！！」%K%P
「赤ちゃんの部屋がっ、あっ、ふぁっ、\n　ずんずん押し上げられてっ、あふぁ！　あぁあ！！」%K%P
%LC春樹
%LC春樹
「僕も気持ちいいっ……！！\n　清佳ちゃんのおまんこ、ドロドロ過ぎてっ……！！」%K%P
「僕も気持ちいいっ……！！\n　清佳ちゃんのおまんこ、ドロドロ過ぎてっ……！！」%K%P
おちんちんが熱いっ……！！\nグチュグチュの肉感に身体が火照るっ……！！%K%P
おちんちんが熱いっ……！！\nグチュグチュの肉感に身体が火照るっ……！！%K%P
裸で、しかも外でエッチしてるのもあって、\nまるで露天風呂にでも入ってるみたいだ……！%K%P
裸で、しかも外でエッチしてるのもあって、\nまるで露天風呂にでも入ってるみたいだ……！%K%P
清佳ちゃんのおまんこに、んぁ……！！\n湯あたりさせられてしまうほど気持ちいい……！！%K%P
清佳ちゃんのおまんこに、んぁ……！！\n湯あたりさせられてしまうほど気持ちいい……！！%K%P
%LC清佳
%LC清佳
「お、お外で裸になってエッチするの、あぁん……！！\n　好きかもっ……！！」%K%P
「お、お外で裸になってエッチするの、あぁん……！！\n　好きかもっ……！！」%K%P
%LC清佳
%LC清佳
「いつも以上に、あっ、あっ、あなたの体温を、\n　あぁんっ、興奮を感じられてっ……！！」%K%P
「いつも以上に、あっ、あっ、あなたの体温を、\n　あぁんっ、興奮を感じられてっ……！！」%K%P
%LC清佳
%LC清佳
「繋がってるのっ、ふぁっ、あぁあっ……！！\n　いつも以上に、あぁ、強く感じられてっ……！！」%K%P
「繋がってるのっ、ふぁっ、あぁあっ……！！\n　いつも以上に、あぁ、強く感じられてっ……！！」%K%P
清佳ちゃんもまたのぼせそうな顔で腰を振り続けていた。\n淫蕩に染まった表情が、はぁはぁ、えっちい。%K%P
清佳ちゃんもまたのぼせそうな顔で腰を振り続けていた。\n淫蕩に染まった表情が、はぁはぁ、えっちい。%K%P
射精、んんっ、したくなっちゃうっ……！！%K%P
射精、んんっ、したくなっちゃうっ……！！%K%P
%LC清佳
%LC清佳
「んはぁぁあああんんっっ！！\n　あはぁっ、んぁっ、あっ、あっ、あっ、あああっっ！！」%K%P
「んはぁぁあああんんっっ！！\n　あはぁっ、んぁっ、あっ、あっ、あっ、あああっっ！！」%K%P
感情のままに思い切り突き上げると、\n清佳ちゃんはガクガクと僕の身体の上で痙攣した。%K%P
感情のままに思い切り突き上げると、\n清佳ちゃんはガクガクと僕の身体の上で痙攣した。%K%P
%LC清佳
%LC清佳
「そ、それっ、ああああっっ！！\n　ダメっ、あああっ、気持ち良すぎるっ……！！」%K%P
「そ、それっ、ああああっっ！！\n　ダメっ、あああっ、気持ち良すぎるっ……！！」%K%P
%LC清佳
%LC清佳
「突き上げられた時にっ、ふぁあああっ、イって……！！\n　おちんちんに落ちていった時に、んぁっ、またイってっ」%K%P
「突き上げられた時にっ、ふぁあああっ、イって……！！\n　おちんちんに落ちていった時に、んぁっ、またイってっ」%K%P
%LC清佳
%LC清佳
「あっ、あっ、あっ、あっ……！！\n　気持ちいいのっ、ああぁ、とまんないっ……！！\n　ずっと、ふぁああっ、ずっとイっちゃうっっ……！！」%K%P
「あっ、あっ、あっ、あっ……！！\n　気持ちいいのっ、ああぁ、とまんないっ……！！\n　ずっと、ふぁああっ、ずっとイっちゃうっっ……！！」%K%P
%LC春樹
%LC春樹
「いつも、はぁはぁっ、ずっとイっちゃうって\n　言ってくれるよねっ……！！」%K%P
「いつも、はぁはぁっ、ずっとイっちゃうって\n　言ってくれるよねっ……！！」%K%P
%LC清佳
%LC清佳
「だ、だって、あああっ、本当だもんっ……！！\n　毎回っ、あっ、ああぁっ、ずっとイっちゃ……！！」%K%P
「だ、だって、あああっ、本当だもんっ……！！\n　毎回っ、あっ、ああぁっ、ずっとイっちゃ……！！」%K%P
%LC清佳
%LC清佳
「あなたのおちんちん、ふぁああっ、\n　いつも気持ち良すぎてっ、あっ、あっ……！！\n　どの体勢でも、ああああっ、頭トロけちゃって……！！」%K%P
「あなたのおちんちん、ふぁああっ、\n　いつも気持ち良すぎてっ、あっ、あっ……！！\n　どの体勢でも、ああああっ、頭トロけちゃって……！！」%K%P
%LC清佳
%LC清佳
「でも今日は特に――ふぁあああっっ！！\n　特にすごいっ……！！」%K%P
「でも今日は特に――ふぁあああっっ！！\n　特にすごいっ……！！」%K%P
%LC清佳
%LC清佳
「ズンって来た後にっ、ひあぁあっ……！！\n　ググって来てっ、あぁ、それが――んぁああっっ！！」%K%P
「ズンって来た後にっ、ひあぁあっ……！！\n　ググって来てっ、あぁ、それが――んぁああっっ！！」%K%P
清佳ちゃんが激しく身体を弾ませる。\n浮き上がった分だけずっぽりと腰を落としてくる。%K%P
清佳ちゃんが激しく身体を弾ませる。\n浮き上がった分だけずっぽりと腰を落としてくる。%K%P
子宮がおちんちんにギュムムムと\n体重をかけてくる感触が――僕も気持ちいいっ……！！%K%P
子宮がおちんちんにギュムムムと\n体重をかけてくる感触が――僕も気持ちいいっ……！！%K%P
%LC清佳
%LC清佳
「あっ、あっ、あっ、あっ！！\n　もうダメっ、あああっ、イくっ、またイくぅっっ！！」%K%P
「あっ、あっ、あっ、あっ！！\n　もうダメっ、あああっ、イくっ、またイくぅっっ！！」%K%P
%LC春樹
%LC春樹
「僕もっ、はぁはぁっ、イくっ、んんんっっ！！」%K%P
「僕もっ、はぁはぁっ、イくっ、んんんっっ！！」%K%P
二人して込み上がってくる絶頂の快感に喘ぐ。\nけれど二人揃って限界まで耐えようとする。%K%P
二人して込み上がってくる絶頂の快感に喘ぐ。\nけれど二人揃って限界まで耐えようとする。%K%P
今この瞬間が一番好きだった。%K%P
今この瞬間が一番好きだった。%K%P
この二人でオーガニズムに昇っていってる時が、\n一番彼女と繋がっている心地がして――%K%P
この二人でオーガニズムに昇っていってる時が、\n一番彼女と繋がっている心地がして――%K%P
%LC清佳
%LC清佳
「あっ、あっ、好きっ、んぁあっ、大好きっ……！！」%K%P
「あっ、あっ、好きっ、んぁあっ、大好きっ……！！」%K%P
%LC清佳
%LC清佳
「愛してるっ、愛してるっ、愛してるっっ……！！！」%K%P
「愛してるっ、愛してるっ、愛してるっっ……！！！」%K%P
%LC春樹
%LC春樹
「僕もっ、はぁはぁっ、愛してるっ、大好きだ……！！」%K%P
「僕もっ、はぁはぁっ、愛してるっ、大好きだ……！！」%K%P
剥き出しの心から愛が溢れて言葉を紡ぐ。\n快感以上の幸福感が僕たちを火照らせていく。%K%P
剥き出しの心から愛が溢れて言葉を紡ぐ。\n快感以上の幸福感が僕たちを火照らせていく。%K%P
%LC春樹
%LC春樹
「くはぁぁっっ、清佳ちゃんのおまんこっ……！！\n　はぁはぁ、今にもイきそうなくらいうねって……！！」%K%P
「くはぁぁっっ、清佳ちゃんのおまんこっ……！！\n　はぁはぁ、今にもイきそうなくらいうねって……！！」%K%P
%LC清佳
%LC清佳
「あなたのおちんちんもっ、あっ、あっ……！！\n　ブルブルしてるっ、ふぁあっ、精子きてるっ……！！」%K%P
「あなたのおちんちんもっ、あっ、あっ……！！\n　ブルブルしてるっ、ふぁあっ、精子きてるっ……！！」%K%P
お互いがお互いの子種を求めているのがわかる。\nそれがとてつもなく幸せで、嬉しくて、胸が熱くなって。%K%P
お互いがお互いの子種を求めているのがわかる。\nそれがとてつもなく幸せで、嬉しくて、胸が熱くなって。%K%P
%LC清佳
%LC清佳
「あっ、あっ、あっ、あっ、出してっ……！！\n　あなたの子種っ、あぁ、受け止めさせてっ」%K%P
「あっ、あっ、あっ、あっ、出してっ……！！\n　あなたの子種っ、あぁ、受け止めさせてっ」%K%P
%LC清佳
%LC清佳
「待ってるのっ、あっ、はぁんっ……！！\n　私の子種がっ、ふぁ、あなたの待ってるのっ……！！」%K%P
「待ってるのっ、あっ、はぁんっ……！！\n　私の子種がっ、ふぁ、あなたの待ってるのっ……！！」%K%P
%LC清佳
%LC清佳
「あなたの精子と、あぁあんっ、セックスしたいってっ。\n　私たちみたいに愛し合いたいって、あっ、あっ……！！\n　ズブ濡れにしながら待ってるからっっ……！！」%K%P
「あなたの精子と、あぁあんっ、セックスしたいってっ。\n　私たちみたいに愛し合いたいって、あっ、あっ……！！\n　ズブ濡れにしながら待ってるからっっ……！！」%K%P
僕の精子も同じだ……！\n清佳ちゃんの卵子とセックスしたくて漲ってる……！！%K%P
僕の精子も同じだ……！\n清佳ちゃんの卵子とセックスしたくて漲ってる……！！%K%P
大好きな人を孕ませたいってっ……！\n愛の結晶を作りたいって滾ってっ……！！%K%P
大好きな人を孕ませたいってっ……！\n愛の結晶を作りたいって滾ってっ……！！%K%P
%LC春樹
%LC春樹
「出すよっ、はぁっ、はぁっ、このまま出すから……！！」%K%P
「出すよっ、はぁっ、はぁっ、このまま出すから……！！」%K%P
%LC春樹
%LC春樹
「孕んで欲しいっ……！！　清佳ちゃんにっ……！！\n　僕との子をっ、はぁ、はぁ、作って欲しいっ……！！」%K%P
「孕んで欲しいっ……！！　清佳ちゃんにっ……！！\n　僕との子をっ、はぁ、はぁ、作って欲しいっ……！！」%K%P
%LC清佳
%LC清佳
「私も欲しいっ、あぁんっ、ああっ……！！\n　あなたの子供産みたいっ、孕みたいっっ……！！」%K%P
「私も欲しいっ、あぁんっ、ああっ……！！\n　あなたの子供産みたいっ、孕みたいっっ……！！」%K%P
%LC清佳
%LC清佳
「心も身体もっ、おまんこもっ……！！\n　ふぁああっ、ずっとそう叫んでるのっ……！！」%K%P
「心も身体もっ、おまんこもっ……！！\n　ふぁああっ、ずっとそう叫んでるのっ……！！」%K%P
清佳ちゃんのおまんこがめちゃくちゃに締まる。\n僕の子種が欲しいと抱きついてきてくれる……！%K%P
清佳ちゃんのおまんこがめちゃくちゃに締まる。\n僕の子種が欲しいと抱きついてきてくれる……！%K%P
%LC清佳
%LC清佳
「出してっ、あぁっ、ふぁぁあっっ……！！\n　私のおまんこっ、いっぱいにしてっ……！！」%K%P
「出してっ、あぁっ、ふぁぁあっっ……！！\n　私のおまんこっ、いっぱいにしてっ……！！」%K%P
%LC清佳
%LC清佳
「濡らしてっ、あっ、あっ、待ってるからっ……！！\n　赤ちゃんの部屋でっ、あぁ、待ってるからっ……！！」%K%P
「濡らしてっ、あっ、あっ、待ってるからっ……！！\n　赤ちゃんの部屋でっ、あぁ、待ってるからっ……！！」%K%P
%LC清佳
%LC清佳
「あなたの精子とセックスしたいってっ……！！\n　あああっ、愛し合いたいってっ……！！」%K%P
「あなたの精子とセックスしたいってっ……！！\n　あああっ、愛し合いたいってっ……！！」%K%P
%LC清佳
%LC清佳
「私の卵子がっ、あぁあんっ、スケベな卵子がっ……！！\n　あなたの精子っ、あっ、あっ、待ってるからっ……！！」%K%P
「私の卵子がっ、あぁあんっ、スケベな卵子がっ……！！\n　あなたの精子っ、あっ、あっ、待ってるからっ……！！」%K%P
清佳ちゃんの身体が今までになく震える。\n子宮がものすごく降りてきてるのがわかる……！%K%P
清佳ちゃんの身体が今までになく震える。\n子宮がものすごく降りてきてるのがわかる……！%K%P
%LC清佳
%LC清佳
「ふぁあああっっ、イくっ、あああっ、イくぅっっ！！」%K%P
「ふぁあああっっ、イくっ、あああっ、イくぅっっ！！」%K%P
%LC清佳
%LC清佳
「たくさん注いでっ、ビュービューしてぇっっ……！！」%K%P
「たくさん注いでっ、ビュービューしてぇっっ……！！」%K%P
%LC清佳
%LC清佳
「私の卵子にもっ、ああああっっ！！\n　あなたの精子と、精子とっっ……！！」%K%P
「私の卵子にもっ、ああああっっ！！\n　あなたの精子と、精子とっっ……！！」%K%P
%LC清佳
%LC清佳
「ラブラブセックスさせてあげてぇぇっっ〜〜！！」%K%P
「ラブラブセックスさせてあげてぇぇっっ〜〜！！」%K%P
そして清佳ちゃんがめいっぱい腰を落としてきた瞬間――%K%P
そして清佳ちゃんがめいっぱい腰を落としてきた瞬間――%K%P
%LC清佳
%LC清佳
「あっ――あぁあああああああああああっっ〜〜！！！\n　ふぁああっ、あはぁっ、あぁぁああああっっ〜〜！！！」%K%P
「あっ――あぁあああああああああああっっ〜〜！！！\n　ふぁああっ、あはぁっ、あぁぁああああっっ〜〜！！！」%K%P
ドビュルルルルルルルルル――！！！！\nと、彼女の赤ちゃんの部屋へ精を注ぎ込む。%K%P
ドビュルルルルルルルルル――！！！！\nと、彼女の赤ちゃんの部屋へ精を注ぎ込む。%K%P
いいや、搾り取られる……！！\n亀頭が子宮口に咥えられて、ゴクゴク飲まれて……！！%K%P
いいや、搾り取られる……！！\n亀頭が子宮口に咥えられて、ゴクゴク飲まれて……！！%K%P
%LC清佳
%LC清佳
「あっ、あぁあああっっ〜〜♪♪♪\n　わ、わかるっ、いまエッチしてるのわかるっ……♪」%K%P
「あっ、あぁあああっっ〜〜♪♪♪\n　わ、わかるっ、いまエッチしてるのわかるっ……♪」%K%P
%LC清佳
%LC清佳
「あなたの子種と私の子種が愛し合ってるっ……！！\n　イチャイチャしながらラブラブセックスしてるっ……！」%K%P
「あなたの子種と私の子種が愛し合ってるっ……！！\n　イチャイチャしながらラブラブセックスしてるっ……！」%K%P
%LC清佳
%LC清佳
「え、えへへっ……！！　幸せぇっ……！！」%K%P
「え、えへへっ……！！　幸せぇっ……！！」%K%P
絶頂に悶えながら清佳ちゃんが\n幸せそうな笑みを浮かべてくれる。%K%P
絶頂に悶えながら清佳ちゃんが\n幸せそうな笑みを浮かべてくれる。%K%P
きっと僕も同じような顔をしているんだろう。%K%P
きっと僕も同じような顔をしているんだろう。%K%P
%LC清佳
%LC清佳
「んはぁ、はぁ、はぁ、はぁ……。\n　絶対子供、はぁはぁ、できちゃった……♪」%K%P
「んはぁ、はぁ、はぁ、はぁ……。\n　絶対子供、はぁはぁ、できちゃった……♪」%K%P
%LC清佳
%LC清佳
「赤ちゃんの部屋の中で、んはぁ……。\n　チュッチュしてるのわかる……。\n　えへへ、膣内でラブラブしてる……」%K%P
「赤ちゃんの部屋の中で、んはぁ……。\n　チュッチュしてるのわかる……。\n　えへへ、膣内でラブラブしてる……」%K%P
%LC春樹
%LC春樹
「そうだね、はぁはぁ、イチャイチャしてるや……」%K%P
「そうだね、はぁはぁ、イチャイチャしてるや……」%K%P
清佳ちゃんのお腹の中が\nビクビクと震えているのがわかる。%K%P
清佳ちゃんのお腹の中が\nビクビクと震えているのがわかる。%K%P
きっと今、僕の精子が彼女の卵子を\nずんずん突き上げているんだろう。%K%P
きっと今、僕の精子が彼女の卵子を\nずんずん突き上げているんだろう。%K%P
%LC清佳
%LC清佳
「本当に幸せ……。こうしてあなたと\n　心の底から愛し合えてることが……」%K%P
「本当に幸せ……。こうしてあなたと\n　心の底から愛し合えてることが……」%K%P
%LC清佳
%LC清佳
「大好きよ……？　世界で一番愛してる……」%K%P
「大好きよ……？　世界で一番愛してる……」%K%P
%LC春樹
%LC春樹
「僕も愛してるよ。大好き……」%K%P
「僕も愛してるよ。大好き……」%K%P
言葉で確かめ合う必要もないけれど、\nそれでも口に出して愛を告げたくなる。%K%P
言葉で確かめ合う必要もないけれど、\nそれでも口に出して愛を告げたくなる。%K%P
きっと清佳ちゃんもそうなんだろう。%K%P
きっと清佳ちゃんもそうなんだろう。%K%P
%LC清佳
%LC清佳
「えへへ……。やっぱり明日の優勝は私たちで決まりね」%K%P
「えへへ……。やっぱり明日の優勝は私たちで決まりね」%K%P
%LC清佳
%LC清佳
「だってこんなにも愛し合っているんだもん。\n　仕事で来てるモデルなんかに負けないわ」%K%P
「だってこんなにも愛し合っているんだもん。\n　仕事で来てるモデルなんかに負けないわ」%K%P
%LC春樹
%LC春樹
「ふふ、うんっ。そうだね」%K%P
「ふふ、うんっ。そうだね」%K%P
明日はこの幸せをめいっぱい曝け出そう。%K%P
明日はこの幸せをめいっぱい曝け出そう。%K%P
見ている人たちが嫉妬しちゃうくらい、\n僕たちのラブラブっぷりを見せつけてあげたい。%K%P
見ている人たちが嫉妬しちゃうくらい、\n僕たちのラブラブっぷりを見せつけてあげたい。%K%P
でも、その前に――%K%P
でも、その前に――%K%P
%LC清佳
%LC清佳
「それより、ねぇ……もう一回しよ？\n　私、まだ全然し足りなくて……」%K%P
「それより、ねぇ……もう一回しよ？\n　私、まだ全然し足りなくて……」%K%P
%LC春樹
%LC春樹
「うん。僕もそう言おうと思ってた」%K%P
「うん。僕もそう言おうと思ってた」%K%P
%LC清佳
%LC清佳
「えへへ……。なら今度こそ、\n　私が気持ち良くしてあげる……」%K%P
「えへへ……。なら今度こそ、\n　私が気持ち良くしてあげる……」%K%P
%LC清佳
%LC清佳
「あなたは、ん、はぁ……。じっとしてて、ね？」%K%P
「あなたは、ん、はぁ……。じっとしてて、ね？」%K%P
清佳ちゃんが再び身体を浮き上がらせようとしてくれる。%K%P
清佳ちゃんが再び身体を浮き上がらせようとしてくれる。%K%P
今度は言われたとおり、じっとしておこう。%K%P
今度は言われたとおり、じっとしておこう。%K%P
そしてその後、僕もたっぷり彼女を愛してあげたい。%K%P
そしてその後、僕もたっぷり彼女を愛してあげたい。%K%P
