%LC清佳
%LC清佳
「はぁ、はぁ……。ほ、蛍……」%K%P
「はぁ、はぁ……。ほ、蛍……」%K%P
清佳ちゃんが熱っぽい吐息を漏らしながら\n上目遣いに見つめてくる。%K%P
清佳ちゃんが熱っぽい吐息を漏らしながら\n上目遣いに見つめてくる。%K%P
それだけで僕の頭の中は真っ白になってしまった。%K%P
それだけで僕の頭の中は真っ白になってしまった。%K%P
清佳ちゃんの緊張した息づかいに、\nじんわりと伝わってくる体温に、心が火照ってしまう。%K%P
清佳ちゃんの緊張した息づかいに、\nじんわりと伝わってくる体温に、心が火照ってしまう。%K%P
%LC清佳
%LC清佳
「あっ……！　んっ……！」%K%P
「あっ……！　んっ……！」%K%P
服の上からそっと胸を触ると、\n清佳ちゃんは微かに身体を強ばらせた。%K%P
服の上からそっと胸を触ると、\n清佳ちゃんは微かに身体を強ばらせた。%K%P
けれど、僕に身を預けようとするかのように、\nすぐ力を抜こうとして――けど触れる度に身を固くする。%K%P
けれど、僕に身を預けようとするかのように、\nすぐ力を抜こうとして――けど触れる度に身を固くする。%K%P
%LC清佳
%LC清佳
「ほ、蛍……――あぁん、はぁん……！」%K%P
「ほ、蛍……――あぁん、はぁん……！」%K%P
柔らかい乳房の感触を味わいながら、\nゆっくりと全体を撫で回していく。%K%P
柔らかい乳房の感触を味わいながら、\nゆっくりと全体を撫で回していく。%K%P
清佳ちゃんの口から漏れる色っぽい嬌声が、\n僕の心をさらにざわつかせてきた。%K%P
清佳ちゃんの口から漏れる色っぽい嬌声が、\n僕の心をさらにざわつかせてきた。%K%P
%LC清佳
%LC清佳
「ん、んんっっ……！！」%K%P
「ん、んんっっ……！！」%K%P
%LC蛍
%LC蛍
「っっ。ご、ごめんなさい……！」%K%P
「っっ。ご、ごめんなさい……！」%K%P
強く揉みすぎてしまったのか、\n清佳ちゃんが痛そうな声を出す。%K%P
強く揉みすぎてしまったのか、\n清佳ちゃんが痛そうな声を出す。%K%P
それを聞いて、僕も我に返った。%K%P
それを聞いて、僕も我に返った。%K%P
%LC清佳
%LC清佳
「う、ううん……。大丈夫……。\n　急にぎゅっとされてビックリしちゃっただけ……」%K%P
「う、ううん……。大丈夫……。\n　急にぎゅっとされてビックリしちゃっただけ……」%K%P
%LC清佳
%LC清佳
「続けて……いいから……」%K%P
「続けて……いいから……」%K%P
暗闇でもはっきりとわかるほど、\n清佳ちゃんが顔を赤くして呟く。%K%P
暗闇でもはっきりとわかるほど、\n清佳ちゃんが顔を赤くして呟く。%K%P
そのか細い声に再び我を失いそうになる。\nでもダメだ。こんなこと続けるわけには――%K%P
そのか細い声に再び我を失いそうになる。\nでもダメだ。こんなこと続けるわけには――%K%P
%LC清佳
%LC清佳
「…………。触って、くれないの……？」%K%P
「…………。触って、くれないの……？」%K%P
%LC蛍
%LC蛍
「っっ」%K%P
「っっ」%K%P
%LC清佳
%LC清佳
「あ、あぁん……！　ふぁ……はぁ……！」%K%P
「あ、あぁん……！　ふぁ……はぁ……！」%K%P
ダメだとわかっているのに、\nそれでも止められなかった。%K%P
ダメだとわかっているのに、\nそれでも止められなかった。%K%P
清佳ちゃんの胸を揉み回してしまう。\n服越しでもわかる柔らかさと弾力に興奮してしまって。%K%P
清佳ちゃんの胸を揉み回してしまう。\n服越しでもわかる柔らかさと弾力に興奮してしまって。%K%P
%LC清佳
%LC清佳
「はぁん、あぁ……！　熱い……！\n　蛍の手、はぁはぁ、すごく……」%K%P
「はぁん、あぁ……！　熱い……！\n　蛍の手、はぁはぁ、すごく……」%K%P
%LC清佳
%LC清佳
「嬉しい……。ふぁ、あぁ……！\n　こんなに、んんっ、興奮してくれて……」%K%P
「嬉しい……。ふぁ、あぁ……！\n　こんなに、んんっ、興奮してくれて……」%K%P
清佳ちゃんの身体も尋常じゃなく熱かった。%K%P
清佳ちゃんの身体も尋常じゃなく熱かった。%K%P
全身にしっとりと汗が滲んでいて、\nその耽美なフェロモンが僕をより強く魅惑してくる。%K%P
全身にしっとりと汗が滲んでいて、\nその耽美なフェロモンが僕をより強く魅惑してくる。%K%P
%LC清佳
%LC清佳
「あぁぁんっ……！　気持ちいい、んんっ……！\n　おっぱいぎゅっとされるの、あっ、んぁ……！」%K%P
「あぁぁんっ……！　気持ちいい、んんっ……！\n　おっぱいぎゅっとされるの、あっ、んぁ……！」%K%P
%LC清佳
%LC清佳
「乳首が、あっ……！　服に、んん、擦れて……！\n　へ、変な感じ……！　身体がビクってしちゃう……」%K%P
「乳首が、あっ……！　服に、んん、擦れて……！\n　へ、変な感じ……！　身体がビクってしちゃう……」%K%P
感じる清佳ちゃんの可愛い姿を見て、\n邪な性欲がどんどん溢れてきてしまう。%K%P
感じる清佳ちゃんの可愛い姿を見て、\n邪な性欲がどんどん溢れてきてしまう。%K%P
胸だけじゃなく、頬や首筋、お腹や腰周りというように\n彼女の全身を撫で回すように触ってしまって――%K%P
胸だけじゃなく、頬や首筋、お腹や腰周りというように\n彼女の全身を撫で回すように触ってしまって――%K%P
%LC清佳
%LC清佳
「――ひぃあんっ……！　そ、そこは……！」%K%P
「――ひぃあんっ……！　そ、そこは……！」%K%P
その手が下腹部に伸びかけた時、\n清佳ちゃんは恥ずかしそうに僕を見つめてきた。%K%P
その手が下腹部に伸びかけた時、\n清佳ちゃんは恥ずかしそうに僕を見つめてきた。%K%P
%LC蛍
%LC蛍
「ここは触っちゃ……ダメ？」%K%P
「ここは触っちゃ……ダメ？」%K%P
%LC清佳
%LC清佳
「そ、それは……。えと……その……」%K%P
「そ、それは……。えと……その……」%K%P
ダメとも良いとも言えずに、\n清佳ちゃんが朱に染まった顔を向けてくる。%K%P
ダメとも良いとも言えずに、\n清佳ちゃんが朱に染まった顔を向けてくる。%K%P
けれど、なんとか意思表示するように、\nほんの僅かだけ足を開いてくれた。%K%P
けれど、なんとか意思表示するように、\nほんの僅かだけ足を開いてくれた。%K%P
%LC清佳
%LC清佳
「ひゃっ――あぁぁぁんっ……！！」%K%P
「ひゃっ――あぁぁぁんっ……！！」%K%P
ショーツ越しに割れ目を撫でただけで、\n清佳ちゃんが大きな声で喘ぐ。%K%P
ショーツ越しに割れ目を撫でただけで、\n清佳ちゃんが大きな声で喘ぐ。%K%P
%LC蛍
%LC蛍
「清佳ちゃんのパンツ……。\n　すごく濡れちゃってる……」%K%P
「清佳ちゃんのパンツ……。\n　すごく濡れちゃってる……」%K%P
%LC清佳
%LC清佳
「ご、ごめんなさい、はしたなくて……！\n　でも、その……！　どうしようもなくて……！」%K%P
「ご、ごめんなさい、はしたなくて……！\n　でも、その……！　どうしようもなくて……！」%K%P
%LC蛍
%LC蛍
「ううん。すごく嬉しい」%K%P
「ううん。すごく嬉しい」%K%P
%LC清佳
%LC清佳
「ひぃあぁっ……！　あはぁんっ……！\n　あっ、あぁっ……！」%K%P
「ひぃあぁっ……！　あはぁんっ……！\n　あっ、あぁっ……！」%K%P
割れ目に沿って軽く指先を沈み込ませるように、\nショーツの上から清佳ちゃんの大切な場所に触れていく。%K%P
割れ目に沿って軽く指先を沈み込ませるように、\nショーツの上から清佳ちゃんの大切な場所に触れていく。%K%P
弄れば弄るほどショーツが湿ってくるのがわかる。\n指先を濡らす熱くて粘っこい愛液の感触がえっちい。%K%P
弄れば弄るほどショーツが湿ってくるのがわかる。\n指先を濡らす熱くて粘っこい愛液の感触がえっちい。%K%P
%LC清佳
%LC清佳
「はずっ、恥ずかしいっ……！\n　溢れてきてるの、はぁはぁ、自分でもわかって……！」%K%P
「はずっ、恥ずかしいっ……！\n　溢れてきてるの、はぁはぁ、自分でもわかって……！」%K%P
%LC蛍
%LC蛍
「何が溢れてきてるの？」%K%P
「何が溢れてきてるの？」%K%P
%LC清佳
%LC清佳
「〜〜っっ。き、訊かないで……！\n　本当に、んんっ、恥ずかしいの……！」%K%P
「〜〜っっ。き、訊かないで……！\n　本当に、んんっ、恥ずかしいの……！」%K%P
羞恥に悶える清佳ちゃんの姿が愛くるしい。\nその初心で乙女な反応にドキドキしてしまう。%K%P
羞恥に悶える清佳ちゃんの姿が愛くるしい。\nその初心で乙女な反応にドキドキしてしまう。%K%P
%LC清佳
%LC清佳
「はひぃんっっ……！！\n　そ、そこはぁ――あ、あぁあん！」%K%P
「はひぃんっっ……！！\n　そ、そこはぁ――あ、あぁあん！」%K%P
%LC蛍
%LC蛍
「うん……。すごく硬くなってる……。\n　ショーツ越しでもわかるくらい膨らんでるよ……？」%K%P
「うん……。すごく硬くなってる……。\n　ショーツ越しでもわかるくらい膨らんでるよ……？」%K%P
%LC清佳
%LC清佳
「い、言わないでっ……！　恥ずかし――あぁん！\n　あんまりクリクリしちゃダメ……！　んんんっ！！」%K%P
「い、言わないでっ……！　恥ずかし――あぁん！\n　あんまりクリクリしちゃダメ……！　んんんっ！！」%K%P
やっぱり刺激が強いんだ……。\n軽くクリトリスを弄るだけでこんなにビクビクして……。%K%P
やっぱり刺激が強いんだ……。\n軽くクリトリスを弄るだけでこんなにビクビクして……。%K%P
だけど、そうやって感じる姿が\nすっごくえっちい……。興奮する……。%K%P
だけど、そうやって感じる姿が\nすっごくえっちい……。興奮する……。%K%P
%LC清佳
%LC清佳
「あっ、あぁぁんっ……！　ダ、ダメ、蛍……！\n　本当に、あっ、あぁあん、ダメぇ……！」%K%P
「あっ、あぁぁんっ……！　ダ、ダメ、蛍……！\n　本当に、あっ、あぁあん、ダメぇ……！」%K%P
%LC清佳
%LC清佳
「そこ弄られると、ふあぁぁぁ……！！\n　はしたないおつゆ、もっと溢れてきちゃうの……！！」%K%P
「そこ弄られると、ふあぁぁぁ……！！\n　はしたないおつゆ、もっと溢れてきちゃうの……！！」%K%P
%LC清佳
%LC清佳
「だから、あっ、あぁ……！　やめ、はぁあん……！\n　そこばっかり、ふぁ、弄らないで……！」%K%P
「だから、あっ、あぁ……！　やめ、はぁあん……！\n　そこばっかり、ふぁ、弄らないで……！」%K%P
%LC蛍
%LC蛍
「濡れてくれると、わたしは嬉しいけどな……。\n　わたしの手で、気持ち良くなってくれてるんだよね？」%K%P
「濡れてくれると、わたしは嬉しいけどな……。\n　わたしの手で、気持ち良くなってくれてるんだよね？」%K%P
%LC清佳
%LC清佳
「だ、だとしても、あっ、んぁぁ……！\n　蛍に品のない姿を見せたくな――んふ、んんっ……！」%K%P
「だ、だとしても、あっ、んぁぁ……！\n　蛍に品のない姿を見せたくな――んふ、んんっ……！」%K%P
%LC清佳
%LC清佳
「胸の方、ふぁ、触って欲しい……！\n　そっちは、はぁん、あぁ、やっぱりまだ……！」%K%P
「胸の方、ふぁ、触って欲しい……！\n　そっちは、はぁん、あぁ、やっぱりまだ……！」%K%P
%LC蛍
%LC蛍
「なら……胸も触るね？」%K%P
「なら……胸も触るね？」%K%P
%LC清佳
%LC清佳
「『も』じゃなくて――ふあぁぁぁ……！！」%K%P
「『も』じゃなくて――ふあぁぁぁ……！！」%K%P
片手で胸を揉みながら、もう片手で秘部を弄っていく。\nすると、みるみるうちにショーツがびしょ濡れになった。%K%P
片手で胸を揉みながら、もう片手で秘部を弄っていく。\nすると、みるみるうちにショーツがびしょ濡れになった。%K%P
%LC清佳
%LC清佳
「やぁ……！　ゆ、許して蛍っ……！\n　本当に、あっ、あっ、恥ずかしっ、し、死んじゃうっ」%K%P
「やぁ……！　ゆ、許して蛍っ……！\n　本当に、あっ、あっ、恥ずかしっ、し、死んじゃうっ」%K%P
%LC蛍
%LC蛍
「恥ずかしがらなくていいよ。\n　今の清佳ちゃん……すごく可愛いもん」%K%P
「恥ずかしがらなくていいよ。\n　今の清佳ちゃん……すごく可愛いもん」%K%P
%LC清佳
%LC清佳
「〜〜っっ。顔見ないで……！　きっといま私、\n　はぁはぁ、人に見せられない顔しちゃってるから……！」%K%P
「〜〜っっ。顔見ないで……！　きっといま私、\n　はぁはぁ、人に見せられない顔しちゃってるから……！」%K%P
%LC蛍
%LC蛍
「わたしにも見せられない顔なの？」%K%P
「わたしにも見せられない顔なの？」%K%P
%LC清佳
%LC清佳
「そ、それは――あっ、んっ、ふぁぁ……！\n　でも、だって……！　う、うぅ……！」%K%P
「そ、それは――あっ、んっ、ふぁぁ……！\n　でも、だって……！　う、うぅ……！」%K%P
愛撫の快感に身体を震わせながら、\n清佳ちゃんが腕をまごつかせる。%K%P
愛撫の快感に身体を震わせながら、\n清佳ちゃんが腕をまごつかせる。%K%P
顔を隠そうとして、でも僕のために隠すまいと、\n羞恥心と好意の間で揺れているその姿が可愛いい。%K%P
顔を隠そうとして、でも僕のために隠すまいと、\n羞恥心と好意の間で揺れているその姿が可愛いい。%K%P
恥じらう清佳ちゃんの顔を、感じる顔を、\nもっともっと見たい。そう思ってしまう。%K%P
恥じらう清佳ちゃんの顔を、感じる顔を、\nもっともっと見たい。そう思ってしまう。%K%P
%LC清佳
%LC清佳
「あっ……！」%K%P
「あっ……！」%K%P
ショーツと服の上部をそっと掴む。\nすると、清佳ちゃんは焦った声を出した。%K%P
ショーツと服の上部をそっと掴む。\nすると、清佳ちゃんは焦った声を出した。%K%P
%LC蛍
%LC蛍
「脱がしていい？」%K%P
「脱がしていい？」%K%P
%LC清佳
%LC清佳
「あ、あう……！」%K%P
「あ、あう……！」%K%P
%LC蛍
%LC蛍
「ダメ……？」%K%P
「ダメ……？」%K%P
%LC清佳
%LC清佳
「うぅ……！」%K%P
「うぅ……！」%K%P
清佳ちゃんが顔を真っ赤にして言い淀む。\n僕はあえてそのまま待ち続けた。%K%P
清佳ちゃんが顔を真っ赤にして言い淀む。\n僕はあえてそのまま待ち続けた。%K%P
清佳ちゃんがクネクネと身体を揺らしながら、\nどんどん息を荒くして僕を見つめてくる。%K%P
清佳ちゃんがクネクネと身体を揺らしながら、\nどんどん息を荒くして僕を見つめてくる。%K%P
そして――%K%P
そして――%K%P
%LC清佳
%LC清佳
「ほ……蛍が、そうしたいなら……」%K%P
「ほ……蛍が、そうしたいなら……」%K%P
消え入りそうな声で清佳ちゃんが呟く。%K%P
消え入りそうな声で清佳ちゃんが呟く。%K%P
僕はゆっくりと彼女の服を脱がしていった。%K%P
僕はゆっくりと彼女の服を脱がしていった。%K%P
%LC清佳
%LC清佳
「はぁ……はぁ……はぁ……。\n　私の裸、全部見られちゃって……」%K%P
「はぁ……はぁ……はぁ……。\n　私の裸、全部見られちゃって……」%K%P
%LC蛍
%LC蛍
「……一緒にお風呂も入ったじゃない。\n　プールで一緒に着替えたりもしたよね？」%K%P
「……一緒にお風呂も入ったじゃない。\n　プールで一緒に着替えたりもしたよね？」%K%P
%LC清佳
%LC清佳
「そ、そういうのとは違うもの……！\n　だって今は、はぁはぁ、蛍と……」%K%P
「そ、そういうのとは違うもの……！\n　だって今は、はぁはぁ、蛍と……」%K%P
%LC蛍
%LC蛍
「わたしと？」%K%P
「わたしと？」%K%P
%LC清佳
%LC清佳
「っっ。エ……エッチなことしてるわけ……だから……」%K%P
「っっ。エ……エッチなことしてるわけ……だから……」%K%P
恥じらいと興奮が入り交じった火照り声で、\n清佳ちゃんが呟く。そして僕を見つめてきた。%K%P
恥じらいと興奮が入り交じった火照り声で、\n清佳ちゃんが呟く。そして僕を見つめてきた。%K%P
%LC清佳
%LC清佳
「どう、かしら……。私の身体……。\n　こ、興奮とかしたり……する？」%K%P
「どう、かしら……。私の身体……。\n　こ、興奮とかしたり……する？」%K%P
%LC蛍
%LC蛍
「ずっと興奮しっぱなしだよ……？\n　裸になる前から。裸になってもっと」%K%P
「ずっと興奮しっぱなしだよ……？\n　裸になる前から。裸になってもっと」%K%P
%LC清佳
%LC清佳
「ぬ、濡らしすぎて下品だとか思ってない？」%K%P
「ぬ、濡らしすぎて下品だとか思ってない？」%K%P
%LC蛍
%LC蛍
「ううん。すごく嬉しい。\n　綺麗だし……すんすん、とっても良い匂いもして」%K%P
「ううん。すごく嬉しい。\n　綺麗だし……すんすん、とっても良い匂いもして」%K%P
%LC清佳
%LC清佳
「〜〜っっ！！　に、匂いを嗅がれるのは……！」%K%P
「〜〜っっ！！　に、匂いを嗅がれるのは……！」%K%P
%LC蛍
%LC蛍
「ダメ？　エッチな匂いがして……\n　もっと興奮しちゃうんだけどな」%K%P
「ダメ？　エッチな匂いがして……\n　もっと興奮しちゃうんだけどな」%K%P
%LC清佳
%LC清佳
「う、うぅ……。今日の蛍、イジワルよ……」%K%P
「う、うぅ……。今日の蛍、イジワルよ……」%K%P
めっぽう照れながら清佳ちゃんが身体の力を抜く。\nそんな彼女の身体を僕は隅々まで嗅いでいった。%K%P
めっぽう照れながら清佳ちゃんが身体の力を抜く。\nそんな彼女の身体を僕は隅々まで嗅いでいった。%K%P
ショーツ越しでも香ってきていた甘酸っぱい蜜の匂いが、\n裸になった今、さらに芳しく香ってくる。%K%P
ショーツ越しでも香ってきていた甘酸っぱい蜜の匂いが、\n裸になった今、さらに芳しく香ってくる。%K%P
おっぱいも綺麗だ。お風呂や脱衣所で見た時と違って、\n乳首がツンと勃って、仄かなピンク色に染まっている。%K%P
おっぱいも綺麗だ。お風呂や脱衣所で見た時と違って、\n乳首がツンと勃って、仄かなピンク色に染まっている。%K%P
今すぐにでも触りたい。\nこの熱い衝動に身を任せたい。%K%P
今すぐにでも触りたい。\nこの熱い衝動に身を任せたい。%K%P
%LC清佳
%LC清佳
「蛍の、好きに……して……？\n　私の身体、はぁはぁ、自由に触っていいから……」%K%P
「蛍の、好きに……して……？\n　私の身体、はぁはぁ、自由に触っていいから……」%K%P
%LC蛍
%LC蛍
「本当にいいの？」%K%P
「本当にいいの？」%K%P
%LC清佳
%LC清佳
「う……うん。触ってくれるの嬉しいし……。\n　蛍が触りたいって思ってくれるのも嬉しいし……」%K%P
「う……うん。触ってくれるの嬉しいし……。\n　蛍が触りたいって思ってくれるのも嬉しいし……」%K%P
%LC蛍
%LC蛍
「じゃあ……エッチな顔も見ちゃっていい？」%K%P
「じゃあ……エッチな顔も見ちゃっていい？」%K%P
%LC清佳
%LC清佳
「〜〜っっ。そ、それは……」%K%P
「〜〜っっ。そ、それは……」%K%P
%LC清佳
%LC清佳
「……う、うん……」%K%P
「……う、うん……」%K%P
吐息にかき消されそうなほど小さな声で頷いてくれる。\nそのいたいけな反応が僕をより昂ぶらせた。%K%P
吐息にかき消されそうなほど小さな声で頷いてくれる。\nそのいたいけな反応が僕をより昂ぶらせた。%K%P
%LC清佳
%LC清佳
「あ、あふっ――んんんっ……！\n　ひぃぁぁんっっ…………！！」%K%P
「あ、あふっ――んんんっ……！\n　ひぃぁぁんっっ…………！！」%K%P
%LC蛍
%LC蛍
「はぁ、はぁ、とっても柔らかい……。\n　すっごくモチモチしてて、プニプニで……」%K%P
「はぁ、はぁ、とっても柔らかい……。\n　すっごくモチモチしてて、プニプニで……」%K%P
露わになった乳房の感触をじっくり味わうように、\n手の平を大きく開いて揉んでいく。%K%P
露わになった乳房の感触をじっくり味わうように、\n手の平を大きく開いて揉んでいく。%K%P
両手いっぱいに感じるおっぱいの感触が気持ちいい……。\n絹みたいに柔らかくて、むっちりとした弾力があって。%K%P
両手いっぱいに感じるおっぱいの感触が気持ちいい……。\n絹みたいに柔らかくて、むっちりとした弾力があって。%K%P
%LC蛍
%LC蛍
「大丈夫？　痛くない？」%K%P
「大丈夫？　痛くない？」%K%P
%LC清佳
%LC清佳
「え、ええ……！　気持ち、ふぁ、いいっ……！\n　服越しに触られるのと、んぁ、全然違う……！」%K%P
「え、ええ……！　気持ち、ふぁ、いいっ……！\n　服越しに触られるのと、んぁ、全然違う……！」%K%P
%LC清佳
%LC清佳
「蛍の手、はぁはぁ、すごく熱くって……！\n　汗ばんでて……！　揉み回されると――んんんっ！！」%K%P
「蛍の手、はぁはぁ、すごく熱くって……！\n　汗ばんでて……！　揉み回されると――んんんっ！！」%K%P
%LC清佳
%LC清佳
「蛍の熱で、はぁはぁ、蕩けちゃいそうなくらい、\n　おっぱい、んぁ、あぁん、か、感じちゃう……」%K%P
「蛍の熱で、はぁはぁ、蕩けちゃいそうなくらい、\n　おっぱい、んぁ、あぁん、か、感じちゃう……」%K%P
そんなに僕の手、熱くなってたんだ……。\n確かに手汗もすごい。でもそれも当たり前だ。%K%P
そんなに僕の手、熱くなってたんだ……。\n確かに手汗もすごい。でもそれも当たり前だ。%K%P
%LC蛍
%LC蛍
「好きな人の身体を触らせてもらってるんだもん。\n　火照っちゃうし……汗だってかいちゃうよ」%K%P
「好きな人の身体を触らせてもらってるんだもん。\n　火照っちゃうし……汗だってかいちゃうよ」%K%P
%LC清佳
%LC清佳
「す、好きな人――あっ、ふぁぁあん……！」%K%P
「す、好きな人――あっ、ふぁぁあん……！」%K%P
言ってて恥ずかしくなってしまって、\n照れ隠しするように彼女の胸を揉んでいく。%K%P
言ってて恥ずかしくなってしまって、\n照れ隠しするように彼女の胸を揉んでいく。%K%P
僕の愛撫で逐一ビクリと悶える彼女の反応がえっちい。\n僕に触れられて感じているのがありありとわかって。%K%P
僕の愛撫で逐一ビクリと悶える彼女の反応がえっちい。\n僕に触れられて感じているのがありありとわかって。%K%P
%LC清佳
%LC清佳
「ふぁぁぁんん……。あはぁぁんん……。\n　しっとり揉まれるの、ムズムズしちゃう……」%K%P
「ふぁぁぁんん……。あはぁぁんん……。\n　しっとり揉まれるの、ムズムズしちゃう……」%K%P
%LC清佳
%LC清佳
「あっ、あはぁああんっ……！！\n　ぎゅうってされると、ビクってきちゃって……！！」%K%P
「あっ、あはぁああんっ……！！\n　ぎゅうってされると、ビクってきちゃって……！！」%K%P
%LC清佳
%LC清佳
「――んひゃぁんっ！！　ち、乳首はぁ……！！\n　あ、ああああっ、はふぁぁぁあっっ……！！」%K%P
「――んひゃぁんっ！！　ち、乳首はぁ……！！\n　あ、ああああっ、はふぁぁぁあっっ……！！」%K%P
清佳ちゃんの感じるポイントを探るように、\nゆっくり揉んだり、揉みしだいたり、乳首を弄る。%K%P
清佳ちゃんの感じるポイントを探るように、\nゆっくり揉んだり、揉みしだいたり、乳首を弄る。%K%P
やっぱり乳首が気持ちいいのかな？\n反応が全然違う。%K%P
やっぱり乳首が気持ちいいのかな？\n反応が全然違う。%K%P
%LC清佳
%LC清佳
「ふぁっ……！　ふぁぁぁっっ……！！\n　乳首の根元、指先でくるくるされて……！！」%K%P
「ふぁっ……！　ふぁぁぁっっ……！！\n　乳首の根元、指先でくるくるされて……！！」%K%P
%LC清佳
%LC清佳
「そ、それ、ひぃあ、も、もどかしい……！\n　焦らされちゃってるみたいで、あっ、あぁ……！」%K%P
「そ、それ、ひぃあ、も、もどかしい……！\n　焦らされちゃってるみたいで、あっ、あぁ……！」%K%P
あえて乳首には触れないように突起の根元に指先を\n沿わせたり、乳首に触れないように乳房を揉んだりする。%K%P
あえて乳首には触れないように突起の根元に指先を\n沿わせたり、乳首に触れないように乳房を揉んだりする。%K%P
すると清佳ちゃんは下半身をバタバタとくねらせて、\n切なそうな吐息を漏らしてきた。%K%P
すると清佳ちゃんは下半身をバタバタとくねらせて、\n切なそうな吐息を漏らしてきた。%K%P
そうして十分に焦らしたところで、\n不意打ち気味に乳首をきゅっとつねる。%K%P
そうして十分に焦らしたところで、\n不意打ち気味に乳首をきゅっとつねる。%K%P
%LC清佳
%LC清佳
「んひゃっ――あはぁぁあああああんんっっ！！」%K%P
「んひゃっ――あはぁぁあああああんんっっ！！」%K%P
その瞬間、清佳ちゃんはビクンビクンと\n全身を弾ませて廊下にも届きそうなほどの大声で喘いだ。%K%P
その瞬間、清佳ちゃんはビクンビクンと\n全身を弾ませて廊下にも届きそうなほどの大声で喘いだ。%K%P
淫らな清佳ちゃんの反応に、\nスカートの中の息子も思わずやらしいおつゆを噴き出す。%K%P
淫らな清佳ちゃんの反応に、\nスカートの中の息子も思わずやらしいおつゆを噴き出す。%K%P
%LC清佳
%LC清佳
「はぁ、はぁ、はぁ！　は、恥ずかしい……！\n　わ、私、ものすごくはしたない声出しちゃって……！」%K%P
「はぁ、はぁ、はぁ！　は、恥ずかしい……！\n　わ、私、ものすごくはしたない声出しちゃって……！」%K%P
%LC蛍
%LC蛍
「もっと聞きたいな。清佳ちゃんのエッチな声、\n　もっともっと聞きたい」%K%P
「もっと聞きたいな。清佳ちゃんのエッチな声、\n　もっともっと聞きたい」%K%P
%LC清佳
%LC清佳
「ふぁ……！　ふぁぁぁ……！！\n　そ、それ、あぁぁぁ、ダメぇ…………！！」%K%P
「ふぁ……！　ふぁぁぁ……！！\n　そ、それ、あぁぁぁ、ダメぇ…………！！」%K%P
反応が良かったこともあって、\n再び乳首を焦らすようにおっぱいを触っていく。%K%P
反応が良かったこともあって、\n再び乳首を焦らすようにおっぱいを触っていく。%K%P
また不意打ちで乳首をつねってくるのだと、\n清佳ちゃんもわかっているんだろう。%K%P
また不意打ちで乳首をつねってくるのだと、\n清佳ちゃんもわかっているんだろう。%K%P
羞恥と快感への淡い期待を抱いた甘い声を出しながら、\n気恥ずかしそうにフルフルと首を横に何度も振ってくる。%K%P
羞恥と快感への淡い期待を抱いた甘い声を出しながら、\n気恥ずかしそうにフルフルと首を横に何度も振ってくる。%K%P
%LC清佳
%LC清佳
「あっ……！　あぁぁぁっ……！　あぁ…………！！」%K%P
「あっ……！　あぁぁぁっ……！　あぁ…………！！」%K%P
%LC清佳
%LC清佳
「んふぁ…………！　ん、んんっ…………！\n　はぁ……！　はぁ……！　はぁ…………！」%K%P
「んふぁ…………！　ん、んんっ…………！\n　はぁ……！　はぁ……！　はぁ…………！」%K%P
たっぷりたっぷりと焦らしていく。\nそして清佳ちゃんが気を抜いた、一瞬を狙って――%K%P
たっぷりたっぷりと焦らしていく。\nそして清佳ちゃんが気を抜いた、一瞬を狙って――%K%P
%LC清佳
%LC清佳
「んぁっ、あぁぁぁあああああんんんっっ〜〜！！」%K%P
「んぁっ、あぁぁぁあああああんんんっっ〜〜！！」%K%P
さっきよりも強めに乳首をつねりあげた。\n甲高い嬌声が部屋中に轟く。%K%P
さっきよりも強めに乳首をつねりあげた。\n甲高い嬌声が部屋中に轟く。%K%P
はぁはぁ、すごく興奮しちゃう……。%K%P
はぁはぁ、すごく興奮しちゃう……。%K%P
この小さな乳首を弄るだけで、\nこんなにも全身を激しく震えさせちゃって……。%K%P
この小さな乳首を弄るだけで、\nこんなにも全身を激しく震えさせちゃって……。%K%P
%LC清佳
%LC清佳
「っっ！！？　そ、そっちは――……！！\n　あひっ、あぁっ、ああぁぁあんんっっ！！！」%K%P
「っっ！！？　そ、そっちは――……！！\n　あひっ、あぁっ、ああぁぁあんんっっ！！！」%K%P
片手でそのまま乳首をクリクリ弄りながら、\nもう片手を秘部の方へ伸ばしていく。%K%P
片手でそのまま乳首をクリクリ弄りながら、\nもう片手を秘部の方へ伸ばしていく。%K%P
そこへ僅かに触れただけでも清佳ちゃんは\n焦らしに焦らした乳首を弄った時と同じくらい震えた。%K%P
そこへ僅かに触れただけでも清佳ちゃんは\n焦らしに焦らした乳首を弄った時と同じくらい震えた。%K%P
%LC清佳
%LC清佳
「あっ、あぁぁぁっっ……！！　ゆ、指がぁ……！！\n　蛍の指が、あっ、あぁ、私の身体の中にっ……！！」%K%P
「あっ、あぁぁぁっっ……！！　ゆ、指がぁ……！！\n　蛍の指が、あっ、あぁ、私の身体の中にっ……！！」%K%P
%LC清佳
%LC清佳
「ふぁぁぁあっっ……！！？　ひ、広げられてる……！！\n　蛍にっ、あぁ、私の大切な場所、はず、恥ずかし……！」%K%P
「ふぁぁぁあっっ……！！？　ひ、広げられてる……！！\n　蛍にっ、あぁ、私の大切な場所、はず、恥ずかし……！」%K%P
熱くてドロドロで少し弾力のあるゼリーのような感触が\nとんでもなく昂ぶりを誘ってくる。%K%P
熱くてドロドロで少し弾力のあるゼリーのような感触が\nとんでもなく昂ぶりを誘ってくる。%K%P
指先どころか手首まで愛液まみれになるほど濡れていて、\n触れるとさらにジュワワとおつゆが溢れ出してきて。%K%P
指先どころか手首まで愛液まみれになるほど濡れていて、\n触れるとさらにジュワワとおつゆが溢れ出してきて。%K%P
%LC清佳
%LC清佳
「ひぁぁぁっっ……！！　あ、あんまり\n　クチュクチュしないで、へ、変な音が聞こえて……！」%K%P
「ひぁぁぁっっ……！！　あ、あんまり\n　クチュクチュしないで、へ、変な音が聞こえて……！」%K%P
%LC蛍
%LC蛍
「うん……はぁはぁ。すごいよ、清佳ちゃんのアソコ。\n　大洪水だもん……」%K%P
「うん……はぁはぁ。すごいよ、清佳ちゃんのアソコ。\n　大洪水だもん……」%K%P
%LC清佳
%LC清佳
「あっ、あぁっ、あぁぁあっっ……！！\n　ダメぇ、わざとエッチな音立てないで……！」%K%P
「あっ、あぁっ、あぁぁあっっ……！！\n　ダメぇ、わざとエッチな音立てないで……！」%K%P
束ねた指先で、濡れそぼった入り口を激しく擦る。\nグチュグチュ、グチュグチュ。%K%P
束ねた指先で、濡れそぼった入り口を激しく擦る。\nグチュグチュ、グチュグチュ。%K%P
その卑猥な音に火照らされながら、\n僕は割れ目の上の方へ指先を伸ばしていく。%K%P
その卑猥な音に火照らされながら、\n僕は割れ目の上の方へ指先を伸ばしていく。%K%P
%LC清佳
%LC清佳
「――あひっ！！？　んはぁぁぁああああっっ！！」%K%P
「――あひっ！！？　んはぁぁぁああああっっ！！」%K%P
ちょんと触れた瞬間、清佳ちゃんがガクっと跳ねた。\nそのまま軽く摘まむと絶叫しながら悶えてくれる。%K%P
ちょんと触れた瞬間、清佳ちゃんがガクっと跳ねた。\nそのまま軽く摘まむと絶叫しながら悶えてくれる。%K%P
%LC清佳
%LC清佳
「ダ、ダメっ、あああっ！！　そこっ、あぁ、そこぉ！！」%K%P
「ダ、ダメっ、あああっ！！　そこっ、あぁ、そこぉ！！」%K%P
%LC清佳
%LC清佳
「ビクビクとまんないっっ！！　ふぁああああっっ！！\n　へ、変になっちゃっ！！　あああっ、ああああっっ！！」%K%P
「ビクビクとまんないっっ！！　ふぁああああっっ！！\n　へ、変になっちゃっ！！　あああっ、ああああっっ！！」%K%P
%LC蛍
%LC蛍
「はぁはぁ、やっぱりクリトリス気持ちいいんだ？」%K%P
「はぁはぁ、やっぱりクリトリス気持ちいいんだ？」%K%P
%LC清佳
%LC清佳
「わかんないっ、あふぁあっっ！！\n　こんなの、あああっ、はじっ、初めてでっ……！！」%K%P
「わかんないっ、あふぁあっっ！！\n　こんなの、あああっ、はじっ、初めてでっ……！！」%K%P
%LC清佳
%LC清佳
「そこ触られるとっ、あひっ、はふぁあっっ！！\n　身体中ゾワってしちゃっ！！　こ、怖いっ……！！」%K%P
「そこ触られるとっ、あひっ、はふぁあっっ！！\n　身体中ゾワってしちゃっ！！　こ、怖いっ……！！」%K%P
もしかしたら自分でも触ったことがないのかもしれない。\nそんな清佳ちゃんの反応に性欲が燃え上がる。%K%P
もしかしたら自分でも触ったことがないのかもしれない。\nそんな清佳ちゃんの反応に性欲が燃え上がる。%K%P
%LC蛍
%LC蛍
「はぁはぁ、力抜いて……。\n　気持ち良くするから……」%K%P
「はぁはぁ、力抜いて……。\n　気持ち良くするから……」%K%P
%LC清佳
%LC清佳
「ぬ、抜けな――あふぁああっっ！！\n　あはぁんっ！！　あっ、あぁあっ！！」%K%P
「ぬ、抜けな――あふぁああっっ！！\n　あはぁんっ！！　あっ、あぁあっ！！」%K%P
大口を開けて喘ぎながら、\nベッドの上で激しく清佳ちゃんが暴れ回る。%K%P
大口を開けて喘ぎながら、\nベッドの上で激しく清佳ちゃんが暴れ回る。%K%P
僕はそんな彼女に覆い被さって動きを止めながら、\nできる限り優しく、でも執拗にクリを責めていく。%K%P
僕はそんな彼女に覆い被さって動きを止めながら、\nできる限り優しく、でも執拗にクリを責めていく。%K%P
%LC清佳
%LC清佳
「あふぁあああああっっ！！\n　わ、わけがわからなくなっちゃっ……！！」%K%P
「あふぁあああああっっ！！\n　わ、わけがわからなくなっちゃっ……！！」%K%P
%LC清佳
%LC清佳
「へ、変なのっ、ビクビクして怖いのにっ……！！\n　ああああっ、気持ちいいのっ……！！」%K%P
「へ、変なのっ、ビクビクして怖いのにっ……！！\n　ああああっ、気持ちいいのっ……！！」%K%P
%LC清佳
%LC清佳
「キュンキュンするっっ……！！\n　身体の奥がっ、ふぁああっっ、熱い、弾けそう……！！」%K%P
「キュンキュンするっっ……！！\n　身体の奥がっ、ふぁああっっ、熱い、弾けそう……！！」%K%P
余裕なさげに喘ぎ散らす清佳ちゃんの顔が\nすごくえっちい、そして可愛い……！%K%P
余裕なさげに喘ぎ散らす清佳ちゃんの顔が\nすごくえっちい、そして可愛い……！%K%P
はぁはぁ、イかせてみたいっ……！\n清佳ちゃんを、このままっ……！！%K%P
はぁはぁ、イかせてみたいっ……！\n清佳ちゃんを、このままっ……！！%K%P
%LC蛍
%LC蛍
「れろっ、れろろろぉっ……！！」%K%P
「れろっ、れろろろぉっ……！！」%K%P
%LC清佳
%LC清佳
「あひぃっ！！？　ああああああっっ〜〜！！！」%K%P
「あひぃっ！！？　ああああああっっ〜〜！！！」%K%P
乳首を舐め回しながら、片手でもう片方の乳首を、\nさらにもう片手でクリトリスを責めていく。%K%P
乳首を舐め回しながら、片手でもう片方の乳首を、\nさらにもう片手でクリトリスを責めていく。%K%P
%LC清佳
%LC清佳
「ら、らめっ、ふあああああっっ！！！\n　きもち、よしゅぎっ、あああっ、ほた、ほたるぅっ！！」%K%P
「ら、らめっ、ふあああああっっ！！！\n　きもち、よしゅぎっ、あああっ、ほた、ほたるぅっ！！」%K%P
%LC蛍
%LC蛍
「んちゅぁっ……！！　ちゅぅぅぅっっ……！！\n　れろれろれろぉっっ……！！」%K%P
「んちゅぁっ……！！　ちゅぅぅぅっっ……！！\n　れろれろれろぉっっ……！！」%K%P
%LC清佳
%LC清佳
「あああああああっっ！！！　はふぁああああっっ！！」%K%P
「あああああああっっ！！！　はふぁああああっっ！！」%K%P
激しく顔を振り回しながら、\n清佳ちゃんがガクガクと身体を弾ませ続ける。%K%P
激しく顔を振り回しながら、\n清佳ちゃんがガクガクと身体を弾ませ続ける。%K%P
ヤバい、えっちい……！！\nはぁはぁ、もっと感じて欲しいっ……！！！%K%P
ヤバい、えっちい……！！\nはぁはぁ、もっと感じて欲しいっ……！！！%K%P
%LC清佳
%LC清佳
「あぁああっ、らめっ、あああっ、らめらめぇっ……！！」%K%P
「あぁああっ、らめっ、あああっ、らめらめぇっ……！！」%K%P
%LC清佳
%LC清佳
「なんかくるっ、ふぁああああっっ！！\n　アソコの奥がっ、ああああっ、ジンジンしてっ……！！」%K%P
「なんかくるっ、ふぁああああっっ！！\n　アソコの奥がっ、ああああっ、ジンジンしてっ……！！」%K%P
%LC清佳
%LC清佳
「やめっ、蛍っ……！！　もうやめっ……！！\n　怖いっ、これ、あああっ、すごく怖いっっ……！！」%K%P
「やめっ、蛍っ……！！　もうやめっ……！！\n　怖いっ、これ、あああっ、すごく怖いっっ……！！」%K%P
%LC蛍
%LC蛍
「はぁはぁっ……！！　大丈夫だよ、清佳ちゃん……！！\n　イってっ、このまま、れろろぉ、イってっ……！！」%K%P
「はぁはぁっ……！！　大丈夫だよ、清佳ちゃん……！！\n　イってっ、このまま、れろろぉ、イってっ……！！」%K%P
%LC清佳
%LC清佳
「イくってっ、ふぁああっ……！！\n　わかんないっ、ああああっ、わかんないよぉっ……！！」%K%P
「イくってっ、ふぁああっ……！！\n　わかんないっ、ああああっ、わかんないよぉっ……！！」%K%P
初めて快感を知らされた幼子のように、\n清佳ちゃんが戸惑いながら絶頂にのぼっていく。%K%P
初めて快感を知らされた幼子のように、\n清佳ちゃんが戸惑いながら絶頂にのぼっていく。%K%P
口の中でピクピク震える乳首が、\nどんどん膨れあがるクリトリスが、\n清佳ちゃんの昂ぶりを如実に表していて――%K%P
口の中でピクピク震える乳首が、\nどんどん膨れあがるクリトリスが、\n清佳ちゃんの昂ぶりを如実に表していて――%K%P
%LC清佳
%LC清佳
「ああああああっっ！！！\n　頭の中っ、溶けるっ、溶けるぅっっ……！！！」%K%P
「ああああああっっ！！！\n　頭の中っ、溶けるっ、溶けるぅっっ……！！！」%K%P
%LC清佳
%LC清佳
「なにか来るのっ、ああああっ！！\n　のぼってきてるのっっ……！！\n　奥からっ、あああっ、奥からぁっっ……！！」%K%P
「なにか来るのっ、ああああっ！！\n　のぼってきてるのっっ……！！\n　奥からっ、あああっ、奥からぁっっ……！！」%K%P
%LC蛍
%LC蛍
「んちゅぅっっ！！　れろっ、んちゅぅぅぅっっ！！！」%K%P
「んちゅぅっっ！！　れろっ、んちゅぅぅぅっっ！！！」%K%P
%LC清佳
%LC清佳
「あふぁっ！　あぁっ！！　あっ、あっ、あっ、あっ！！」%K%P
「あふぁっ！　あぁっ！！　あっ、あっ、あっ、あっ！！」%K%P
%LC清佳
%LC清佳
「もうらめっ、あああああっっ！！\n　へんなのくるっ、くるっ、くるぅぅっっ！！！」%K%P
「もうらめっ、あああああっっ！！\n　へんなのくるっ、くるっ、くるぅぅっっ！！！」%K%P
%LC清佳
%LC清佳
「がまんできなっ――ああああああああっっ！！！\n　らめっ、らめっ、らめらめらめぇぇぇえええっっ！！」%K%P
「がまんできなっ――ああああああああっっ！！！\n　らめっ、らめっ、らめらめらめぇぇぇえええっっ！！」%K%P
そして、思いっきり乳首とクリをつねりあげた瞬間――%K%P
そして、思いっきり乳首とクリをつねりあげた瞬間――%K%P
%LC清佳
%LC清佳
「ふぁあああああああああっっ！！！\n　あああああっ、あああああああああああっっ〜〜！！！」%K%P
「ふぁあああああああああっっ！！！\n　あああああっ、あああああああああああっっ〜〜！！！」%K%P
全体重を乗せて覆い被さった僕の身体を押し上げるほど\n身を跳ね上げながら、清佳ちゃんが絶頂する。%K%P
全体重を乗せて覆い被さった僕の身体を押し上げるほど\n身を跳ね上げながら、清佳ちゃんが絶頂する。%K%P
腰をガクガクと弾ませながら、\nブシュウウウウと激しく潮を噴き出していた。%K%P
腰をガクガクと弾ませながら、\nブシュウウウウと激しく潮を噴き出していた。%K%P
%LC清佳
%LC清佳
「あふぁっ……！！　あ、ああああっっ……！！\n　はふぁああっっ……！！　あっ！　あぁぁ……！！！」%K%P
「あふぁっ……！！　あ、ああああっっ……！！\n　はふぁああっっ……！！　あっ！　あぁぁ……！！！」%K%P
%LC蛍
%LC蛍
「はぁはぁ……。清佳ちゃん、イってくれたんだ……」%K%P
「はぁはぁ……。清佳ちゃん、イってくれたんだ……」%K%P
%LC清佳
%LC清佳
「わ、わかんなひ……！！　あふぁぁっっ……！！\n　きもちよしゅぎへ、あたま、まっしろで……！！」%K%P
「わ、わかんなひ……！！　あふぁぁっっ……！！\n　きもちよしゅぎへ、あたま、まっしろで……！！」%K%P
%LC清佳
%LC清佳
「は、はずかひ……！！　ああぁぁ……！！\n　わ、わたひ、おしっこ、もらしひゃっへ……！！」%K%P
「は、はずかひ……！！　ああぁぁ……！！\n　わ、わたひ、おしっこ、もらしひゃっへ……！！」%K%P
%LC蛍
%LC蛍
「おしっこじゃないよ……？\n　どちらかと言えば射精に似てるのかな……」%K%P
「おしっこじゃないよ……？\n　どちらかと言えば射精に似てるのかな……」%K%P
%LC清佳
%LC清佳
「しゃ、しゃせい？　それっておとこのひとの……？」%K%P
「しゃ、しゃせい？　それっておとこのひとの……？」%K%P
%LC蛍
%LC蛍
「うん。すごく嬉しい……。清佳ちゃんが\n　わたしでものすごく感じてくれたってことだから」%K%P
「うん。すごく嬉しい……。清佳ちゃんが\n　わたしでものすごく感じてくれたってことだから」%K%P
%LC清佳
%LC清佳
「わ、わたひは、ふぁ……！　はずかししゅぎへ、\n　はぁはぁ、しんじゃいそう……！！」%K%P
「わ、わたひは、ふぁ……！　はずかししゅぎへ、\n　はぁはぁ、しんじゃいそう……！！」%K%P
%LC清佳
%LC清佳
「れ、れも……え、えへへぇ……！\n　うれひい、しあわせぇ……！！」%K%P
「れ、れも……え、えへへぇ……！\n　うれひい、しあわせぇ……！！」%K%P
%LC清佳
%LC清佳
「ほたるに、はぁ、はぁ……！\n　えっちなコト、はぁはぁ、してもらえて……！」%K%P
「ほたるに、はぁ、はぁ……！\n　えっちなコト、はぁはぁ、してもらえて……！」%K%P
ろれつが回らないほど絶頂の余韻に悶えながら、\n清佳ちゃんが快感で緩みきった頬を僅かに持ち上げる。%K%P
ろれつが回らないほど絶頂の余韻に悶えながら、\n清佳ちゃんが快感で緩みきった頬を僅かに持ち上げる。%K%P
%LC清佳
%LC清佳
「しゅ、しゅき……！　ほたる……！！\n　はぁはぁ、だいしゅきよっ……！！」%K%P
「しゅ、しゅき……！　ほたる……！！\n　はぁはぁ、だいしゅきよっ……！！」%K%P
%LC蛍
%LC蛍
「わたしも……ん、好き……。大好きだよ……？」%K%P
「わたしも……ん、好き……。大好きだよ……？」%K%P
%LC清佳
%LC清佳
「えへ、えへへ……。んはぁぁ…………」%K%P
「えへ、えへへ……。んはぁぁ…………」%K%P
%LC蛍
%LC蛍
「あっ……！　き、清佳ちゃん……！？\n　大丈夫、清佳ちゃんっっ……！！？」%K%P
「あっ……！　き、清佳ちゃん……！？\n　大丈夫、清佳ちゃんっっ……！！？」%K%P
%LC清佳
%LC清佳
「すぅ……すぅ……すぅ……」%K%P
「すぅ……すぅ……すぅ……」%K%P
%LC蛍
%LC蛍
「寝ちゃってる……」%K%P
「寝ちゃってる……」%K%P
力尽きちゃったのかも……。\nちょ、ちょっとやりすぎちゃったかな……。%K%P
力尽きちゃったのかも……。\nちょ、ちょっとやりすぎちゃったかな……。%K%P
%LC清佳
%LC清佳
「すぅ……すぅ……すぅ……。\n　蛍……はぁ、はぁ、好き……」%K%P
「すぅ……すぅ……すぅ……。\n　蛍……はぁ、はぁ、好き……」%K%P
%LC蛍
%LC蛍
「清佳ちゃん……」%K%P
「清佳ちゃん……」%K%P
寝言を言いながら、清佳ちゃんが\nぎゅっと僕の服の裾を握り締めてくる。%K%P
寝言を言いながら、清佳ちゃんが\nぎゅっと僕の服の裾を握り締めてくる。%K%P
僕はそんな愛しい彼女に微笑みかけながら、\n身体が冷えないようにそっと布団を被せた。%K%P
僕はそんな愛しい彼女に微笑みかけながら、\n身体が冷えないようにそっと布団を被せた。%K%P
