%LC春樹
%LC春樹
「ふぁ……」%K%P
「ふぁ……」%K%P
心地いいばかりの柔らかい乳房で\nぬくもりたっぷりに僕のモノを挟み込んでくれる。%K%P
心地いいばかりの柔らかい乳房で\nぬくもりたっぷりに僕のモノを挟み込んでくれる。%K%P
%LC清佳
%LC清佳
「ん、はぁ。どうかしら？　気持ちいい？\n　パイズリって言うんでしょ、これ」%K%P
「ん、はぁ。どうかしら？　気持ちいい？\n　パイズリって言うんでしょ、これ」%K%P
%LC春樹
%LC春樹
「うん、気持ちいい……。\n　また、ふぁ、勉強してくれたの？」%K%P
「うん、気持ちいい……。\n　また、ふぁ、勉強してくれたの？」%K%P
%LC清佳
%LC清佳
「当然よ。大好きな人に\n　気持ち良くなってもらうためだもの」%K%P
「当然よ。大好きな人に\n　気持ち良くなってもらうためだもの」%K%P
ゆっくりと上下に揺り動かして、\nプニプニのおっぱいでおちんちんを扱いてくれる。%K%P
ゆっくりと上下に揺り動かして、\nプニプニのおっぱいでおちんちんを扱いてくれる。%K%P
口やおまんことは違う、\nモチモチの乳房の感触が気持ちいい……。%K%P
口やおまんことは違う、\nモチモチの乳房の感触が気持ちいい……。%K%P
%LC清佳
%LC清佳
「えへへ……。おちんちんプルプル震えて可愛い……。\n　私のおっぱいで、たっぷりあやしてあげるからね？」%K%P
「えへへ……。おちんちんプルプル震えて可愛い……。\n　私のおっぱいで、たっぷりあやしてあげるからね？」%K%P
%LC春樹
%LC春樹
「僕は、ん、動かない方がいい？」%K%P
「僕は、ん、動かない方がいい？」%K%P
%LC清佳
%LC清佳
「ええ。今日は私に任せてもらえないかしら？\n　あなたを気持ち良くしてあげたいの……」%K%P
「ええ。今日は私に任せてもらえないかしら？\n　あなたを気持ち良くしてあげたいの……」%K%P
%LC清佳
%LC清佳
「だから何もしないで……じっとしていてくれる？\n　そのまま私の愛を受け取って欲しいな……」%K%P
「だから何もしないで……じっとしていてくれる？\n　そのまま私の愛を受け取って欲しいな……」%K%P
おちんちんを優しく揉みほぐすように\nおっぱいを動かしながら彼女が微笑みかけてくれる。%K%P
おちんちんを優しく揉みほぐすように\nおっぱいを動かしながら彼女が微笑みかけてくれる。%K%P
以前の僕なら身を委ねるのは男らしくないと\nムキになってしまっていたかもしれない。%K%P
以前の僕なら身を委ねるのは男らしくないと\nムキになってしまっていたかもしれない。%K%P
だけど今は心置きなく身を任せられる。\n彼女の愛を余すところなく受け取りたい。%K%P
だけど今は心置きなく身を任せられる。\n彼女の愛を余すところなく受け取りたい。%K%P
%LC清佳
%LC清佳
「ありがとう。めいっぱい気持ち良くするから」%K%P
「ありがとう。めいっぱい気持ち良くするから」%K%P
僕が力を抜いたのを見て清佳ちゃんが微笑む。%K%P
僕が力を抜いたのを見て清佳ちゃんが微笑む。%K%P
その次の瞬間、トロりとした温かいものが\nおちんちんを濡らしてきた。%K%P
その次の瞬間、トロりとした温かいものが\nおちんちんを濡らしてきた。%K%P
%LC清佳
%LC清佳
「れろー……」%K%P
「れろー……」%K%P
%LC春樹
%LC春樹
「んっ……」%K%P
「んっ……」%K%P
伸ばした舌先から清佳ちゃんが唾液を垂らしてくれる。%K%P
伸ばした舌先から清佳ちゃんが唾液を垂らしてくれる。%K%P
%LC清佳
%LC清佳
「濡れてた方が、ん、感じてもらえるって\n　本に書いてあったから……」%K%P
「濡れてた方が、ん、感じてもらえるって\n　本に書いてあったから……」%K%P
%LC清佳
%LC清佳
「本当はローションを使うべきなんだろうけど……。\n　ごめんなさいね、私の唾液で」%K%P
「本当はローションを使うべきなんだろうけど……。\n　ごめんなさいね、私の唾液で」%K%P
%LC春樹
%LC春樹
「ううん。むしろ嬉しい……。\n　清佳ちゃんの甘い唾液の匂いが香ってきてドキドキする」%K%P
「ううん。むしろ嬉しい……。\n　清佳ちゃんの甘い唾液の匂いが香ってきてドキドキする」%K%P
%LC清佳
%LC清佳
「えへへ……。ならたっぷり……ん、垂らしてあげる」%K%P
「えへへ……。ならたっぷり……ん、垂らしてあげる」%K%P
時折口を閉じてクチュクチュと唾液を溢れさせながら、\n蜂蜜のような煮え湯をトローっと垂らし続けてくれる。%K%P
時折口を閉じてクチュクチュと唾液を溢れさせながら、\n蜂蜜のような煮え湯をトローっと垂らし続けてくれる。%K%P
これだけでも気持ちいい……。\n清佳ちゃんが僕の中に染み渡ってきてるみたいだ……。%K%P
これだけでも気持ちいい……。\n清佳ちゃんが僕の中に染み渡ってきてるみたいだ……。%K%P
%LC清佳
%LC清佳
「ん……ふ……ん、はぁ……」%K%P
「ん……ふ……ん、はぁ……」%K%P
%LC春樹
%LC春樹
「ふぁ、ん……」%K%P
「ふぁ、ん……」%K%P
唾液を全体に行き渡らせるように\nおっぱいをむにゅむにゅと揉み回す清佳ちゃん。%K%P
唾液を全体に行き渡らせるように\nおっぱいをむにゅむにゅと揉み回す清佳ちゃん。%K%P
それだけで湿り気を帯びた乳房が\nチュウチュウと竿に吸い付いてきて、んん、気持ちいい。%K%P
それだけで湿り気を帯びた乳房が\nチュウチュウと竿に吸い付いてきて、んん、気持ちいい。%K%P
%LC清佳
%LC清佳
「んれろー……こんなところかしら。\n　それじゃあ本格的に、シコシコしてあげるわね？」%K%P
「んれろー……こんなところかしら。\n　それじゃあ本格的に、シコシコしてあげるわね？」%K%P
改めて乳房を抱え直すと、\n清佳ちゃんはぎゅっと胸を寄せてくれて――%K%P
改めて乳房を抱え直すと、\n清佳ちゃんはぎゅっと胸を寄せてくれて――%K%P
%LC清佳
%LC清佳
「んっ、はぁ……！　ん……！」%K%P
「んっ、はぁ……！　ん……！」%K%P
%LC春樹
%LC春樹
「はぁぁん……！」%K%P
「はぁぁん……！」%K%P
思わず吐息が漏れてしまう。%K%P
思わず吐息が漏れてしまう。%K%P
柔らかいおっぱいがニュルンニュルンと\nなめらかに竿を滑ってきて……！%K%P
柔らかいおっぱいがニュルンニュルンと\nなめらかに竿を滑ってきて……！%K%P
%LC清佳
%LC清佳
「嬉しい。えへへ、感じた声出してくれて」%K%P
「嬉しい。えへへ、感じた声出してくれて」%K%P
%LC清佳
%LC清佳
「上手に、ん、はぁ、できてるかしら？\n　もっとこうして欲しいとかある？」%K%P
「上手に、ん、はぁ、できてるかしら？\n　もっとこうして欲しいとかある？」%K%P
%LC春樹
%LC春樹
「ううん……！　十分、ふぁ、気持ちいい……！\n　清佳ちゃんのおっぱいフワフワなのにムチムチで……！」%K%P
「ううん……！　十分、ふぁ、気持ちいい……！\n　清佳ちゃんのおっぱいフワフワなのにムチムチで……！」%K%P
その肉感がたまらなく気持ちいい……！%K%P
その肉感がたまらなく気持ちいい……！%K%P
唾液のヌルヌルさとおっぱいの熱さが相まって、\nおっぱいに食べられてるような心地がする……！%K%P
唾液のヌルヌルさとおっぱいの熱さが相まって、\nおっぱいに食べられてるような心地がする……！%K%P
%LC清佳
%LC清佳
「んんっ……！　おちんちんブルンってして。\n　ふふ、ホントに気持ちいいんだ。嬉しい」%K%P
「んんっ……！　おちんちんブルンってして。\n　ふふ、ホントに気持ちいいんだ。嬉しい」%K%P
%LC清佳
%LC清佳
「もっと、んっ、ふっ……！\n　気持ち良くしてあげるわね」%K%P
「もっと、んっ、ふっ……！\n　気持ち良くしてあげるわね」%K%P
%LC清佳
%LC清佳
「私のおっぱいマッサージで、あん、んふ……！\n　身体の芯まで癒やされて？」%K%P
「私のおっぱいマッサージで、あん、んふ……！\n　身体の芯まで癒やされて？」%K%P
おっぱいマッサージって……！\nはぁはぁ、また興奮しちゃうような言葉を……！%K%P
おっぱいマッサージって……！\nはぁはぁ、また興奮しちゃうような言葉を……！%K%P
でも、んはぁ……はぁはぁ、気持ちいい。\n本当に身体の芯まで癒やされていく……。%K%P
でも、んはぁ……はぁはぁ、気持ちいい。\n本当に身体の芯まで癒やされていく……。%K%P
%LC清佳
%LC清佳
「はぁん、あぁ。おちんちんビクビクしてくれるの、\n　すごく嬉しい……。火照ってきちゃう……」%K%P
「はぁん、あぁ。おちんちんビクビクしてくれるの、\n　すごく嬉しい……。火照ってきちゃう……」%K%P
%LC清佳
%LC清佳
「実を言うと私、はぁはぁ、こういうご奉仕は\n　性格的に向いてないかなって思っていたの」%K%P
「実を言うと私、はぁはぁ、こういうご奉仕は\n　性格的に向いてないかなって思っていたの」%K%P
%LC清佳
%LC清佳
「どちらかというと、ん、はぁ……。\n　苛める方が好きだったりするし」%K%P
「どちらかというと、ん、はぁ……。\n　苛める方が好きだったりするし」%K%P
丁寧に竿を亀頭をおっぱいで揉み扱きながら、\n清佳ちゃんが頬を赤く染めて見つめてくる。%K%P
丁寧に竿を亀頭をおっぱいで揉み扱きながら、\n清佳ちゃんが頬を赤く染めて見つめてくる。%K%P
%LC清佳
%LC清佳
「でも、ふぁ、んはぁ……。\n　今とっても幸せを感じてる……」%K%P
「でも、ふぁ、んはぁ……。\n　今とっても幸せを感じてる……」%K%P
%LC清佳
%LC清佳
「大好きなあなたが、あぁん、\n　うっとりしてくれてるのを見て……」%K%P
「大好きなあなたが、あぁん、\n　うっとりしてくれてるのを見て……」%K%P
%LC清佳
%LC清佳
「もっともっと、ん、はぁ、んんっ……！\n　癒やされて欲しいなって尽くしたくなっちゃう……」%K%P
「もっともっと、ん、はぁ、んんっ……！\n　癒やされて欲しいなって尽くしたくなっちゃう……」%K%P
僕の感じるポイントを探すように、\n清佳ちゃんが前のめりになったり身体を引いたりする。%K%P
僕の感じるポイントを探すように、\n清佳ちゃんが前のめりになったり身体を引いたりする。%K%P
胸の根元で竿をぎゅっと挟み込んで強めに扱いたり、\n先の方でクニクニと亀頭を重点的に擦ったりしてくれて。%K%P
胸の根元で竿をぎゅっと挟み込んで強めに扱いたり、\n先の方でクニクニと亀頭を重点的に擦ったりしてくれて。%K%P
%LC清佳
%LC清佳
「たくさん気持ち良くなって……？\n　あなたに、ん、はぁ、ご奉仕させて？」%K%P
「たくさん気持ち良くなって……？\n　あなたに、ん、はぁ、ご奉仕させて？」%K%P
%LC清佳
%LC清佳
「いつでもビュービューしていいから。\n　はぁ、あぁん、いっぱいビュービューして欲しい」%K%P
「いつでもビュービューしていいから。\n　はぁ、あぁん、いっぱいビュービューして欲しい」%K%P
火照りきった顔で清佳ちゃんが\nただただ僕を感じさせようとしてくれる。%K%P
火照りきった顔で清佳ちゃんが\nただただ僕を感じさせようとしてくれる。%K%P
快感以上に彼女の愛情が伝わってきて、\nその幸福感に愛欲が溢れてくる。%K%P
快感以上に彼女の愛情が伝わってきて、\nその幸福感に愛欲が溢れてくる。%K%P
%LC清佳
%LC清佳
「先っぽクリクリされるの、んふっ、気持ちいいの？\n　なら、ん……乳首で弄ってあげるね？」%K%P
「先っぽクリクリされるの、んふっ、気持ちいいの？\n　なら、ん……乳首で弄ってあげるね？」%K%P
%LC春樹
%LC春樹
「ふぁぁぁぁ……！」%K%P
「ふぁぁぁぁ……！」%K%P
コリコリの乳首でカリを引っ掻かれて……！\n刺激が強い、ビクビクしちゃう……！%K%P
コリコリの乳首でカリを引っ掻かれて……！\n刺激が強い、ビクビクしちゃう……！%K%P
%LC清佳
%LC清佳
「ふふふ。今度はおっぱいで優しく包み込んであげる。\n　よーしよし、ん、はぁ、おちんちんナデナデ〜」%K%P
「ふふふ。今度はおっぱいで優しく包み込んであげる。\n　よーしよし、ん、はぁ、おちんちんナデナデ〜」%K%P
%LC春樹
%LC春樹
「はぁぁ……んはぁ……」%K%P
「はぁぁ……んはぁ……」%K%P
と思えば、おっぱい全体でおちんちんを\n咥え込んでくれて――はぁはぁ、極楽だ。%K%P
と思えば、おっぱい全体でおちんちんを\n咥え込んでくれて――はぁはぁ、極楽だ。%K%P
極上のマッサージで癒やされながら、\nゆっくりゆっくりと射精感が募っていく――%K%P
極上のマッサージで癒やされながら、\nゆっくりゆっくりと射精感が募っていく――%K%P
%LC清佳
%LC清佳
「おちんちんのビクビク、はぁん、あふ……。\n　どんどん激しくなってきてる……」%K%P
「おちんちんのビクビク、はぁん、あふ……。\n　どんどん激しくなってきてる……」%K%P
%LC清佳
%LC清佳
「えへへ、射精したくなってきた？\n　なら苦しくならないうちにビュービューさせてあげるね」%K%P
「えへへ、射精したくなってきた？\n　なら苦しくならないうちにビュービューさせてあげるね」%K%P
清佳ちゃんが体勢を整えて、\nおっぱいでしっかりとおちんちんを挟み込んでくれる。%K%P
清佳ちゃんが体勢を整えて、\nおっぱいでしっかりとおちんちんを挟み込んでくれる。%K%P
そして――%K%P
そして――%K%P
%LC清佳
%LC清佳
「んっ……！　はぁ……！　ん、ふっ……！」%K%P
「んっ……！　はぁ……！　ん、ふっ……！」%K%P
%LC春樹
%LC春樹
「ふぁ……！　気持ちいい……！\n　おっぱい、んん、ズリズリきて……！！」%K%P
「ふぁ……！　気持ちいい……！\n　おっぱい、んん、ズリズリきて……！！」%K%P
今までとは比べものにならないほど、\nぎゅぅぅと竿を圧迫しながら胸を上下に揺らしてくれる。%K%P
今までとは比べものにならないほど、\nぎゅぅぅと竿を圧迫しながら胸を上下に揺らしてくれる。%K%P
ムッチムチの肉感が気持ちいい……！\nおっぱい丸ごと、おちんちんに吸い付いてくる……！！%K%P
ムッチムチの肉感が気持ちいい……！\nおっぱい丸ごと、おちんちんに吸い付いてくる……！！%K%P
%LC清佳
%LC清佳
「はぁん、ふぁっ……！　すごく震えてる……！\n　私のおっぱいまでブルブルさせられちゃうくらい……！」%K%P
「はぁん、ふぁっ……！　すごく震えてる……！\n　私のおっぱいまでブルブルさせられちゃうくらい……！」%K%P
%LC清佳
%LC清佳
「好きな時に、んはぁ、はぁはぁ……！\n　出していいからねっ？」%K%P
「好きな時に、んはぁ、はぁはぁ……！\n　出していいからねっ？」%K%P
%LC清佳
%LC清佳
「イきたくなったら、あっ、はぁ……！\n　遠慮しないで、ドピュドピュしてっ？」%K%P
「イきたくなったら、あっ、はぁ……！\n　遠慮しないで、ドピュドピュしてっ？」%K%P
イきたい気持ちとこのまま続けて欲しい気持ちが\n心の中で渦巻く。それほど気持ちいい……！%K%P
イきたい気持ちとこのまま続けて欲しい気持ちが\n心の中で渦巻く。それほど気持ちいい……！%K%P
%LC清佳
%LC清佳
「ふぁっ、あぁん……！\n　おちんちん、どんどん太くなって……！」%K%P
「ふぁっ、あぁん……！\n　おちんちん、どんどん太くなって……！」%K%P
%LC清佳
%LC清佳
「はぁ、はぁ、おちんちんが精子で\n　パンパンになってきてるのわかる……！」%K%P
「はぁ、はぁ、おちんちんが精子で\n　パンパンになってきてるのわかる……！」%K%P
%LC清佳
%LC清佳
「えへへ、エッチなおつゆもいっぱい溢れて……！\n　んっ、はぁっ、どうしよう、嬉しい……！」%K%P
「えへへ、エッチなおつゆもいっぱい溢れて……！\n　んっ、はぁっ、どうしよう、嬉しい……！」%K%P
清佳ちゃんの火照った吐息が先っぽに吹きかかる。\n色っぽい嬌声がより僕の発情を煽ってきて……！%K%P
清佳ちゃんの火照った吐息が先っぽに吹きかかる。\n色っぽい嬌声がより僕の発情を煽ってきて……！%K%P
%LC清佳
%LC清佳
「あぁんっ、ふぁっ、あはぁん……！\n　ビクンビクンしすぎっ……！\n　おっぱいから飛び出ちゃうってば……！」%K%P
「あぁんっ、ふぁっ、あはぁん……！\n　ビクンビクンしすぎっ……！\n　おっぱいから飛び出ちゃうってば……！」%K%P
%LC清佳
%LC清佳
「我慢しないで出していいのよっ？\n　んはぁ、あぁん、ビュービューしてっ？」%K%P
「我慢しないで出していいのよっ？\n　んはぁ、あぁん、ビュービューしてっ？」%K%P
%LC清佳
%LC清佳
「私の顔にっ、ふぁ、あぁんっ……！\n　かけちゃってもいいからっ……！」%K%P
「私の顔にっ、ふぁ、あぁんっ……！\n　かけちゃってもいいからっ……！」%K%P
%LC春樹
%LC春樹
「う、うんっ、ありがとう……！\n　でも、ふぁ、もう少し、ん、もう少し……！！」%K%P
「う、うんっ、ありがとう……！\n　でも、ふぁ、もう少し、ん、もう少し……！！」%K%P
いつまでもこの快感を味わっていたい……！\nはぁはぁ、清佳ちゃんのパイズリ気持ちいい……！%K%P
いつまでもこの快感を味わっていたい……！\nはぁはぁ、清佳ちゃんのパイズリ気持ちいい……！%K%P
%LC清佳
%LC清佳
「えへへっ、そんなに気に入ってくれたんだ……！\n　嬉しい、あ、はぁんっ……！」%K%P
「えへへっ、そんなに気に入ってくれたんだ……！\n　嬉しい、あ、はぁんっ……！」%K%P
%LC清佳
%LC清佳
「ならなおさら、ん、ふぁ、我慢しなくていいわっ。\n　こんなことならいつでもしてあげるから……！」%K%P
「ならなおさら、ん、ふぁ、我慢しなくていいわっ。\n　こんなことならいつでもしてあげるから……！」%K%P
%LC清佳
%LC清佳
「射精しないようにしてまで、えへへ、\n　我慢しなくていいのよっ？」%K%P
「射精しないようにしてまで、えへへ、\n　我慢しなくていいのよっ？」%K%P
%LC清佳
%LC清佳
「あなたがして欲しいって言うなら、\n　あっ、はぁ、何度でもしてあげるから……！」%K%P
「あなたがして欲しいって言うなら、\n　あっ、はぁ、何度でもしてあげるから……！」%K%P
射精を堪えてパイズリを味わう僕に、\n清佳ちゃんが幸せそうに告げてくれる。%K%P
射精を堪えてパイズリを味わう僕に、\n清佳ちゃんが幸せそうに告げてくれる。%K%P
はぁはぁ、いつでもしてくれるなんて最高だ……！\n毎日のように頼んじゃうかもしれない……！%K%P
はぁはぁ、いつでもしてくれるなんて最高だ……！\n毎日のように頼んじゃうかもしれない……！%K%P
%LC清佳
%LC清佳
「ほーらっ、ん、はぁ、出したいんでしょ？\n　ビュービューしちゃってっ？」%K%P
「ほーらっ、ん、はぁ、出したいんでしょ？\n　ビュービューしちゃってっ？」%K%P
%LC清佳
%LC清佳
「あ、はぁ、気持ち良く射精して欲しいのっ……！\n　我慢はおちんちんに毒だから……！」%K%P
「あ、はぁ、気持ち良く射精して欲しいのっ……！\n　我慢はおちんちんに毒だから……！」%K%P
パンパンに膨らんだおちんちんを扱きながら、\n清佳ちゃんが射精を促してくれる。%K%P
パンパンに膨らんだおちんちんを扱きながら、\n清佳ちゃんが射精を促してくれる。%K%P
それどころかさらに――%K%P
それどころかさらに――%K%P
%LC清佳
%LC清佳
「ほーらぁ、ここに、んれろー……！\n　ここに、ドピュドピュしへっ？」%K%P
「ほーらぁ、ここに、んれろー……！\n　ここに、ドピュドピュしへっ？」%K%P
%LC春樹
%LC春樹
「っっ……！！」%K%P
「っっ……！！」%K%P
%LC清佳
%LC清佳
「私の顔にっ、れろぉー、ビュービューしへっ？\n　あなひゃのザーメン、はぁはぁ、ごっくんさせへっ？」%K%P
「私の顔にっ、れろぉー、ビュービューしへっ？\n　あなひゃのザーメン、はぁはぁ、ごっくんさせへっ？」%K%P
エ、エロいっ……！！\n清佳ちゃんがやらしく舌を出して煽ってきて……！！%K%P
エ、エロいっ……！！\n清佳ちゃんがやらしく舌を出して煽ってきて……！！%K%P
かけたいっ……！　清佳ちゃんの顔に……！！\n僕の精子っ、ごっくんしてもらいたいっ……！！%K%P
かけたいっ……！　清佳ちゃんの顔に……！！\n僕の精子っ、ごっくんしてもらいたいっ……！！%K%P
%LC清佳
%LC清佳
「んふぁっ……！！　ふふふっ、ビクビクしゅごいっ。\n　そーよっ、そのままっ、いっぱい出しへっ？」%K%P
「んふぁっ……！！　ふふふっ、ビクビクしゅごいっ。\n　そーよっ、そのままっ、いっぱい出しへっ？」%K%P
%LC清佳
%LC清佳
「私のベロめがけてっ、んっ、はぁっ、あぁん……！\n　たっくしゃんザーメンかけへっ？」%K%P
「私のベロめがけてっ、んっ、はぁっ、あぁん……！\n　たっくしゃんザーメンかけへっ？」%K%P
はぁはぁっ……！　おちんちんが脈打つのがわかるっ。\nぶっかけたいっ、んんっ、僕の精子を清佳ちゃんにっ。%K%P
はぁはぁっ……！　おちんちんが脈打つのがわかるっ。\nぶっかけたいっ、んんっ、僕の精子を清佳ちゃんにっ。%K%P
%LC清佳
%LC清佳
「んんっ♪　きへりゅっ♪\n　こゆいザーメンっ、んふっ、のぼってきへりゅ♪」%K%P
「んんっ♪　きへりゅっ♪\n　こゆいザーメンっ、んふっ、のぼってきへりゅ♪」%K%P
%LC清佳
%LC清佳
「ぶちまけへっ？　あなひゃのスケベ汁っ、\n　んっ、ふぁっ、私におもいっきり、おもいっきり……！」%K%P
「ぶちまけへっ？　あなひゃのスケベ汁っ、\n　んっ、ふぁっ、私におもいっきり、おもいっきり……！」%K%P
待ちきれないとばかりに清佳ちゃんが\n激しく胸を揺らしてきてくれる。%K%P
待ちきれないとばかりに清佳ちゃんが\n激しく胸を揺らしてきてくれる。%K%P
餌を前にした雌犬のように、\n伸ばした舌先から唾液をボトボト零しながら。%K%P
餌を前にした雌犬のように、\n伸ばした舌先から唾液をボトボト零しながら。%K%P
はぁはぁ、えっちい、エロ過ぎる……！！\n我慢なんかできないっっ……！！%K%P
はぁはぁ、えっちい、エロ過ぎる……！！\n我慢なんかできないっっ……！！%K%P
%LC清佳
%LC清佳
「んはぁっ♪　んぁっ、あっ、あっ、あっ♪」%K%P
「んはぁっ♪　んぁっ、あっ、あっ、あっ♪」%K%P
%LC清佳
%LC清佳
「腰、突き上げてきへっ♪　あぁんっ……！！\n　じっとしへへって言ったのにっ♪」%K%P
「腰、突き上げてきへっ♪　あぁんっ……！！\n　じっとしへへって言ったのにっ♪」%K%P
%LC清佳
%LC清佳
「れも、んはぁっ、いいわっ、んぁ……！！\n　そのまま突いへっ？　おっぱいでおちんちん扱いへっ？」%K%P
「れも、んはぁっ、いいわっ、んぁ……！！\n　そのまま突いへっ？　おっぱいでおちんちん扱いへっ？」%K%P
%LC清佳
%LC清佳
「一番気持ち良くなっひゃところれっ、\n　んぁっ、あっ、はぁっ、あぁっ、射精しへっ？」%K%P
「一番気持ち良くなっひゃところれっ、\n　んぁっ、あっ、はぁっ、あぁっ、射精しへっ？」%K%P
僕の腰振りに合わせて清佳ちゃんが\n胸をギュウギュウ締めてくれる。%K%P
僕の腰振りに合わせて清佳ちゃんが\n胸をギュウギュウ締めてくれる。%K%P
はぁはぁ、イくっ……！！\nんんっ、気持ちいい……！！%K%P
はぁはぁ、イくっ……！！\nんんっ、気持ちいい……！！%K%P
%LC清佳
%LC清佳
「らひへっ♪　ドピュドピュしへぇ♪」%K%P
「らひへっ♪　ドピュドピュしへぇ♪」%K%P
%LC清佳
%LC清佳
「わたひのお顔にっ、ベロにっ、んぁっ、あっ、あっ、\n　あなひゃのザーメンっ……！　こゆいザーメンっ……！」%K%P
「わたひのお顔にっ、ベロにっ、んぁっ、あっ、あっ、\n　あなひゃのザーメンっ……！　こゆいザーメンっ……！」%K%P
%LC清佳
%LC清佳
「たくしゃん、たくしゃんっ……！！\n　んぁぁぁっ、らひへぇぇぇえぇえっっ〜〜！！」%K%P
「たくしゃん、たくしゃんっ……！！\n　んぁぁぁっ、らひへぇぇぇえぇえっっ〜〜！！」%K%P
%LC清佳
%LC清佳
「んっ――んはぁぁぁぁぁぁぁぁっっ〜〜♪♪♪」%K%P
「んっ――んはぁぁぁぁぁぁぁぁっっ〜〜♪♪♪」%K%P
清佳ちゃんの顔めがけて、\n思いっきりザーメンをぶちまける。%K%P
清佳ちゃんの顔めがけて、\n思いっきりザーメンをぶちまける。%K%P
噴き出した白濁は大雨のように\n彼女の顔に、胸に、降り注いで――%K%P
噴き出した白濁は大雨のように\n彼女の顔に、胸に、降り注いで――%K%P
%LC清佳
%LC清佳
「んはぁ……はぁ、はぁ……。\n　こんにゃに、たくしゃんビュービューしへくれへ……♪」%K%P
「んはぁ……はぁ、はぁ……。\n　こんにゃに、たくしゃんビュービューしへくれへ……♪」%K%P
%LC清佳
%LC清佳
「みえりゅかしら……？　あなひゃのせーし、\n　んぁ、わたひの舌の上でプルプルしへりゅわ……」%K%P
「みえりゅかしら……？　あなひゃのせーし、\n　んぁ、わたひの舌の上でプルプルしへりゅわ……」%K%P
%LC清佳
%LC清佳
「えへへ……おいひしょう。\n　舌に乗せてりゅだけれ、エッチな味伝わってくりゅ」%K%P
「えへへ……おいひしょう。\n　舌に乗せてりゅだけれ、エッチな味伝わってくりゅ」%K%P
舌の上に精液を乗せたまま、ザーメンまみれの\n清佳ちゃんが幸せそうに微笑みかけてくれる。%K%P
舌の上に精液を乗せたまま、ザーメンまみれの\n清佳ちゃんが幸せそうに微笑みかけてくれる。%K%P
その淫らな姿に尿道の中に残っていた\n精子がたちどころに噴き出した。%K%P
その淫らな姿に尿道の中に残っていた\n精子がたちどころに噴き出した。%K%P
%LC清佳
%LC清佳
「はぁはぁ、いただいちゃうわね……？\n　あなひゃのえっちなザーメン……」%K%P
「はぁはぁ、いただいちゃうわね……？\n　あなひゃのえっちなザーメン……」%K%P
%LC清佳
%LC清佳
「ごっくんしゅるところ……はぁはぁ、みへへ？」%K%P
「ごっくんしゅるところ……はぁはぁ、みへへ？」%K%P
そして、彼女は自分のいやらしい姿を\nたっぷりと見せるようにそう告げて――%K%P
そして、彼女は自分のいやらしい姿を\nたっぷりと見せるようにそう告げて――%K%P
%LC清佳
%LC清佳
「んっ……ごくっ、ごくくっ……♪♪♪」%K%P
「んっ……ごくっ、ごくくっ……♪♪♪」%K%P
%LC清佳
%LC清佳
「濃厚れ……ごくごく♪　おいひ……♪♪」%K%P
「濃厚れ……ごくごく♪　おいひ……♪♪」%K%P
%LC清佳
%LC清佳
「しゅごく喉に絡みついへきへ……♪\n　んく、たっぷり精子のおいしさ、味わえちゃふ……♪」%K%P
「しゅごく喉に絡みついへきへ……♪\n　んく、たっぷり精子のおいしさ、味わえちゃふ……♪」%K%P
幸せそうに喉を鳴らしながら、\nゆっくりじっくりと僕の精液を飲み込んでくれる。%K%P
幸せそうに喉を鳴らしながら、\nゆっくりじっくりと僕の精液を飲み込んでくれる。%K%P
脈打つ喉を眺めているだけでもエロい……。\nこんなに嬉しそうに僕の精子、飲んでくれて……。%K%P
脈打つ喉を眺めているだけでもエロい……。\nこんなに嬉しそうに僕の精子、飲んでくれて……。%K%P
%LC清佳
%LC清佳
「んべー……えへへ。ご馳走様……」%K%P
「んべー……えへへ。ご馳走様……」%K%P
飲み干したことをわざわざ確認させるように、\n再びベロを伸ばしてピンク色の舌を見せつけてくれる。%K%P
飲み干したことをわざわざ確認させるように、\n再びベロを伸ばしてピンク色の舌を見せつけてくれる。%K%P
%LC春樹
%LC春樹
「はぁ、はぁ……。エ、エッチすぎるよ、清佳ちゃん……」%K%P
「はぁ、はぁ……。エ、エッチすぎるよ、清佳ちゃん……」%K%P
%LC清佳
%LC清佳
「ふふふ、興奮してもらえるかなって思って……。\n　あなたの精子が飲みたかったのも、本当だし……」%K%P
「ふふふ、興奮してもらえるかなって思って……。\n　あなたの精子が飲みたかったのも、本当だし……」%K%P
%LC清佳
%LC清佳
「とってもムラムラしちゃう……。\n　あなたのエッチな匂いに包まれて……。\n　あなたのやらしい味が口の中にまだ残ってて……」%K%P
「とってもムラムラしちゃう……。\n　あなたのエッチな匂いに包まれて……。\n　あなたのやらしい味が口の中にまだ残ってて……」%K%P
伸ばした舌先でおちんちんやおっぱいに付いた精子を\n清佳ちゃんがやらしく舐めとる。%K%P
伸ばした舌先でおちんちんやおっぱいに付いた精子を\n清佳ちゃんがやらしく舐めとる。%K%P
そのエッチな姿を見ていると、\nたった今射精したばかりなのにまた勃起してきて――%K%P
そのエッチな姿を見ていると、\nたった今射精したばかりなのにまた勃起してきて――%K%P
%LC清佳
%LC清佳
「……えへへ。胸だけじゃ満足できない？」%K%P
「……えへへ。胸だけじゃ満足できない？」%K%P
%LC春樹
%LC春樹
「っっ。ご、ごめん。そういうわけじゃなくて……！\n　ただ単純に――……」%K%P
「っっ。ご、ごめん。そういうわけじゃなくて……！\n　ただ単純に――……」%K%P
%LC清佳
%LC清佳
「単純に？」%K%P
「単純に？」%K%P
%LC春樹
%LC春樹
「もっとしたいなって……」%K%P
「もっとしたいなって……」%K%P
%LC清佳
%LC清佳
「素直でよろしい」%K%P
「素直でよろしい」%K%P
%LC清佳
%LC清佳
「それじゃあ、そのまま動かないで？\n　おまんこでも気持ち良くしてあげるから」%K%P
「それじゃあ、そのまま動かないで？\n　おまんこでも気持ち良くしてあげるから」%K%P
%LC春樹
%LC春樹
「いや、今度は僕が――」%K%P
「いや、今度は僕が――」%K%P
%LC清佳
%LC清佳
「いいの。私がしてあげたいんだから」%K%P
「いいの。私がしてあげたいんだから」%K%P
%LC清佳
%LC清佳
「ううん……。私の方がしたくてしたくて、\n　我慢できないのかも……」%K%P
「ううん……。私の方がしたくてしたくて、\n　我慢できないのかも……」%K%P
%LC清佳
%LC清佳
「パイズリしてる間……。\n　ずーっとおまんこキュンキュンしてたから……」%K%P
「パイズリしてる間……。\n　ずーっとおまんこキュンキュンしてたから……」%K%P
熱っぽい声で呟いて、\n清佳ちゃんが馬乗りになってくる。%K%P
熱っぽい声で呟いて、\n清佳ちゃんが馬乗りになってくる。%K%P
そして、そのまま僕のおちんちんを\n自分の大切なところへ当てて――%K%P
そして、そのまま僕のおちんちんを\n自分の大切なところへ当てて――%K%P
