%LC清佳
%LC清佳
『――でね！　蛍からキスしてくれたの……！\n　私が好きって伝えたら蛍も好きって伝え返してくれて！』%K%P
『――でね！　蛍からキスしてくれたの……！\n　私が好きって伝えたら蛍も好きって伝え返してくれて！』%K%P
%LC春樹
%LC春樹
「そ、そっかぁ……」%K%P
「そ、そっかぁ……」%K%P
%LC清佳
%LC清佳
『「そっかぁ……」じゃないわよ！\n　こ、これってＯＫってことよねっ！？\n　私を恋人認定してくれたってことよねっ！？』%K%P
『「そっかぁ……」じゃないわよ！\n　こ、これってＯＫってことよねっ！？\n　私を恋人認定してくれたってことよねっ！？』%K%P
ハイテンションかつ幸せいっぱいの様子が\n電話口からでもありありと伝わってくる。%K%P
ハイテンションかつ幸せいっぱいの様子が\n電話口からでもありありと伝わってくる。%K%P
深夜――夏祭りのほとぼりが冷めないうちに、\n春樹宛に清佳ちゃんから電話がかかってきていた。%K%P
深夜――夏祭りのほとぼりが冷めないうちに、\n春樹宛に清佳ちゃんから電話がかかってきていた。%K%P
そしてかれこれ１時間以上、\n同じような会話を繰り返されてしまっている。%K%P
そしてかれこれ１時間以上、\n同じような会話を繰り返されてしまっている。%K%P
うぅ。どうしてキスなんかしちゃったんだろ。\nしかも「好き」とまで口にしちゃって……。%K%P
うぅ。どうしてキスなんかしちゃったんだろ。\nしかも「好き」とまで口にしちゃって……。%K%P
男の自分を好きになってもらいたいって、\nずっと思ったはずなのに――%K%P
男の自分を好きになってもらいたいって、\nずっと思ったはずなのに――%K%P
%LC清佳
%LC清佳
『ちょっと。聞いてるの？\n　大事な話をしてるんだからねっ！？』%K%P
『ちょっと。聞いてるの？\n　大事な話をしてるんだからねっ！？』%K%P
%LC春樹
%LC春樹
「あっ。ご、ごめん。ちゃんと聞いてるよ？\n　恋人認定かどうかは……うん。どうだろうね……」%K%P
「あっ。ご、ごめん。ちゃんと聞いてるよ？\n　恋人認定かどうかは……うん。どうだろうね……」%K%P
%LC清佳
%LC清佳
『はぁ？　恋人認定に決まってるじゃない！\n　私の「好き」に、蛍も「好き」で応えてくれたのよ！？』%K%P
『はぁ？　恋人認定に決まってるじゃない！\n　私の「好き」に、蛍も「好き」で応えてくれたのよ！？』%K%P
%LC春樹
%LC春樹
「うっ……！　そ、そうだよね……！\n　そうなっちゃうよねっ……！」%K%P
「うっ……！　そ、そうだよね……！\n　そうなっちゃうよねっ……！」%K%P
%LC清佳
%LC清佳
『歯切れの悪い返事ね……。\n　そういう女々しい返事、やめた方がいいわよ？』%K%P
『歯切れの悪い返事ね……。\n　そういう女々しい返事、やめた方がいいわよ？』%K%P
ぐふっ！！　女々しいって言われた……。%K%P
ぐふっ！！　女々しいって言われた……。%K%P
%LC清佳
%LC清佳
『ふふ、思い出すだけで幸せ。\n　悪いけど、蛍の心は私がもらったわ！』%K%P
『ふふ、思い出すだけで幸せ。\n　悪いけど、蛍の心は私がもらったわ！』%K%P
%LC清佳
%LC清佳
『正直、蛍があなたを好きだと知った時は焦ったわ。\n　でも一途な想いは人の心を変えてしまうものなのね！\n　ずっとアプローチしてきた甲斐があったわ……！』%K%P
『正直、蛍があなたを好きだと知った時は焦ったわ。\n　でも一途な想いは人の心を変えてしまうものなのね！\n　ずっとアプローチしてきた甲斐があったわ……！』%K%P
本当に嬉しそうだなぁ……。\n僕はこれからどうすればいいんだろう……。%K%P
本当に嬉しそうだなぁ……。\n僕はこれからどうすればいいんだろう……。%K%P
悩んでいると、ふと清佳ちゃんが\n声のトーンを落として話しかけてくる。%K%P
悩んでいると、ふと清佳ちゃんが\n声のトーンを落として話しかけてくる。%K%P
%LC清佳
%LC清佳
『あ……そうだ。今度、蛍と会う時は声をかけて？\n　できる限りのフォローはさせてもらうから』%K%P
『あ……そうだ。今度、蛍と会う時は声をかけて？\n　できる限りのフォローはさせてもらうから』%K%P
%LC春樹
%LC春樹
「フォロー？」%K%P
「フォロー？」%K%P
%LC清佳
%LC清佳
『そうよ。想いを告げていなかったとはいえ\n　蛍にとってあなたは過去の想い人――\n　きっと顔を合わせづらいだろうし……』%K%P
『そうよ。想いを告げていなかったとはいえ\n　蛍にとってあなたは過去の想い人――\n　きっと顔を合わせづらいだろうし……』%K%P
%LC清佳
%LC清佳
『私に心変わりしてくれたとはいえ、\n　ずっと想い続けてきた人だもの……。\n　二人で会えば蛍が余計な心労を背負うかもしれないわ』%K%P
『私に心変わりしてくれたとはいえ、\n　ずっと想い続けてきた人だもの……。\n　二人で会えば蛍が余計な心労を背負うかもしれないわ』%K%P
%LC清佳
%LC清佳
『私のせいで、春樹くんと蛍の関係をこじれさせて\n　しまいたくないし……。これからも仲良く過ごして\n　欲しいもの』%K%P
『私のせいで、春樹くんと蛍の関係をこじれさせて\n　しまいたくないし……。これからも仲良く過ごして\n　欲しいもの』%K%P
%LC春樹
%LC春樹
「清佳さん……」%K%P
「清佳さん……」%K%P
幸せいっぱいでたまらないはずなのに、\n僕や蛍のことに気を回してくれるなんて……。%K%P
幸せいっぱいでたまらないはずなのに、\n僕や蛍のことに気を回してくれるなんて……。%K%P
やっぱり清佳ちゃんは良い子だ。\n改めて心の底からそう思う。%K%P
やっぱり清佳ちゃんは良い子だ。\n改めて心の底からそう思う。%K%P
%LC清佳
%LC清佳
『それに……』%K%P
『それに……』%K%P
%LC清佳
%LC清佳
『それに私も春樹くんには感謝してるしね。\n　あなたの助力がなければ、きっと私は\n　蛍の前で色んな醜態を晒しちゃってたわ』%K%P
『それに私も春樹くんには感謝してるしね。\n　あなたの助力がなければ、きっと私は\n　蛍の前で色んな醜態を晒しちゃってたわ』%K%P
%LC春樹
%LC春樹
「あ、あはは……。気にしないでいいよ？」%K%P
「あ、あはは……。気にしないでいいよ？」%K%P
その「色んな醜態」とやらも見ちゃってるし……。%K%P
その「色んな醜態」とやらも見ちゃってるし……。%K%P
%LC清佳
%LC清佳
『……む。せっかく人が素直にお礼言ってるのに。\n　あなたも少しは素直に受け取りなさいよ、もう』%K%P
『……む。せっかく人が素直にお礼言ってるのに。\n　あなたも少しは素直に受け取りなさいよ、もう』%K%P
%LC清佳
%LC清佳
『ま、いいわ。ごめんなさいね、こんな夜遅くに\n　いきなり電話しちゃって。そろそろ切るわ』%K%P
『ま、いいわ。ごめんなさいね、こんな夜遅くに\n　いきなり電話しちゃって。そろそろ切るわ』%K%P
%LC春樹
%LC春樹
「あ、うん」%K%P
「あ、うん」%K%P
電話を切ると言われて、\nちょっぴり名残惜しい気分になる。%K%P
電話を切ると言われて、\nちょっぴり名残惜しい気分になる。%K%P
だからどうしても自分から\n通話を切ることができなかった。%K%P
だからどうしても自分から\n通話を切ることができなかった。%K%P
%LC清佳
%LC清佳
『…………』%K%P
『…………』%K%P
%LC春樹
%LC春樹
「…………」%K%P
「…………」%K%P
……あれ？　切られてない、よね？%K%P
……あれ？　切られてない、よね？%K%P
%LC清佳
%LC清佳
『その……』%K%P
『その……』%K%P
%LC春樹
%LC春樹
「わっ！？　な、なにっ！？」%K%P
「わっ！？　な、なにっ！？」%K%P
%LC清佳
%LC清佳
『っっ。きゅ、急に大声出さないでよ。\n　ビックリしちゃうじゃない……！』%K%P
『っっ。きゅ、急に大声出さないでよ。\n　ビックリしちゃうじゃない……！』%K%P
%LC春樹
%LC春樹
「ご、ごめんね。切られるものだと思ってたから……！」%K%P
「ご、ごめんね。切られるものだと思ってたから……！」%K%P
%LC清佳
%LC清佳
『ま、まぁそうね……。一応、その……。\n　最後に一つ言っておこうと思って……』%K%P
『ま、まぁそうね……。一応、その……。\n　最後に一つ言っておこうと思って……』%K%P
電話口から聞こえてくる彼女の声は、\nなんだか少し照れの色を含んでいるように思えた。%K%P
電話口から聞こえてくる彼女の声は、\nなんだか少し照れの色を含んでいるように思えた。%K%P
%LC清佳
%LC清佳
『これからも……その。よろしくね？\n　蛍と両思いになったとはいえ……\n　また色々と訊きたいことが出てくると思うし……』%K%P
『これからも……その。よろしくね？\n　蛍と両思いになったとはいえ……\n　また色々と訊きたいことが出てくると思うし……』%K%P
%LC春樹
%LC春樹
「う、うん。そういうことなら\n　いつでも聞いてくれていいよ？」%K%P
「う、うん。そういうことなら\n　いつでも聞いてくれていいよ？」%K%P
%LC清佳
%LC清佳
『あ、ありがと。だったら、その……。\n　これからも私と、えと……』%K%P
『あ、ありがと。だったら、その……。\n　これからも私と、えと……』%K%P
%LC春樹
%LC春樹
「うん？」%K%P
「うん？」%K%P
清佳ちゃんにしては歯切れが悪い。\n何を言おうとしてるんだろう？%K%P
清佳ちゃんにしては歯切れが悪い。\n何を言おうとしてるんだろう？%K%P
%LC清佳
%LC清佳
『これからも私と、良い友達として\n　付き合ってくれると嬉しいわ……！』%K%P
『これからも私と、良い友達として\n　付き合ってくれると嬉しいわ……！』%K%P
%LC清佳
%LC清佳
『そ、それだけっ！』%K%P
『そ、それだけっ！』%K%P
%LC春樹
%LC春樹
「えっ――あっ……切れちゃった」%K%P
「えっ――あっ……切れちゃった」%K%P
……友達、か。%K%P
……友達、か。%K%P
喜ぶべきなのかな？\n少しは{春樹:ぼく}とも打ち解けてくれたのかも……。%K%P
喜ぶべきなのかな？\n少しは{春樹:ぼく}とも打ち解けてくれたのかも……。%K%P
そうだとすると――%K%P
そうだとすると――%K%P
%LC春樹
%LC春樹
「うわぁあああっっ〜！！\n　なんで僕はキスや告白なんてしちゃったんだぁ〜！！」%K%P
「うわぁあああっっ〜！！\n　なんで僕はキスや告白なんてしちゃったんだぁ〜！！」%K%P
頭を抱えてベッドの上をゴロゴロと転がる。%K%P
頭を抱えてベッドの上をゴロゴロと転がる。%K%P
こうやって少しずつ僕を知ってもらっていけば、\nもしかすれば、もしかしてたかもしれないのに……！！%K%P
こうやって少しずつ僕を知ってもらっていけば、\nもしかすれば、もしかしてたかもしれないのに……！！%K%P
でも、あの時はなんというか何も考えてなくて……！\n気づいたら清佳ちゃんにキスしちゃってて……！%K%P
でも、あの時はなんというか何も考えてなくて……！\n気づいたら清佳ちゃんにキスしちゃってて……！%K%P
清佳ちゃんに「好き」って言われた時も、\n嬉しくなって「好き」って答えちゃって……！%K%P
清佳ちゃんに「好き」って言われた時も、\n嬉しくなって「好き」って答えちゃって……！%K%P
そのまま花火そっちのけで、\n何度も何度もチュッチュしちゃって――%K%P
そのまま花火そっちのけで、\n何度も何度もチュッチュしちゃって――%K%P
%LC春樹
%LC春樹
「……ん、んふ……」%K%P
「……ん、んふ……」%K%P
清佳ちゃんの唇の感触を思い出しながら、\nつい股間へと手が伸びてしまう。%K%P
清佳ちゃんの唇の感触を思い出しながら、\nつい股間へと手が伸びてしまう。%K%P
も、ものすごく柔らかかったなぁ……。%K%P
も、ものすごく柔らかかったなぁ……。%K%P
ファーストキスの時と違って、\nじっくり、ねっとり、啄みあっちゃって――%K%P
ファーストキスの時と違って、\nじっくり、ねっとり、啄みあっちゃって――%K%P
%LC春樹
%LC春樹
「――じゃなくて！　な、何を僕は\n　一人でいたそうとしちゃってるの……！」%K%P
「――じゃなくて！　な、何を僕は\n　一人でいたそうとしちゃってるの……！」%K%P
ダメダメ……！　そんなことしちゃ……！\n今の僕は、ううん、わたしは蛍なんだから……！%K%P
ダメダメ……！　そんなことしちゃ……！\n今の僕は、ううん、わたしは蛍なんだから……！%K%P
%LC蛍
%LC蛍
「わたしは、蛍……。春日蛍……。蛍、蛍……」%K%P
「わたしは、蛍……。春日蛍……。蛍、蛍……」%K%P
言い聞かせるように呟きながら、\n女装している自分の姿を見つめ続ける。%K%P
言い聞かせるように呟きながら、\n女装している自分の姿を見つめ続ける。%K%P
よ、よし。落ち着いてきた……。\n今日はこのまま寝ちゃおう……！！%K%P
よ、よし。落ち着いてきた……。\n今日はこのまま寝ちゃおう……！！%K%P
電気を消して、頭を覆うくらい布団を被る。%K%P
電気を消して、頭を覆うくらい布団を被る。%K%P
カーテンの隙間から差す月明かりすら今は見たくない。\n冴えきった目を無理やりにでも暗闇に置かなくちゃ。%K%P
カーテンの隙間から差す月明かりすら今は見たくない。\n冴えきった目を無理やりにでも暗闇に置かなくちゃ。%K%P
そのまま何も考えずに……。\nただ無心で、微睡みの中へ落ちていこう……。%K%P
そのまま何も考えずに……。\nただ無心で、微睡みの中へ落ちていこう……。%K%P
落ちて…………%K%P
落ちて…………%K%P
%LC蛍・清佳
%LC蛍・清佳
「……ん、ちゅっ……」%K%P
「……ん、ちゅっ……」%K%P
%LC蛍
%LC蛍
「〜〜っっ！」%K%P
「〜〜っっ！」%K%P
ダ、ダメだ。気を抜いたら思い出しちゃう……！%K%P
ダ、ダメだ。気を抜いたら思い出しちゃう……！%K%P
だってだって好きな人と、\nあんなにたくさんキスしちゃったんだもん……！%K%P
だってだって好きな人と、\nあんなにたくさんキスしちゃったんだもん……！%K%P
%LC清佳
%LC清佳
「ん……ちゅ……ちゅぁむ……」%K%P
「ん……ちゅ……ちゅぁむ……」%K%P
うぅ……！　感触まで蘇ってきちゃう……！%K%P
うぅ……！　感触まで蘇ってきちゃう……！%K%P
まるで今も瑞々しくて艶やかな清佳ちゃんの唇が\n僕の唇に触れているような心地がして……！%K%P
まるで今も瑞々しくて艶やかな清佳ちゃんの唇が\n僕の唇に触れているような心地がして……！%K%P
%LC清佳
%LC清佳
「…………」%K%P
「…………」%K%P
%LC清佳
%LC清佳
「れ……れろぉ……。れろ、れろぉ……んちゅぁ……」%K%P
「れ……れろぉ……。れろ、れろぉ……んちゅぁ……」%K%P
ふぁぁ……！　何この蕩けるような感触……！\nもしかして舌っ！？　舌まで入って……！？%K%P
ふぁぁ……！　何この蕩けるような感触……！\nもしかして舌っ！？　舌まで入って……！？%K%P
%LC清佳
%LC清佳
「はぁ、はぁ……。んちゅっ……！\n　んちゅぁ、れろろぉっ！　れろぉ、んぺろろぉ……！！」%K%P
「はぁ、はぁ……。んちゅっ……！\n　んちゅぁ、れろろぉっ！　れろぉ、んぺろろぉ……！！」%K%P
んっ、んんんんっっ……！！？\n口の中が舐め回されるっ……！！%K%P
んっ、んんんんっっ……！！？\n口の中が舐め回されるっ……！！%K%P
妄想にしては、はぁはぁ、リアル過ぎ――%K%P
妄想にしては、はぁはぁ、リアル過ぎ――%K%P
%LC清佳
%LC清佳
「ちゅぁ、んはぁむっ♪　れろれろれろぉ……♪」%K%P
「ちゅぁ、んはぁむっ♪　れろれろれろぉ……♪」%K%P
%LC蛍
%LC蛍
「――きゃあああああああああっっ〜〜！！！？」%K%P
「――きゃあああああああああっっ〜〜！！！？」%K%P
%LC清佳
%LC清佳
「ぶふぅっ！！？」%K%P
「ぶふぅっ！！？」%K%P
反射的に突き飛ばしてしまう。\n夢っ！？　これも夢なのっ……！？%K%P
反射的に突き飛ばしてしまう。\n夢っ！？　これも夢なのっ……！？%K%P
ほっぺを引っ張る。――痛いっ！%K%P
ほっぺを引っ張る。――痛いっ！%K%P
%LC清佳
%LC清佳
「あいたたた……。\n　ほ、蛍ったら照れ屋なんだから……」%K%P
「あいたたた……。\n　ほ、蛍ったら照れ屋なんだから……」%K%P
%LC蛍
%LC蛍
「いや、そうじゃないでしょ！？」%K%P
「いや、そうじゃないでしょ！？」%K%P
%LC清佳
%LC清佳
「っっ。ごごご、ごめんなさいっ！！\n　つい魔が差しちゃってっ……！！」%K%P
「っっ。ごごご、ごめんなさいっ！！\n　つい魔が差しちゃってっ……！！」%K%P
ツッコミを入れると清佳ちゃんは\n即座に頭を下げてきた。%K%P
ツッコミを入れると清佳ちゃんは\n即座に頭を下げてきた。%K%P
魔が差したと言われても……！%K%P
魔が差したと言われても……！%K%P
%LC清佳
%LC清佳
「ほ、本当にごめんなさい……！　ほほほ、蛍との\n　キスを思い出したら目が冴えちゃって……！！」%K%P
「ほ、本当にごめんなさい……！　ほほほ、蛍との\n　キスを思い出したら目が冴えちゃって……！！」%K%P
%LC清佳
%LC清佳
「ひと目寝顔を見ようと思っただけなの……！！\n　でも蛍ったら頭まで布団被っちゃってたから……！！」%K%P
「ひと目寝顔を見ようと思っただけなの……！！\n　でも蛍ったら頭まで布団被っちゃってたから……！！」%K%P
%LC清佳
%LC清佳
「それで起こさないように、そーっと布団あげて……！\n　そうしたら蛍の可愛い顔がすごく近くにあって……！」%K%P
「それで起こさないように、そーっと布団あげて……！\n　そうしたら蛍の可愛い顔がすごく近くにあって……！」%K%P
%LC清佳
%LC清佳
「き……気づいたら、そ、その――！！」%K%P
「き……気づいたら、そ、その――！！」%K%P
清佳ちゃんがモジモジと身体を揺らす。%K%P
清佳ちゃんがモジモジと身体を揺らす。%K%P
僕は僕で呼吸も心音も速まってしまっていた。\nどうにか落ち着こうとするけれど全然鎮まらない。%K%P
僕は僕で呼吸も心音も速まってしまっていた。\nどうにか落ち着こうとするけれど全然鎮まらない。%K%P
何か答えようと思うけれど頭も回らなくて。\n黙っている間に清佳ちゃんが怖ず怖ずと尋ねてきた。%K%P
何か答えようと思うけれど頭も回らなくて。\n黙っている間に清佳ちゃんが怖ず怖ずと尋ねてきた。%K%P
%LC清佳
%LC清佳
「嫌だった、かしら……」%K%P
「嫌だった、かしら……」%K%P
%LC蛍
%LC蛍
「う……ううん。嫌ではない……けど……」%K%P
「う……ううん。嫌ではない……けど……」%K%P
%LC清佳
%LC清佳
「よ……良かった……」%K%P
「よ……良かった……」%K%P
口の中が乾いてしまう。\n大きな呼吸を何度も何度も繰り返してしまって。%K%P
口の中が乾いてしまう。\n大きな呼吸を何度も何度も繰り返してしまって。%K%P
%LC清佳
%LC清佳
「もう一度だけ……その。キスしてもいい……？\n　もう一度したら部屋に戻るから……」%K%P
「もう一度だけ……その。キスしてもいい……？\n　もう一度したら部屋に戻るから……」%K%P
%LC蛍
%LC蛍
「う……うん……」%K%P
「う……うん……」%K%P
花火の時と同じだ。%K%P
花火の時と同じだ。%K%P
頷いちゃいけないと思っているのに、\n考えるよりも先に答えてしまっている。%K%P
頷いちゃいけないと思っているのに、\n考えるよりも先に答えてしまっている。%K%P
今キスなんてされてしまったら――%K%P
今キスなんてされてしまったら――%K%P
%LC清佳
%LC清佳
「ん……ちゅ……んふ……」%K%P
「ん……ちゅ……んふ……」%K%P
考えている間に、そっと唇が重ねられた。\n乾ききった口内が清佳ちゃんの甘い唾液で湿らされる。%K%P
考えている間に、そっと唇が重ねられた。\n乾ききった口内が清佳ちゃんの甘い唾液で湿らされる。%K%P
%LC清佳
%LC清佳
「はぁ……はぁ……」%K%P
「はぁ……はぁ……」%K%P
%LC清佳
%LC清佳
「…………」%K%P
「…………」%K%P
%LC清佳
%LC清佳
「も、もう一回だけ……していい？」%K%P
「も、もう一回だけ……していい？」%K%P
%LC蛍
%LC蛍
「……うん……」%K%P
「……うん……」%K%P
%LC清佳
%LC清佳
「んっ……ちゅっ、んんっ……」%K%P
「んっ……ちゅっ、んんっ……」%K%P
%LC清佳
%LC清佳
「んはぁむ……んふ、ちゅぁ……んっ。\n　ちゅ……ん。んんっ……」%K%P
「んはぁむ……んふ、ちゅぁ……んっ。\n　ちゅ……ん。んんっ……」%K%P
%LC蛍
%LC蛍
「んふ……んちゅ、ちゅぁ……ん……」%K%P
「んふ……んちゅ、ちゅぁ……ん……」%K%P
ああ、ダメだ。一度キスしてしまうと、\nもう歯止めが利かなくなってしまう。%K%P
ああ、ダメだ。一度キスしてしまうと、\nもう歯止めが利かなくなってしまう。%K%P
一回だけで済むはずがない。\nずっと永遠にキスしていたいくらいなんだもん――……%K%P
一回だけで済むはずがない。\nずっと永遠にキスしていたいくらいなんだもん――……%K%P
%LC清佳
%LC清佳
「はぁはぁ……ん、ちゅ……れろ、ぺろぉ……」%K%P
「はぁはぁ……ん、ちゅ……れろ、ぺろぉ……」%K%P
%LC蛍
%LC蛍
「んんっ……！　れ、れろぉ、んちゅぁ、ぺろろぉ……！」%K%P
「んんっ……！　れ、れろぉ、んちゅぁ、ぺろろぉ……！」%K%P
おっかなびっくり清佳ちゃんが舌を伸ばしてきてくれる。\nそんな彼女に応えるように僕も自分の舌を伸ばす。%K%P
おっかなびっくり清佳ちゃんが舌を伸ばしてきてくれる。\nそんな彼女に応えるように僕も自分の舌を伸ばす。%K%P
ベロとベロを絡ませるのが震えるほど気持ちいい……。%K%P
ベロとベロを絡ませるのが震えるほど気持ちいい……。%K%P
綿菓子のような甘みと、興奮を煽るような火照りが、\nどんどん強く僕たちのキスを激しくしていく――%K%P
綿菓子のような甘みと、興奮を煽るような火照りが、\nどんどん強く僕たちのキスを激しくしていく――%K%P
%LC清佳
%LC清佳
「んはぁむ……んちゅぁ、れろっ……！\n　れろろぉ……！　んふ、んんっ！　ぺろろぉ……！」%K%P
「んはぁむ……んちゅぁ、れろっ……！\n　れろろぉ……！　んふ、んんっ！　ぺろろぉ……！」%K%P
%LC蛍
%LC蛍
「れろぉ……！　ぺろぺろぉ……！\n　んんんっ……！　んはぁむっ……！」%K%P
「れろぉ……！　ぺろぺろぉ……！\n　んんんっ……！　んはぁむっ……！」%K%P
気づけば、清佳ちゃんと強く抱きしめあっていた。\nより深く舌を絡ませるために。より快感を貪るために。%K%P
気づけば、清佳ちゃんと強く抱きしめあっていた。\nより深く舌を絡ませるために。より快感を貪るために。%K%P
清佳ちゃんのおっぱいが僕の胸板で潰れている。\nその感触が、さらに僕の心を熱くさせてくる。%K%P
清佳ちゃんのおっぱいが僕の胸板で潰れている。\nその感触が、さらに僕の心を熱くさせてくる。%K%P
もっと触れたい。交わりたい。%K%P
もっと触れたい。交わりたい。%K%P
そんな感情が際限なく高まってきてしまって――%K%P
そんな感情が際限なく高まってきてしまって――%K%P
%LC蛍
%LC蛍
「――ひゃっ。く、くすぐったいよ、清佳ちゃん……」%K%P
「――ひゃっ。く、くすぐったいよ、清佳ちゃん……」%K%P
%LC清佳
%LC清佳
「ダ、ダメ……？」%K%P
「ダ、ダメ……？」%K%P
清佳ちゃんが僕の背中をさわさわと撫でてくる。\n背中から脇腹へ、脇腹から腰へ。%K%P
清佳ちゃんが僕の背中をさわさわと撫でてくる。\n背中から脇腹へ、脇腹から腰へ。%K%P
そして腰からさらに手を下へ伸ばそうとしてきて――\n――マ、マズい……！！%K%P
そして腰からさらに手を下へ伸ばそうとしてきて――\n――マ、マズい……！！%K%P
%LC清佳
%LC清佳
「きゃっ！！？」%K%P
「きゃっ！！？」%K%P
股間を触られそうになって、\n咄嗟に清佳ちゃんを押し倒してしまう。%K%P
股間を触られそうになって、\n咄嗟に清佳ちゃんを押し倒してしまう。%K%P
だけど――それは失敗だったかもしれない。%K%P
だけど――それは失敗だったかもしれない。%K%P
