%LC清佳
%LC清佳
「こんなところに寝かせちゃって……」%K%P
「こんなところに寝かせちゃって……」%K%P
%LC蛍
%LC蛍
「誰がどこから見ているかわからないもん。\n　清佳さんの裸は……誰にも見せたくないし」%K%P
「誰がどこから見ているかわからないもん。\n　清佳さんの裸は……誰にも見せたくないし」%K%P
%LC清佳
%LC清佳
「こんなに高い場所にいるんだもん。\n　誰からも見えないわよ」%K%P
「こんなに高い場所にいるんだもん。\n　誰からも見えないわよ」%K%P
%LC清佳
%LC清佳
「でも……その気持ちは嬉しい。\n　私も、あなたにしか見られたくない」%K%P
「でも……その気持ちは嬉しい。\n　私も、あなたにしか見られたくない」%K%P
いきなりブラもショーツも脱がしたというのに、\n清佳ちゃんは幸せそうに僕を見つめてくれる。%K%P
いきなりブラもショーツも脱がしたというのに、\n清佳ちゃんは幸せそうに僕を見つめてくれる。%K%P
鷲掴みにした胸の感触がモチモチで気持ちいい。\nもっともっと揉みたくなってしまう。%K%P
鷲掴みにした胸の感触がモチモチで気持ちいい。\nもっともっと揉みたくなってしまう。%K%P
%LC清佳
%LC清佳
「ふぁん……、あぁ、はぁん……。\n　モミモミされるの、んん、気持ちいい……」%K%P
「ふぁん……、あぁ、はぁん……。\n　モミモミされるの、んん、気持ちいい……」%K%P
%LC清佳
%LC清佳
「アソコにも、んはぁ……。\n　熱いのがズリズリ擦れて……」%K%P
「アソコにも、んはぁ……。\n　熱いのがズリズリ擦れて……」%K%P
火照った顔で清佳ちゃんが僕のおちんちんを見てくる。%K%P
火照った顔で清佳ちゃんが僕のおちんちんを見てくる。%K%P
%LC清佳
%LC清佳
「ね……。挿れないの……？\n　早くしないと観覧車動き出しちゃうかも……」%K%P
「ね……。挿れないの……？\n　早くしないと観覧車動き出しちゃうかも……」%K%P
%LC蛍
%LC蛍
「すぐに挿れたら痛いと思って」%K%P
「すぐに挿れたら痛いと思って」%K%P
%LC清佳
%LC清佳
「相変わらず優しいんだから……」%K%P
「相変わらず優しいんだから……」%K%P
%LC清佳
%LC清佳
「でも大丈夫よ……？　心配しないでも、\n　すっごく濡れちゃってるから……」%K%P
「でも大丈夫よ……？　心配しないでも、\n　すっごく濡れちゃってるから……」%K%P
%LC清佳
%LC清佳
「あなたとキスしただけで……ううん。\n　あなたに押し倒されただけでビショ濡れになっちゃった」%K%P
「あなたとキスしただけで……ううん。\n　あなたに押し倒されただけでビショ濡れになっちゃった」%K%P
%LC清佳
%LC清佳
「抱きしめられてるだけでも溢れてきちゃうくらい……」%K%P
「抱きしめられてるだけでも溢れてきちゃうくらい……」%K%P
確かに……すごく濡れてる。%K%P
確かに……すごく濡れてる。%K%P
ちょっぴり割れ目にモノを擦りつけるだけで、\nベトベトになっちゃうくらいだ。%K%P
ちょっぴり割れ目にモノを擦りつけるだけで、\nベトベトになっちゃうくらいだ。%K%P
%LC清佳
%LC清佳
「欲しいの……。私も、あなたのが欲しい……」%K%P
「欲しいの……。私も、あなたのが欲しい……」%K%P
%LC清佳
%LC清佳
「撮影中もずっと思ってた……。\n　キス以上のこと、早くしたいって……」%K%P
「撮影中もずっと思ってた……。\n　キス以上のこと、早くしたいって……」%K%P
%LC蛍
%LC蛍
「僕も思ってた……。撮影中、\n　勃起しないようにするのに必死で」%K%P
「僕も思ってた……。撮影中、\n　勃起しないようにするのに必死で」%K%P
%LC清佳
%LC清佳
「ふふ。してたわよ。硬いのずっと当たってた」%K%P
「ふふ。してたわよ。硬いのずっと当たってた」%K%P
%LC清佳
%LC清佳
「そのせいで……私もずーっと\n　ムラムラしちゃってたんだから」%K%P
「そのせいで……私もずーっと\n　ムラムラしちゃってたんだから」%K%P
甘くてエッチな香りがゴンドラ中に立ちこめていく。\n僕たちの卑猥なおつゆが淫らな空気を作っていく。%K%P
甘くてエッチな香りがゴンドラ中に立ちこめていく。\n僕たちの卑猥なおつゆが淫らな空気を作っていく。%K%P
%LC清佳
%LC清佳
「挿れて……？　あなたのおちんちんを……」%K%P
「挿れて……？　あなたのおちんちんを……」%K%P
%LC清佳
%LC清佳
「私の……はぁはぁ。おまんこ、に……」%K%P
「私の……はぁはぁ。おまんこ、に……」%K%P
%LC蛍
%LC蛍
「っっ。お、おまん――……！！」%K%P
「っっ。お、おまん――……！！」%K%P
%LC清佳
%LC清佳
「えへへ……ホントに興奮するんだ？\n　おちんちんビクビクしちゃってる」%K%P
「えへへ……ホントに興奮するんだ？\n　おちんちんビクビクしちゃってる」%K%P
%LC清佳
%LC清佳
「最近、エッチの勉強もしてるの……。\n　あなたにもっと喜んでもらいたくて……」%K%P
「最近、エッチの勉強もしてるの……。\n　あなたにもっと喜んでもらいたくて……」%K%P
%LC清佳
%LC清佳
「どう、かしら。喜んで……もらえそう？」%K%P
「どう、かしら。喜んで……もらえそう？」%K%P
そんなのっ――答えるまでも、ないっ！%K%P
そんなのっ――答えるまでも、ないっ！%K%P
%LC清佳
%LC清佳
「あっ――あぁぁああああんんんんっっ〜〜！！！」%K%P
「あっ――あぁぁああああんんんんっっ〜〜！！！」%K%P
清佳ちゃんの足を抱え上げて、\n根元まで一気に彼女のおまんこへ沈める。%K%P
清佳ちゃんの足を抱え上げて、\n根元まで一気に彼女のおまんこへ沈める。%K%P
%LC清佳
%LC清佳
「はぁああんっ……！！　き、きたぁ……！！\n　あなたと、ふぁあっ、また一つに……！！」%K%P
「はぁああんっ……！！　き、きたぁ……！！\n　あなたと、ふぁあっ、また一つに……！！」%K%P
%LC清佳
%LC清佳
「この間より、あっ、んっ……！　大きい……！！」%K%P
「この間より、あっ、んっ……！　大きい……！！」%K%P
%LC蛍
%LC蛍
「だって清佳さんがエッチなこと言うから……！！」%K%P
「だって清佳さんがエッチなこと言うから……！！」%K%P
%LC清佳
%LC清佳
「ん、んはっ……！！　奥にグリグリきて……！！\n　え、えへへ、勉強した甲斐あったわね……！！」%K%P
「ん、んはっ……！！　奥にグリグリきて……！！\n　え、えへへ、勉強した甲斐あったわね……！！」%K%P
%LC清佳
%LC清佳
「好きなだけ、あふぁ、突いていいのよ？\n　私のおまんこ、えへへ、いっぱい突いて？」%K%P
「好きなだけ、あふぁ、突いていいのよ？\n　私のおまんこ、えへへ、いっぱい突いて？」%K%P
おまんこ、と発言する度に膣内がキュウキュウ締まる。\n自分で言ってて清佳ちゃんも発情してるんだ……！%K%P
おまんこ、と発言する度に膣内がキュウキュウ締まる。\n自分で言ってて清佳ちゃんも発情してるんだ……！%K%P
その羞恥心混じりの興奮が\nすごくえっちくて可愛い……！%K%P
その羞恥心混じりの興奮が\nすごくえっちくて可愛い……！%K%P
%LC清佳
%LC清佳
「あっ、あっ、あっ、あっ……！　動いてる、んはぁ、\n　大好きな人のおちんちんがまた、私の膣内で……！」%K%P
「あっ、あっ、あっ、あっ……！　動いてる、んはぁ、\n　大好きな人のおちんちんがまた、私の膣内で……！」%K%P
%LC清佳
%LC清佳
「やっぱり幸せっ、ふぁ、あっ、はぁん……！\n　自分の身体が、好きな人でいっぱいになってる……！」%K%P
「やっぱり幸せっ、ふぁ、あっ、はぁん……！\n　自分の身体が、好きな人でいっぱいになってる……！」%K%P
%LC清佳
%LC清佳
「エッチ、えへへ、はまっちゃってるかも……！\n　こんなに気持ち良くて幸せなこと、他にないわ……！」%K%P
「エッチ、えへへ、はまっちゃってるかも……！\n　こんなに気持ち良くて幸せなこと、他にないわ……！」%K%P
突き込む度にピクンピクンと\n快感に喘ぎながら清佳ちゃんが微笑みかけてくれる。%K%P
突き込む度にピクンピクンと\n快感に喘ぎながら清佳ちゃんが微笑みかけてくれる。%K%P
腰を振るのをやめられない。\n清佳ちゃんの膣内、この前以上にドロドロで……！%K%P
腰を振るのをやめられない。\n清佳ちゃんの膣内、この前以上にドロドロで……！%K%P
%LC清佳
%LC清佳
「んっ、んんんんっっ〜〜……！！\n　奥までぎゅーって押し込まれて……！！」%K%P
「んっ、んんんんっっ〜〜……！！\n　奥までぎゅーって押し込まれて……！！」%K%P
%LC清佳
%LC清佳
「んはぁんっ……！！　これ、あぁ、好きかも……！！\n　おちんちん全部入ってるの、はっきりわかる……！！」%K%P
「んはぁんっ……！！　これ、あぁ、好きかも……！！\n　おちんちん全部入ってるの、はっきりわかる……！！」%K%P
%LC清佳
%LC清佳
「おまんこが、おちんちんに広げられてるのっ。\n　私のおまんこ、あなたのおちんちんの形に、\n　あぁん、変えられて……！」%K%P
「おまんこが、おちんちんに広げられてるのっ。\n　私のおまんこ、あなたのおちんちんの形に、\n　あぁん、変えられて……！」%K%P
ズブブブと根元の根元まで挿入したまま、\n僕も清佳ちゃんのおまんこをペニス全体で堪能する。%K%P
ズブブブと根元の根元まで挿入したまま、\n僕も清佳ちゃんのおまんこをペニス全体で堪能する。%K%P
あぁ、気持ちいい……！\nこのトロ肉の感触がたまらない……！%K%P
あぁ、気持ちいい……！\nこのトロ肉の感触がたまらない……！%K%P
ドロドロっと焼け染みるような愛液が絡みついてきて、\nおちんちんがおまんこに溶かされてるみたいだ……！%K%P
ドロドロっと焼け染みるような愛液が絡みついてきて、\nおちんちんがおまんこに溶かされてるみたいだ……！%K%P
%LC清佳
%LC清佳
「あぁぁあんっ……！！」%K%P
「あぁぁあんっ……！！」%K%P
根元までペニスを埋没させたまま、\nさらにグリグリと最奥へ押し込んでいく。%K%P
根元までペニスを埋没させたまま、\nさらにグリグリと最奥へ押し込んでいく。%K%P
%LC清佳
%LC清佳
「くはぁ……！　あぁ……！\n　それ、ふぁ、気持ちいい……！」%K%P
「くはぁ……！　あぁ……！\n　それ、ふぁ、気持ちいい……！」%K%P
%LC清佳
%LC清佳
「プニプニの先っぽが、あはぁん……！\n　一番奥を、あ、あぁ、ズリズリしてきて……！」%K%P
「プニプニの先っぽが、あはぁん……！\n　一番奥を、あ、あぁ、ズリズリしてきて……！」%K%P
%LC清佳
%LC清佳
「突き上げられるのと、ふぁぁぁ……！！\n　また違う気持ちよさが、んぁ、あぁぁ……！！」%K%P
「突き上げられるのと、ふぁぁぁ……！！\n　また違う気持ちよさが、んぁ、あぁぁ……！！」%K%P
%LC清佳
%LC清佳
「身体中ゾワゾワして……！！　ひぃあ、あぁん……！！」%K%P
「身体中ゾワゾワして……！！　ひぃあ、あぁん……！！」%K%P
はぁはぁ、僕も気持ちいい……！\nペニス丸ごと咥えられながら亀頭責めされてるみたいだ。%K%P
はぁはぁ、僕も気持ちいい……！\nペニス丸ごと咥えられながら亀頭責めされてるみたいだ。%K%P
自分でも清佳ちゃんの中で、\n竿も先っぽもムクムク膨らんでいってるのがわかる……！%K%P
自分でも清佳ちゃんの中で、\n竿も先っぽもムクムク膨らんでいってるのがわかる……！%K%P
%LC清佳
%LC清佳
「んはぁぁぁ……！！　お、押し込まれるだけで、\n　ふぁぁあ、イ、イくっ、んん、イくっっ……！！」%K%P
「んはぁぁぁ……！！　お、押し込まれるだけで、\n　ふぁぁあ、イ、イくっ、んん、イくっっ……！！」%K%P
%LC清佳
%LC清佳
「ダメ、これ気持ちぃ――んんんんんっっ〜〜！！」%K%P
「ダメ、これ気持ちぃ――んんんんんっっ〜〜！！」%K%P
奥へ奥へとおちんちんを押し込むだけで、\nビクビクビク――っと清佳ちゃんが痙攣する。%K%P
奥へ奥へとおちんちんを押し込むだけで、\nビクビクビク――っと清佳ちゃんが痙攣する。%K%P
ポルチオが気持ちいいんだ。\nはぁはぁ、だったら――%K%P
ポルチオが気持ちいいんだ。\nはぁはぁ、だったら――%K%P
%LC清佳
%LC清佳
「ひぃあっ、ああぁぁぁんっっ……！！\n　ダメっ、あぁ、押し込んじゃ――はぁあぁぁんっ！！」%K%P
「ひぃあっ、ああぁぁぁんっっ……！！\n　ダメっ、あぁ、押し込んじゃ――はぁあぁぁんっ！！」%K%P
%LC清佳
%LC清佳
「熱っ……！！　奥、熱いっ……！！\n　あ、赤ちゃんの部屋が、どんどん火照ってっ……！！」%K%P
「熱っ……！！　奥、熱いっ……！！\n　あ、赤ちゃんの部屋が、どんどん火照ってっ……！！」%K%P
はぁはぁ、子宮が降りてきてるのがわかる……！！\nおちんちんが、んんっ、押し返されてっ……！！%K%P
はぁはぁ、子宮が降りてきてるのがわかる……！！\nおちんちんが、んんっ、押し返されてっ……！！%K%P
コリコリの軟骨みたいな感触が尿道を擦ってくる……！\n気持ちいい……！%K%P
コリコリの軟骨みたいな感触が尿道を擦ってくる……！\n気持ちいい……！%K%P
特にその中心がマグマみたいに熱い……！\nとてつもなく狭いそこに先っぽを押しいれると――%K%P
特にその中心がマグマみたいに熱い……！\nとてつもなく狭いそこに先っぽを押しいれると――%K%P
%LC清佳
%LC清佳
「んんっ、んんんんんんんっっ〜〜！！！？」%K%P
「んんっ、んんんんんんんっっ〜〜！！！？」%K%P
%LC清佳
%LC清佳
「は、はいって、ふぁぁぁっっ……！！\n　子宮に、あぁ、太いの入ってきてっっ……！！」%K%P
「は、はいって、ふぁぁぁっっ……！！\n　子宮に、あぁ、太いの入ってきてっっ……！！」%K%P
%LC清佳
%LC清佳
「はふぁぁぁぁぁっっ……！！\n　おちんちん震えるだけでイっちゃっ……！！\n　身体の内側から溶かされるぅっ……！！」%K%P
「はふぁぁぁぁぁっっ……！！\n　おちんちん震えるだけでイっちゃっ……！！\n　身体の内側から溶かされるぅっ……！！」%K%P
ギュムムムと膣内が力いっぱい締まる。\n大口を開けて感じる清佳ちゃんがえっちい……！%K%P
ギュムムムと膣内が力いっぱい締まる。\n大口を開けて感じる清佳ちゃんがえっちい……！%K%P
もっと――もっと感じさせたい……！！%K%P
もっと――もっと感じさせたい……！！%K%P
%LC清佳
%LC清佳
「ひぃあっ、あぁんっ、あっ、はあぁぁっっ…………！！」%K%P
「ひぃあっ、あぁんっ、あっ、はあぁぁっっ…………！！」%K%P
%LC清佳
%LC清佳
「グリグリされるの、ああぁぁ、ホントにダメぇ……！！\n　気持ちいい、気持ち良すぎるっっ……！！」%K%P
「グリグリされるの、ああぁぁ、ホントにダメぇ……！！\n　気持ちいい、気持ち良すぎるっっ……！！」%K%P
%LC清佳
%LC清佳
「は、はしたなくおまんこ締めちゃうっ……！！\n　ふぁぁ、ち、力入っちゃってっっ……！！」%K%P
「は、はしたなくおまんこ締めちゃうっ……！！\n　ふぁぁ、ち、力入っちゃってっっ……！！」%K%P
今までの攻めで火照りに火照ったおまんこが\nおちんちんにしがみつくように圧迫してくる。%K%P
今までの攻めで火照りに火照ったおまんこが\nおちんちんにしがみつくように圧迫してくる。%K%P
気持ち良すぎて、ふぁ、腰振っちゃうっ……！！%K%P
気持ち良すぎて、ふぁ、腰振っちゃうっ……！！%K%P
%LC清佳
%LC清佳
「あはぁあんっ！！？　あっ、あっ、あっ！！」%K%P
「あはぁあんっ！！？　あっ、あっ、あっ！！」%K%P
%LC清佳
%LC清佳
「つ、突かれるのも気持ちいいっっ……！！\n　もっと、あぁ、もっと突いてっっ……！！」%K%P
「つ、突かれるのも気持ちいいっっ……！！\n　もっと、あぁ、もっと突いてっっ……！！」%K%P
%LC清佳
%LC清佳
「私のスケベまんこ、あぁ、\n　いっぱいズンズンしてぇ……！！」%K%P
「私のスケベまんこ、あぁ、\n　いっぱいズンズンしてぇ……！！」%K%P
%LC蛍
%LC蛍
「ス、スケベまん――〜〜っっ！！」%K%P
「ス、スケベまん――〜〜っっ！！」%K%P
清佳ちゃんの口から卑猥すぎる言葉が飛び出した途端、\n僕の腰は勝手に動き始めていた。%K%P
清佳ちゃんの口から卑猥すぎる言葉が飛び出した途端、\n僕の腰は勝手に動き始めていた。%K%P
%LC清佳
%LC清佳
「あっ、あっ、あっ、あっ、ああぁぁああああっっ！！」%K%P
「あっ、あっ、あっ、あっ、ああぁぁああああっっ！！」%K%P
%LC清佳
%LC清佳
「すごいぃっ、ああああっ、気持ちいいっ……！！\n　初めての時より、あっ、あっ、もっとぉっ……！！」%K%P
「すごいぃっ、ああああっ、気持ちいいっ……！！\n　初めての時より、あっ、あっ、もっとぉっ……！！」%K%P
%LC清佳
%LC清佳
「おまんこ、ふぁぁっ、敏感になっちゃってるっ……！！\n　ずーっとグリグリされてたから、あぁ、蕩けちゃってぇ」%K%P
「おまんこ、ふぁぁっ、敏感になっちゃってるっ……！！\n　ずーっとグリグリされてたから、あぁ、蕩けちゃってぇ」%K%P
普段の凜とした態度が見る影もないほど、\n清佳ちゃんが淫らに喘ぎ散らす。%K%P
普段の凜とした態度が見る影もないほど、\n清佳ちゃんが淫らに喘ぎ散らす。%K%P
ヤバい、えっちい、気持ちいい……！！\nもっとおちんちんを打ち付けたくなるっ……！！%K%P
ヤバい、えっちい、気持ちいい……！！\nもっとおちんちんを打ち付けたくなるっ……！！%K%P
%LC清佳
%LC清佳
「ひぃああんっ！！　あはぁんっ！！　あぁああっ！！」%K%P
「ひぃああんっ！！　あはぁんっ！！　あぁああっ！！」%K%P
%LC清佳
%LC清佳
「ダメ、イくっ、ああああっ、イくイくイくぅぅっっ！！」%K%P
「ダメ、イくっ、ああああっ、イくイくイくぅぅっっ！！」%K%P
%LC清佳
%LC清佳
「おまんこ気持ちいいっっ……！！\n　あぁぁっ、スケベな気持ちでいっぱいになっちゃ……！」%K%P
「おまんこ気持ちいいっっ……！！\n　あぁぁっ、スケベな気持ちでいっぱいになっちゃ……！」%K%P
抱えた彼女の身体が腕の中で痙攣を繰り返す。\nはぁはぁ、こんなに乱れてっ……！！%K%P
抱えた彼女の身体が腕の中で痙攣を繰り返す。\nはぁはぁ、こんなに乱れてっ……！！%K%P
おまんこもギュウギュウだっ……！！\nおっぱいもやらしく汗ばんでる……！！%K%P
おまんこもギュウギュウだっ……！！\nおっぱいもやらしく汗ばんでる……！！%K%P
%LC清佳
%LC清佳
「あはぁんっ！！　お、おっぱいまでっ、はあぁあんっ！」%K%P
「あはぁんっ！！　お、おっぱいまでっ、はあぁあんっ！」%K%P
汗が滲んだ乳房を好き勝手に揉みまくる。\n柔肉が手に吸い付いてきて、エロ気持ちいい……！！%K%P
汗が滲んだ乳房を好き勝手に揉みまくる。\n柔肉が手に吸い付いてきて、エロ気持ちいい……！！%K%P
%LC清佳
%LC清佳
「はぁはぁっ、もっと揉んでっ？\n　もっと突いてっ？　気持ち良くしてっ？」%K%P
「はぁはぁっ、もっと揉んでっ？\n　もっと突いてっ？　気持ち良くしてっ？」%K%P
%LC清佳
%LC清佳
「好きなのっ、あっ、あっ……！！\n　あなたにエッチなことされるのっ……！！」%K%P
「好きなのっ、あっ、あっ……！！\n　あなたにエッチなことされるのっ……！！」%K%P
%LC清佳
%LC清佳
「あなたにっ、ふぁぁああっっ……！！\n　スケベされるの好きなのっっ……！！」%K%P
「あなたにっ、ふぁぁああっっ……！！\n　スケベされるの好きなのっっ……！！」%K%P
%LC蛍
%LC蛍
「清佳さんっっ……！！」%K%P
「清佳さんっっ……！！」%K%P
いつもそうだ……！\n優しくしようと思ってるのに性欲がとめられない……！%K%P
いつもそうだ……！\n優しくしようと思ってるのに性欲がとめられない……！%K%P
清佳ちゃんとセックスしてると、\n胸が熱くなって、おちんちんがうなりを上げて……！！%K%P
清佳ちゃんとセックスしてると、\n胸が熱くなって、おちんちんがうなりを上げて……！！%K%P
ただ欲望のままに彼女を求めてしまう――%K%P
ただ欲望のままに彼女を求めてしまう――%K%P
%LC清佳
%LC清佳
「あっ、あっ、あっ、あっ、あっ、気持ちいいっ……！！\n　んぁあああああっっ、イくっ、イくっっ……！！」%K%P
「あっ、あっ、あっ、あっ、あっ、気持ちいいっ……！！\n　んぁあああああっっ、イくっ、イくっっ……！！」%K%P
%LC清佳
%LC清佳
「エッチする度にっ、あぁあんっ……！！\n　イきやすくなっちゃってるっ……！！\n　あぁ、ブルブルとまらないっ……！！」%K%P
「エッチする度にっ、あぁあんっ……！！\n　イきやすくなっちゃってるっ……！！\n　あぁ、ブルブルとまらないっ……！！」%K%P
%LC清佳
%LC清佳
「あなたにっ、あっ、はぁっ、あなたのおちんちんにっ、\n　私の身体、変えられちゃってるのっっ……！！」%K%P
「あなたにっ、あっ、はぁっ、あなたのおちんちんにっ、\n　私の身体、変えられちゃってるのっっ……！！」%K%P
%LC清佳
%LC清佳
「どんどんスケベにっ、ふぁぁあっ……！！\n　淫乱にされちゃってっっ……！！」%K%P
「どんどんスケベにっ、ふぁぁあっ……！！\n　淫乱にされちゃってっっ……！！」%K%P
%LC蛍
%LC蛍
「そんなこと言われたらっ……！！\n　もっとスケベにしたくなっちゃうよっ……！！」%K%P
「そんなこと言われたらっ……！！\n　もっとスケベにしたくなっちゃうよっ……！！」%K%P
%LC清佳
%LC清佳
「いいのっ……！！　してぇっ……？\n　私をっ、あぁあんっ、もっとスケベにっ……！！」%K%P
「いいのっ……！！　してぇっ……？\n　私をっ、あぁあんっ、もっとスケベにっ……！！」%K%P
%LC清佳
%LC清佳
「あなた好みの女の子にっ、あっ、はぁっ、\n　変えちゃって欲しいのっっ……！！」%K%P
「あなた好みの女の子にっ、あっ、はぁっ、\n　変えちゃって欲しいのっっ……！！」%K%P
%LC蛍
%LC蛍
「っっ〜〜！！」%K%P
「っっ〜〜！！」%K%P
清佳ちゃんの扇情的な言葉が\n抽挿をさらに激しくさせる。%K%P
清佳ちゃんの扇情的な言葉が\n抽挿をさらに激しくさせる。%K%P
むしろ僕の方が淫乱にさせられてるみたいだ……！\n清佳ちゃんに、スケベにされちゃうっ……！！%K%P
むしろ僕の方が淫乱にさせられてるみたいだ……！\n清佳ちゃんに、スケベにされちゃうっ……！！%K%P
%LC清佳
%LC清佳
「んはぁっ……！！　んぁっ……！！　んんっ……！！」%K%P
「んはぁっ……！！　んぁっ……！！　んんっ……！！」%K%P
%LC蛍
%LC蛍
「くはぁっ……！！　し、締まりがっっ……！！」%K%P
「くはぁっ……！！　し、締まりがっっ……！！」%K%P
腰を振るのに合わせて、\n清佳ちゃんがギュっ、ギュっ、と膣を締めてくれる。%K%P
腰を振るのに合わせて、\n清佳ちゃんがギュっ、ギュっ、と膣を締めてくれる。%K%P
これヤバいっ……！！　物凄く気持ちいい……！！%K%P
これヤバいっ……！！　物凄く気持ちいい……！！%K%P
%LC清佳
%LC清佳
「べ、勉強してるってっ、あぁあんっ、言ったでしょっ？\n　私もあなたを、あぁ、気持ち良くさせたいっ……！！」%K%P
「べ、勉強してるってっ、あぁあんっ、言ったでしょっ？\n　私もあなたを、あぁ、気持ち良くさせたいっ……！！」%K%P
%LC清佳
%LC清佳
「床上手なのは、あっ、あっ、良妻の必須条件だからっ。\n　あなたも私で、ふぁ、もっと気持ち良くなって……！」%K%P
「床上手なのは、あっ、あっ、良妻の必須条件だからっ。\n　あなたも私で、ふぁ、もっと気持ち良くなって……！」%K%P
まるで激しく手コキされながらフェラされているような\n強い圧迫感とヌルヌルな淫肉の感触を覚える。%K%P
まるで激しく手コキされながらフェラされているような\n強い圧迫感とヌルヌルな淫肉の感触を覚える。%K%P
腰を押し込むと途端に膣内が窮屈になって、\nおまんこをこじ開けていく快感に悶えてしまう。%K%P
腰を押し込むと途端に膣内が窮屈になって、\nおまんこをこじ開けていく快感に悶えてしまう。%K%P
逆に引き抜く時はねっとりと吸い付かれて、\nすぐさまおちんぽを突き込みたい衝動に駆られる。%K%P
逆に引き抜く時はねっとりと吸い付かれて、\nすぐさまおちんぽを突き込みたい衝動に駆られる。%K%P
%LC蛍
%LC蛍
「はぁはぁ、すごいっ……！！\n　清佳さんのおまんこ、気持ち良すぎる……！！」%K%P
「はぁはぁ、すごいっ……！！\n　清佳さんのおまんこ、気持ち良すぎる……！！」%K%P
%LC清佳
%LC清佳
「嬉しっ、あっ、あぁぁんっ……！！\n　もっと、ふぁ、もっと感じてっっ……！！」%K%P
「嬉しっ、あっ、あぁぁんっ……！！\n　もっと、ふぁ、もっと感じてっっ……！！」%K%P
%LC清佳
%LC清佳
「私も気持ち良すぎてっ、ああああっっ！！\n　あなたのおちんちん、気持ち良すぎてっっ……！！」%K%P
「私も気持ち良すぎてっ、ああああっっ！！\n　あなたのおちんちん、気持ち良すぎてっっ……！！」%K%P
ここが観覧車のゴンドラの中ということも忘れて、\n清佳ちゃんの身体を夢中で貪る。%K%P
ここが観覧車のゴンドラの中ということも忘れて、\n清佳ちゃんの身体を夢中で貪る。%K%P
彼女も外に声が漏れちゃうくらい\n大きな嬌声を上げて悶えてくれていた。%K%P
彼女も外に声が漏れちゃうくらい\n大きな嬌声を上げて悶えてくれていた。%K%P
%LC清佳
%LC清佳
「あっ、あっ、あっ、あっ、あっ！！\n　えへっ、えへへっ、おちんちん、脈打ってるっ……！！」%K%P
「あっ、あっ、あっ、あっ、あっ！！\n　えへっ、えへへっ、おちんちん、脈打ってるっ……！！」%K%P
%LC清佳
%LC清佳
「出そうなのっ？　あぁ、あぁんっ……！！\n　射精しちゃいそうなのっ？」%K%P
「出そうなのっ？　あぁ、あぁんっ……！！\n　射精しちゃいそうなのっ？」%K%P
応える代わりにピストンを加速させる。\n出したくて出したくてたまらない……！！%K%P
応える代わりにピストンを加速させる。\n出したくて出したくてたまらない……！！%K%P
%LC清佳
%LC清佳
「あはぁあんっ！！　あっ、んぁっ、あっ、あぁあん！！」%K%P
「あはぁあんっ！！　あっ、んぁっ、あっ、あぁあん！！」%K%P
%LC清佳
%LC清佳
「う、嬉しいっ、あああっ、幸せっっ……！！\n　や、やっぱりこれが、あぁあ、一番っ……！！」%K%P
「う、嬉しいっ、あああっ、幸せっっ……！！\n　や、やっぱりこれが、あぁあ、一番っ……！！」%K%P
%LC清佳
%LC清佳
「射精しようとしてくれてる時のっ……！！\n　ラストスパートの激しいの、あぁ、大好きっ……！！」%K%P
「射精しようとしてくれてる時のっ……！！\n　ラストスパートの激しいの、あぁ、大好きっ……！！」%K%P
%LC清佳
%LC清佳
「気持ち良くなってくれてるんだってっ……！！\n　私のおまんこでイこうとしてくれてるんだってわかって」%K%P
「気持ち良くなってくれてるんだってっ……！！\n　私のおまんこでイこうとしてくれてるんだってわかって」%K%P
くはぁぁぁ……！！　より締まりが強く……！！\nんんんっっ、さらにトロ肉が吸い付いてくる……！！%K%P
くはぁぁぁ……！！　より締まりが強く……！！\nんんんっっ、さらにトロ肉が吸い付いてくる……！！%K%P
%LC清佳
%LC清佳
「あっ、はっ、んぁっ、あぁっ！！\n　出してっ、えへへっ、ビュービューしてぇ……！！」%K%P
「あっ、はっ、んぁっ、あぁっ！！\n　出してっ、えへへっ、ビュービューしてぇ……！！」%K%P
%LC清佳
%LC清佳
「私も、あああっ、イくっ、ふぁあああっっ！！\n　大津波が、ああっ、迫ってきててっっ……！！」%K%P
「私も、あああっ、イくっ、ふぁあああっっ！！\n　大津波が、ああっ、迫ってきててっっ……！！」%K%P
%LC清佳
%LC清佳
「め、めちゃくちゃに、ふぁあああっっ……！！！\n　めちゃくちゃにしてぇっっ……！！」%K%P
「め、めちゃくちゃに、ふぁあああっっ……！！！\n　めちゃくちゃにしてぇっっ……！！」%K%P
%LC清佳
%LC清佳
「一緒に、んぁあああっ、一緒に、\n　思いっきりイきたいのっっ……！！」%K%P
「一緒に、んぁあああっ、一緒に、\n　思いっきりイきたいのっっ……！！」%K%P
その淫らな訴えに応えるように、\n彼女の身体へがっついていく。%K%P
その淫らな訴えに応えるように、\n彼女の身体へがっついていく。%K%P
発情してパンパンに張ったおっぱいを揉みしだいて、\nビンビンに勃起した乳首をクリクリ弄って……！%K%P
発情してパンパンに張ったおっぱいを揉みしだいて、\nビンビンに勃起した乳首をクリクリ弄って……！%K%P
メレンゲができてしまうほど激しく、\nグチュグチュとおまんこを突き込んでいく――%K%P
メレンゲができてしまうほど激しく、\nグチュグチュとおまんこを突き込んでいく――%K%P
%LC清佳
%LC清佳
「あっ、あっ、あっ、あぁっっ〜〜！！！！」%K%P
「あっ、あっ、あっ、あぁっっ〜〜！！！！」%K%P
%LC清佳
%LC清佳
「イきゅっ、あああああっ、くりゅっ……！！！\n　津波がっ、ああああっ、津波がぁっっ……！！！」%K%P
「イきゅっ、あああああっ、くりゅっ……！！！\n　津波がっ、ああああっ、津波がぁっっ……！！！」%K%P
%LC清佳
%LC清佳
「出しへっ、ふぁあああっ、ビュービューしへぇ……！！\n　私のおまんこっ、んぁ、あなひゃの精子れ呑み込んでぇ」%K%P
「出しへっ、ふぁあああっ、ビュービューしへぇ……！！\n　私のおまんこっ、んぁ、あなひゃの精子れ呑み込んでぇ」%K%P
%LC清佳
%LC清佳
「あなひゃのスケベザーメンっっ……！！\n　私のおまんこにっ、あぁ、淫乱おまんこにぃ……！！」%K%P
「あなひゃのスケベザーメンっっ……！！\n　私のおまんこにっ、あぁ、淫乱おまんこにぃ……！！」%K%P
%LC清佳
%LC清佳
%XS21「いっぱい飲ませてぇぇぇえええええっっ〜〜！！！」%XE%K%P
%XS21「いっぱい飲ませてぇぇぇえええええっっ〜〜！！！」%XE%K%P
%LC清佳
%LC清佳
「あっ、あっ、あっ、あっ――\n　――あぁぁああああああああああっっ〜〜！！！！！」%K%P
「あっ、あっ、あっ、あっ――\n　――あぁぁああああああああああっっ〜〜！！！！！」%K%P
射精した瞬間、まるで大きな波に呑み込まれたように、\n清佳ちゃんがガクンガクンとのたうち回る。%K%P
射精した瞬間、まるで大きな波に呑み込まれたように、\n清佳ちゃんがガクンガクンとのたうち回る。%K%P
%LC清佳
%LC清佳
「き、きもひいいっっ……！！！\n　ああああっ、焼けりゅっ、おまんこ焼けりゅぅ……！！」%K%P
「き、きもひいいっっ……！！！\n　ああああっ、焼けりゅっ、おまんこ焼けりゅぅ……！！」%K%P
%LC清佳
%LC清佳
「ゴクゴクしちゃっっ……！！　赤ちゃんの部屋が、\n　あぁ、あなたのザーメン、チューチュー飲んれ……！！」%K%P
「ゴクゴクしちゃっっ……！！　赤ちゃんの部屋が、\n　あぁ、あなたのザーメン、チューチュー飲んれ……！！」%K%P
清佳ちゃんの口からザーメンなんて言葉が出るなんてっ。\nはぁはぁ、エロい、射精とまんないっ……！！%K%P
清佳ちゃんの口からザーメンなんて言葉が出るなんてっ。\nはぁはぁ、エロい、射精とまんないっ……！！%K%P
%LC清佳
%LC清佳
「ふぁあああああっっ！！？　まだ出て――あああっ！！\n　イくっ、イくイく、イっくんんんんっっ〜〜！！！」%K%P
「ふぁあああああっっ！！？　まだ出て――あああっ！！\n　イくっ、イくイく、イっくんんんんっっ〜〜！！！」%K%P
ドビュドビュドビュ――！！！　ビュルルルルっ！！！%K%P
ドビュドビュドビュ――！！！　ビュルルルルっ！！！%K%P
%LC清佳
%LC清佳
「あはぁぁっっ……！！　ああああっっ〜〜！！！\n　きもひいいっ、蕩けるっ、とけちゃふぅぅ……！！」%K%P
「あはぁぁっっ……！！　ああああっっ〜〜！！！\n　きもひいいっ、蕩けるっ、とけちゃふぅぅ……！！」%K%P
吸い付いてくるおまんこに精子が搾り出される。%K%P
吸い付いてくるおまんこに精子が搾り出される。%K%P
はぁはぁ、ホント気持ちいい……！！\n清佳ちゃんのおまんこに中出しするのヤバいっ……！！%K%P
はぁはぁ、ホント気持ちいい……！！\n清佳ちゃんのおまんこに中出しするのヤバいっ……！！%K%P
%LC清佳
%LC清佳
「はぁっ、はぁっ、はぁーっ……！！\n　ま、まひゃ乱れちゃっひゃ……！！」%K%P
「はぁっ、はぁっ、はぁーっ……！！\n　ま、まひゃ乱れちゃっひゃ……！！」%K%P
たっぷりたっぷりと精子を注ぎ込んだところで、\n清佳ちゃんが息を荒くしながら恥ずかしそうに微笑む。%K%P
たっぷりたっぷりと精子を注ぎ込んだところで、\n清佳ちゃんが息を荒くしながら恥ずかしそうに微笑む。%K%P
%LC清佳
%LC清佳
「だ、だめね……。あなたにおちんちん挿れて\n　もらうと、すぐ何も考えられなくなっちゃって……」%K%P
「だ、だめね……。あなたにおちんちん挿れて\n　もらうと、すぐ何も考えられなくなっちゃって……」%K%P
%LC清佳
%LC清佳
「ホントはもっと、はぁ、はぁ……！\n　イチャイチャしながらエッチしたいのに……。\n　気持ちいいことしかわからなくなっちゃって……」%K%P
「ホントはもっと、はぁ、はぁ……！\n　イチャイチャしながらエッチしたいのに……。\n　気持ちいいことしかわからなくなっちゃって……」%K%P
%LC蛍
%LC蛍
「はぁ、はぁ、僕もだよ。始める前は優しくしようと\n　思ってるのに、すぐ余裕なくなっちゃって……」%K%P
「はぁ、はぁ、僕もだよ。始める前は優しくしようと\n　思ってるのに、すぐ余裕なくなっちゃって……」%K%P
%LC清佳
%LC清佳
「えへへ……。嬉しいこと言ってくれるじゃない……」%K%P
「えへへ……。嬉しいこと言ってくれるじゃない……」%K%P
息を切らせながら火照った顔を見合わせる。\nゴンドラはすっかり愛液と精子の匂いに満たされていた。%K%P
息を切らせながら火照った顔を見合わせる。\nゴンドラはすっかり愛液と精子の匂いに満たされていた。%K%P
%LC清佳
%LC清佳
「まだ故障直らないのかしら……。\n　しばらくかかるのかしらね……？」%K%P
「まだ故障直らないのかしら……。\n　しばらくかかるのかしらね……？」%K%P
%LC蛍
%LC蛍
「どうだろう……。\n　この姿勢だと動き出した時にわからないかも……」%K%P
「どうだろう……。\n　この姿勢だと動き出した時にわからないかも……」%K%P
二人して床に半ば寝転がっているんだ。\nそれにエッチをしてたら時間も忘れてしまう。%K%P
二人して床に半ば寝転がっているんだ。\nそれにエッチをしてたら時間も忘れてしまう。%K%P
このまま続けていたら気づかない間に\nゴンドラが動き始めてしまうかもしれない。%K%P
このまま続けていたら気づかない間に\nゴンドラが動き始めてしまうかもしれない。%K%P
でも……もっと清佳ちゃんと\nエッチなことをしたいという気持ちもある。%K%P
でも……もっと清佳ちゃんと\nエッチなことをしたいという気持ちもある。%K%P
%LC清佳
%LC清佳
「なら……ふふふ。私にいい考えがあるのだけど」%K%P
「なら……ふふふ。私にいい考えがあるのだけど」%K%P
%LC蛍
%LC蛍
「いい考え？」%K%P
「いい考え？」%K%P
%LC清佳
%LC清佳
「ええ。あなたもせっかく蛍になってくれてるし、ね？\n　いつかやってみたいなって思ってたし……」%K%P
「ええ。あなたもせっかく蛍になってくれてるし、ね？\n　いつかやってみたいなって思ってたし……」%K%P
%LC蛍
%LC蛍
「？？？」%K%P
「？？？」%K%P
やってみたい？　いい考え？\n一体なにをするつもりなんだろう。%K%P
やってみたい？　いい考え？\n一体なにをするつもりなんだろう。%K%P
%LC清佳
%LC清佳
「とりあえず、外見てくれる……？\n　もしもゴンドラが動き始めていたら大変だわ」%K%P
「とりあえず、外見てくれる……？\n　もしもゴンドラが動き始めていたら大変だわ」%K%P
%LC蛍
%LC蛍
「う、うん」%K%P
「う、うん」%K%P
清佳ちゃんからおちんちんを抜いて、\nすくりと立ち上がる。%K%P
清佳ちゃんからおちんちんを抜いて、\nすくりと立ち上がる。%K%P
窓から外を眺めると、依然として僕たちのゴンドラは\n観覧車の頂上に座していた。%K%P
窓から外を眺めると、依然として僕たちのゴンドラは\n観覧車の頂上に座していた。%K%P
%LC蛍
%LC蛍
「大丈夫みたいだよ。まだ動いてないみた――ひゃぷ！？」%K%P
「大丈夫みたいだよ。まだ動いてないみた――ひゃぷ！？」%K%P
不意に背中を押されて、窓に押しつけられる。\n驚いたのも束の間、今度は服を脱がされ始めた。%K%P
不意に背中を押されて、窓に押しつけられる。\n驚いたのも束の間、今度は服を脱がされ始めた。%K%P
%LC蛍
%LC蛍
「ちょっ――……！？　き、清佳さん、\n　いきなり何をして……！？」%K%P
「ちょっ――……！？　き、清佳さん、\n　いきなり何をして……！？」%K%P
%LC清佳
%LC清佳
「ふふふ。いいからいいから」%K%P
「ふふふ。いいからいいから」%K%P
%LC蛍
%LC蛍
「いいからって――わぷっ！？」%K%P
「いいからって――わぷっ！？」%K%P
愉悦混じりの声が背後から聞こえてきたと思えば、\n僕はよりいっそう窓に身体を押しつけられて――%K%P
愉悦混じりの声が背後から聞こえてきたと思えば、\n僕はよりいっそう窓に身体を押しつけられて――%K%P
