………………%K%P
………………%K%P
…………%K%P
…………%K%P
……%K%P
……%K%P
そして翌日――%K%P
そして翌日――%K%P
%LC春樹
%LC春樹
「なんだか緊張してきた……」%K%P
「なんだか緊張してきた……」%K%P
調理室に入るのが億劫だ。\n思い出すのは昨日の清佳ちゃんの反応――%K%P
調理室に入るのが億劫だ。\n思い出すのは昨日の清佳ちゃんの反応――%K%P
いやまさか。まさかだよね……。%K%P
いやまさか。まさかだよね……。%K%P
%LC清佳
%LC清佳
「あ……」%K%P
「あ……」%K%P
%LC春樹
%LC春樹
「お、おはよう」%K%P
「お、おはよう」%K%P
%LC清佳
%LC清佳
「え、ええ。おはよう……」%K%P
「え、ええ。おはよう……」%K%P
僕の顔を見た途端、ちょっぴり清佳ちゃんが\n気まずそうな顔をした。%K%P
僕の顔を見た途端、ちょっぴり清佳ちゃんが\n気まずそうな顔をした。%K%P
そして申し訳なさげに尋ねてくる。%K%P
そして申し訳なさげに尋ねてくる。%K%P
%LC清佳
%LC清佳
「……調子はどう？　背中、大丈夫……？」%K%P
「……調子はどう？　背中、大丈夫……？」%K%P
%LC春樹
%LC春樹
「うん。清佳さんのところのお医者さんのおかげかな。\n　もらったお薬を塗って寝たらすっかり良くなったよ」%K%P
「うん。清佳さんのところのお医者さんのおかげかな。\n　もらったお薬を塗って寝たらすっかり良くなったよ」%K%P
%LC清佳
%LC清佳
「なら良いのだけど……。本当にごめんなさい。\n　私が無茶をしたせいで痛い思いをさせてしまって」%K%P
「なら良いのだけど……。本当にごめんなさい。\n　私が無茶をしたせいで痛い思いをさせてしまって」%K%P
%LC清佳
%LC清佳
「それと、ありがとう。庇ってくれて……」%K%P
「それと、ありがとう。庇ってくれて……」%K%P
丁寧に頭を下げて、清佳ちゃんが\n謝罪とお礼をしてくれる。%K%P
丁寧に頭を下げて、清佳ちゃんが\n謝罪とお礼をしてくれる。%K%P
%LC清佳
%LC清佳
「あ、このお礼は必ずするから。\n　私にできることなら何でも言ってちょうだい？」%K%P
「あ、このお礼は必ずするから。\n　私にできることなら何でも言ってちょうだい？」%K%P
%LC春樹
%LC春樹
「いいよいいよ、気にしないで？\n　背中の火傷は、えと。シェフの誇りだって言うし！」%K%P
「いいよいいよ、気にしないで？\n　背中の火傷は、えと。シェフの誇りだって言うし！」%K%P
%LC清佳
%LC清佳
「蛍も言ってたわね、それ……。\n　調べても全然出てこなかったけれど……」%K%P
「蛍も言ってたわね、それ……。\n　調べても全然出てこなかったけれど……」%K%P
%LC春樹
%LC春樹
「マ、マイナーな名言だから……！」%K%P
「マ、マイナーな名言だから……！」%K%P
うっ。やっぱり調べられてたんだ……！\nだからこそ僕の口からも言おうと思ったんだけど……！%K%P
うっ。やっぱり調べられてたんだ……！\nだからこそ僕の口からも言おうと思ったんだけど……！%K%P
%LC清佳
%LC清佳
「でも、何もしないわけにはいかないわ。\n　危ないところを助けられたのに恩返ししないなんて\n　楠グループの娘としても格好が付かないもの」%K%P
「でも、何もしないわけにはいかないわ。\n　危ないところを助けられたのに恩返ししないなんて\n　楠グループの娘としても格好が付かないもの」%K%P
%LC清佳
%LC清佳
「何か困ったことがあったり悩み事があれば教えて？\n　私の持つ権力全てを使って、全力でサポートするから」%K%P
「何か困ったことがあったり悩み事があれば教えて？\n　私の持つ権力全てを使って、全力でサポートするから」%K%P
%LC春樹
%LC春樹
「それはそれで大変なことになりそうな……。\n　でも、うん。じゃあ何かあったらお願いするね？」%K%P
「それはそれで大変なことになりそうな……。\n　でも、うん。じゃあ何かあったらお願いするね？」%K%P
%LC清佳
%LC清佳
「任せなさい」%K%P
「任せなさい」%K%P
少しだけぎこちなさはあるものの、\n普段通りの様子で清佳ちゃんが微笑みかけてくれる。%K%P
少しだけぎこちなさはあるものの、\n普段通りの様子で清佳ちゃんが微笑みかけてくれる。%K%P
変に意識されてるかも――なんて思っていたけど、\nどうやらそういうわけでもなさそうだ。%K%P
変に意識されてるかも――なんて思っていたけど、\nどうやらそういうわけでもなさそうだ。%K%P
%LC春樹
%LC春樹
「よーし。それじゃ始めよっか。\n　今日はケーキ作りを教えたらいいんだよね？」%K%P
「よーし。それじゃ始めよっか。\n　今日はケーキ作りを教えたらいいんだよね？」%K%P
%LC清佳
%LC清佳
「ええ。待ってる間に生クリームを\n　作ろうとはしてみたんだけど」%K%P
「ええ。待ってる間に生クリームを\n　作ろうとはしてみたんだけど」%K%P
%LC清佳
%LC清佳
「中々難しいわね……。上手く泡立たなくて。\n　クリームもすぐにかたくなっちゃった」%K%P
「中々難しいわね……。上手く泡立たなくて。\n　クリームもすぐにかたくなっちゃった」%K%P
%LC春樹
%LC春樹
「ああ、それは冷やしながら混ぜてないからだよ。\n　生クリームを作る時はまず――」%K%P
「ああ、それは冷やしながら混ぜてないからだよ。\n　生クリームを作る時はまず――」%K%P
説明をするために清佳ちゃんの隣へ行こうとする。\nしかし――%K%P
説明をするために清佳ちゃんの隣へ行こうとする。\nしかし――%K%P
ん……？%K%P
ん……？%K%P
%LC春樹
%LC春樹
「清佳さん？」%K%P
「清佳さん？」%K%P
%LC清佳
%LC清佳
「な、何かしら」%K%P
「な、何かしら」%K%P
%LC春樹
%LC春樹
「何かしらって……」%K%P
「何かしらって……」%K%P
近づこうとすると距離を取られる。\n……気のせいじゃないよね？%K%P
近づこうとすると距離を取られる。\n……気のせいじゃないよね？%K%P
確かめようと再び近づくと――%K%P
確かめようと再び近づくと――%K%P
%LC春樹
%LC春樹
「……どうして逃げるのさ」%K%P
「……どうして逃げるのさ」%K%P
%LC清佳
%LC清佳
「〜〜っっ。逃げてないわ……！\n　変なコト言わないで……！！」%K%P
「〜〜っっ。逃げてないわ……！\n　変なコト言わないで……！！」%K%P
%LC春樹
%LC春樹
「いや実際に――」%K%P
「いや実際に――」%K%P
%LC清佳
%LC清佳
「あなたと仲良くしすぎると、\n　蛍にヤキモチ焼かれちゃうからよ！\n　それだけなんだから……！」%K%P
「あなたと仲良くしすぎると、\n　蛍にヤキモチ焼かれちゃうからよ！\n　それだけなんだから……！」%K%P
顔を赤くして清佳ちゃんが叫んでくる。%K%P
顔を赤くして清佳ちゃんが叫んでくる。%K%P
これって明らかに異性を意識してる反応、だよね？\n鈍感な僕でもわかる……。%K%P
これって明らかに異性を意識してる反応、だよね？\n鈍感な僕でもわかる……。%K%P
%LC清佳
%LC清佳
「ちょ、ちょっと。何じっと見てるのよ……。\n　人の顔ジロジロ見るなんて失礼よ……！」%K%P
「ちょ、ちょっと。何じっと見てるのよ……。\n　人の顔ジロジロ見るなんて失礼よ……！」%K%P
%LC春樹
%LC春樹
「ああえと……！」%K%P
「ああえと……！」%K%P
意識されてると思うと、\n急に僕も恥ずかしくなってきた……！%K%P
意識されてると思うと、\n急に僕も恥ずかしくなってきた……！%K%P
友達として付き合っていくと決めたからこそ、\n僕も清佳ちゃんを異性的に見ないようにしてたのに――%K%P
友達として付き合っていくと決めたからこそ、\n僕も清佳ちゃんを異性的に見ないようにしてたのに――%K%P
%LC清佳
%LC清佳
「とにかく、その……。\n　冷やしながら混ぜればいいのよね……？」%K%P
「とにかく、その……。\n　冷やしながら混ぜればいいのよね……？」%K%P
%LC春樹
%LC春樹
「う、うん。氷を入れたボウルの中に生クリームを\n　入れたボウルを入れて混ぜていくんだけど……」%K%P
「う、うん。氷を入れたボウルの中に生クリームを\n　入れたボウルを入れて混ぜていくんだけど……」%K%P
普通に喋ろうとしても、\nお互いになんだかたどたどしくなってしまう。%K%P
普通に喋ろうとしても、\nお互いになんだかたどたどしくなってしまう。%K%P
%LC清佳
%LC清佳
「…………」%K%P
「…………」%K%P
%LC春樹
%LC春樹
「…………」%K%P
「…………」%K%P
%LC春樹・清佳
%LC春樹・清佳
「その」%K%P
「その」%K%P
%LC春樹・清佳
%LC春樹・清佳
「な、なに？」\n「な、なによ？」%K%P
「な、なに？」\n「な、なによ？」%K%P
%LC春樹・清佳
%LC春樹・清佳
「っっ」%K%P
「っっ」%K%P
沈黙が気まずくて話しかけようとしたら、\nタイミングがかち合ってしまう。%K%P
沈黙が気まずくて話しかけようとしたら、\nタイミングがかち合ってしまう。%K%P
うぅ、どんどん気まずくなってきてる気が……。%K%P
うぅ、どんどん気まずくなってきてる気が……。%K%P
%LC清佳
%LC清佳
「な、何か勘違いしてない……！？\n　私が好きなのは蛍なんだからね……！？」%K%P
「な、何か勘違いしてない……！？\n　私が好きなのは蛍なんだからね……！？」%K%P
%LC清佳
%LC清佳
「あなたにはこれっぽっちも興味ないわ……！\n　昨日助けてもらったから、面と向かって喋るのが\n　恥ずかしいだけよ……！」%K%P
「あなたにはこれっぽっちも興味ないわ……！\n　昨日助けてもらったから、面と向かって喋るのが\n　恥ずかしいだけよ……！」%K%P
%LC春樹
%LC春樹
「わ、わかってるよ。俺だって清佳さんになんて――」%K%P
「わ、わかってるよ。俺だって清佳さんになんて――」%K%P
「――興味ない」と続けようとして、\nつい口ごもってしまう。%K%P
「――興味ない」と続けようとして、\nつい口ごもってしまう。%K%P
いくら春樹としての恋を諦めたと言っても、\n本心を言えば今も――……%K%P
いくら春樹としての恋を諦めたと言っても、\n本心を言えば今も――……%K%P
%LC清佳
%LC清佳
「〜〜っっ！　どうしてそこで止めるのよ……！？\n　変な空気になっちゃうじゃない……！！」%K%P
「〜〜っっ！　どうしてそこで止めるのよ……！？\n　変な空気になっちゃうじゃない……！！」%K%P
%LC春樹
%LC春樹
「あっ……！！　ご、ごめん……！！」%K%P
「あっ……！！　ご、ごめん……！！」%K%P
%LC清佳
%LC清佳
「そういう感情を向けられても応えられないからねっ？\n　私は蛍と付き合ってるの……！　もうエッチもしたの！」%K%P
「そういう感情を向けられても応えられないからねっ？\n　私は蛍と付き合ってるの……！　もうエッチもしたの！」%K%P
%LC春樹
%LC春樹
「ちょっ――！？　なんの話してるの！？」%K%P
「ちょっ――！？　なんの話してるの！？」%K%P
%LC清佳
%LC清佳
「あっ――〜〜っっ！！　うるさいわね……！\n　それくらい蛍とはラブラブなのっ、好き合ってるの！」%K%P
「あっ――〜〜っっ！！　うるさいわね……！\n　それくらい蛍とはラブラブなのっ、好き合ってるの！」%K%P
%LC清佳
%LC清佳
「だから、ごめんなさいっ！\n　そういう風な目で見られても困るから……！！」%K%P
「だから、ごめんなさいっ！\n　そういう風な目で見られても困るから……！！」%K%P
相当慌てながらではあるけど、\nきっぱりと断られてしまう。%K%P
相当慌てながらではあるけど、\nきっぱりと断られてしまう。%K%P
ま、まぁわかってたことだけどね……。\nだからこそ僕も自分の恋を諦めたわけだし……。%K%P
ま、まぁわかってたことだけどね……。\nだからこそ僕も自分の恋を諦めたわけだし……。%K%P
だけどまさか、こんな形で恋心を知られてしまうなんて。\n告白すらする前に玉砕してしまった……。%K%P
だけどまさか、こんな形で恋心を知られてしまうなんて。\n告白すらする前に玉砕してしまった……。%K%P
%LC清佳
%LC清佳
「そ、そんなにしょんぼりしないでよ……。\n　別にあなたを嫌いって言ってるわけではなくて……」%K%P
「そ、そんなにしょんぼりしないでよ……。\n　別にあなたを嫌いって言ってるわけではなくて……」%K%P
振られて僕が落ち込んでいると思ったのか、\n清佳ちゃんがオロオロと声をかけてくる。%K%P
振られて僕が落ち込んでいると思ったのか、\n清佳ちゃんがオロオロと声をかけてくる。%K%P
%LC清佳
%LC清佳
「いい人だとは思ってるわよ……？\n　本当に、その。蛍の次くらいにはいい人だって」%K%P
「いい人だとは思ってるわよ……？\n　本当に、その。蛍の次くらいにはいい人だって」%K%P
%LC清佳
%LC清佳
「これからも仲良くしたいと思ってるし……。\n　昨日のことだって本当に感謝していて……。\n　申し訳なく思ってて……」%K%P
「これからも仲良くしたいと思ってるし……。\n　昨日のことだって本当に感謝していて……。\n　申し訳なく思ってて……」%K%P
%LC春樹
%LC春樹
「う、うん。大丈夫、気にしないで。\n　ぼ――お、俺も同じ気持ちだから……」%K%P
「う、うん。大丈夫、気にしないで。\n　ぼ――お、俺も同じ気持ちだから……」%K%P
%LC清佳
%LC清佳
「そ……そう……」%K%P
「そ……そう……」%K%P
こうしてフォローしてくれたり、好意を知った上でも\n嫌がる素振りを見せないことが逆にもどかしい。%K%P
こうしてフォローしてくれたり、好意を知った上でも\n嫌がる素振りを見せないことが逆にもどかしい。%K%P
ここで正体を明かせばもしかしたら――\nなんて思ってしまいそうになって。%K%P
ここで正体を明かせばもしかしたら――\nなんて思ってしまいそうになって。%K%P
それっきり会話がなくなってしまって、\n清佳ちゃんが生クリームを泡立てる音だけが響く。%K%P
それっきり会話がなくなってしまって、\n清佳ちゃんが生クリームを泡立てる音だけが響く。%K%P
……かつてないほど気まずいや。%K%P
……かつてないほど気まずいや。%K%P
%LC清佳
%LC清佳
「……もしかして、その……」%K%P
「……もしかして、その……」%K%P
%LC春樹
%LC春樹
「え？」%K%P
「え？」%K%P
%LC清佳
%LC清佳
「〜〜っっ。なんでもないわっ」%K%P
「〜〜っっ。なんでもないわっ」%K%P
%LC春樹
%LC春樹
「う、うん……？」%K%P
「う、うん……？」%K%P
何かを尋ねてこようとして清佳ちゃんがやめる。%K%P
何かを尋ねてこようとして清佳ちゃんがやめる。%K%P
けれど、少し経つと再び問いかけてきた。%K%P
けれど、少し経つと再び問いかけてきた。%K%P
%LC清佳
%LC清佳
「もしかして……今まで私の無茶な頼みを聞いて\n　くれたのも、そういう気持ちがあったからなの……？」%K%P
「もしかして……今まで私の無茶な頼みを聞いて\n　くれたのも、そういう気持ちがあったからなの……？」%K%P
%LC春樹
%LC春樹
「えっ！？　あ、それは、えと、その……！」%K%P
「えっ！？　あ、それは、えと、その……！」%K%P
%LC清佳
%LC清佳
「っっ。そ、そうなのね……。\n　全然気づかなかった……」%K%P
「っっ。そ、そうなのね……。\n　全然気づかなかった……」%K%P
僕の反応で察せられてしまったのか、\n清佳ちゃんが照れたように視線を泳がせる。%K%P
僕の反応で察せられてしまったのか、\n清佳ちゃんが照れたように視線を泳がせる。%K%P
恥ずかしい……。気まずい……。\n今まで隠してきた気持ちが清佳ちゃんに知られちゃって。%K%P
恥ずかしい……。気まずい……。\n今まで隠してきた気持ちが清佳ちゃんに知られちゃって。%K%P
%LC清佳
%LC清佳
「じゃ、じゃあ、もしかしてこの料理指導も――」%K%P
「じゃ、じゃあ、もしかしてこの料理指導も――」%K%P
%LC春樹
%LC春樹
「――待ってっ？　もう良くないっ？\n　それ以上聞かないで欲しいんだけど……！」%K%P
「――待ってっ？　もう良くないっ？\n　それ以上聞かないで欲しいんだけど……！」%K%P
%LC清佳
%LC清佳
「あ……！　そ、そうよね……！　ごめんなさい……！\n　人に好意を寄せられたのなんて初めてだったからっ」%K%P
「あ……！　そ、そうよね……！　ごめんなさい……！\n　人に好意を寄せられたのなんて初めてだったからっ」%K%P
耐えかねて止めると、清佳ちゃんもまた\n気恥ずかしそうに俯いた。%K%P
耐えかねて止めると、清佳ちゃんもまた\n気恥ずかしそうに俯いた。%K%P
うぅ、こんな空気になるなら\n何も知らない友達のままの方が良かった。%K%P
うぅ、こんな空気になるなら\n何も知らない友達のままの方が良かった。%K%P
このままじゃとてもお菓子作りなんて教えてられない。\nどうにか空気を戻さないと……！%K%P
このままじゃとてもお菓子作りなんて教えてられない。\nどうにか空気を戻さないと……！%K%P
%LC春樹
%LC春樹
「そろそろいいんじゃない？\n　あまり混ぜすぎるのもよくないから……！」%K%P
「そろそろいいんじゃない？\n　あまり混ぜすぎるのもよくないから……！」%K%P
%LC清佳
%LC清佳
「…………」%K%P
「…………」%K%P
%LC春樹
%LC春樹
「……清佳さん？」%K%P
「……清佳さん？」%K%P
%LC清佳
%LC清佳
「えっ！？　――あっ、わ、わわっ……！！」%K%P
「えっ！？　――あっ、わ、わわっ……！！」%K%P
ボーッとしていたのか、声をかけると\n清佳ちゃんはビクリと狼狽える。%K%P
ボーッとしていたのか、声をかけると\n清佳ちゃんはビクリと狼狽える。%K%P
その拍子に抱えていたボウルを滑らせてしまって――%K%P
その拍子に抱えていたボウルを滑らせてしまって――%K%P
%LC清佳
%LC清佳
「きゃあっ！！」%K%P
「きゃあっ！！」%K%P
%LC春樹
%LC春樹
「清佳さんっ！？」%K%P
「清佳さんっ！？」%K%P
%LC清佳
%LC清佳
「うぅ、もう最悪……」%K%P
「うぅ、もう最悪……」%K%P
ボウルをひっくり返すまいとしたんだろう。%K%P
ボウルをひっくり返すまいとしたんだろう。%K%P
でも上手くいかず尻餅をついた挙げ句に、\n清佳ちゃんは生クリームを頭から被ってしまっていた。%K%P
でも上手くいかず尻餅をついた挙げ句に、\n清佳ちゃんは生クリームを頭から被ってしまっていた。%K%P
%LC春樹
%LC春樹
「大丈夫？　立てる？」%K%P
「大丈夫？　立てる？」%K%P
%LC清佳
%LC清佳
「て、手を借りるほどのことじゃないわ。\n　それよりもタオルか何かあったら嬉しいんだけど」%K%P
「て、手を借りるほどのことじゃないわ。\n　それよりもタオルか何かあったら嬉しいんだけど」%K%P
%LC春樹
%LC春樹
「えと。ハンカチなら」%K%P
「えと。ハンカチなら」%K%P
%LC清佳
%LC清佳
「……ありがと……」%K%P
「……ありがと……」%K%P
ポケットからハンカチを取り出して\n清佳ちゃんに手渡す。%K%P
ポケットからハンカチを取り出して\n清佳ちゃんに手渡す。%K%P
%LC清佳
%LC清佳
「なんだかここ最近ドジなところばかり\n　見せちゃってる気がするわ……。\n　恥ずかしいったらありゃしない……」%K%P
「なんだかここ最近ドジなところばかり\n　見せちゃってる気がするわ……。\n　恥ずかしいったらありゃしない……」%K%P
%LC清佳
%LC清佳
「色々考えすぎなのかも……。\n　おかげで目が覚めた気もするけど……」%K%P
「色々考えすぎなのかも……。\n　おかげで目が覚めた気もするけど……」%K%P
恥ずかしそうに一人呟く清佳ちゃん。%K%P
恥ずかしそうに一人呟く清佳ちゃん。%K%P
にしても――……なんだかえっちい。%K%P
にしても――……なんだかえっちい。%K%P
かなりクリームの水気が強くなってたのか、\n服がスケスケになっちゃってて、ブラが――%K%P
かなりクリームの水気が強くなってたのか、\n服がスケスケになっちゃってて、ブラが――%K%P
%LC清佳
%LC清佳
「ちょっ――どこ見てるのよ変態！！」%K%P
「ちょっ――どこ見てるのよ変態！！」%K%P
%LC春樹
%LC春樹
「みみみ、見てないっ……！！\n　どこも見てないってば……！！」%K%P
「みみみ、見てないっ……！！\n　どこも見てないってば……！！」%K%P
%LC清佳
%LC清佳
「絶対うそよっ！！　じっと胸見てたじゃないっ！\n　このスケベっ、変態っ……！！」%K%P
「絶対うそよっ！！　じっと胸見てたじゃないっ！\n　このスケベっ、変態っ……！！」%K%P
%LC春樹
%LC春樹
「ご、誤解だってば……！」%K%P
「ご、誤解だってば……！」%K%P
%LC清佳
%LC清佳
%XS20「視線がバリバリ胸に刺さってるのよ、このケダモノ！！」%XE%K%P
%XS20「視線がバリバリ胸に刺さってるのよ、このケダモノ！！」%XE%K%P
%LC春樹
%LC春樹
「はうっ！！」%K%P
「はうっ！！」%K%P
バレちゃってるっ……！！\nでも見ちゃうよ、男の子なら……！！%K%P
バレちゃってるっ……！！\nでも見ちゃうよ、男の子なら……！！%K%P
%LC清佳
%LC清佳
「今日はもうお開きよ……！！\n　こんなずぶ濡れでお菓子作りなんてできないし……！！」%K%P
「今日はもうお開きよ……！！\n　こんなずぶ濡れでお菓子作りなんてできないし……！！」%K%P
%LC清佳
%LC清佳
「今見たことは忘れなさい……！！\n　忘れないと――沈めるから！！」%K%P
「今見たことは忘れなさい……！！\n　忘れないと――沈めるから！！」%K%P
%LC春樹
%LC春樹
「あっ、ちょっと清佳さ――」%K%P
「あっ、ちょっと清佳さ――」%K%P
%LC清佳
%LC清佳
「――愛っ？　大至急、車を回して……！\n　あと着替えも一緒に持ってきて！\n　……はぁ！？　私の服よ、私の！」%K%P
「――愛っ？　大至急、車を回して……！\n　あと着替えも一緒に持ってきて！\n　……はぁ！？　私の服よ、私の！」%K%P
行っちゃった……。%K%P
行っちゃった……。%K%P
まぁでも逆に助かったかも……。\nそもそもお菓子作りに集中できる雰囲気でもなかったし。%K%P
まぁでも逆に助かったかも……。\nそもそもお菓子作りに集中できる雰囲気でもなかったし。%K%P
だけど皮肉だ。恋を諦めずにいた頃は、\nどれだけアピールしても全然気にしてくれなかったのに。%K%P
だけど皮肉だ。恋を諦めずにいた頃は、\nどれだけアピールしても全然気にしてくれなかったのに。%K%P
なのに「いい人」だとか言ってくれたり、\nあんな乙女な反応されたりしたら――%K%P
なのに「いい人」だとか言ってくれたり、\nあんな乙女な反応されたりしたら――%K%P
%LC春樹
%LC春樹
「……また、男の自分を好きに\n　なって欲しくなっちゃうじゃない」%K%P
「……また、男の自分を好きに\n　なって欲しくなっちゃうじゃない」%K%P
――って、ダメだダメだ。\nこんなこと考えちゃいけない。%K%P
――って、ダメだダメだ。\nこんなこと考えちゃいけない。%K%P
清佳ちゃんとは蛍姿でエッチまでしちゃったんだ。\n昨日も一緒にお風呂に入ったりしたし……。%K%P
清佳ちゃんとは蛍姿でエッチまでしちゃったんだ。\n昨日も一緒にお風呂に入ったりしたし……。%K%P
{春樹:ぼく}にブラが透けたのを見られただけで、\nあの反応だったもんね……。%K%P
{春樹:ぼく}にブラが透けたのを見られただけで、\nあの反応だったもんね……。%K%P
なのに実は僕が性別や名前を偽って、\nエッチやら何やらしていたと知られれば――%K%P
なのに実は僕が性別や名前を偽って、\nエッチやら何やらしていたと知られれば――%K%P
%LC春樹
%LC春樹
「……下手したらホントにどこぞへ沈められるかも……」%K%P
「……下手したらホントにどこぞへ沈められるかも……」%K%P
やっぱり何があっても正体は明かせないや……。%K%P
やっぱり何があっても正体は明かせないや……。%K%P
