%LC清佳
%LC清佳
「……このくらい開いておけば大丈夫、かしら……？」%K%P
「……このくらい開いておけば大丈夫、かしら……？」%K%P
%LC春樹
%LC春樹
「うん……ありがとう」%K%P
「うん……ありがとう」%K%P
恥ずかしがりながらも自ら足を開いてくれる\n彼女の気持ちが嬉しい。%K%P
恥ずかしがりながらも自ら足を開いてくれる\n彼女の気持ちが嬉しい。%K%P
露わになった秘部はホタルの光と月明かりに\n照らされていて、夜の闇の中でもはっきりと見えた。%K%P
露わになった秘部はホタルの光と月明かりに\n照らされていて、夜の闇の中でもはっきりと見えた。%K%P
%LC清佳
%LC清佳
「あなたのおちんちん……。\n　さっきより大きくなってる……」%K%P
「あなたのおちんちん……。\n　さっきより大きくなってる……」%K%P
%LC春樹
%LC春樹
「清佳さんのアソコも……すごく濡れてる」%K%P
「清佳さんのアソコも……すごく濡れてる」%K%P
僕が彼女の大切な場所に魅入っているように、\n彼女もまた僕のものに魅入っているようだった。%K%P
僕が彼女の大切な場所に魅入っているように、\n彼女もまた僕のものに魅入っているようだった。%K%P
%LC清佳
%LC清佳
「不思議……。大切な場所をじっと見られて、\n　ものすごく恥ずかしいのに。妙に頭は冴えてて……」%K%P
「不思議……。大切な場所をじっと見られて、\n　ものすごく恥ずかしいのに。妙に頭は冴えてて……」%K%P
%LC清佳
%LC清佳
「まだ繋がってもいないのに……とても幸せな\n　気持ちになっちゃってる……」%K%P
「まだ繋がってもいないのに……とても幸せな\n　気持ちになっちゃってる……」%K%P
%LC清佳
%LC清佳
「あなたが……私のアソコを見て、\n　興奮してくれてるのがわかって」%K%P
「あなたが……私のアソコを見て、\n　興奮してくれてるのがわかって」%K%P
僕も同じ気持ちだった。%K%P
僕も同じ気持ちだった。%K%P
彼女が僕のを見てドキドキしてくれているのがわかって、\n繋がってもいないのに幸せな気持ちが溢れてくる。%K%P
彼女が僕のを見てドキドキしてくれているのがわかって、\n繋がってもいないのに幸せな気持ちが溢れてくる。%K%P
%LC春樹
%LC春樹
「好きだ」%K%P
「好きだ」%K%P
%LC清佳
%LC清佳
「っっ」%K%P
「っっ」%K%P
頭で考えるよりも先に言葉が出ていた。%K%P
頭で考えるよりも先に言葉が出ていた。%K%P
%LC春樹
%LC春樹
「好きだ」%K%P
「好きだ」%K%P
%LC清佳
%LC清佳
「……何よ。急に男らしくなっちゃって……」%K%P
「……何よ。急に男らしくなっちゃって……」%K%P
清佳ちゃんは照れくさそうにポツリとそう呟くと、\n顔を赤くしたまま真っ直ぐ見つめてくれる。%K%P
清佳ちゃんは照れくさそうにポツリとそう呟くと、\n顔を赤くしたまま真っ直ぐ見つめてくれる。%K%P
%LC清佳
%LC清佳
「私も……」%K%P
「私も……」%K%P
%LC清佳
%LC清佳
「私も……好きよ。\n　あなたのことが、好き……」%K%P
「私も……好きよ。\n　あなたのことが、好き……」%K%P
その言葉が何よりも僕の心を火照らせた。%K%P
その言葉が何よりも僕の心を火照らせた。%K%P
%LC春樹
%LC春樹
「挿れるね……？　できる限り優しくするから……」%K%P
「挿れるね……？　できる限り優しくするから……」%K%P
%LC清佳
%LC清佳
「う……うん……」%K%P
「う……うん……」%K%P
震えてる……。%K%P
震えてる……。%K%P
やっぱり怖いんだ……。当たり前だよね。%K%P
やっぱり怖いんだ……。当たり前だよね。%K%P
%LC清佳
%LC清佳
「……大丈夫。確かにちょっぴり怖いけど……」%K%P
「……大丈夫。確かにちょっぴり怖いけど……」%K%P
%LC清佳
%LC清佳
「それ以上に……楽しみに思ってるの。\n　あなたと、一つになれることに……」%K%P
「それ以上に……楽しみに思ってるの。\n　あなたと、一つになれることに……」%K%P
%LC清佳
%LC清佳
「だからこんなに、うずうずしちゃってて……」%K%P
「だからこんなに、うずうずしちゃってて……」%K%P
清佳さんが居住まいを整えて、\nより大きく足を広げてくれる。%K%P
清佳さんが居住まいを整えて、\nより大きく足を広げてくれる。%K%P
%LC清佳
%LC清佳
「来て……？　あなたの想いを、私に教えて……？」%K%P
「来て……？　あなたの想いを、私に教えて……？」%K%P
%LC清佳
%LC清佳
「私のために今まで隠してきてくれた気持ちを……。\n　我慢してくれていた気持ちを……」%K%P
「私のために今まで隠してきてくれた気持ちを……。\n　我慢してくれていた気持ちを……」%K%P
%LC清佳
%LC清佳
「私も……ちゃんと受け止めたいから」%K%P
「私も……ちゃんと受け止めたいから」%K%P
蛍としてじゃなく、春樹として\n見ようとしてくれている気持ちが嬉しかった。%K%P
蛍としてじゃなく、春樹として\n見ようとしてくれている気持ちが嬉しかった。%K%P
きっとまだ戸惑ってはいるはずなのに、\nそれでも彼女は僕を受け入れようとしてくれて。%K%P
きっとまだ戸惑ってはいるはずなのに、\nそれでも彼女は僕を受け入れようとしてくれて。%K%P
僕の気持ちに寄り添おうとしてくれて。%K%P
僕の気持ちに寄り添おうとしてくれて。%K%P
%LC春樹
%LC春樹
「行くよ……？」%K%P
「行くよ……？」%K%P
%LC清佳
%LC清佳
「うん……」%K%P
「うん……」%K%P
彼女への愛がよりいっそう膨れあがる。%K%P
彼女への愛がよりいっそう膨れあがる。%K%P
その想いをそのまま伝えるように、\n僕はそっと彼女へ愛を触れさせていって――%K%P
その想いをそのまま伝えるように、\n僕はそっと彼女へ愛を触れさせていって――%K%P
%LC清佳
%LC清佳
「んはぁっ……！！　あっ、は、入って、きて……！！」%K%P
「んはぁっ……！！　あっ、は、入って、きて……！！」%K%P
挿入した瞬間――強い抵抗感が襲ってきた。\n何かを突き破った感触が股間から全身に伝わってくる。%K%P
挿入した瞬間――強い抵抗感が襲ってきた。\n何かを突き破った感触が股間から全身に伝わってくる。%K%P
彼女の大切な場所からは初めての証が滴っていて、\n悲痛な反応に動きを止めてしまいそうになる。%K%P
彼女の大切な場所からは初めての証が滴っていて、\n悲痛な反応に動きを止めてしまいそうになる。%K%P
%LC清佳
%LC清佳
「し、心配しないで……！！\n　はぁはぁ、続けてっ……！！」%K%P
「し、心配しないで……！！\n　はぁはぁ、続けてっ……！！」%K%P
%LC清佳
%LC清佳
「もっと奥まで、んはぁ……！！\n　あなたの全部、んんっ、私の膣内に……！！」%K%P
「もっと奥まで、んはぁ……！！\n　あなたの全部、んんっ、私の膣内に……！！」%K%P
%LC春樹
%LC春樹
「っっ」%K%P
「っっ」%K%P
%LC清佳
%LC清佳
「もっとしっかり、ん、感じたいの……！\n　あなたと、はぁはぁ、一つになってることを……！」%K%P
「もっとしっかり、ん、感じたいの……！\n　あなたと、はぁはぁ、一つになってることを……！」%K%P
%LC清佳
%LC清佳
「あなたは、んく、そうじゃないのっ……？」%K%P
「あなたは、んく、そうじゃないのっ……？」%K%P
%LC春樹
%LC春樹
「清佳さん……！　っっ……！」%K%P
「清佳さん……！　っっ……！」%K%P
もちろん僕だって感じたい……！\n清佳ちゃんとの繋がりをめいっぱい感じたい……！%K%P
もちろん僕だって感じたい……！\n清佳ちゃんとの繋がりをめいっぱい感じたい……！%K%P
%LC清佳
%LC清佳
「んはぁ……！　あっ、ああぁ……！！\n　きて、あ、きてるっ……！　大きいのが、あぁ……！」%K%P
「んはぁ……！　あっ、ああぁ……！！\n　きて、あ、きてるっ……！　大きいのが、あぁ……！」%K%P
%LC清佳
%LC清佳
「私の膣内が、んは、あなたのでいっぱいになって……！」%K%P
「私の膣内が、んは、あなたのでいっぱいになって……！」%K%P
一気に突き入れたい衝動を抑えて、\n痛くしないようにゆっくりと腰を押し出していく。%K%P
一気に突き入れたい衝動を抑えて、\n痛くしないようにゆっくりと腰を押し出していく。%K%P
竿がとてつもなく熱いものに、\n徐々に徐々に包まれていって。%K%P
竿がとてつもなく熱いものに、\n徐々に徐々に包まれていって。%K%P
その感覚がとてつもなく快感で、\n喩えようもないほど幸福で――%K%P
その感覚がとてつもなく快感で、\n喩えようもないほど幸福で――%K%P
%LC清佳
%LC清佳
「んはぁ……！　はぁ、はぁ……！\n　ぜ、全部、えへへ、入ってる……」%K%P
「んはぁ……！　はぁ、はぁ……！\n　ぜ、全部、えへへ、入ってる……」%K%P
%LC春樹
%LC春樹
「うん……。ありがとう、受け止めてくれて……」%K%P
「うん……。ありがとう、受け止めてくれて……」%K%P
%LC清佳
%LC清佳
「こちらこそよ……。ありがとう、\n　途中でやめないでくれて……」%K%P
「こちらこそよ……。ありがとう、\n　途中でやめないでくれて……」%K%P
脂汗をかきながらも、\n清佳ちゃんが幸せそうに微笑みかけてくれる。%K%P
脂汗をかきながらも、\n清佳ちゃんが幸せそうに微笑みかけてくれる。%K%P
%LC春樹
%LC春樹
「大丈夫……？　痛くない……？」%K%P
「大丈夫……？　痛くない……？」%K%P
%LC清佳
%LC清佳
「ちょっぴり痛いけど……。\n　想像してたほどじゃないかも……」%K%P
「ちょっぴり痛いけど……。\n　想像してたほどじゃないかも……」%K%P
%LC清佳
%LC清佳
「どちらかと言えば、その……。\n　んんっ。あなたのが擦れて気持ちいいくらい……」%K%P
「どちらかと言えば、その……。\n　んんっ。あなたのが擦れて気持ちいいくらい……」%K%P
ピクンと清佳ちゃんが小さく悶える。\nその僅かな摩擦だけで、僕も震えるほど気持ち良かった。%K%P
ピクンと清佳ちゃんが小さく悶える。\nその僅かな摩擦だけで、僕も震えるほど気持ち良かった。%K%P
%LC清佳
%LC清佳
「はぁ、はぁ、えへへ……。\n　あなたのがビクビクしてるのわかる……」%K%P
「はぁ、はぁ、えへへ……。\n　あなたのがビクビクしてるのわかる……」%K%P
%LC清佳
%LC清佳
「気持ち、いいんだ……？　私の膣内……。\n　ものすごくゆっくり、あぁ、膣内で動いてる……」%K%P
「気持ち、いいんだ……？　私の膣内……。\n　ものすごくゆっくり、あぁ、膣内で動いてる……」%K%P
%LC春樹
%LC春樹
「っっ。ご、ごめんね……！　つい……！」%K%P
「っっ。ご、ごめんね……！　つい……！」%K%P
しばらくじっとしていようと思っているのに、\nどうしようもなく身体が動いてしまう。%K%P
しばらくじっとしていようと思っているのに、\nどうしようもなく身体が動いてしまう。%K%P
清佳ちゃんの膣内、本当に気持ち良くて……。\n口の中より熱くて、窮屈で、トロトロで……！%K%P
清佳ちゃんの膣内、本当に気持ち良くて……。\n口の中より熱くて、窮屈で、トロトロで……！%K%P
%LC清佳
%LC清佳
「ううん……。嬉しい……。優しいあなたでも\n　我慢できないくらい気持ちいいってことだもの……」%K%P
「ううん……。嬉しい……。優しいあなたでも\n　我慢できないくらい気持ちいいってことだもの……」%K%P
%LC清佳
%LC清佳
「それに……あっ、んふ……。あなたのが\n　私の膣内で動いてると、キュンキュンしちゃう……」%K%P
「それに……あっ、んふ……。あなたのが\n　私の膣内で動いてると、キュンキュンしちゃう……」%K%P
%LC清佳
%LC清佳
「あなたと繋がってることがハッキリわかって……。\n　とっても幸せな気分になって……」%K%P
「あなたと繋がってることがハッキリわかって……。\n　とっても幸せな気分になって……」%K%P
火照った顔で清佳ちゃんが見つめてきてくれる。%K%P
火照った顔で清佳ちゃんが見つめてきてくれる。%K%P
%LC清佳
%LC清佳
「もう大丈夫だから……。\n　好きに動いていいわよ……？」%K%P
「もう大丈夫だから……。\n　好きに動いていいわよ……？」%K%P
%LC清佳
%LC清佳
「ううん……。動いて……？\n　もっと、はぁはぁ、感じさせて……？」%K%P
「ううん……。動いて……？\n　もっと、はぁはぁ、感じさせて……？」%K%P
%LC清佳
%LC清佳
「あなたと愛し合ってる幸福を……。\n　身体の芯から感じたいの……」%K%P
「あなたと愛し合ってる幸福を……。\n　身体の芯から感じたいの……」%K%P
そんな風に告げられて、我慢できるわけがなかった。%K%P
そんな風に告げられて、我慢できるわけがなかった。%K%P
%LC清佳
%LC清佳
「あっ…………！　あぁっ…………！　んはぁ……！」%K%P
「あっ…………！　あぁっ…………！　んはぁ……！」%K%P
%LC清佳
%LC清佳
「あぁあんっ……！　あぁ、んはぁ、あはぁん……！」%K%P
「あぁあんっ……！　あぁ、んはぁ、あはぁん……！」%K%P
ゆっくり動こうと思っているのに、\n動き始めた途端、自分がとめられなくなる。%K%P
ゆっくり動こうと思っているのに、\n動き始めた途端、自分がとめられなくなる。%K%P
%LC清佳
%LC清佳
「い、いいのよっ、はぁんっ……！\n　遠慮しないで、あっ、あっ、突いてっ……！」%K%P
「い、いいのよっ、はぁんっ……！\n　遠慮しないで、あっ、あっ、突いてっ……！」%K%P
%LC清佳
%LC清佳
「私も、ふぁっ、その方が嬉しいっ……！\n　いっぱい、あぁ、いっぱいズンズンしてっ……！」%K%P
「私も、ふぁっ、その方が嬉しいっ……！\n　いっぱい、あぁ、いっぱいズンズンしてっ……！」%K%P
%LC春樹
%LC春樹
「っっ。清佳さん……！」%K%P
「っっ。清佳さん……！」%K%P
%LC清佳
%LC清佳
「あっ、あっ、あっ、あっ、あぁあああんっ……！！」%K%P
「あっ、あっ、あっ、あっ、あぁあああんっ……！！」%K%P
僕の抽挿で気持ち良さげに喘いでくれる\n清佳ちゃんの姿が嬉しい。%K%P
僕の抽挿で気持ち良さげに喘いでくれる\n清佳ちゃんの姿が嬉しい。%K%P
トロトロの蕩肉がぎゅっと僕のを抱きしめてくれて、\n僕も快感に悶えた吐息を漏らし続けていた。%K%P
トロトロの蕩肉がぎゅっと僕のを抱きしめてくれて、\n僕も快感に悶えた吐息を漏らし続けていた。%K%P
%LC清佳
%LC清佳
「気持ちいいっ……！　あっ、はぁんっ……！\n　ものすごく、ふあぁっ、幸せっ……！！」%K%P
「気持ちいいっ……！　あっ、はぁんっ……！\n　ものすごく、ふあぁっ、幸せっ……！！」%K%P
%LC清佳
%LC清佳
「大好きな人が、あっ、あっ、あっ……！！\n　私の膣内で動いてるっ、私の中にいてくれて……！！」%K%P
「大好きな人が、あっ、あっ、あっ……！！\n　私の膣内で動いてるっ、私の中にいてくれて……！！」%K%P
%LC清佳
%LC清佳
「あなたを感じるだけでも、ふぁぁあ……！！\n　熱くなっちゃうっ……！！」%K%P
「あなたを感じるだけでも、ふぁぁあ……！！\n　熱くなっちゃうっ……！！」%K%P
%LC清佳
%LC清佳
「前みたいに、あぁぁあっ、身体の奥が火照って……！\n　弾けそうでっ、あぁ、んぁっ、イ、イっちゃ……！！」%K%P
「前みたいに、あぁぁあっ、身体の奥が火照って……！\n　弾けそうでっ、あぁ、んぁっ、イ、イっちゃ……！！」%K%P
目に見えてわかるほど清佳ちゃんが感じてくれる。\n手足をビクっビクっと震わせて甘く悶えてくれる。%K%P
目に見えてわかるほど清佳ちゃんが感じてくれる。\n手足をビクっビクっと震わせて甘く悶えてくれる。%K%P
%LC清佳
%LC清佳
「も、もっと激しくしていいわっ……！\n　ううん、してっ……！！」%K%P
「も、もっと激しくしていいわっ……！\n　ううん、してっ……！！」%K%P
%LC清佳
%LC清佳
「まだ遠慮してるでしょっ？\n　しなくて、いいからっ……！」%K%P
「まだ遠慮してるでしょっ？\n　しなくて、いいからっ……！」%K%P
%LC清佳
%LC清佳
「私の身体っ、あぁあんっ、あなたの好きにしてっ」%K%P
「私の身体っ、あぁあんっ、あなたの好きにしてっ」%K%P
%LC春樹
%LC春樹
「っっ！！」%K%P
「っっ！！」%K%P
%LC清佳
%LC清佳
「ひぃあっ！　あっ、はぁっ、あっ、あっ！！\n　あぁあんっ、ふぁぁああんんっっ！！」%K%P
「ひぃあっ！　あっ、はぁっ、あっ、あっ！！\n　あぁあんっ、ふぁぁああんんっっ！！」%K%P
甘えるように告げてくれる清佳ちゃんの声に、\n愛しさが込み上げる。理性がなくなっていく。%K%P
甘えるように告げてくれる清佳ちゃんの声に、\n愛しさが込み上げる。理性がなくなっていく。%K%P
ただ今はひたすら、大好きな人と愛し合いたい。\n彼女と一緒に、ただ気持ち良くなりたい――%K%P
ただ今はひたすら、大好きな人と愛し合いたい。\n彼女と一緒に、ただ気持ち良くなりたい――%K%P
%LC清佳
%LC清佳
「はぁああんっ……！！　おっぱい、ぎゅって……！！\n　おちんちん、ふぁあっ、激しっ……！！」%K%P
「はぁああんっ……！！　おっぱい、ぎゅって……！！\n　おちんちん、ふぁあっ、激しっ……！！」%K%P
%LC清佳
%LC清佳
「乱暴にされるのっ、あぁあっ、嬉しいっ……！！\n　もっと夢中に、ああぁ、私に夢中になってっ？」%K%P
「乱暴にされるのっ、あぁあっ、嬉しいっ……！！\n　もっと夢中に、ああぁ、私に夢中になってっ？」%K%P
%LC清佳
%LC清佳
「あなたになら、あっ、あっ、あっ……！！\n　どれだけ乱暴されても嬉しいからっ……！！」%K%P
「あなたになら、あっ、あっ、あっ……！！\n　どれだけ乱暴されても嬉しいからっ……！！」%K%P
%LC清佳
%LC清佳
「私もっ、もっともっと、あぁんっ……！！\n　あなたを、あぁ、感じたいっ……！！」%K%P
「私もっ、もっともっと、あぁんっ……！！\n　あなたを、あぁ、感じたいっ……！！」%K%P
力加減もわからず欲望をぶちまける僕を、\n清佳ちゃんが幸せそうに受け入れてくれる。%K%P
力加減もわからず欲望をぶちまける僕を、\n清佳ちゃんが幸せそうに受け入れてくれる。%K%P
汗ばんだ乳房の感触が心地良い。\n膣内がどんどん濡れそぼっていくのがわかって嬉しい。%K%P
汗ばんだ乳房の感触が心地良い。\n膣内がどんどん濡れそぼっていくのがわかって嬉しい。%K%P
%LC清佳
%LC清佳
「ひぃあああっ！！　乳首、んぁああっ……！！\n　クリクリされてっ……！！」%K%P
「ひぃあああっ！！　乳首、んぁああっ……！！\n　クリクリされてっ……！！」%K%P
%LC清佳
%LC清佳
「力はいっちゃ――んあああっ、イくっ、んんっっ！！\n　イくぅっっ……！！」%K%P
「力はいっちゃ――んあああっ、イくっ、んんっっ！！\n　イくぅっっ……！！」%K%P
乳首を摘まみ上げると、急激に膣の圧迫が強まった。%K%P
乳首を摘まみ上げると、急激に膣の圧迫が強まった。%K%P
おちんちんが千切れそうなほど締め付けられながら、\n快感を堪えきれないとばかりに膣内が痙攣する。%K%P
おちんちんが千切れそうなほど締め付けられながら、\n快感を堪えきれないとばかりに膣内が痙攣する。%K%P
%LC春樹
%LC春樹
「好きっ……！！　好きだっ……！！\n　はぁはぁっ、好きだ、清佳さんっ……！！」%K%P
「好きっ……！！　好きだっ……！！\n　はぁはぁっ、好きだ、清佳さんっ……！！」%K%P
%LC清佳
%LC清佳
「私もっ、あぁんっ、私も好きっ……！！\n　あっ、あっ、あっ、好きっ、んぁっ、好きぃ……！！」%K%P
「私もっ、あぁんっ、私も好きっ……！！\n　あっ、あっ、あっ、好きっ、んぁっ、好きぃ……！！」%K%P
どちらともなく顔を近づけていく。\nそして、より深く一つになるように唇を重ねて――%K%P
どちらともなく顔を近づけていく。\nそして、より深く一つになるように唇を重ねて――%K%P
%LC清佳
%LC清佳
「んちゅぁっ……！　れろぉっ、れろろぉっ……！！\n　んふぅんっ！！　んんっ、んっ、んっ、んちゅぅっ！！」%K%P
「んちゅぁっ……！　れろぉっ、れろろぉっ……！！\n　んふぅんっ！！　んんっ、んっ、んっ、んちゅぅっ！！」%K%P
お互いを貪るように唇を奪い合っていく。%K%P
お互いを貪るように唇を奪い合っていく。%K%P
気づけば僕たちは強く抱き合っていて、\n清佳ちゃんの体温と僕の体温の境はなくなっていた。%K%P
気づけば僕たちは強く抱き合っていて、\n清佳ちゃんの体温と僕の体温の境はなくなっていた。%K%P
%LC清佳
%LC清佳
「すごいっ、んちゅぅっ……！！\n　なんだか、れろっ、れろろっ、溶け合ってるみたいっ」%K%P
「すごいっ、んちゅぅっ……！！\n　なんだか、れろっ、れろろっ、溶け合ってるみたいっ」%K%P
%LC清佳
%LC清佳
「最高に、あぁっ、幸せっ……！！\n　ちゅぁっ、れろろっ……！！\n　ずっと、ちゅぅっ、こうしていたいくらいっ……！！」%K%P
「最高に、あぁっ、幸せっ……！！\n　ちゅぁっ、れろろっ……！！\n　ずっと、ちゅぅっ、こうしていたいくらいっ……！！」%K%P
ぎゅっと清佳ちゃんがさらに抱きついてきてくれる。\n背中に手足を回して、しがみついてきてくれる。%K%P
ぎゅっと清佳ちゃんがさらに抱きついてきてくれる。\n背中に手足を回して、しがみついてきてくれる。%K%P
僕も同じ気持ちだった。快感以上の幸福が、\n全身を包み込んでいて、とんでもなく身体が熱くて――%K%P
僕も同じ気持ちだった。快感以上の幸福が、\n全身を包み込んでいて、とんでもなく身体が熱くて――%K%P
%LC清佳
%LC清佳
「手に取るように、ん、ちゅっ、\n　あなたの気持ちがわかる……！」%K%P
「手に取るように、ん、ちゅっ、\n　あなたの気持ちがわかる……！」%K%P
%LC清佳
%LC清佳
「私のこと、あぁん、んはぁ……！\n　ものすごく愛してくれてて……！\n　感じさせようと、んあっ、思ってくれてて……！」%K%P
「私のこと、あぁん、んはぁ……！\n　ものすごく愛してくれてて……！\n　感じさせようと、んあっ、思ってくれてて……！」%K%P
%LC清佳
%LC清佳
「何より、ちゅぁ、れろろっ……！\n　とっても興奮してくれてて……！！」%K%P
「何より、ちゅぁ、れろろっ……！\n　とっても興奮してくれてて……！！」%K%P
僕もわかる。密着した身体から、繋がった場所から、\n清佳ちゃんの感情が流れ込んできて……！%K%P
僕もわかる。密着した身体から、繋がった場所から、\n清佳ちゃんの感情が流れ込んできて……！%K%P
僕とのエッチで悦んでくれていることが、\n心で理解できて……！%K%P
僕とのエッチで悦んでくれていることが、\n心で理解できて……！%K%P
%LC清佳
%LC清佳
「んちゅぁっ、れろぉっ、ぺろろぉっ……！！\n　セックスって、んちゅぁ、素敵っ……！！」%K%P
「んちゅぁっ、れろぉっ、ぺろろぉっ……！！\n　セックスって、んちゅぁ、素敵っ……！！」%K%P
%LC清佳
%LC清佳
「こんなにも、あっ、あっ、んはぁんっ……！！\n　大好きな人と一つになれるんだ……！！」%K%P
「こんなにも、あっ、あっ、んはぁんっ……！！\n　大好きな人と一つになれるんだ……！！」%K%P
%LC清佳
%LC清佳
「ただでさえ好きなのに、んぁ、んちゅぅぅ……！\n　もっともっとあなたが愛おしくなっちゃう……！」%K%P
「ただでさえ好きなのに、んぁ、んちゅぅぅ……！\n　もっともっとあなたが愛おしくなっちゃう……！」%K%P
強い締め付けが、しとどに濡れる膣内が、\n言葉以上に清佳ちゃんの想いを伝えてくれる。%K%P
強い締め付けが、しとどに濡れる膣内が、\n言葉以上に清佳ちゃんの想いを伝えてくれる。%K%P
僕もまた彼女への愛しさで、\n下腹部が火照りきっていく――%K%P
僕もまた彼女への愛しさで、\n下腹部が火照りきっていく――%K%P
%LC清佳
%LC清佳
「んちゅぁ、ぺろろっ、れろろぉっ……！！\n　んぷはぁ、はぁはぁ、おちんちん震えて……！！」%K%P
「んちゅぁ、ぺろろっ、れろろぉっ……！！\n　んぷはぁ、はぁはぁ、おちんちん震えて……！！」%K%P
%LC清佳
%LC清佳
「嬉しいっ、あっ、あっ、あっ……！！\n　射精、はぁん、しちゃいそうなんだ……！！」%K%P
「嬉しいっ、あっ、あっ、あっ……！！\n　射精、はぁん、しちゃいそうなんだ……！！」%K%P
%LC清佳
%LC清佳
「さっきあんなに出したのに、\n　あっ、はぁ、んはぁ、またっ……！！」%K%P
「さっきあんなに出したのに、\n　あっ、はぁ、んはぁ、またっ……！！」%K%P
%LC春樹
%LC春樹
「はぁはぁ、清佳さん……！！」%K%P
「はぁはぁ、清佳さん……！！」%K%P
%LC清佳
%LC清佳
「うんっ……！　いいっ、このまま出していいから……！」%K%P
「うんっ……！　いいっ、このまま出していいから……！」%K%P
%LC清佳
%LC清佳
「あなたの愛をっ、あぁんっ、身体で感じたい……！！\n　あなたの愛をっ、んちゅっ、注ぎ込んで欲しい……！！」%K%P
「あなたの愛をっ、あぁんっ、身体で感じたい……！！\n　あなたの愛をっ、んちゅっ、注ぎ込んで欲しい……！！」%K%P
%LC清佳
%LC清佳
「だからっ、ちゅぁっ、あはぁん、だからっ……！！」%K%P
「だからっ、ちゅぁっ、あはぁん、だからっ……！！」%K%P
離すまいとばかりに清佳ちゃんが\nぎゅぅぅっと抱きしめてくれる。%K%P
離すまいとばかりに清佳ちゃんが\nぎゅぅぅっと抱きしめてくれる。%K%P
僕も離すつもりはなかった。\nこのまま清佳ちゃんの膣内に出したい……！！%K%P
僕も離すつもりはなかった。\nこのまま清佳ちゃんの膣内に出したい……！！%K%P
%LC清佳
%LC清佳
「んはぁっ！！　あぁあんっ！！\n　激しいっ、んぁっ、んちゅぅっ……！！」%K%P
「んはぁっ！！　あぁあんっ！！\n　激しいっ、んぁっ、んちゅぅっ……！！」%K%P
%LC清佳
%LC清佳
「イっちゃっ、あああっ、キ、キスしてられな……！！\n　あぁっ、してっ、キスっ、ああっ、キスぅっ……！！」%K%P
「イっちゃっ、あああっ、キ、キスしてられな……！！\n　あぁっ、してっ、キスっ、ああっ、キスぅっ……！！」%K%P
大口を開けて喘ぎながら必死に\n舌を伸ばしてくれる彼女へがむしゃらに唇を押しつける。%K%P
大口を開けて喘ぎながら必死に\n舌を伸ばしてくれる彼女へがむしゃらに唇を押しつける。%K%P
%LC清佳
%LC清佳
「んちゅぅっっ！　れろろっ！！　んれろれろれろぉ！！」%K%P
「んちゅぅっっ！　れろろっ！！　んれろれろれろぉ！！」%K%P
%LC清佳
%LC清佳
「気持ちいいっ、んはぁ、好きっ、ちゅぁっ、イくぅっ！」%K%P
「気持ちいいっ、んはぁ、好きっ、ちゅぁっ、イくぅっ！」%K%P
尋常じゃないほど、おちんちんが締め付けられる。\nその清佳ちゃんの昂ぶりが僕の射精欲を煽ってくる。%K%P
尋常じゃないほど、おちんちんが締め付けられる。\nその清佳ちゃんの昂ぶりが僕の射精欲を煽ってくる。%K%P
%LC清佳
%LC清佳
「あぁっ、きてるっ、ああぁ、のぼってきてる……！！」%K%P
「あぁっ、きてるっ、ああぁ、のぼってきてる……！！」%K%P
%LC清佳
%LC清佳
「ぶちまけてっ、んちゅっ、ちゅぁっ……！！\n　私の膣内にっ、ああっ、あなたの熱いのっ、精子っ！！」%K%P
「ぶちまけてっ、んちゅっ、ちゅぁっ……！！\n　私の膣内にっ、ああっ、あなたの熱いのっ、精子っ！！」%K%P
%LC清佳
%LC清佳
「私も、あぁっ、イっちゃうからっ……！！\n　ふぁああっ、一緒にっ、ちゅぁ、一緒にっっ……！！」%K%P
「私も、あぁっ、イっちゃうからっ……！！\n　ふぁああっ、一緒にっ、ちゅぁ、一緒にっっ……！！」%K%P
清佳ちゃんが腰を揺らしてきてくれる。\n僕も限界ギリギリの状態で腰を振り続ける。%K%P
清佳ちゃんが腰を揺らしてきてくれる。\n僕も限界ギリギリの状態で腰を振り続ける。%K%P
%LC清佳
%LC清佳
「ああぁあっ、イくっ、んぁ、イくっ！！」%K%P
「ああぁあっ、イくっ、んぁ、イくっ！！」%K%P
%LC清佳
%LC清佳
「キスぅっ、んちゅぁっ、チューしてっ……！！\n　最後まで、あああっ、一つでいたいっ……！！」%K%P
「キスぅっ、んちゅぁっ、チューしてっ……！！\n　最後まで、あああっ、一つでいたいっ……！！」%K%P
%LC清佳
%LC清佳
「んはぁむっ、ちゅぅっ、れろろぉっ……！！\n　ぷはぁ、あっ、あっ、あっ、あっ、あっ、あっ！！！」%K%P
「んはぁむっ、ちゅぅっ、れろろぉっ……！！\n　ぷはぁ、あっ、あっ、あっ、あっ、あっ、あっ！！！」%K%P
そして心も身体も繋がったまま、\n込み上がってくる感情に躊躇うことなく従って――%K%P
そして心も身体も繋がったまま、\n込み上がってくる感情に躊躇うことなく従って――%K%P
%LC清佳
%LC清佳
「ふぁっ――あぁあぁああああああっっ〜〜！！！\n　あはぁあんっ、あっ――はぁあああんんっっ〜〜！！！」%K%P
「ふぁっ――あぁあぁああああああっっ〜〜！！！\n　あはぁあんっ、あっ――はぁあああんんっっ〜〜！！！」%K%P
%LC清佳
%LC清佳
「熱いっっ……！！　あぁあっ、気持ちいい……！！\n　ビュービューきてっ、奥に、あぁ、奥にっっ……！！」%K%P
「熱いっっ……！！　あぁあっ、気持ちいい……！！\n　ビュービューきてっ、奥に、あぁ、奥にっっ……！！」%K%P
どっちが震えてるのかわからない。\n二人揃って、絶頂の快感にビクビクしちゃってて……！！%K%P
どっちが震えてるのかわからない。\n二人揃って、絶頂の快感にビクビクしちゃってて……！！%K%P
気持ちいい……！！　清佳ちゃんが、ふぁ……！！\nフェラの時以上に精子を吸い出してきてる……！！%K%P
気持ちいい……！！　清佳ちゃんが、ふぁ……！！\nフェラの時以上に精子を吸い出してきてる……！！%K%P
精巣の中の精子が、んぁ……！！\n全部、搾り出されちゃう……！！%K%P
精巣の中の精子が、んぁ……！！\n全部、搾り出されちゃう……！！%K%P
%LC清佳
%LC清佳
「んはぁ……はぁ、はぁ、はぁ……。\n　ま、また意識、とんじゃいそうだった……」%K%P
「んはぁ……はぁ、はぁ、はぁ……。\n　ま、また意識、とんじゃいそうだった……」%K%P
%LC春樹
%LC春樹
「僕も、はぁはぁ、気持ち良すぎて……」%K%P
「僕も、はぁはぁ、気持ち良すぎて……」%K%P
%LC清佳
%LC清佳
「気持ち良かった……だけ？」%K%P
「気持ち良かった……だけ？」%K%P
%LC春樹
%LC春樹
「ううん……。とても幸せだった……」%K%P
「ううん……。とても幸せだった……」%K%P
%LC清佳
%LC清佳
「ふふふ……。私も……」%K%P
「ふふふ……。私も……」%K%P
嬉しそうに清佳ちゃんが微笑んでくれる。%K%P
嬉しそうに清佳ちゃんが微笑んでくれる。%K%P
繋がった場所からは清佳ちゃんの初めての証と、\n大量の白濁が溢れていた。%K%P
繋がった場所からは清佳ちゃんの初めての証と、\n大量の白濁が溢れていた。%K%P
%LC清佳
%LC清佳
「すごい……。こんなにたくさん出してくれてたんだ。\n　ずーっとビュービューしてくれてたものね……」%K%P
「すごい……。こんなにたくさん出してくれてたんだ。\n　ずーっとビュービューしてくれてたものね……」%K%P
%LC清佳
%LC清佳
「まだ……ん、びゅるってしてる……。\n　ふふ、おちんちんも大きいまま……」%K%P
「まだ……ん、びゅるってしてる……。\n　ふふ、おちんちんも大きいまま……」%K%P
%LC清佳
%LC清佳
「もしかして……物足りなかった？」%K%P
「もしかして……物足りなかった？」%K%P
%LC春樹
%LC春樹
「そ、そんなことないよ。\n　大満足というか、夢みたいだったというか……！」%K%P
「そ、そんなことないよ。\n　大満足というか、夢みたいだったというか……！」%K%P
%LC清佳
%LC清佳
「そう……？　あなたがしたいのなら……その」%K%P
「そう……？　あなたがしたいのなら……その」%K%P
%LC春樹
%LC春樹
「え？」%K%P
「え？」%K%P
キュっと清佳ちゃんが照れくさそうに\nおちんちんを締め付けてくれる。%K%P
キュっと清佳ちゃんが照れくさそうに\nおちんちんを締め付けてくれる。%K%P
その僅かな締め付けだけで、\n僕のモノは再び硬さを取り戻した。%K%P
その僅かな締め付けだけで、\n僕のモノは再び硬さを取り戻した。%K%P
%LC清佳
%LC清佳
「……ふふ。長い夜になりそうね？」%K%P
「……ふふ。長い夜になりそうね？」%K%P
そうして清佳ちゃんが抱きついてきてくれる。%K%P
そうして清佳ちゃんが抱きついてきてくれる。%K%P
僕もまた彼女を抱きしめ返した――%K%P
僕もまた彼女を抱きしめ返した――%K%P
