%LC春樹
%LC春樹
「へ、変なところない？　ちゃんと着こなせてるかな？」%K%P
「へ、変なところない？　ちゃんと着こなせてるかな？」%K%P
%LC千鶴
%LC千鶴
「だーからバッチリだってば。\n　そわそわしてるのが一番ダメだって」%K%P
「だーからバッチリだってば。\n　そわそわしてるのが一番ダメだって」%K%P
%LC春樹
%LC春樹
「そう言われても、だって――」%K%P
「そう言われても、だって――」%K%P
%LC清佳
%LC清佳
「――お待たせ、春樹くん」%K%P
「――お待たせ、春樹くん」%K%P
%LC春樹
%LC春樹
「あ――……」%K%P
「あ――……」%K%P
%LC清佳
%LC清佳
「どうかしら……似合ってる？」%K%P
「どうかしら……似合ってる？」%K%P
%LC春樹
%LC春樹
「…………」%K%P
「…………」%K%P
%LC清佳
%LC清佳
「……春樹くん？」%K%P
「……春樹くん？」%K%P
%LC春樹
%LC春樹
「あっ……！！　う、うんっ！！\n　すごく似合ってる！　とっても綺麗だよ……！！」%K%P
「あっ……！！　う、うんっ！！\n　すごく似合ってる！　とっても綺麗だよ……！！」%K%P
%LC清佳
%LC清佳
「なら良かった。春樹くんも、ふふ、\n　タキシード姿似合ってるわよ？」%K%P
「なら良かった。春樹くんも、ふふ、\n　タキシード姿似合ってるわよ？」%K%P
%LC春樹
%LC春樹
「あ、ありがとう」%K%P
「あ、ありがとう」%K%P
ウェディングドレスを着た清佳ちゃんと、\nタキシードを着て並ぶ。%K%P
ウェディングドレスを着た清佳ちゃんと、\nタキシードを着て並ぶ。%K%P
まるで本当に結婚式みたいだ……。\nどうしよう。緊張しちゃう……。%K%P
まるで本当に結婚式みたいだ……。\nどうしよう。緊張しちゃう……。%K%P
でもまさか、こんなことになるなんて――%K%P
でもまさか、こんなことになるなんて――%K%P
%LC千鶴
%LC千鶴
「ね、春樹ー。ウェディングドレスとか興味ない？」%K%P
「ね、春樹ー。ウェディングドレスとか興味ない？」%K%P
%LC春樹
%LC春樹
「へ？　突然なに？」%K%P
「へ？　突然なに？」%K%P
――きっかけは、数日前のお姉ちゃんの一言だった。%K%P
――きっかけは、数日前のお姉ちゃんの一言だった。%K%P
%LC千鶴
%LC千鶴
「だからウェディングドレスだってば。\n　女なら人生で一度は着てみたいっしょ！」%K%P
「だからウェディングドレスだってば。\n　女なら人生で一度は着てみたいっしょ！」%K%P
%LC春樹
%LC春樹
「男だよ！　ようやく男でいられるようになったのに、\n　どうしてまた女の子扱いするのさ！？」%K%P
「男だよ！　ようやく男でいられるようになったのに、\n　どうしてまた女の子扱いするのさ！？」%K%P
%LC千鶴
%LC千鶴
「だってしょうがないじゃん。仕事だもん、仕事。\n　花嫁のモデルに、蛍を使いたいって依頼が来て」%K%P
「だってしょうがないじゃん。仕事だもん、仕事。\n　花嫁のモデルに、蛍を使いたいって依頼が来て」%K%P
%LC春樹
%LC春樹
「モデルの仕事？」%K%P
「モデルの仕事？」%K%P
ここ最近まったくしてなかったから忘れてた……。\nそういえば僕、モデルの仕事もあったんだっけ。%K%P
ここ最近まったくしてなかったから忘れてた……。\nそういえば僕、モデルの仕事もあったんだっけ。%K%P
それにしてもウェディングドレスって……。%K%P
それにしてもウェディングドレスって……。%K%P
%LC千鶴
%LC千鶴
「なんでもどっかの遊園地がテーマパークウェディング？\n　だとか始めようとしてるんだって」%K%P
「なんでもどっかの遊園地がテーマパークウェディング？\n　だとか始めようとしてるんだって」%K%P
%LC千鶴
%LC千鶴
「でもどこのブライダルハウスにドレスのレンタル\n　頼むか決まってないらしくてさ。ブライダルハウス\n　対抗のＰＲコンテストを開くことにしたんだって」%K%P
「でもどこのブライダルハウスにドレスのレンタル\n　頼むか決まってないらしくてさ。ブライダルハウス\n　対抗のＰＲコンテストを開くことにしたんだって」%K%P
そう言ってお姉ちゃんがＰＣの画面を見せてくる。\nあ……この遊園地、前に清佳ちゃんと行ったところだ。%K%P
そう言ってお姉ちゃんがＰＣの画面を見せてくる。\nあ……この遊園地、前に清佳ちゃんと行ったところだ。%K%P
そういえばあの時、チャペルの鐘を音を聞いたっけ。%K%P
そういえばあの時、チャペルの鐘を音を聞いたっけ。%K%P
%LC千鶴
%LC千鶴
「でね。そのコンテストに出場する会社の一つが\n　うちのお得意様なんだよねー。レンタルドレス用に\n　何着も発注してくれててさー」%K%P
「でね。そのコンテストに出場する会社の一つが\n　うちのお得意様なんだよねー。レンタルドレス用に\n　何着も発注してくれててさー」%K%P
%LC春樹
%LC春樹
「その縁で、俺に……というか、\n　蛍にウェディングドレスを着て、\n　ＰＲコンテストに出て欲しいって頼まれた、と」%K%P
「その縁で、俺に……というか、\n　蛍にウェディングドレスを着て、\n　ＰＲコンテストに出て欲しいって頼まれた、と」%K%P
%LC千鶴
%LC千鶴
「そうそう！　話が早いね！　助かるよ！」%K%P
「そうそう！　話が早いね！　助かるよ！」%K%P
%LC春樹
%LC春樹
「出るとは言ってないから！\n　どうしてまた女装なんて……」%K%P
「出るとは言ってないから！\n　どうしてまた女装なんて……」%K%P
%LC千鶴
%LC千鶴
「まぁ、確かに嫌がるのもわかるけどさー。\n　結婚式のＰＲだから花婿役とセットらしいし」%K%P
「まぁ、確かに嫌がるのもわかるけどさー。\n　結婚式のＰＲだから花婿役とセットらしいし」%K%P
%LC春樹
%LC春樹
「えっ！？　それってもし出た場合、\n　知らない男の人と結婚式的なことするってことっ？」%K%P
「えっ！？　それってもし出た場合、\n　知らない男の人と結婚式的なことするってことっ？」%K%P
%LC千鶴
%LC千鶴
「まま。そこはお仕事だよ、お仕事。\n　向こうもプロのモデルなわけだし」%K%P
「まま。そこはお仕事だよ、お仕事。\n　向こうもプロのモデルなわけだし」%K%P
%LC春樹
%LC春樹
「い、嫌だよ絶対！」%K%P
「い、嫌だよ絶対！」%K%P
%LC千鶴
%LC千鶴
「そんなこと言わずにさ〜！\n　報酬の額がすごいんだよ！\n　もし優勝したらさらにすごいんだよ！！」%K%P
「そんなこと言わずにさ〜！\n　報酬の額がすごいんだよ！\n　もし優勝したらさらにすごいんだよ！！」%K%P
%LC春樹
%LC春樹
「無理！　花嫁役ですら嫌なのに、\n　どうして知らない男の人と――」%K%P
「無理！　花嫁役ですら嫌なのに、\n　どうして知らない男の人と――」%K%P
%LC清佳
%LC清佳
「――なになに？　なんの話？\n　何か不穏な単語が聞こえたのだけど」%K%P
「――なになに？　なんの話？\n　何か不穏な単語が聞こえたのだけど」%K%P
%LC春樹
%LC春樹
「あ。清佳さん」%K%P
「あ。清佳さん」%K%P
%LC千鶴
%LC千鶴
「そうだ！　清佳ちゃんも見たいよね〜。\n　蛍のウェディングドレス姿」%K%P
「そうだ！　清佳ちゃんも見たいよね〜。\n　蛍のウェディングドレス姿」%K%P
%LC清佳
%LC清佳
「え？」%K%P
「え？」%K%P
%LC春樹
%LC春樹
「ちょ、ちょっと！　やめてってば……！」%K%P
「ちょ、ちょっと！　やめてってば……！」%K%P
%LC清佳
%LC清佳
「ど、どういうこと？\n　蛍のウェディング姿って……」%K%P
「ど、どういうこと？\n　蛍のウェディング姿って……」%K%P
%LC清佳
%LC清佳
「まさか式！？　結婚式の話をしていたの……！？\n　それにしても蛍姿でなんて……！」%K%P
「まさか式！？　結婚式の話をしていたの……！？\n　それにしても蛍姿でなんて……！」%K%P
%LC春樹
%LC春樹
「だから違うってば……！　話を聞いて……！」%K%P
「だから違うってば……！　話を聞いて……！」%K%P
お姉ちゃんから聞いたことを清佳ちゃんに説明する。%K%P
お姉ちゃんから聞いたことを清佳ちゃんに説明する。%K%P
すると――%K%P
すると――%K%P
%LC清佳
%LC清佳
「へぇ、面白そうじゃない。出場しましょうよ」%K%P
「へぇ、面白そうじゃない。出場しましょうよ」%K%P
%LC春樹
%LC春樹
「ちょっ！？　清佳ちゃんまで……！？」%K%P
「ちょっ！？　清佳ちゃんまで……！？」%K%P
%LC千鶴
%LC千鶴
「おお〜！　話がわかるぅ〜！\n　清佳ちゃんもこー言ってるしさ。\n　ウェディングドレス着ちゃいなよ、蛍〜」%K%P
「おお〜！　話がわかるぅ〜！\n　清佳ちゃんもこー言ってるしさ。\n　ウェディングドレス着ちゃいなよ、蛍〜」%K%P
%LC春樹
%LC春樹
「今は春樹だってば！　絶対着ないから！」%K%P
「今は春樹だってば！　絶対着ないから！」%K%P
%LC清佳
%LC清佳
「そうよ。蛍は着なくていいわ。\n　着るのは、私よ」%K%P
「そうよ。蛍は着なくていいわ。\n　着るのは、私よ」%K%P
%LC春樹
%LC春樹
「へ？　どういうこと？」%K%P
「へ？　どういうこと？」%K%P
%LC清佳
%LC清佳
「私と春樹くんで、そのＰＲコンテストとやらに\n　出るってことよ。ふふ、それならいいでしょ？」%K%P
「私と春樹くんで、そのＰＲコンテストとやらに\n　出るってことよ。ふふ、それならいいでしょ？」%K%P
%LC清佳
%LC清佳
「私も蛍が他の男とイチャイチャしてる姿なんて、\n　絶対に見たくないし。そもそも春樹くんは\n　もう女装したくないって話だし」%K%P
「私も蛍が他の男とイチャイチャしてる姿なんて、\n　絶対に見たくないし。そもそも春樹くんは\n　もう女装したくないって話だし」%K%P
%LC清佳
%LC清佳
「まぁ私にモデルが務まるかはわからないけれど」%K%P
「まぁ私にモデルが務まるかはわからないけれど」%K%P
%LC春樹
%LC春樹
「そ、そんなことないよ！\n　清佳さん、すごく綺麗だもん……！！」%K%P
「そ、そんなことないよ！\n　清佳さん、すごく綺麗だもん……！！」%K%P
%LC清佳
%LC清佳
「あら。お世辞が上手いわね」%K%P
「あら。お世辞が上手いわね」%K%P
%LC春樹
%LC春樹
「本当のことだよ。\n　そこらのモデルよりよっぽど綺麗で可愛いと思う」%K%P
「本当のことだよ。\n　そこらのモデルよりよっぽど綺麗で可愛いと思う」%K%P
%LC清佳
%LC清佳
「バカ……。真顔で何言ってるの。\n　流石に照れちゃうじゃない……」%K%P
「バカ……。真顔で何言ってるの。\n　流石に照れちゃうじゃない……」%K%P
%LC春樹
%LC春樹
「本心だってば」%K%P
「本心だってば」%K%P
%LC清佳
%LC清佳
「春樹くん……」%K%P
「春樹くん……」%K%P
どちらともなく顔を近づけてしまう。%K%P
どちらともなく顔を近づけてしまう。%K%P
やっぱり何度見ても綺麗だ。すごく可愛い。%K%P
やっぱり何度見ても綺麗だ。すごく可愛い。%K%P
もっと、近くで見たい――%K%P
もっと、近くで見たい――%K%P
%LC千鶴
%LC千鶴
「お。するか？　チューするか……！？」%K%P
「お。するか？　チューするか……！？」%K%P
%LC春樹・清佳
%LC春樹・清佳
「っっ！？」%K%P
「っっ！？」%K%P
%LC千鶴
%LC千鶴
「あれま。そのまま続けてくれて良かったのに」%K%P
「あれま。そのまま続けてくれて良かったのに」%K%P
%LC春樹
%LC春樹
「〜〜っっ！　続けないよ……！！\n　というか何もしようとしてないってば……！」%K%P
「〜〜っっ！　続けないよ……！！\n　というか何もしようとしてないってば……！」%K%P
%LC清佳
%LC清佳
「ご、ごめんなさい、千鶴さん……！\n　つい嬉しいことを言われたものだから……！」%K%P
「ご、ごめんなさい、千鶴さん……！\n　つい嬉しいことを言われたものだから……！」%K%P
%LC千鶴
%LC千鶴
「いやいや悪くないよ、そのイチャラブっぷり！\n　ウェディングのＰＲにもってこいじゃん！」%K%P
「いやいや悪くないよ、そのイチャラブっぷり！\n　ウェディングのＰＲにもってこいじゃん！」%K%P
%LC千鶴
%LC千鶴
「ぶっちゃけ……うん。自分の作った衣装を\n　コンテストに出すってのは苦手なんだけどさ。\n　春樹と清佳ちゃんに着てもらえるならいいかな」%K%P
「ぶっちゃけ……うん。自分の作った衣装を\n　コンテストに出すってのは苦手なんだけどさ。\n　春樹と清佳ちゃんに着てもらえるならいいかな」%K%P
%LC千鶴
%LC千鶴
「んじゃ、とりあえず先方に聞いてみるよ。\n　清佳ちゃんの美貌なら、まずＯＫだと思うけど！」%K%P
「んじゃ、とりあえず先方に聞いてみるよ。\n　清佳ちゃんの美貌なら、まずＯＫだと思うけど！」%K%P
%LC春樹
%LC春樹
「あ……」%K%P
「あ……」%K%P
もしかしてお姉ちゃん、\n本当は僕に断らせようとしてたんじゃ……？%K%P
もしかしてお姉ちゃん、\n本当は僕に断らせようとしてたんじゃ……？%K%P
小さい頃色々あったし……。\nその可能性は大いにある。%K%P
小さい頃色々あったし……。\nその可能性は大いにある。%K%P
だとすれば、これは良い機会かもしれない。%K%P
だとすれば、これは良い機会かもしれない。%K%P
お姉ちゃんの服の良さを、\nもっと多くの人に知ってもらえるチャンスだ。%K%P
お姉ちゃんの服の良さを、\nもっと多くの人に知ってもらえるチャンスだ。%K%P
それに――%K%P
それに――%K%P
%LC清佳
%LC清佳
「出るからには優勝するわよ、春樹くん。\n　私たちのラブラブっぷりを見せつけてあげるの！」%K%P
「出るからには優勝するわよ、春樹くん。\n　私たちのラブラブっぷりを見せつけてあげるの！」%K%P
%LC春樹
%LC春樹
「ラブラブっぷりって……。\n　テーマパークウェディングのＰＲだからね……？」%K%P
「ラブラブっぷりって……。\n　テーマパークウェディングのＰＲだからね……？」%K%P
それに清佳ちゃんのウェディングドレス姿が\n見られるなんて、ものすごく楽しみだし。%K%P
それに清佳ちゃんのウェディングドレス姿が\n見られるなんて、ものすごく楽しみだし。%K%P
