………………%K%P
………………%K%P
…………%K%P
…………%K%P
……%K%P
……%K%P
%LC清佳
%LC清佳
「……ま、まさか悪戯心で付けた\n　キスマークとサインで秘密を知ることになるなんて……」%K%P
「……ま、まさか悪戯心で付けた\n　キスマークとサインで秘密を知ることになるなんて……」%K%P
%LC春樹
%LC春樹
「本当にごめんなさい……！！\n　ずっと騙し続けてきて……！！」%K%P
「本当にごめんなさい……！！\n　ずっと騙し続けてきて……！！」%K%P
%LC清佳
%LC清佳
「だ、だから、もういいわよ……。\n　土下座なんてやめて。事情はわかったから……」%K%P
「だ、だから、もういいわよ……。\n　土下座なんてやめて。事情はわかったから……」%K%P
「謝らなくてもいい」と言ってくれるものの、\n彼女はいつもよりも数歩遠くから僕を眺めている。%K%P
「謝らなくてもいい」と言ってくれるものの、\n彼女はいつもよりも数歩遠くから僕を眺めている。%K%P
この距離が彼女がいま感じている心の距離なんだろう。%K%P
この距離が彼女がいま感じている心の距離なんだろう。%K%P
%LC清佳
%LC清佳
「私のためにずっと女装し続けてくれたんでしょ？\n　私があなたをずっと蛍だと思い込んでたから……」%K%P
「私のためにずっと女装し続けてくれたんでしょ？\n　私があなたをずっと蛍だと思い込んでたから……」%K%P
%LC清佳
%LC清佳
「あなたがどうして私の前からいなくなろうと\n　したのかもわかったし……。色々と納得はいったし……」%K%P
「あなたがどうして私の前からいなくなろうと\n　したのかもわかったし……。色々と納得はいったし……」%K%P
%LC清佳
%LC清佳
「……まさか出会った頃から女装してたとは\n　思ってもみなかったけど……」%K%P
「……まさか出会った頃から女装してたとは\n　思ってもみなかったけど……」%K%P
%LC春樹
%LC春樹
「っっ。ごめんなさいっ……！！」%K%P
「っっ。ごめんなさいっ……！！」%K%P
グリグリと額を地面に擦りつける。\n謝っても謝りきれない……！%K%P
グリグリと額を地面に擦りつける。\n謝っても謝りきれない……！%K%P
%LC清佳
%LC清佳
「あ、謝らないでってば……！！\n　謝られるとなお恥ずかしくなるでしょうに……！！」%K%P
「あ、謝らないでってば……！！\n　謝られるとなお恥ずかしくなるでしょうに……！！」%K%P
%LC清佳
%LC清佳
「くぅぅっ……！　どうして気づかなかったのかしら。\n　思い返せば不自然な点はたくさんあったのに……！」%K%P
「くぅぅっ……！　どうして気づかなかったのかしら。\n　思い返せば不自然な点はたくさんあったのに……！」%K%P
%LC清佳
%LC清佳
「と、というか滑稽すぎるでしょ、私……！\n　同一人物に恋愛相談してたなんて……！」%K%P
「と、というか滑稽すぎるでしょ、私……！\n　同一人物に恋愛相談してたなんて……！」%K%P
%LC清佳
%LC清佳
「あまつさえ一緒にお風呂に入ったり、\n　エ、エッチもしたりして――〜〜っっ！！」%K%P
「あまつさえ一緒にお風呂に入ったり、\n　エ、エッチもしたりして――〜〜っっ！！」%K%P
%LC春樹
%LC春樹
「本当にごめんっ！！」%K%P
「本当にごめんっ！！」%K%P
%LC清佳
%LC清佳
「だから謝らないでってば……！！\n　別に、その。怒ってないわよ……」%K%P
「だから謝らないでってば……！！\n　別に、その。怒ってないわよ……」%K%P
%LC清佳
%LC清佳
「そりゃ戸惑ってはいるけど……。\n　穴があったら入りたい気持ちでいっぱいだけど……」%K%P
「そりゃ戸惑ってはいるけど……。\n　穴があったら入りたい気持ちでいっぱいだけど……」%K%P
%LC清佳
%LC清佳
「でも……不思議と安心してる自分もいるの。\n　あなたと蛍が同じ人だったってわかって」%K%P
「でも……不思議と安心してる自分もいるの。\n　あなたと蛍が同じ人だったってわかって」%K%P
ぎこちなくも、優しい声色で清佳ちゃんが呟いてくれる。\nそして彼女は僕に向き直ってくれた。%K%P
ぎこちなくも、優しい声色で清佳ちゃんが呟いてくれる。\nそして彼女は僕に向き直ってくれた。%K%P
%LC清佳
%LC清佳
「でもバカよ。私が蛍を好きだからって、\n　自分は消えちゃおうとするなんて」%K%P
「でもバカよ。私が蛍を好きだからって、\n　自分は消えちゃおうとするなんて」%K%P
%LC清佳
%LC清佳
「一番許せないのはそこだわ。\n　何よりも、はらわたが煮えくりかえってる」%K%P
「一番許せないのはそこだわ。\n　何よりも、はらわたが煮えくりかえってる」%K%P
%LC清佳
%LC清佳
「あなたに『もう会えない』って言われて、\n　私がどれだけ…………」%K%P
「あなたに『もう会えない』って言われて、\n　私がどれだけ…………」%K%P
%LC春樹
%LC春樹
「……ごめん……」%K%P
「……ごめん……」%K%P
掴みかかられていた襟元の感触を思い出す。\n目を腫らして泣きじゃくる彼女の顔を思い出す。%K%P
掴みかかられていた襟元の感触を思い出す。\n目を腫らして泣きじゃくる彼女の顔を思い出す。%K%P
%LC清佳
%LC清佳
「それだけは、これからもずっと謝り続けて。\n　どれだけ謝っても絶対に許してあげないから」%K%P
「それだけは、これからもずっと謝り続けて。\n　どれだけ謝っても絶対に許してあげないから」%K%P
%LC清佳
%LC清佳
「たとえ嘘でも……いなくなるなんて言わないで」%K%P
「たとえ嘘でも……いなくなるなんて言わないで」%K%P
%LC春樹
%LC春樹
「……うん……」%K%P
「……うん……」%K%P
彼女の心を深く傷つけてしまった申し訳なさと、\n秘密を知ってもなおそう告げてくれる事に心苦しくなる。%K%P
彼女の心を深く傷つけてしまった申し訳なさと、\n秘密を知ってもなおそう告げてくれる事に心苦しくなる。%K%P
%LC清佳
%LC清佳
「ならこの話はもう終わり。\n　早くお屋敷に帰りましょ」%K%P
「ならこの話はもう終わり。\n　早くお屋敷に帰りましょ」%K%P
%LC春樹
%LC春樹
「え……？　で、でも……」%K%P
「え……？　で、でも……」%K%P
%LC清佳
%LC清佳
「何よ。まだ何か隠し事があるの？」%K%P
「何よ。まだ何か隠し事があるの？」%K%P
%LC春樹
%LC春樹
「そ、そうじゃないけど」%K%P
「そ、そうじゃないけど」%K%P
%LC春樹
%LC春樹
「本当に……怒ってないの？\n　僕は今までずっと清佳さんを騙してたのに……」%K%P
「本当に……怒ってないの？\n　僕は今までずっと清佳さんを騙してたのに……」%K%P
%LC春樹
%LC春樹
「いもしない蛍を演じて……。\n　ずっと清佳さんを欺いてきたのに……」%K%P
「いもしない蛍を演じて……。\n　ずっと清佳さんを欺いてきたのに……」%K%P
恐る恐る尋ねる。%K%P
恐る恐る尋ねる。%K%P
すると清佳ちゃんは――%K%P
すると清佳ちゃんは――%K%P
%LC清佳
%LC清佳
「蛍なら、ちゃんといるわよ」%K%P
「蛍なら、ちゃんといるわよ」%K%P
%LC春樹
%LC春樹
「え……？」%K%P
「え……？」%K%P
%LC清佳
%LC清佳
「いるわ。あなたの中にも、私の中にも……ね？」%K%P
「いるわ。あなたの中にも、私の中にも……ね？」%K%P
%LC清佳
%LC清佳
「たとえ蛍があなたの女装した姿だと知ったからって、\n　私は蛍がいなくなるとは思ってないわ」%K%P
「たとえ蛍があなたの女装した姿だと知ったからって、\n　私は蛍がいなくなるとは思ってないわ」%K%P
%LC清佳
%LC清佳
「蛍と過ごした日々は、思い出は、嘘じゃないもの」%K%P
「蛍と過ごした日々は、思い出は、嘘じゃないもの」%K%P
%LC清佳
%LC清佳
「それともあなたは、蛍として私と過ごした時間も\n　全部嘘だったと言うの？」%K%P
「それともあなたは、蛍として私と過ごした時間も\n　全部嘘だったと言うの？」%K%P
%LC春樹
%LC春樹
「そんなこと……」%K%P
「そんなこと……」%K%P
決してない。%K%P
決してない。%K%P
蛍として清佳ちゃんと過ごした時間は、\n僕にとってもかけがえのない大切な思い出だ。%K%P
蛍として清佳ちゃんと過ごした時間は、\n僕にとってもかけがえのない大切な思い出だ。%K%P
%LC清佳
%LC清佳
「そうよね。あなたも私と\n　同じように思ってくれてるんでしょ？」%K%P
「そうよね。あなたも私と\n　同じように思ってくれてるんでしょ？」%K%P
%LC清佳
%LC清佳
「蛍としての思い出を大切にしてくれてるからこそ、\n　自分の存在を犠牲にしてまで蛍であろうとしてくれた」%K%P
「蛍としての思い出を大切にしてくれてるからこそ、\n　自分の存在を犠牲にしてまで蛍であろうとしてくれた」%K%P
%LC清佳
%LC清佳
「私のために、嘘を本当にしようとしてくれた」%K%P
「私のために、嘘を本当にしようとしてくれた」%K%P
%LC春樹
%LC春樹
「買いかぶりすぎだよ。\n　俺はきっと逃げていただけだから……」%K%P
「買いかぶりすぎだよ。\n　俺はきっと逃げていただけだから……」%K%P
僕はただ秘密を明かすのが怖かった。%K%P
僕はただ秘密を明かすのが怖かった。%K%P
全てを明かして、清佳ちゃんとの\n関係が壊れるのが嫌だった。%K%P
全てを明かして、清佳ちゃんとの\n関係が壊れるのが嫌だった。%K%P
こうして秘密を受け止めてくれる可能性を考えながらも\n勇気を出せずに安パイを取ったに過ぎない。%K%P
こうして秘密を受け止めてくれる可能性を考えながらも\n勇気を出せずに安パイを取ったに過ぎない。%K%P
%LC清佳
%LC清佳
「それは違うわ。……いいえ、たとえそうだとしても、\n　あなたが私を想ってくれていたことに変わりはない」%K%P
「それは違うわ。……いいえ、たとえそうだとしても、\n　あなたが私を想ってくれていたことに変わりはない」%K%P
%LC清佳
%LC清佳
「その気持ちは純粋に嬉しい。\n　きっと今までずっと悩み続けてくれていたはずだから」%K%P
「その気持ちは純粋に嬉しい。\n　きっと今までずっと悩み続けてくれていたはずだから」%K%P
清佳ちゃんの優しい言葉が胸に刺さる。%K%P
清佳ちゃんの優しい言葉が胸に刺さる。%K%P
どうしてこんなに優しいんだろう。\nもっと怒り狂ってくれてもいいのに。%K%P
どうしてこんなに優しいんだろう。\nもっと怒り狂ってくれてもいいのに。%K%P
%LC清佳
%LC清佳
「……訝しげな顔しちゃって。\n　ならハッキリと言わせてもらうわ」%K%P
「……訝しげな顔しちゃって。\n　ならハッキリと言わせてもらうわ」%K%P
%LC清佳
%LC清佳
「正直ショックは受けてる。\n　春樹くんと出会わずに蛍が男だと知ったら、\n　何もかも信用できなくなるところだった」%K%P
「正直ショックは受けてる。\n　春樹くんと出会わずに蛍が男だと知ったら、\n　何もかも信用できなくなるところだった」%K%P
%LC清佳
%LC清佳
「女の子だと思っていた子が男の子だったんだもの。\n　これ以上の衝撃はないわ。可愛さ余って憎さ百倍よ」%K%P
「女の子だと思っていた子が男の子だったんだもの。\n　これ以上の衝撃はないわ。可愛さ余って憎さ百倍よ」%K%P
%LC春樹
%LC春樹
「そ、そうだよね。それが普通だよね」%K%P
「そ、そうだよね。それが普通だよね」%K%P
%LC清佳
%LC清佳
「でも……さっきも言ったように私は安心してるの。\n　あなたが蛍で良かったって思ってる」%K%P
「でも……さっきも言ったように私は安心してるの。\n　あなたが蛍で良かったって思ってる」%K%P
%LC清佳
%LC清佳
「私はあなたのことも知ったから。\n　あなたを素敵な人だと思っているから」%K%P
「私はあなたのことも知ったから。\n　あなたを素敵な人だと思っているから」%K%P
%LC清佳
%LC清佳
「騙していたことも、私を想ってのことなんだって。\n　そう信じて疑わないくらいには、好きになっているから」%K%P
「騙していたことも、私を想ってのことなんだって。\n　そう信じて疑わないくらいには、好きになっているから」%K%P
%LC春樹
%LC春樹
「清佳さん……」%K%P
「清佳さん……」%K%P
%LC清佳
%LC清佳
「ま、それを差し引いても\n　私のトラウマを抉ってくれたことは許せないけれどね」%K%P
「ま、それを差し引いても\n　私のトラウマを抉ってくれたことは許せないけれどね」%K%P
%LC春樹
%LC春樹
「う。ほ、本当にごめんなさい……！」%K%P
「う。ほ、本当にごめんなさい……！」%K%P
%LC清佳
%LC清佳
「ふふ。何度謝られても許さない」%K%P
「ふふ。何度謝られても許さない」%K%P
不意に清佳ちゃんが一歩近づいてくる。\n真正面に立って、土下座する僕を立ち上がらせてくる。%K%P
不意に清佳ちゃんが一歩近づいてくる。\n真正面に立って、土下座する僕を立ち上がらせてくる。%K%P
%LC清佳
%LC清佳
「ね。やっぱり、もう少しだけお散歩しましょ？\n　このままちょっと付き合って」%K%P
「ね。やっぱり、もう少しだけお散歩しましょ？\n　このままちょっと付き合って」%K%P
%LC春樹
%LC春樹
「どこへ行くの？」%K%P
「どこへ行くの？」%K%P
%LC清佳
%LC清佳
「いいから。ついてきて」%K%P
「いいから。ついてきて」%K%P
清佳ちゃんが迷いなく歩いて行く。%K%P
清佳ちゃんが迷いなく歩いて行く。%K%P
僕は彼女との距離を保ちながら、\nその背中についていった。%K%P
僕は彼女との距離を保ちながら、\nその背中についていった。%K%P
%LC春樹
%LC春樹
「ここは……」%K%P
「ここは……」%K%P
辿り着いたのは、夏祭りの日に\n清佳ちゃんが案内してくれたとっておきの場所だった。%K%P
辿り着いたのは、夏祭りの日に\n清佳ちゃんが案内してくれたとっておきの場所だった。%K%P
そこかしこに飛び回るホタルが\nあの日のように幻想的な光景を作りだしている。%K%P
そこかしこに飛び回るホタルが\nあの日のように幻想的な光景を作りだしている。%K%P
%LC清佳
%LC清佳
「あの日……あなたは私にキスをしたわよね？\n　蛍の姿で、初めてあなたの方から唇を重ねてきた」%K%P
「あの日……あなたは私にキスをしたわよね？\n　蛍の姿で、初めてあなたの方から唇を重ねてきた」%K%P
%LC春樹
%LC春樹
「……うん……」%K%P
「……うん……」%K%P
%LC清佳
%LC清佳
「あなたは私を好きだったのよね？\n　きっと春樹くんとして私と付き合おうとしてた。違う？」%K%P
「あなたは私を好きだったのよね？\n　きっと春樹くんとして私と付き合おうとしてた。違う？」%K%P
%LC春樹
%LC春樹
「最初は、うん。そうだね……」%K%P
「最初は、うん。そうだね……」%K%P
%LC清佳
%LC清佳
「じゃあどうしてあんなことをしたの？\n　私にあなたを好きになって欲しかったのなら、\n　あんなことするべきじゃなかったはずよね？」%K%P
「じゃあどうしてあんなことをしたの？\n　私にあなたを好きになって欲しかったのなら、\n　あんなことするべきじゃなかったはずよね？」%K%P
%LC春樹
%LC春樹
「それは……」%K%P
「それは……」%K%P
また言い淀んでしまう。%K%P
また言い淀んでしまう。%K%P
清佳ちゃんの言葉はもっともだ。\n事実あの日から蛍と清佳ちゃんは急接近した。%K%P
清佳ちゃんの言葉はもっともだ。\n事実あの日から蛍と清佳ちゃんは急接近した。%K%P
%LC清佳
%LC清佳
「キスだけじゃなくて、\n　私の告白にも応えてくれたわよね？」%K%P
「キスだけじゃなくて、\n　私の告白にも応えてくれたわよね？」%K%P
%LC清佳
%LC清佳
「そして……一夜を共にしたりもした」%K%P
「そして……一夜を共にしたりもした」%K%P
そうだ。だからこそ僕も春樹であることを捨てて、\n蛍として生きていくことを決めた。%K%P
そうだ。だからこそ僕も春樹であることを捨てて、\n蛍として生きていくことを決めた。%K%P
春樹としての恋を諦めて、\n蛍として清佳ちゃんと恋人になろうと思った。%K%P
春樹としての恋を諦めて、\n蛍として清佳ちゃんと恋人になろうと思った。%K%P
%LC清佳
%LC清佳
「答えて。どうして、あんなことをしたの？」%K%P
「答えて。どうして、あんなことをしたの？」%K%P
%LC春樹
%LC春樹
「…………」%K%P
「…………」%K%P
%LC清佳
%LC清佳
「答えて」%K%P
「答えて」%K%P
真剣な眼差しで清佳ちゃんが見据えてくる。\n僕はあの日の気持ちを必死に思い出そうとした。%K%P
真剣な眼差しで清佳ちゃんが見据えてくる。\n僕はあの日の気持ちを必死に思い出そうとした。%K%P
でも――%K%P
でも――%K%P
%LC春樹
%LC春樹
「わからない」%K%P
「わからない」%K%P
%LC清佳
%LC清佳
「…………」%K%P
「…………」%K%P
%LC春樹
%LC春樹
「ごめん。本当にわからないんだ。\n　気がついたら唇を重ねてしまっていて」%K%P
「ごめん。本当にわからないんだ。\n　気がついたら唇を重ねてしまっていて」%K%P
%LC春樹
%LC春樹
「清佳さんに想いを告げてもらって。\n　その嘘偽りない気持ちが嬉しくて。\n　どうしようもないくらい愛おしくなって」%K%P
「清佳さんに想いを告げてもらって。\n　その嘘偽りない気持ちが嬉しくて。\n　どうしようもないくらい愛おしくなって」%K%P
%LC春樹
%LC春樹
「君を押し倒した時も……そうだった。\n　火照った顔で見上げてくる君を見たら、\n　もう何も考えられなくなっちゃって……」%K%P
「君を押し倒した時も……そうだった。\n　火照った顔で見上げてくる君を見たら、\n　もう何も考えられなくなっちゃって……」%K%P
それが正直な気持ちだった。\nあの時は何も考えられていなかった。%K%P
それが正直な気持ちだった。\nあの時は何も考えられていなかった。%K%P
ただ清佳ちゃんが愛しくて。\nその想いにただ突き動かされてしまって。%K%P
ただ清佳ちゃんが愛しくて。\nその想いにただ突き動かされてしまって。%K%P
それに、嬉しかった。%K%P
それに、嬉しかった。%K%P
春樹としてじゃないにしろ、\n清佳ちゃんと通じ合うことができて。%K%P
春樹としてじゃないにしろ、\n清佳ちゃんと通じ合うことができて。%K%P
恋人になることができて。%K%P
恋人になることができて。%K%P
だからこそ僕は春樹としての恋を諦めて、\n蛍として、清佳ちゃんの恋人として生きようと決めて――%K%P
だからこそ僕は春樹としての恋を諦めて、\n蛍として、清佳ちゃんの恋人として生きようと決めて――%K%P
%LC清佳
%LC清佳
「なら、それが答えじゃない」%K%P
「なら、それが答えじゃない」%K%P
%LC春樹
%LC春樹
「え？」%K%P
「え？」%K%P
%LC清佳
%LC清佳
「いつか言ったはずよね？　大切なのは、\n　性別でも見た目でも立場でもない。\n　その人を愛してるって気持ちだって」%K%P
「いつか言ったはずよね？　大切なのは、\n　性別でも見た目でも立場でもない。\n　その人を愛してるって気持ちだって」%K%P
%LC清佳
%LC清佳
「たとえ蛍が男性だったとしても、\n　私は蛍を愛していたって」%K%P
「たとえ蛍が男性だったとしても、\n　私は蛍を愛していたって」%K%P
%LC春樹
%LC春樹
「清佳さん……」%K%P
「清佳さん……」%K%P
%LC清佳
%LC清佳
「あなたは私の言葉を実践してくれた。\n　女装しているのも忘れてキスをしてくれた」%K%P
「あなたは私の言葉を実践してくれた。\n　女装しているのも忘れてキスをしてくれた」%K%P
%LC清佳
%LC清佳
「蛍に見せたくなかった無様な姿も見た上で、\n　あなたは私をより好きになってくれた」%K%P
「蛍に見せたくなかった無様な姿も見た上で、\n　あなたは私をより好きになってくれた」%K%P
%LC清佳
%LC清佳
「想いを止められずにキスしてしまうほど、\n　私を愛しく想ってくれた」%K%P
「想いを止められずにキスしてしまうほど、\n　私を愛しく想ってくれた」%K%P
柔和な笑みを浮かべて、\n清佳ちゃんが見つめてきてくれる。%K%P
柔和な笑みを浮かべて、\n清佳ちゃんが見つめてきてくれる。%K%P
%LC清佳
%LC清佳
「あの日、あなたと初めて出会った日だってそう……。\n　たとえ女装してなかったとしてもあなたはきっと\n　私に声をかけてくれたはずよ」%K%P
「あの日、あなたと初めて出会った日だってそう……。\n　たとえ女装してなかったとしてもあなたはきっと\n　私に声をかけてくれたはずよ」%K%P
%LC清佳
%LC清佳
「友達の一人もいなかった私と、\n　誰も信用できずに寂しがってた私と、\n　あなたはきっと友達になってくれたに違いない」%K%P
「友達の一人もいなかった私と、\n　誰も信用できずに寂しがってた私と、\n　あなたはきっと友達になってくれたに違いない」%K%P
%LC清佳
%LC清佳
「その確信が今の私にはある。\n　だから性別も、姿形も、関係ないの」%K%P
「その確信が今の私にはある。\n　だから性別も、姿形も、関係ないの」%K%P
温かい手の平が頬に触れた。\n両手で僕の顔を優しく挟んで顔を近づけてくれる。%K%P
温かい手の平が頬に触れた。\n両手で僕の顔を優しく挟んで顔を近づけてくれる。%K%P
%LC清佳
%LC清佳
「それが、理由よ。私を欺き続けたあなたに対して、\n　私が怒りを覚えていない理由」%K%P
「それが、理由よ。私を欺き続けたあなたに対して、\n　私が怒りを覚えていない理由」%K%P
%LC清佳
%LC清佳
「それでもまだ騙していたことを申し訳なく思うのなら、\n　これからは何でも正直に言いなさい」%K%P
「それでもまだ騙していたことを申し訳なく思うのなら、\n　これからは何でも正直に言いなさい」%K%P
%LC清佳
%LC清佳
「私に信じてもらおうとしなさい。\n　今まで以上に、私を想いなさい」%K%P
「私に信じてもらおうとしなさい。\n　今まで以上に、私を想いなさい」%K%P
不義理を働いた僕を、\n清佳ちゃんは許そうとしてくれている。%K%P
不義理を働いた僕を、\n清佳ちゃんは許そうとしてくれている。%K%P
……やっぱり敵わないな。\n僕はまだまだ彼女に釣り合う男じゃない。%K%P
……やっぱり敵わないな。\n僕はまだまだ彼女に釣り合う男じゃない。%K%P
でも、だからこそ――%K%P
でも、だからこそ――%K%P
%LC春樹
%LC春樹
「……聞いて欲しいことがあるんだ」%K%P
「……聞いて欲しいことがあるんだ」%K%P
%LC清佳
%LC清佳
「ええ」%K%P
「ええ」%K%P
%LC春樹
%LC春樹
「俺は、清佳さんのことが好きだ」%K%P
「俺は、清佳さんのことが好きだ」%K%P
%LC清佳
%LC清佳
「……ええ」%K%P
「……ええ」%K%P
%LC春樹
%LC春樹
「小さい頃からずっと好きだった。\n　再会してからもっと好きになった。\n　今まで知らなかった姿を見て、もっと好きになった」%K%P
「小さい頃からずっと好きだった。\n　再会してからもっと好きになった。\n　今まで知らなかった姿を見て、もっと好きになった」%K%P
%LC春樹
%LC春樹
「だから俺と恋人になって欲しい」%K%P
「だから俺と恋人になって欲しい」%K%P
今まで言えずにいた嘘偽りない気持ちを告げる。%K%P
今まで言えずにいた嘘偽りない気持ちを告げる。%K%P
散々背中を押してもらった上に、\nちっとも男らしくないけれど。%K%P
散々背中を押してもらった上に、\nちっとも男らしくないけれど。%K%P
それでも真っ直ぐ彼女の目を見て告げる。%K%P
それでも真っ直ぐ彼女の目を見て告げる。%K%P
%LC清佳
%LC清佳
「……初めてあなたの――春樹くんと蛍の\n　気持ちを聞かせてもらった気がする」%K%P
「……初めてあなたの――春樹くんと蛍の\n　気持ちを聞かせてもらった気がする」%K%P
僕もどこか霧が晴れたような気分だった。%K%P
僕もどこか霧が晴れたような気分だった。%K%P
今はただ清佳ちゃんへの愛が溢れていて。\n彼女の顔をよく見たくて。%K%P
今はただ清佳ちゃんへの愛が溢れていて。\n彼女の顔をよく見たくて。%K%P
%LC清佳
%LC清佳
「私も……好きよ。あなたのことが好き」%K%P
「私も……好きよ。あなたのことが好き」%K%P
%LC清佳
%LC清佳
「あなたが蛍で本当に良かった」%K%P
「あなたが蛍で本当に良かった」%K%P
%LC春樹
%LC春樹
「清佳さん……」%K%P
「清佳さん……」%K%P
%LC清佳
%LC清佳
「私……あなたに惹かれていく自分が怖かったの」%K%P
「私……あなたに惹かれていく自分が怖かったの」%K%P
%LC清佳
%LC清佳
「私が好きなのは蛍だったから。\n　あなたに惹かれる自分が許せなかったのよ」%K%P
「私が好きなのは蛍だったから。\n　あなたに惹かれる自分が許せなかったのよ」%K%P
%LC清佳
%LC清佳
「キスマークを付けたり、Ｉ　ＬＯＶＥ　蛍って\n　わざわざ書いたりしたのも、私が好きなのは蛍だって\n　自分に言い聞かせるためだったりもしたし……」%K%P
「キスマークを付けたり、Ｉ　ＬＯＶＥ　蛍って\n　わざわざ書いたりしたのも、私が好きなのは蛍だって\n　自分に言い聞かせるためだったりもしたし……」%K%P
%LC清佳
%LC清佳
「なのにさっき、気持ちを抑えきれずに\n　告白までしようとしちゃって……。\n　私ってこんなに浮気者なのかって思ったりもして」%K%P
「なのにさっき、気持ちを抑えきれずに\n　告白までしようとしちゃって……。\n　私ってこんなに浮気者なのかって思ったりもして」%K%P
でも。と、清佳ちゃんは続ける。%K%P
でも。と、清佳ちゃんは続ける。%K%P
%LC清佳
%LC清佳
「今なら誇れるわ。私の愛は本物だったんだって」%K%P
「今なら誇れるわ。私の愛は本物だったんだって」%K%P
%LC春樹
%LC春樹
「本物……」%K%P
「本物……」%K%P
%LC清佳
%LC清佳
「だってそうじゃない。私は蛍にも、春樹くんにも、\n　似たものを感じて惹かれてた」%K%P
「だってそうじゃない。私は蛍にも、春樹くんにも、\n　似たものを感じて惹かれてた」%K%P
%LC清佳
%LC清佳
「つまり私はあなたの外見でも、性別でもなく、\n　心に惹かれていたということだもの」%K%P
「つまり私はあなたの外見でも、性別でもなく、\n　心に惹かれていたということだもの」%K%P
%LC清佳
%LC清佳
「だから、本当に良かった」%K%P
「だから、本当に良かった」%K%P
清佳ちゃんがにっこりと笑って、\n僕の顔を愛しげに見つめてきてくれる。%K%P
清佳ちゃんがにっこりと笑って、\n僕の顔を愛しげに見つめてきてくれる。%K%P
蛍に向ける時と同じ顔で、\n僕に微笑みかけてくれる。%K%P
蛍に向ける時と同じ顔で、\n僕に微笑みかけてくれる。%K%P
%LC清佳
%LC清佳
「……あなたの気持ちも、もっと教えて欲しい。\n　ずっと隠してきた私への気持ちを……」%K%P
「……あなたの気持ちも、もっと教えて欲しい。\n　ずっと隠してきた私への気持ちを……」%K%P
%LC清佳
%LC清佳
「私を想って……ずっと表に出さなかったんでしょ？\n　でも、もう我慢しなくていいから」%K%P
「私を想って……ずっと表に出さなかったんでしょ？\n　でも、もう我慢しなくていいから」%K%P
%LC春樹
%LC春樹
「俺も……伝えたい。\n　たくさん伝えたいことがあるんだ」%K%P
「俺も……伝えたい。\n　たくさん伝えたいことがあるんだ」%K%P
おもむろに清佳ちゃんが目を閉じる。\nそんな彼女へ僕はゆっくりと顔を近づけた。%K%P
おもむろに清佳ちゃんが目を閉じる。\nそんな彼女へ僕はゆっくりと顔を近づけた。%K%P
%LC清佳
%LC清佳
「ん……ふ……」%K%P
「ん……ふ……」%K%P
%LC清佳
%LC清佳
「……ふふ。なんだか変な気持ち……。\n　蛍とはもう何度もキスしてるのに……」%K%P
「……ふふ。なんだか変な気持ち……。\n　蛍とはもう何度もキスしてるのに……」%K%P
%LC春樹
%LC春樹
「そうだね……。不思議な気分……。\n　蛍としてキスするより緊張しちゃうかも……」%K%P
「そうだね……。不思議な気分……。\n　蛍としてキスするより緊張しちゃうかも……」%K%P
%LC清佳
%LC清佳
「顔赤くしちゃって可愛い。\n　そういうところは蛍と同じなのね？」%K%P
「顔赤くしちゃって可愛い。\n　そういうところは蛍と同じなのね？」%K%P
%LC清佳
%LC清佳
「私とキスできて、そんなに嬉しいんだ？」%K%P
「私とキスできて、そんなに嬉しいんだ？」%K%P
%LC春樹
%LC春樹
「あ、当たり前だよ。好きな人とのキス……だし\n　いっときは、その。恋を諦めていたし……」%K%P
「あ、当たり前だよ。好きな人とのキス……だし\n　いっときは、その。恋を諦めていたし……」%K%P
%LC清佳
%LC清佳
「ふふ、おかしい。今のあなた、\n　蛍の時よりよっぽど女の子らしいわよ？」%K%P
「ふふ、おかしい。今のあなた、\n　蛍の時よりよっぽど女の子らしいわよ？」%K%P
%LC春樹
%LC春樹
「〜〜っっ。やめてよ。\n　俺はむしろ男らしいと思って欲しいくらいで」%K%P
「〜〜っっ。やめてよ。\n　俺はむしろ男らしいと思って欲しいくらいで」%K%P
%LC清佳
%LC清佳
「……はぁ？　あなたから男らしさなんて、\n　ほとんど感じたことがなかったけど」%K%P
「……はぁ？　あなたから男らしさなんて、\n　ほとんど感じたことがなかったけど」%K%P
%LC清佳
%LC清佳
「あ……もしかして『俺』って言ってるのもそれで？\n　さっき一度だけ『僕』って言ってたわよね？\n　『清佳ちゃん』とも呼んできてたし」%K%P
「あ……もしかして『俺』って言ってるのもそれで？\n　さっき一度だけ『僕』って言ってたわよね？\n　『清佳ちゃん』とも呼んできてたし」%K%P
%LC春樹
%LC春樹
「うぐっ……！　覚えてなくていいから……！\n　お、俺はこれからもっと男らしくなるし……！」%K%P
「うぐっ……！　覚えてなくていいから……！\n　お、俺はこれからもっと男らしくなるし……！」%K%P
%LC清佳
%LC清佳
「別に無理しなくてもいいけど……。\n　今のままでも……うん。十分魅力的よ？」%K%P
「別に無理しなくてもいいけど……。\n　今のままでも……うん。十分魅力的よ？」%K%P
%LC春樹
%LC春樹
「っっ。魅力的って……」%K%P
「っっ。魅力的って……」%K%P
不意打ち気味に褒められて身体が熱くなってしまう。\n気恥ずかしさと嬉しさが津波のように襲ってきて――%K%P
不意打ち気味に褒められて身体が熱くなってしまう。\n気恥ずかしさと嬉しさが津波のように襲ってきて――%K%P
%LC清佳
%LC清佳
「ふふ。やっぱり女の子っぽい。\n　なんだか……苛めたくなっちゃう」%K%P
「ふふ。やっぱり女の子っぽい。\n　なんだか……苛めたくなっちゃう」%K%P
%LC春樹
%LC春樹
「苛めたくって――ん、んんっ！？」%K%P
「苛めたくって――ん、んんっ！？」%K%P
%LC清佳
%LC清佳
「んふ……ん、ちゅ……んふ……」%K%P
「んふ……ん、ちゅ……んふ……」%K%P
僕の顔に手を当てて、\n清佳ちゃんが唇を奪ってくる。%K%P
僕の顔に手を当てて、\n清佳ちゃんが唇を奪ってくる。%K%P
ふぁ……！　何もわからなくなっちゃ……。%K%P
ふぁ……！　何もわからなくなっちゃ……。%K%P
%LC清佳
%LC清佳
「……んふ。身体強ばらせちゃって可愛い……。\n　蛍の時じゃ見られない姿かも……」%K%P
「……んふ。身体強ばらせちゃって可愛い……。\n　蛍の時じゃ見られない姿かも……」%K%P
%LC春樹
%LC春樹
「だ、だから可愛いとか言わないで。\n　どうして男の姿の時にわざわざ言うのさ……！」%K%P
「だ、だから可愛いとか言わないで。\n　どうして男の姿の時にわざわざ言うのさ……！」%K%P
%LC清佳
%LC清佳
「そういう反応を春樹くんがするからでしょ？\n　蛍の時は、もっと余裕ありげにキスしてくるのに」%K%P
「そういう反応を春樹くんがするからでしょ？\n　蛍の時は、もっと余裕ありげにキスしてくるのに」%K%P
%LC春樹
%LC春樹
「そ、それは……」%K%P
「そ、それは……」%K%P
蛍として接することで、むしろ平静でいられるというか。\n性別バレしないように気を付けてもいたし……。%K%P
蛍として接することで、むしろ平静でいられるというか。\n性別バレしないように気を付けてもいたし……。%K%P
何よりずっと春樹として清佳ちゃんと結ばれたいと\n思っていたからこそ、頭が真っ白になるくらい嬉しくて。%K%P
何よりずっと春樹として清佳ちゃんと結ばれたいと\n思っていたからこそ、頭が真っ白になるくらい嬉しくて。%K%P
%LC清佳
%LC清佳
「きっと私が蛍と一緒にいる時と同じ気持ちなのね。\n　嬉しくて、幸せで、でもすごく照れちゃって……」%K%P
「きっと私が蛍と一緒にいる時と同じ気持ちなのね。\n　嬉しくて、幸せで、でもすごく照れちゃって……」%K%P
%LC清佳
%LC清佳
「そう思うと……ふふ。なんだか愛おしいわ……。\n　いっそう可愛く思えちゃう……」%K%P
「そう思うと……ふふ。なんだか愛おしいわ……。\n　いっそう可愛く思えちゃう……」%K%P
%LC清佳
%LC清佳
「こんな子におちんちんが付いてるとは思えないくらい……」%K%P
「こんな子におちんちんが付いてるとは思えないくらい……」%K%P
%LC春樹
%LC春樹
「ひゃっ！？　いきなりどこ触って……！」%K%P
「ひゃっ！？　いきなりどこ触って……！」%K%P
清佳ちゃんがズボンの上から\n僕のおちんちんを撫でてくる。%K%P
清佳ちゃんがズボンの上から\n僕のおちんちんを撫でてくる。%K%P
%LC清佳
%LC清佳
「……やっぱり付いてるのね。\n　しかもちょっと撫でただけでこんなに膨らんで……」%K%P
「……やっぱり付いてるのね。\n　しかもちょっと撫でただけでこんなに膨らんで……」%K%P
%LC春樹
%LC春樹
「や、やめ。ん、く、くすぐったいってば……！」%K%P
「や、やめ。ん、く、くすぐったいってば……！」%K%P
%LC清佳
%LC清佳
「あ、コラ。逃げないの。\n　この間は散々私を可愛がってくれたじゃない」%K%P
「あ、コラ。逃げないの。\n　この間は散々私を可愛がってくれたじゃない」%K%P
%LC春樹
%LC春樹
「そ、それは……！」%K%P
「そ、それは……！」%K%P
%LC清佳
%LC清佳
「あの時……すっごく恥ずかしかったんだから。\n　死にそうなくらい恥ずかしくて。でもとても幸せで」%K%P
「あの時……すっごく恥ずかしかったんだから。\n　死にそうなくらい恥ずかしくて。でもとても幸せで」%K%P
%LC清佳
%LC清佳
「その気持ちを……ふふ。\n　今度はあなたに味わわせてあげる」%K%P
「その気持ちを……ふふ。\n　今度はあなたに味わわせてあげる」%K%P
%LC春樹
%LC春樹
「味わわせてあげるって――ひゃっ！？」%K%P
「味わわせてあげるって――ひゃっ！？」%K%P
清佳ちゃんが僕を草むらの上に寝かせてくる。%K%P
清佳ちゃんが僕を草むらの上に寝かせてくる。%K%P
そして、そのまま僕のズボンを下ろしてきて――%K%P
そして、そのまま僕のズボンを下ろしてきて――%K%P
