%LC春樹
%LC春樹
「ちょっ、んっ……！\n　こ、こんな場所で何してるのっ……！」%K%P
「ちょっ、んっ……！\n　こ、こんな場所で何してるのっ……！」%K%P
%LC清佳
%LC清佳
「うるさいわね。いいからじっとしてなさいってば」%K%P
「うるさいわね。いいからじっとしてなさいってば」%K%P
%LC春樹
%LC春樹
「ひぃあ……！　い、息が、んふ……！」%K%P
「ひぃあ……！　い、息が、んふ……！」%K%P
血管が破裂しちゃいそうなほど恥ずかしい。\nき、清佳ちゃんが僕のに顔をこんなに近づけて……！%K%P
血管が破裂しちゃいそうなほど恥ずかしい。\nき、清佳ちゃんが僕のに顔をこんなに近づけて……！%K%P
%LC清佳
%LC清佳
「男の人のって……こんな風になってるのね？\n　初めて見た……。思ってたよりグロくないのね……」%K%P
「男の人のって……こんな風になってるのね？\n　初めて見た……。思ってたよりグロくないのね……」%K%P
%LC清佳
%LC清佳
「むしろ……ふふ。可愛いかも……。\n　ツンツン……ツンツン……」%K%P
「むしろ……ふふ。可愛いかも……。\n　ツンツン……ツンツン……」%K%P
%LC春樹
%LC春樹
「あっ……んっ……！　や、やめてってば……！\n　こそばゆい、んふ、ん……！」%K%P
「あっ……んっ……！　や、やめてってば……！\n　こそばゆい、んふ、ん……！」%K%P
%LC清佳
%LC清佳
「私には感じているように見えるけれど。\n　ふふふ。とっても敏感なのね？」%K%P
「私には感じているように見えるけれど。\n　ふふふ。とっても敏感なのね？」%K%P
%LC春樹
%LC春樹
「〜〜っっ。だって清佳さんに触られてるし……！\n　いつも以上に、その……」%K%P
「〜〜っっ。だって清佳さんに触られてるし……！\n　いつも以上に、その……」%K%P
%LC清佳
%LC清佳
「その気持ち……ふふ。わかるわ。\n　蛍に襲われた時の私と一緒」%K%P
「その気持ち……ふふ。わかるわ。\n　蛍に襲われた時の私と一緒」%K%P
%LC清佳
%LC清佳
「だからこそ嬉しい……。それだけあなたは\n　私を想ってくれてるんだって、はっきりわかるもの」%K%P
「だからこそ嬉しい……。それだけあなたは\n　私を想ってくれてるんだって、はっきりわかるもの」%K%P
%LC春樹
%LC春樹
「あふ……んんっ……」%K%P
「あふ……んんっ……」%K%P
言いながら清佳ちゃんがゆっくりと\n僕のおちんちんを扱いてくれる。%K%P
言いながら清佳ちゃんがゆっくりと\n僕のおちんちんを扱いてくれる。%K%P
決して強く握られているわけじゃないのに、\nものすごく気持ちいい……。%K%P
決して強く握られているわけじゃないのに、\nものすごく気持ちいい……。%K%P
清佳ちゃんのスベスベなお手々が、ん……！\n竿をスリスリと優しく撫でてくれて……。%K%P
清佳ちゃんのスベスベなお手々が、ん……！\n竿をスリスリと優しく撫でてくれて……。%K%P
%LC清佳
%LC清佳
「好きな人が感じてくれてると思うと、\n　もっと気持ち良くしてあげたくなっちゃう……」%K%P
「好きな人が感じてくれてると思うと、\n　もっと気持ち良くしてあげたくなっちゃう……」%K%P
%LC清佳
%LC清佳
「あなたの声聞いてるだけで……はぁはぁ。\n　私まで興奮してきちゃうくらい……」%K%P
「あなたの声聞いてるだけで……はぁはぁ。\n　私まで興奮してきちゃうくらい……」%K%P
%LC清佳
%LC清佳
「あなたも……こんな気分だったの？\n　だからあんなにも積極的に触ってくれて……」%K%P
「あなたも……こんな気分だったの？\n　だからあんなにも積極的に触ってくれて……」%K%P
%LC春樹
%LC春樹
「そ、それは……！　あっ、んんっ……」%K%P
「そ、それは……！　あっ、んんっ……」%K%P
確かにそうだった。清佳ちゃんが感じてくれるのが\n嬉しくて。好きな人の身体に触れてることに興奮して。%K%P
確かにそうだった。清佳ちゃんが感じてくれるのが\n嬉しくて。好きな人の身体に触れてることに興奮して。%K%P
だからきっと清佳ちゃんも――%K%P
だからきっと清佳ちゃんも――%K%P
%LC清佳
%LC清佳
「ぺろ……」%K%P
「ぺろ……」%K%P
%LC春樹
%LC春樹
「はひぃんっ……！」%K%P
「はひぃんっ……！」%K%P
%LC清佳
%LC清佳
「わ……！　ブルンブルン揺れて……！\n　すごい……。こんなにビクビクするのね？」%K%P
「わ……！　ブルンブルン揺れて……！\n　すごい……。こんなにビクビクするのね？」%K%P
%LC春樹
%LC春樹
「な、何してるの……！　そんな場所、あふ、\n　舐めるなんて……！」%K%P
「な、何してるの……！　そんな場所、あふ、\n　舐めるなんて……！」%K%P
%LC清佳
%LC清佳
「気持ちいいかなと思って……。\n　私も、ぺろろ……おっぱい舐めてもらった時、\n　蕩けそうなくらい気持ち良かったから……」%K%P
「気持ちいいかなと思って……。\n　私も、ぺろろ……おっぱい舐めてもらった時、\n　蕩けそうなくらい気持ち良かったから……」%K%P
%LC春樹
%LC春樹
「おっぱいとは違っ……！\n　汚い場所なんだから……！」%K%P
「おっぱいとは違っ……！\n　汚い場所なんだから……！」%K%P
%LC清佳
%LC清佳
「汚くなんてないわ。\n　好きな人の、れろろ……大切な場所なんだもの」%K%P
「汚くなんてないわ。\n　好きな人の、れろろ……大切な場所なんだもの」%K%P
%LC清佳
%LC清佳
「不思議と……はぁはぁ、れろぉ……。\n　私も興奮しちゃうし……」%K%P
「不思議と……はぁはぁ、れろぉ……。\n　私も興奮しちゃうし……」%K%P
最初よりも明らかに熱を増した吐息を漏らしながら、\n清佳ちゃんがアイスクリームを舐めるように舌を動かす。%K%P
最初よりも明らかに熱を増した吐息を漏らしながら、\n清佳ちゃんがアイスクリームを舐めるように舌を動かす。%K%P
はぁはぁ、し、信じられない。\n清佳ちゃんが僕のを舐めてるなんて……。%K%P
はぁはぁ、し、信じられない。\n清佳ちゃんが僕のを舐めてるなんて……。%K%P
この光景だけでもイっちゃいそうだ。\nペロペロされるのも気持ち良すぎて……。%K%P
この光景だけでもイっちゃいそうだ。\nペロペロされるのも気持ち良すぎて……。%K%P
%LC清佳
%LC清佳
「先っぽから……んれろぉ。エッチなおつゆ、\n　溢れ出してきてる……」%K%P
「先っぽから……んれろぉ。エッチなおつゆ、\n　溢れ出してきてる……」%K%P
%LC清佳
%LC清佳
「すごい、ん、匂い……。生っぽいというか……。\n　れろ……れろろ。……ん、しょっぱい」%K%P
「すごい、ん、匂い……。生っぽいというか……。\n　れろ……れろろ。……ん、しょっぱい」%K%P
%LC春樹
%LC春樹
「あふぅん……！　か、嗅がないで。\n　舐めとっちゃいけないってば……！」%K%P
「あふぅん……！　か、嗅がないで。\n　舐めとっちゃいけないってば……！」%K%P
%LC清佳
%LC清佳
「あなたが溢れさせてくるんだもん。\n　でも、ふふ、嬉しい。それだけ気持ちいいのね」%K%P
「あなたが溢れさせてくるんだもん。\n　でも、ふふ、嬉しい。それだけ気持ちいいのね」%K%P
%LC清佳
%LC清佳
「俄然愛おしく思えてきたかも……。\n　あなたも、ぺろろぉ、このおちんちんも」%K%P
「俄然愛おしく思えてきたかも……。\n　あなたも、ぺろろぉ、このおちんちんも」%K%P
ダメと言っているのに、清佳ちゃんはむしろ\nさっきより舌を長く伸ばして亀頭を舐め回してくる。%K%P
ダメと言っているのに、清佳ちゃんはむしろ\nさっきより舌を長く伸ばして亀頭を舐め回してくる。%K%P
ふぁぁ……！！　おちんちんを舐められてるのに、\n全身がビリビリしてきて……！　震えちゃ……！%K%P
ふぁぁ……！！　おちんちんを舐められてるのに、\n全身がビリビリしてきて……！　震えちゃ……！%K%P
%LC清佳
%LC清佳
「れろ……れろろぉ……。ん、ぺろぉ……」%K%P
「れろ……れろろぉ……。ん、ぺろぉ……」%K%P
%LC春樹
%LC春樹
「あふぁ……！　あっ、んはぁ……！　あぁ……！」%K%P
「あふぁ……！　あっ、んはぁ……！　あぁ……！」%K%P
%LC清佳
%LC清佳
「れろれろれろれろぉ……！！」%K%P
「れろれろれろれろぉ……！！」%K%P
%LC春樹
%LC春樹
「ふあぁぁぁぁ……！！！」%K%P
「ふあぁぁぁぁ……！！！」%K%P
亀頭を激しく舐めねぶられて、\n思わず大声で喘いでしまう。%K%P
亀頭を激しく舐めねぶられて、\n思わず大声で喘いでしまう。%K%P
自分でもビュビュっと我慢汁を\n噴き出してしまったのがわかった。%K%P
自分でもビュビュっと我慢汁を\n噴き出してしまったのがわかった。%K%P
%LC清佳
%LC清佳
「はぁはぁ……。エッチな声出してくれるの嬉しい……。\n　おちんちんがドロドロになってくれるのも幸せ……」%K%P
「はぁはぁ……。エッチな声出してくれるの嬉しい……。\n　おちんちんがドロドロになってくれるのも幸せ……」%K%P
%LC清佳
%LC清佳
「今ならわかるわ。蛍が私にエッチな声出させようと\n　してたワケ……。アソコばっかり濡らしてきたワケ……」%K%P
「今ならわかるわ。蛍が私にエッチな声出させようと\n　してたワケ……。アソコばっかり濡らしてきたワケ……」%K%P
%LC清佳
%LC清佳
「確かにこれは……はぁはぁ。\n　もっともっと聞きたくなっちゃう……」%K%P
「確かにこれは……はぁはぁ。\n　もっともっと聞きたくなっちゃう……」%K%P
%LC清佳
%LC清佳
「エッチなおつゆ……んれろろぉ。\n　もっともっと溢れさせて欲しくなっちゃう……」%K%P
「エッチなおつゆ……んれろろぉ。\n　もっともっと溢れさせて欲しくなっちゃう……」%K%P
すると清佳ちゃんは、大きく口を開けて――%K%P
すると清佳ちゃんは、大きく口を開けて――%K%P
%LC清佳
%LC清佳
「はむ……！」%K%P
「はむ……！」%K%P
%LC春樹
%LC春樹
「はふぁぁ……！！？」%K%P
「はふぁぁ……！！？」%K%P
く、咥えられ――んはぁ……！！%K%P
く、咥えられ――んはぁ……！！%K%P
%LC清佳
%LC清佳
「ん、んんっ……！！　ホント大きい。\n　顎、ちゅぷぁ、外れそう……！」%K%P
「ん、んんっ……！！　ホント大きい。\n　顎、ちゅぷぁ、外れそう……！」%K%P
%LC春樹
%LC春樹
「いけないってば……！　ふぁぁ……！！\n　おちんちん咥えちゃうなんて……！！」%K%P
「いけないってば……！　ふぁぁ……！！\n　おちんちん咥えちゃうなんて……！！」%K%P
%LC清佳
%LC清佳
「しょーお？　しょの割には……んちゅぱ。\n　気持ちよさしょーに、ブルブルしへりゅけろ」%K%P
「しょーお？　しょの割には……んちゅぱ。\n　気持ちよさしょーに、ブルブルしへりゅけろ」%K%P
%LC春樹
%LC春樹
「んはぁぁ……！　く、咥えたまま喋らないで……！！\n　おちんちんがねぶられちゃ――あぁん……！！」%K%P
「んはぁぁ……！　く、咥えたまま喋らないで……！！\n　おちんちんがねぶられちゃ――あぁん……！！」%K%P
%LC清佳
%LC清佳
「ん゛ふぅんっ！？　んっ、んふぅんっ……！！」%K%P
「ん゛ふぅんっ！？　んっ、んふぅんっ……！！」%K%P
プニプニの頬肉と熱々の舌の感触が快感すぎて、\n勝手に腰が浮き上がってしまう。%K%P
プニプニの頬肉と熱々の舌の感触が快感すぎて、\n勝手に腰が浮き上がってしまう。%K%P
%LC春樹
%LC春樹
「ご、ごめん……！　でも気持ち良すぎて……！！\n　とにかく、んはぁ、口離して……！！」%K%P
「ご、ごめん……！　でも気持ち良すぎて……！！\n　とにかく、んはぁ、口離して……！！」%K%P
清佳ちゃんの喉へ腰を突き出してしまいたくなる\n衝動を必死に堪えて訴える。%K%P
清佳ちゃんの喉へ腰を突き出してしまいたくなる\n衝動を必死に堪えて訴える。%K%P
しかし清佳ちゃんは――%K%P
しかし清佳ちゃんは――%K%P
%LC清佳
%LC清佳
「……ちゅぷぷっ」%K%P
「……ちゅぷぷっ」%K%P
%LC春樹
%LC春樹
「ふぁ、あぁぁ……！！」%K%P
「ふぁ、あぁぁ……！！」%K%P
自ら顔を下げて、より深くまで咥え込んできた。\n蕩けるような感触がゆっくり竿に広がってきて……！%K%P
自ら顔を下げて、より深くまで咥え込んできた。\n蕩けるような感触がゆっくり竿に広がってきて……！%K%P
%LC清佳
%LC清佳
「ちゅぱっ……、ちゅぷ……！\n　ちゅぷぷぷぷ……んれろぉ……！」%K%P
「ちゅぱっ……、ちゅぷ……！\n　ちゅぷぷぷぷ……んれろぉ……！」%K%P
%LC春樹
%LC春樹
「あぁ……！　ダ、ダメ、ホントダメ……！！\n　気持ち良すぎるから、あ、あぁ……！！」%K%P
「あぁ……！　ダ、ダメ、ホントダメ……！！\n　気持ち良すぎるから、あ、あぁ……！！」%K%P
%LC清佳
%LC清佳
「んふふ。いいじゃなひ……。きもひよくなっへ？」%K%P
「んふふ。いいじゃなひ……。きもひよくなっへ？」%K%P
%LC清佳
%LC清佳
「そにょために、ちゅぱっ、ちゅぷ……！\n　わたひも咥へてりゅんらから……」%K%P
「そにょために、ちゅぱっ、ちゅぷ……！\n　わたひも咥へてりゅんらから……」%K%P
おちんちんを咥えながら、清佳ちゃんが\n上目遣いで見つめてくる。%K%P
おちんちんを咥えながら、清佳ちゃんが\n上目遣いで見つめてくる。%K%P
その姿がエッチ過ぎて、恥ずかしすぎて、\nだけど嬉しくもあって――%K%P
その姿がエッチ過ぎて、恥ずかしすぎて、\nだけど嬉しくもあって――%K%P
%LC清佳
%LC清佳
「ぢゅぷっ……！　ぢゅぶぶぶっ……！\n　んちゅあっ、んふっ、んっ、んっ……！」%K%P
「ぢゅぷっ……！　ぢゅぶぶぶっ……！\n　んちゅあっ、んふっ、んっ、んっ……！」%K%P
%LC清佳
%LC清佳
「ぬぷぷっ……！！　ぢゅるっ、ぢゅるるるっ……！！」%K%P
「ぬぷぷっ……！！　ぢゅるっ、ぢゅるるるっ……！！」%K%P
%LC春樹
%LC春樹
「あぁっ……！　あっ、はぁっ、んはぁ……！！」%K%P
「あぁっ……！　あっ、はぁっ、んはぁ……！！」%K%P
吸い付かれるの、ふぁぁ、気持ちいい……！！\n唾液まみれの蕩肉がぎゅっとおちんちんを圧迫してきて。%K%P
吸い付かれるの、ふぁぁ、気持ちいい……！！\n唾液まみれの蕩肉がぎゅっとおちんちんを圧迫してきて。%K%P
%LC清佳
%LC清佳
「れろろ……れろれろれろぉ」%K%P
「れろろ……れろれろれろぉ」%K%P
%LC清佳
%LC清佳
「じゅぷぷ……！　じゅぱじゅぷ……！」%K%P
「じゅぷぷ……！　じゅぱじゅぷ……！」%K%P
%LC春樹
%LC春樹
「あっ、あぁぁぁ……！！　ヤバい、それ……！！\n　咥えられながら先っぽレロレロされるの凄い……！！」%K%P
「あっ、あぁぁぁ……！！　ヤバい、それ……！！\n　咥えられながら先っぽレロレロされるの凄い……！！」%K%P
%LC清佳
%LC清佳
「ん――ぢゅるるるるるるるるっっ！！！」%K%P
「ん――ぢゅるるるるるるるるっっ！！！」%K%P
%LC春樹
%LC春樹
「ひぃあっ――あぁぁあああんんっっ〜〜！！」%K%P
「ひぃあっ――あぁぁあああんんっっ〜〜！！」%K%P
力いっぱい吸い付かれて快感のあまりお尻が引きつる。\nど、どうしてこんなに上手なの……！！%K%P
力いっぱい吸い付かれて快感のあまりお尻が引きつる。\nど、どうしてこんなに上手なの……！！%K%P
%LC清佳
%LC清佳
「んふ。先っぽ苛められりゅの好きらっへ丸わかりよ。\n　チューチューしひゃらけれ、ビクンビクンしゅるもの」%K%P
「んふ。先っぽ苛められりゅの好きらっへ丸わかりよ。\n　チューチューしひゃらけれ、ビクンビクンしゅるもの」%K%P
%LC清佳
%LC清佳
「もっひょ、ん、チューチューしへあげりゅ。\n　――ぢゅるっ、ぢゅぅぅぅっっ……！！」%K%P
「もっひょ、ん、チューチューしへあげりゅ。\n　――ぢゅるっ、ぢゅぅぅぅっっ……！！」%K%P
%LC春樹
%LC春樹
「僕の反応を観察して――ふぁぁぁ……！！」%K%P
「僕の反応を観察して――ふぁぁぁ……！！」%K%P
%LC清佳
%LC清佳
「ぐっと咥え込まれりゅのも好きなんれひょ？\n　こんにゃ風に――ん、んんんんっっ……！！」%K%P
「ぐっと咥え込まれりゅのも好きなんれひょ？\n　こんにゃ風に――ん、んんんんっっ……！！」%K%P
あ……！　ああ……！！　おちんちんがヌププって\n清佳ちゃんの喉奥へ入っていって……！！%K%P
あ……！　ああ……！！　おちんちんがヌププって\n清佳ちゃんの喉奥へ入っていって……！！%K%P
%LC清佳
%LC清佳
「あとはこう、いっぱひねぶっへあげれば――\n　ぢゅぼっぢゅぶっ、ぢゅぷぷっっぢゅぶぅっ！！」%K%P
「あとはこう、いっぱひねぶっへあげれば――\n　ぢゅぼっぢゅぶっ、ぢゅぷぷっっぢゅぶぅっ！！」%K%P
%LC春樹
%LC春樹
「あぁぁぁああんんっっ……！！」%K%P
「あぁぁぁああんんっっ……！！」%K%P
%LC清佳
%LC清佳
「んふ、だんだんわかっへきひゃ。\n　あなひゃのおちんちんの悦ばせ方」%K%P
「んふ、だんだんわかっへきひゃ。\n　あなひゃのおちんちんの悦ばせ方」%K%P
%LC清佳
%LC清佳
「このまま、んちゅぁ……！\n　おもいっきりきもひよくしへあげりゅ……！」%K%P
「このまま、んちゅぁ……！\n　おもいっきりきもひよくしへあげりゅ……！」%K%P
%LC清佳
%LC清佳
「ぬぷぷぷっ……！！　じゅるるるるっ……！！\n　ぢゅぶっぢゅばっ、んっ、んっ、んっ！！」%K%P
「ぬぷぷぷっ……！！　じゅるるるるっ……！！\n　ぢゅぶっぢゅばっ、んっ、んっ、んっ！！」%K%P
は、激しいっ……！！　イく、イっちゃ……！！%K%P
は、激しいっ……！！　イく、イっちゃ……！！%K%P
この間エッチした時は、ふぁ、\n絶頂すら知らないほど初々しかったのに……！！%K%P
この間エッチした時は、ふぁ、\n絶頂すら知らないほど初々しかったのに……！！%K%P
これじゃあの時と、あぁあん……！！\n丸っきり立場が逆だ……！！　我慢できない……！！%K%P
これじゃあの時と、あぁあん……！！\n丸っきり立場が逆だ……！！　我慢できない……！！%K%P
%LC清佳
%LC清佳
「んぷっ！！　おひんひん、ちゅぁ……！！\n　口の中れムクムク膨らんれきへ……！！」%K%P
「んぷっ！！　おひんひん、ちゅぁ……！！\n　口の中れムクムク膨らんれきへ……！！」%K%P
%LC清佳
%LC清佳
「しゅごい……！！　ぢゅるるるっっ……！！\n　吸っへも吸っへも、ぢゅるっ、エッチなおつゆ出てくる」%K%P
「しゅごい……！！　ぢゅるるるっっ……！！\n　吸っへも吸っへも、ぢゅるっ、エッチなおつゆ出てくる」%K%P
%LC清佳
%LC清佳
「どんどん味が濃くなっへきへへ……！！\n　身体中、んふぅん、ガクガクしへへ……！！」%K%P
「どんどん味が濃くなっへきへへ……！！\n　身体中、んふぅん、ガクガクしへへ……！！」%K%P
%LC清佳
%LC清佳
「あの時の、ちゅぱっ、ちゅぷっ……！！\n　わたひみたひ……！！　イきひょうなんらっ……？」%K%P
「あの時の、ちゅぱっ、ちゅぷっ……！！\n　わたひみたひ……！！　イきひょうなんらっ……？」%K%P
頭の中が溶ける……！！　清佳ちゃんの声が遠いっ……！\n気持ち良すぎて応える余裕もなくて……！！%K%P
頭の中が溶ける……！！　清佳ちゃんの声が遠いっ……！\n気持ち良すぎて応える余裕もなくて……！！%K%P
%LC清佳
%LC清佳
「んふふ、なりゃ――」%K%P
「んふふ、なりゃ――」%K%P
%LC清佳
%LC清佳
「ん゛っ、ん゛っ、ん゛っ、ん゛っ、ん゛っ、ん゛っ！！」%K%P
「ん゛っ、ん゛っ、ん゛っ、ん゛っ、ん゛っ、ん゛っ！！」%K%P
%LC春樹
%LC春樹
「っっ――はふあぁぁぁぁあっっ！！」%K%P
「っっ――はふあぁぁぁぁあっっ！！」%K%P
奥の奥までおちんちんが咥え込まれて――激しいっ！！\nあぁっ、おちんちんが食べられちゃってる……！！%K%P
奥の奥までおちんちんが咥え込まれて――激しいっ！！\nあぁっ、おちんちんが食べられちゃってる……！！%K%P
%LC清佳
%LC清佳
「れろれろれろぉっ！！　ぢゅっ、ぢゅぅぅぅっっ！！\n　ぢゅるるるるるるるるるっっ……！！！」%K%P
「れろれろれろぉっ！！　ぢゅっ、ぢゅぅぅぅっっ！！\n　ぢゅるるるるるるるるるっっ……！！！」%K%P
%LC清佳
%LC清佳
「んはぁむっ……！！　ん゛んっ……！！\n　んじゅぶぶっ、じゅぶっ、じゅぶぢゅぷっ、んんっ！！」%K%P
「んはぁむっ……！！　ん゛んっ……！！\n　んじゅぶぶっ、じゅぶっ、じゅぶぢゅぷっ、んんっ！！」%K%P
ダ、ダメっ、我慢できないっ……！\n畳みかけられてっ、気持ちいいコトばっかりされて……！%K%P
ダ、ダメっ、我慢できないっ……！\n畳みかけられてっ、気持ちいいコトばっかりされて……！%K%P
%LC春樹
%LC春樹
「く、口離してっ、あああっ、でちゃっ、\n　でちゃうっ……！！　このままだと、あ、あぁ……！！」%K%P
「く、口離してっ、あああっ、でちゃっ、\n　でちゃうっ……！！　このままだと、あ、あぁ……！！」%K%P
%LC清佳
%LC清佳
「んぢゅぶぶっ！　ぢゅばっぢゅぶっ！！\n　ん゛っ、ん゛っ、ん゛っ、ん゛っ、ん゛ん゛っ！！」%K%P
「んぢゅぶぶっ！　ぢゅばっぢゅぶっ！！\n　ん゛っ、ん゛っ、ん゛っ、ん゛っ、ん゛ん゛っ！！」%K%P
%LC春樹
%LC春樹
「ああああっっ！！！」%K%P
「ああああっっ！！！」%K%P
せめて口の中に射精しまいと訴えるけれど、\n清佳ちゃんの責めはちっともやまない。%K%P
せめて口の中に射精しまいと訴えるけれど、\n清佳ちゃんの責めはちっともやまない。%K%P
火照った顔でおちんちんをねぶることだけに、\nふあぁあ、集中していて……！！%K%P
火照った顔でおちんちんをねぶることだけに、\nふあぁあ、集中していて……！！%K%P
%LC清佳
%LC清佳
「イっへっ、んぢゅぶぶっ、きもひよくなっへっ？」%K%P
「イっへっ、んぢゅぶぶっ、きもひよくなっへっ？」%K%P
%LC清佳
%LC清佳
「この間のわたひみたひにっ、んぢゅるるるっっ！！\n　今度ひゃあなひゃのイっひゃふ姿みせへっ？」%K%P
「この間のわたひみたひにっ、んぢゅるるるっっ！！\n　今度ひゃあなひゃのイっひゃふ姿みせへっ？」%K%P
%LC春樹
%LC春樹
「あぁっ！　あっ、あっ、あっ、あっ、あっ！！」%K%P
「あぁっ！　あっ、あっ、あっ、あっ、あっ！！」%K%P
ダメだっ、もう無理っ、我慢できないっ！！%K%P
ダメだっ、もう無理っ、我慢できないっ！！%K%P
%LC清佳
%LC清佳
「ん゛っ、ん゛っ、ん゛っ、ん゛っ！！\n　んはぁむんっ、んぢゅぶぶっ、ぢゅばじゅぶっ！！」%K%P
「ん゛っ、ん゛っ、ん゛っ、ん゛っ！！\n　んはぁむんっ、んぢゅぶぶっ、ぢゅばじゅぶっ！！」%K%P
%LC清佳
%LC清佳
「れろろっ！！　んれろろろろぉっ！！\n　ぺろぺろぺろっ！！　ぢゅぅぅぅっっ！！」%K%P
「れろろっ！！　んれろろろろぉっ！！\n　ぺろぺろぺろっ！！　ぢゅぅぅぅっっ！！」%K%P
出るっ、あああっ、出ちゃうっ、イっちゃうっ！！\n清佳ちゃんのお口の中に、中にっっ！！%K%P
出るっ、あああっ、出ちゃうっ、イっちゃうっ！！\n清佳ちゃんのお口の中に、中にっっ！！%K%P
%LC清佳
%LC清佳
「ぢゅばっ、ぢゅぶっ、じゅばばばっっ！！\n　――じゅるるるるるるるるるるるっっ〜〜！！！」%K%P
「ぢゅばっ、ぢゅぶっ、じゅばばばっっ！！\n　――じゅるるるるるるるるるるるっっ〜〜！！！」%K%P
出ちゃうぅぅ〜〜！！！！%K%P
出ちゃうぅぅ〜〜！！！！%K%P
%LC清佳
%LC清佳
「ん゛ぶっ！？　ん゛んんんんんっっ！！？\n　ん゛ふぅぅぅぅぅぅんんんんんんっっ〜〜！！？」%K%P
「ん゛ぶっ！？　ん゛んんんんんっっ！！？\n　ん゛ふぅぅぅぅぅぅんんんんんんっっ〜〜！！？」%K%P
吸い付きの快感に引っ張られるように、\n清佳ちゃんの口の中へ精をぶちまけてしまう。%K%P
吸い付きの快感に引っ張られるように、\n清佳ちゃんの口の中へ精をぶちまけてしまう。%K%P
射精に驚いてるのか清佳ちゃんの喉が痙攣して――\nそれがまた気持ちいいっ。射精がとまんないっっ……！！%K%P
射精に驚いてるのか清佳ちゃんの喉が痙攣して――\nそれがまた気持ちいいっ。射精がとまんないっっ……！！%K%P
%LC清佳
%LC清佳
「ご――ごくっ！！　ごくごくごくっっ！！\n　ん゛んんっっ！！　ごくぅっっ……！！」%K%P
「ご――ごくっ！！　ごくごくごくっっ！！\n　ん゛んんっっ！！　ごくぅっっ……！！」%K%P
%LC清佳
%LC清佳
「ん゛ぶっっ！！　ん゛んっっ……！！\n　ごくごくごくごくっっ……！！」%K%P
「ん゛ぶっっ！！　ん゛んっっ……！！\n　ごくごくごくごくっっ……！！」%K%P
大量の精子をぶちまけられて溺れそうなのか、\n清佳ちゃんが必死に喉を震わせて精子を飲み続ける。%K%P
大量の精子をぶちまけられて溺れそうなのか、\n清佳ちゃんが必死に喉を震わせて精子を飲み続ける。%K%P
ぬ、抜いてあげないとと思うのに、はぁはぁっ、\nエッチすぎて口の中にぶちまけ続けちゃう……！！%K%P
ぬ、抜いてあげないとと思うのに、はぁはぁっ、\nエッチすぎて口の中にぶちまけ続けちゃう……！！%K%P
%LC清佳
%LC清佳
「ごぼぼっ……！！　ごほっ、ごふっ……！！\n　ん゛っ、ん゛んんんっっ！！！」%K%P
「ごぼぼっ……！！　ごほっ、ごふっ……！！\n　ん゛っ、ん゛んんんっっ！！！」%K%P
しかしあまりの精液量に耐えきれなかったのか、\n射精中にもかかわらず清佳ちゃんは顔を引いて――%K%P
しかしあまりの精液量に耐えきれなかったのか、\n射精中にもかかわらず清佳ちゃんは顔を引いて――%K%P
%LC清佳
%LC清佳
「んひゃぁっ――きゃああああああっ……！！」%K%P
「んひゃぁっ――きゃああああああっ……！！」%K%P
噴き出し続けていた精子が\n今度は清佳ちゃんの綺麗な顔をこれでもかと汚していく。%K%P
噴き出し続けていた精子が\n今度は清佳ちゃんの綺麗な顔をこれでもかと汚していく。%K%P
いつも良い匂いを香り立たせている彼女が、\n僕の汚いザーメンの匂いにまみれて――……！！%K%P
いつも良い匂いを香り立たせている彼女が、\n僕の汚いザーメンの匂いにまみれて――……！！%K%P
%LC清佳
%LC清佳
「ゴホっ、ゴホっ……！！　はぁはぁ……！！」%K%P
「ゴホっ、ゴホっ……！！　はぁはぁ……！！」%K%P
%LC春樹
%LC春樹
「っっ。ご、ごめんっ……！！\n　口の中で、はぁはぁ、出しちゃって……！！」%K%P
「っっ。ご、ごめんっ……！！\n　口の中で、はぁはぁ、出しちゃって……！！」%K%P
%LC清佳
%LC清佳
「い、いいえ……。覚悟はしていたから……。\n　でも、ゴホっ、ゴホっ、想像以上に勢いと量が……」%K%P
「い、いいえ……。覚悟はしていたから……。\n　でも、ゴホっ、ゴホっ、想像以上に勢いと量が……」%K%P
精液まみれで咳き込む清佳ちゃんを見て、申し訳なさを\n感じつつもドキドキしてしまっている自分がいる。%K%P
精液まみれで咳き込む清佳ちゃんを見て、申し訳なさを\n感じつつもドキドキしてしまっている自分がいる。%K%P
の、飲んでたよね？　清佳ちゃんが僕の精子を、\n喉を鳴らしてゴクゴク飲んで……。%K%P
の、飲んでたよね？　清佳ちゃんが僕の精子を、\n喉を鳴らしてゴクゴク飲んで……。%K%P
%LC清佳
%LC清佳
「喉の奥、まだイガイガしてる……。\n　口の中も、はぁはぁ、精子の味でいっぱいで……」%K%P
「喉の奥、まだイガイガしてる……。\n　口の中も、はぁはぁ、精子の味でいっぱいで……」%K%P
%LC春樹
%LC春樹
「っっ」%K%P
「っっ」%K%P
%LC清佳
%LC清佳
「ひゃっ。おちんちん、またブルってした……。\n　な、なに？　興奮してるの……？」%K%P
「ひゃっ。おちんちん、またブルってした……。\n　な、なに？　興奮してるの……？」%K%P
%LC春樹
%LC春樹
「ご、ごめんっ。清佳さんが、\n　ぼ――お、俺のを飲んでくれたと思うと……」%K%P
「ご、ごめんっ。清佳さんが、\n　ぼ――お、俺のを飲んでくれたと思うと……」%K%P
%LC清佳
%LC清佳
「ドキドキしちゃうんだ……？\n　な、なら溺れかけた甲斐はあったかも……」%K%P
「ドキドキしちゃうんだ……？\n　な、なら溺れかけた甲斐はあったかも……」%K%P
%LC春樹
%LC春樹
「ああ、とにかく、その。は、吐いてっ？\n　気持ち悪いだろうし……！」%K%P
「ああ、とにかく、その。は、吐いてっ？\n　気持ち悪いだろうし……！」%K%P
%LC清佳
%LC清佳
「もう飲んじゃったってば……。\n　別に、その。吐くつもりもないし……」%K%P
「もう飲んじゃったってば……。\n　別に、その。吐くつもりもないし……」%K%P
%LC清佳
%LC清佳
「急にビュービューされて驚きはしたけど……。\n　射精してくれたことは、むしろ嬉しいくらいで……」%K%P
「急にビュービューされて驚きはしたけど……。\n　射精してくれたことは、むしろ嬉しいくらいで……」%K%P
%LC春樹
%LC春樹
「ホ、ホントに？」%K%P
「ホ、ホントに？」%K%P
%LC清佳
%LC清佳
「本当だってば。あなたも……その。わかるでしょ。\n　私も、蛍にお漏らしさせられちゃったし……」%K%P
「本当だってば。あなたも……その。わかるでしょ。\n　私も、蛍にお漏らしさせられちゃったし……」%K%P
%LC清佳
%LC清佳
「きっと……その時の気持ちと一緒よ」%K%P
「きっと……その時の気持ちと一緒よ」%K%P
ちょっぴり照れた様子で清佳ちゃんが呟く。\n確かに潮を噴いてくれた時はとても嬉しかった。%K%P
ちょっぴり照れた様子で清佳ちゃんが呟く。\n確かに潮を噴いてくれた時はとても嬉しかった。%K%P
それに――%K%P
それに――%K%P
%LC清佳
%LC清佳
「それで……どうする？」%K%P
「それで……どうする？」%K%P
%LC春樹
%LC春樹
「っっ。どうするって」%K%P
「っっ。どうするって」%K%P
%LC清佳
%LC清佳
「き、決まってるじゃない。\n　このまま、その……」%K%P
「き、決まってるじゃない。\n　このまま、その……」%K%P
恥ずかしそうに清佳ちゃんが言い淀む。\nその頬はフェラを始めた時よりも薄桃色に染まっていた。%K%P
恥ずかしそうに清佳ちゃんが言い淀む。\nその頬はフェラを始めた時よりも薄桃色に染まっていた。%K%P
きっと清佳ちゃんもムラムラしてくれてるんだ……。\nあの夜の僕のように。恋人の絶頂姿を見て……。%K%P
きっと清佳ちゃんもムラムラしてくれてるんだ……。\nあの夜の僕のように。恋人の絶頂姿を見て……。%K%P
いいや、単にムラムラしてるだけじゃない。\nそれこそきっと――%K%P
いいや、単にムラムラしてるだけじゃない。\nそれこそきっと――%K%P
%LC清佳
%LC清佳
「私、その……。あまりこういうコトには\n　詳しくないけれど……。それでも知ってるから……」%K%P
「私、その……。あまりこういうコトには\n　詳しくないけれど……。それでも知ってるから……」%K%P
%LC清佳
%LC清佳
「男と女で……すること……」%K%P
「男と女で……すること……」%K%P
蚊の鳴くような声で清佳ちゃんがポツリと言う。\nその姿に僕のおちんちんは硬さを取り戻していった。%K%P
蚊の鳴くような声で清佳ちゃんがポツリと言う。\nその姿に僕のおちんちんは硬さを取り戻していった。%K%P
%LC春樹
%LC春樹
「いいの……？　蛍の姿じゃないけど……」%K%P
「いいの……？　蛍の姿じゃないけど……」%K%P
%LC清佳
%LC清佳
「……バカ。蛍の姿だったら、\n　男と女なんて言い方しないわよ……。\n　蛍にはおちんちんなんて付いてないし……」%K%P
「……バカ。蛍の姿だったら、\n　男と女なんて言い方しないわよ……。\n　蛍にはおちんちんなんて付いてないし……」%K%P
%LC清佳
%LC清佳
「それに……その。言ったじゃない……」%K%P
「それに……その。言ったじゃない……」%K%P
%LC清佳
%LC清佳
「私も……あなたに惹かれてたの。\n　蛍と、同じくらい……」%K%P
「私も……あなたに惹かれてたの。\n　蛍と、同じくらい……」%K%P
%LC春樹
%LC春樹
「清佳さん……」%K%P
「清佳さん……」%K%P
%LC清佳
%LC清佳
「……男らしいと思って欲しいんでしょ？\n　なら、えと。今こそ見せ所じゃない……」%K%P
「……男らしいと思って欲しいんでしょ？\n　なら、えと。今こそ見せ所じゃない……」%K%P
%LC清佳
%LC清佳
「正直、私はもうドキドキしすぎて動けないの……。\n　だから……その……」%K%P
「正直、私はもうドキドキしすぎて動けないの……。\n　だから……その……」%K%P
清佳ちゃんが上目遣いで見つめてきてくれる。%K%P
清佳ちゃんが上目遣いで見つめてきてくれる。%K%P
その顔を見た時には、僕は身体を起こそうとしていた。%K%P
その顔を見た時には、僕は身体を起こそうとしていた。%K%P
%LC清佳
%LC清佳
「あっ……」%K%P
「あっ……」%K%P
清佳ちゃんの身体を持ち上げて、\n近くの木の根元へ背中を預けさせる。%K%P
清佳ちゃんの身体を持ち上げて、\n近くの木の根元へ背中を預けさせる。%K%P
%LC春樹
%LC春樹
「……脱がしていい？」%K%P
「……脱がしていい？」%K%P
%LC清佳
%LC清佳
「…………」%K%P
「…………」%K%P
清佳ちゃんがほんの僅かに首を縦に揺らす。%K%P
清佳ちゃんがほんの僅かに首を縦に揺らす。%K%P
許可を得た僕は彼女の服をゆっくり脱がしていった。%K%P
許可を得た僕は彼女の服をゆっくり脱がしていった。%K%P
すると清佳ちゃんもまた頬を赤く染め上げつつも、\n僕を受け入れるように足を開いてくれて――%K%P
すると清佳ちゃんもまた頬を赤く染め上げつつも、\n僕を受け入れるように足を開いてくれて――%K%P
