%LC清佳
%LC清佳
「ん、しょと」%K%P
「ん、しょと」%K%P
%LC蛍
%LC蛍
「ひぃあっ……！？」%K%P
「ひぃあっ……！？」%K%P
熱くて大きいものがお尻の穴に\nズリズリと擦りつけられる。%K%P
熱くて大きいものがお尻の穴に\nズリズリと擦りつけられる。%K%P
%LC蛍
%LC蛍
「も、もしかしてこれって……！」%K%P
「も、もしかしてこれって……！」%K%P
%LC清佳
%LC清佳
「そうよ。ディルド。ふふふ、通販で買ったの」%K%P
「そうよ。ディルド。ふふふ、通販で買ったの」%K%P
%LC蛍
%LC蛍
「どどど、どうしてそんなものを……！？」%K%P
「どどど、どうしてそんなものを……！？」%K%P
%LC清佳
%LC清佳
「決まってるじゃない。\n　あなたと、愛し合うためよ？」%K%P
「決まってるじゃない。\n　あなたと、愛し合うためよ？」%K%P
言いながら清佳ちゃんが僕のお尻にモノを擦りつける。\nひぃあ……！　ヌルヌルしてる、すごく熱い……！？%K%P
言いながら清佳ちゃんが僕のお尻にモノを擦りつける。\nひぃあ……！　ヌルヌルしてる、すごく熱い……！？%K%P
%LC清佳
%LC清佳
「これ、すごいわ。まるで本物のおちんちんみたい……。\n　男の子ってこんな気分なのね？」%K%P
「これ、すごいわ。まるで本物のおちんちんみたい……。\n　男の子ってこんな気分なのね？」%K%P
%LC蛍
%LC蛍
「ま、待って……！　まさかそれを僕に挿れる気なんじゃ」%K%P
「ま、待って……！　まさかそれを僕に挿れる気なんじゃ」%K%P
%LC清佳
%LC清佳
「『僕』はダメよ。せっかくなんだから蛍として接して？」%K%P
「『僕』はダメよ。せっかくなんだから蛍として接して？」%K%P
%LC清佳
%LC清佳
「私、ふふ、夢だったの。蛍の初めてをもらうこと♪」%K%P
「私、ふふ、夢だったの。蛍の初めてをもらうこと♪」%K%P
%LC蛍
%LC蛍
「は、初めてって――んひぁ！？」%K%P
「は、初めてって――んひぁ！？」%K%P
肛門に竿部分をズリズリされるだけで\nゾクゾクしてしまう。%K%P
肛門に竿部分をズリズリされるだけで\nゾクゾクしてしまう。%K%P
おちんちんの熱さと硬さと太さが、\nこれでもかと伝わってきて……！%K%P
おちんちんの熱さと硬さと太さが、\nこれでもかと伝わってきて……！%K%P
%LC蛍
%LC蛍
「だ、だとしてもこんな格好で……！\n　見えちゃう。わたしの姿、外から見えちゃうってば」%K%P
「だ、だとしてもこんな格好で……！\n　見えちゃう。わたしの姿、外から見えちゃうってば」%K%P
%LC清佳
%LC清佳
「あ……エッチはしていいんだ？\n　ホントに蛍の声で話してくれて……」%K%P
「あ……エッチはしていいんだ？\n　ホントに蛍の声で話してくれて……」%K%P
%LC蛍
%LC蛍
「〜〜っっ！！」%K%P
「〜〜っっ！！」%K%P
%LC清佳
%LC清佳
「良かった。断られちゃうかと思ったもん。\n　うふふふ。蛍と、初体験……♪」%K%P
「良かった。断られちゃうかと思ったもん。\n　うふふふ。蛍と、初体験……♪」%K%P
清佳ちゃんがとてつもなく嬉しそうに笑う。\nよ、喜んでくれるのは嬉しいけど恥ずかしい……！%K%P
清佳ちゃんがとてつもなく嬉しそうに笑う。\nよ、喜んでくれるのは嬉しいけど恥ずかしい……！%K%P
%LC清佳
%LC清佳
「大丈夫。できる限り優しくするから。\n　たっぷりローションも塗ってあるし」%K%P
「大丈夫。できる限り優しくするから。\n　たっぷりローションも塗ってあるし」%K%P
%LC蛍
%LC蛍
「そ、そういう問題じゃなくて……！\n　このままだと他の人に見られちゃうってば……！」%K%P
「そ、そういう問題じゃなくて……！\n　このままだと他の人に見られちゃうってば……！」%K%P
%LC清佳
%LC清佳
「でもこれならゴンドラが動き始めてもわかるじゃない」%K%P
「でもこれならゴンドラが動き始めてもわかるじゃない」%K%P
%LC蛍
%LC蛍
「それはそうだけど……！」%K%P
「それはそうだけど……！」%K%P
%LC清佳
%LC清佳
「それに……私は蛍の可愛い姿を\n　みんなに見せつけたいの♪」%K%P
「それに……私は蛍の可愛い姿を\n　みんなに見せつけたいの♪」%K%P
%LC蛍
%LC蛍
「ひぃあぁん……！！？」%K%P
「ひぃあぁん……！！？」%K%P
ピトっと肛門に先っぽが押しつけられる。\nふ、太い……！　ヌルヌルして……！　あ、熱い……！%K%P
ピトっと肛門に先っぽが押しつけられる。\nふ、太い……！　ヌルヌルして……！　あ、熱い……！%K%P
%LC清佳
%LC清佳
「はぁ、はぁ……。蛍の喘ぎ声、すごくエッチ……。\n　私におちんちんがついてたらフル勃起しちゃってる」%K%P
「はぁ、はぁ……。蛍の喘ぎ声、すごくエッチ……。\n　私におちんちんがついてたらフル勃起しちゃってる」%K%P
%LC清佳
%LC清佳
「力を抜いて……？　あんまり緊張しちゃうと痛いから。\n　ゆっくり挿れていくから心配しないで？」%K%P
「力を抜いて……？　あんまり緊張しちゃうと痛いから。\n　ゆっくり挿れていくから心配しないで？」%K%P
%LC蛍
%LC蛍
「ち、力を抜いてって言われてもぉ……！」%K%P
「ち、力を抜いてって言われてもぉ……！」%K%P
おっきいのがお尻の穴に当たってるだけでも、\n身体が強ばっちゃう。%K%P
おっきいのがお尻の穴に当たってるだけでも、\n身体が強ばっちゃう。%K%P
こ、怖い……！　おちんちん挿れられるのって、\nこんなに怖いことだったんだ……！%K%P
こ、怖い……！　おちんちん挿れられるのって、\nこんなに怖いことだったんだ……！%K%P
%LC清佳
%LC清佳
「私を信じて。ちゃんと、ん、はぁ、ほぐしてあげるから」%K%P
「私を信じて。ちゃんと、ん、はぁ、ほぐしてあげるから」%K%P
%LC蛍
%LC蛍
「あっ、あぁぁ…………！」%K%P
「あっ、あぁぁ…………！」%K%P
ヌプと、おちんちんの先の先が入ってくる。\nわたしのお尻の穴が、ひ、広げられて……！%K%P
ヌプと、おちんちんの先の先が入ってくる。\nわたしのお尻の穴が、ひ、広げられて……！%K%P
%LC清佳
%LC清佳
「どう？　どんな感じ？」%K%P
「どう？　どんな感じ？」%K%P
%LC蛍
%LC蛍
「ど、どんな感じって……！　背筋がゾクゾクして……！\n　お、お尻にすごく力入っちゃって……！」%K%P
「ど、どんな感じって……！　背筋がゾクゾクして……！\n　お、お尻にすごく力入っちゃって……！」%K%P
%LC清佳
%LC清佳
「それだけ？」%K%P
「それだけ？」%K%P
%LC蛍
%LC蛍
「〜〜っっ！！　ド、ドキドキしちゃう……！\n　清佳ちゃんのおちんちん入ってきてるってわかって……」%K%P
「〜〜っっ！！　ド、ドキドキしちゃう……！\n　清佳ちゃんのおちんちん入ってきてるってわかって……」%K%P
%LC清佳
%LC清佳
「えへへ、良かった」%K%P
「えへへ、良かった」%K%P
%LC蛍
%LC蛍
「ん゛んっっ！！」%K%P
「ん゛んっっ！！」%K%P
ヌププとさっきよりも深くおちんちんが入ってくる。\nお、お腹が苦しい……！%K%P
ヌププとさっきよりも深くおちんちんが入ってくる。\nお、お腹が苦しい……！%K%P
%LC蛍
%LC蛍
「今って、はぁはぁ、どのくらい入ってるのっ？」%K%P
「今って、はぁはぁ、どのくらい入ってるのっ？」%K%P
%LC清佳
%LC清佳
「亀頭の中腹くらいよ。カリ首まで入ってないわ」%K%P
「亀頭の中腹くらいよ。カリ首まで入ってないわ」%K%P
ほ、ほとんど挿れてないも同然ってこと……！？\nなのに、こんな苦しいなんて……！%K%P
ほ、ほとんど挿れてないも同然ってこと……！？\nなのに、こんな苦しいなんて……！%K%P
%LC清佳
%LC清佳
「大丈夫。優しくするから。\n　お尻の入り口、たっぷりクチュクチュしてあげるわね？」%K%P
「大丈夫。優しくするから。\n　お尻の入り口、たっぷりクチュクチュしてあげるわね？」%K%P
%LC蛍
%LC蛍
「ふぁぁ……！　あ、あはぁん……！」%K%P
「ふぁぁ……！　あ、あはぁん……！」%K%P
その場で清佳ちゃんが腰をやらしく回して、\nお尻のつぼみをゆっくり広げてくる。%K%P
その場で清佳ちゃんが腰をやらしく回して、\nお尻のつぼみをゆっくり広げてくる。%K%P
ローションのヌルヌルが肛内に染みてきて……！\nんはぁ……！　入り口クチュクチュされるの気持ちいい。%K%P
ローションのヌルヌルが肛内に染みてきて……！\nんはぁ……！　入り口クチュクチュされるの気持ちいい。%K%P
%LC清佳
%LC清佳
「はぁ、はぁ……。蛍のつぼみがどんどん\n　ほぐれていってるのがわかるわ……」%K%P
「はぁ、はぁ……。蛍のつぼみがどんどん\n　ほぐれていってるのがわかるわ……」%K%P
%LC清佳
%LC清佳
「さっきまで固く閉じていたのに、ん、はぁ。\n　やらしい蜜を垂らしながらヒクヒクしてる……」%K%P
「さっきまで固く閉じていたのに、ん、はぁ。\n　やらしい蜜を垂らしながらヒクヒクしてる……」%K%P
%LC蛍
%LC蛍
「〜〜っっ！　し、知らない……！\n　あんまり、んはぁ、見ないでぇ……！」%K%P
「〜〜っっ！　し、知らない……！\n　あんまり、んはぁ、見ないでぇ……！」%K%P
%LC清佳
%LC清佳
「恥ずかしがる蛍も可愛い……。\n　もう少しだけ挿れるわね？」%K%P
「恥ずかしがる蛍も可愛い……。\n　もう少しだけ挿れるわね？」%K%P
%LC蛍
%LC蛍
「あっ……！！　あはぁぁ……！！」%K%P
「あっ……！！　あはぁぁ……！！」%K%P
ズプププぅ――と卑猥な水音を立てながら、\n清佳ちゃんのおちんちんが肛内に入ってくる。%K%P
ズプププぅ――と卑猥な水音を立てながら、\n清佳ちゃんのおちんちんが肛内に入ってくる。%K%P
それまでの微かな挿入感と違って、\nはっきりとおちんちんの熱さも太さも感じられて……！%K%P
それまでの微かな挿入感と違って、\nはっきりとおちんちんの熱さも太さも感じられて……！%K%P
%LC清佳
%LC清佳
「はぁはぁ……！　すごいわ……！\n　どんどん、んんっ、おちんちんが吸い込まれていく……」%K%P
「はぁはぁ……！　すごいわ……！\n　どんどん、んんっ、おちんちんが吸い込まれていく……」%K%P
%LC清佳
%LC清佳
「嬉しい……！　蛍が私のおちんちんを\n　欲しがってくれてるんだ……！」%K%P
「嬉しい……！　蛍が私のおちんちんを\n　欲しがってくれてるんだ……！」%K%P
%LC蛍
%LC蛍
「んぁああんっ……！　あっ、あああっっ……！！」%K%P
「んぁああんっ……！　あっ、あああっっ……！！」%K%P
き、気持ちいい……！！\n苦しいけど気持ちいい……！！%K%P
き、気持ちいい……！！\n苦しいけど気持ちいい……！！%K%P
清佳ちゃんのおちんちんで、\nわたしのアソコがいっぱいになってるのわかる……！%K%P
清佳ちゃんのおちんちんで、\nわたしのアソコがいっぱいになってるのわかる……！%K%P
清佳ちゃんのおちんちんが、\nわたしの小さい穴を広げてきてるのわかるぅ……！！%K%P
清佳ちゃんのおちんちんが、\nわたしの小さい穴を広げてきてるのわかるぅ……！！%K%P
%LC清佳
%LC清佳
「んっ――はぁ…………！」%K%P
「んっ――はぁ…………！」%K%P
%LC蛍
%LC蛍
「んひっ……！！　んぁぁぁ……！！」%K%P
「んひっ……！！　んぁぁぁ……！！」%K%P
不意に――清佳ちゃんの腰がわたしのお尻に触れた。\nこ、これってつまり――%K%P
不意に――清佳ちゃんの腰がわたしのお尻に触れた。\nこ、これってつまり――%K%P
%LC清佳
%LC清佳
「全部、はぁはぁ、入ったわ、蛍……。\n　蛍の初めて、えへへ、もらっちゃった……」%K%P
「全部、はぁはぁ、入ったわ、蛍……。\n　蛍の初めて、えへへ、もらっちゃった……」%K%P
%LC蛍
%LC蛍
「はぁはぁはぁはぁ……！！　んはぁ……！！」%K%P
「はぁはぁはぁはぁ……！！　んはぁ……！！」%K%P
息をするだけでお腹が震えて……！！\n肛内でおちんちんが擦れて感じちゃ……！！%K%P
息をするだけでお腹が震えて……！！\n肛内でおちんちんが擦れて感じちゃ……！！%K%P
は、入ってるっ……！！　わたしのお尻の中に、\n硬いのが、太いのが、あぁ、確かに入ってるぅ……！！%K%P
は、入ってるっ……！！　わたしのお尻の中に、\n硬いのが、太いのが、あぁ、確かに入ってるぅ……！！%K%P
%LC清佳
%LC清佳
「はぁはぁ、動いていい……？\n　そんな顔見せられたら我慢できないわ」%K%P
「はぁはぁ、動いていい……？\n　そんな顔見せられたら我慢できないわ」%K%P
%LC蛍
%LC蛍
「ダ、ダメっ、ちょっと待っ――」%K%P
「ダ、ダメっ、ちょっと待っ――」%K%P
――だけど、わたしの静止も聞かず、\n清佳ちゃんはおもむろに腰を動かして。%K%P
――だけど、わたしの静止も聞かず、\n清佳ちゃんはおもむろに腰を動かして。%K%P
%LC蛍
%LC蛍
「あはぁあんっ……！！　あぁっ、んはぁ……！！\n　ふぁっ、あああっっ……！！！」%K%P
「あはぁあんっ……！！　あぁっ、んはぁ……！！\n　ふぁっ、あああっっ……！！！」%K%P
ヌ、ヌルヌルがお尻の中で動いてるぅ……！！\nはふぁ、き、気持ちいいっ、熱いぃ……！！%K%P
ヌ、ヌルヌルがお尻の中で動いてるぅ……！！\nはふぁ、き、気持ちいいっ、熱いぃ……！！%K%P
%LC清佳
%LC清佳
「痛くないかしらって……ふふ、聞くまでもなさそう。\n　おちんちん、気持ちいいんだ？」%K%P
「痛くないかしらって……ふふ、聞くまでもなさそう。\n　おちんちん、気持ちいいんだ？」%K%P
%LC蛍
%LC蛍
「〜〜っっ！　そ、それは――あぁん、ふぁ……！」%K%P
「〜〜っっ！　そ、それは――あぁん、ふぁ……！」%K%P
恥ずかしくて誤魔化そうとするけれど、\nどうしても嬌声が漏れてしまってそれが答えになる。%K%P
恥ずかしくて誤魔化そうとするけれど、\nどうしても嬌声が漏れてしまってそれが答えになる。%K%P
%LC清佳
%LC清佳
「はぁ、はぁ、いいのよ？　たっぷり感じて……？\n　じっくりじっくり私のおちんちん味わって？」%K%P
「はぁ、はぁ、いいのよ？　たっぷり感じて……？\n　じっくりじっくり私のおちんちん味わって？」%K%P
%LC清佳
%LC清佳
「私も、はぁはぁ、蛍のおまんこ、\n　いっぱい味わうから」%K%P
「私も、はぁはぁ、蛍のおまんこ、\n　いっぱい味わうから」%K%P
%LC蛍
%LC蛍
「ふぁぁぁ……！！　あはぁあん……！！　あぁ……！！」%K%P
「ふぁぁぁ……！！　あはぁあん……！！　あぁ……！！」%K%P
おちんちんがゆっくり抜き挿しされるのがわかる……！\n動かれると、んぁ、力が入っちゃってっ……！！%K%P
おちんちんがゆっくり抜き挿しされるのがわかる……！\n動かれると、んぁ、力が入っちゃってっ……！！%K%P
%LC蛍
%LC蛍
「あ、あひっ！！！　あはっ！！　んんっ！！」%K%P
「あ、あひっ！！！　あはっ！！　んんっ！！」%K%P
キュっと肛門が締まると、もろにおちんちんが……！！\nさっきよりも強く擦れてゾワゾワするぅ……！！%K%P
キュっと肛門が締まると、もろにおちんちんが……！！\nさっきよりも強く擦れてゾワゾワするぅ……！！%K%P
感じちゃうとさらに締めちゃって――んひぃ！！\nよりいっそうゾワゾワしちゃってぇ……！！%K%P
感じちゃうとさらに締めちゃって――んひぃ！！\nよりいっそうゾワゾワしちゃってぇ……！！%K%P
%LC蛍
%LC蛍
「んはぁっ……！！　あぁぁぁ…………！！！\n　あっ、あぁぁっっ……！！」%K%P
「んはぁっ……！！　あぁぁぁ…………！！！\n　あっ、あぁぁっっ……！！」%K%P
%LC清佳
%LC清佳
「蛍ったら、そんなに窓にしがみついちゃって。\n　ふふ、本当に外から見えちゃうかも」%K%P
「蛍ったら、そんなに窓にしがみついちゃって。\n　ふふ、本当に外から見えちゃうかも」%K%P
%LC蛍
%LC蛍
「〜〜っっ！！」%K%P
「〜〜っっ！！」%K%P
そ、そうだっ……！！　今わたし、観覧車の中で……！\nあぁ、ち、地上の人が見える……！%K%P
そ、そうだっ……！！　今わたし、観覧車の中で……！\nあぁ、ち、地上の人が見える……！%K%P
%LC清佳
%LC清佳
「蛍がその気なら、んっ、はぁ、見せつけてあげましょ？\n　私たちのラブラブっぷりを、ね？」%K%P
「蛍がその気なら、んっ、はぁ、見せつけてあげましょ？\n　私たちのラブラブっぷりを、ね？」%K%P
%LC蛍
%LC蛍
「あっ、んぁっ、あぁっ……！！\n　ダ、ダメっ、あああっ、恥ずかしいっ……！！」%K%P
「あっ、んぁっ、あぁっ……！！\n　ダ、ダメっ、あああっ、恥ずかしいっ……！！」%K%P
%LC蛍
%LC蛍
「ホントに見られちゃうっ……！！\n　見上げられたら、あっ、あっ、見えちゃうからぁ……！」%K%P
「ホントに見られちゃうっ……！！\n　見上げられたら、あっ、あっ、見えちゃうからぁ……！」%K%P
いくら観覧車の一番上にいると言っても、\n見上げられたらはっきり見えちゃう……！%K%P
いくら観覧車の一番上にいると言っても、\n見上げられたらはっきり見えちゃう……！%K%P
別のゴンドラだってあるんだ。中に人がいるのも見える。\nも、もしあの人たちがこっちを向いたら――%K%P
別のゴンドラだってあるんだ。中に人がいるのも見える。\nも、もしあの人たちがこっちを向いたら――%K%P
%LC清佳
%LC清佳
「んんっっ……！！　すごい、締まりっ……！！\n　めいっぱい腰を振らなきゃ抜き挿しできないくらいっ」%K%P
「んんっっ……！！　すごい、締まりっ……！！\n　めいっぱい腰を振らなきゃ抜き挿しできないくらいっ」%K%P
%LC清佳
%LC清佳
「蛍ったら変態ね？　人に見られると思ったら、\n　はぁはぁ、興奮しちゃうんだ？」%K%P
「蛍ったら変態ね？　人に見られると思ったら、\n　はぁはぁ、興奮しちゃうんだ？」%K%P
%LC蛍
%LC蛍
「〜〜っっ！！　ち、違うのっ、あはぁんっ……！！\n　恥ずかしいってだけでっ、興奮なんかしてなくて……！」%K%P
「〜〜っっ！！　ち、違うのっ、あはぁんっ……！！\n　恥ずかしいってだけでっ、興奮なんかしてなくて……！」%K%P
%LC清佳
%LC清佳
「はぁはぁっ、その恥ずかしいのが気持ちいいんでしょ？\n　お尻の中、んんっ、すっごくキュンキュンしてる」%K%P
「はぁはぁっ、その恥ずかしいのが気持ちいいんでしょ？\n　お尻の中、んんっ、すっごくキュンキュンしてる」%K%P
%LC清佳
%LC清佳
「私まで、はぁ、はぁっ、興奮しちゃうっ……！！」%K%P
「私まで、はぁ、はぁっ、興奮しちゃうっ……！！」%K%P
%LC蛍
%LC蛍
「あぁっ！！？　ダ、ダメっ、いま激しくされたら――」%K%P
「あぁっ！！？　ダ、ダメっ、いま激しくされたら――」%K%P
腰を溜めたのを察して止めようとする。\nでも、やっぱり清佳ちゃんは止まらなくて――%K%P
腰を溜めたのを察して止めようとする。\nでも、やっぱり清佳ちゃんは止まらなくて――%K%P
%LC蛍
%LC蛍
「あひぃあああああっっ！！？　あはぁあんっ！！\n　あぁっ！！　あっ、あっ、ああぁぁっっ〜〜！！」%K%P
「あひぃあああああっっ！！？　あはぁあんっ！！\n　あぁっ！！　あっ、あっ、ああぁぁっっ〜〜！！」%K%P
お、お尻が焼けるぅっっ！！\n激ひっ……！！　ズボズボしゅごいっ……！！%K%P
お、お尻が焼けるぅっっ！！\n激ひっ……！！　ズボズボしゅごいっ……！！%K%P
ギュウギュウに締めた肛門が無理やりこじ開けられてっ！\n身体の内側から、あああっ、えぐられてっっ……！！%K%P
ギュウギュウに締めた肛門が無理やりこじ開けられてっ！\n身体の内側から、あああっ、えぐられてっっ……！！%K%P
なのに、気持ちいいっっ！！\nおちんちんズボズボされるの気持ちいいよぉ……！！%K%P
なのに、気持ちいいっっ！！\nおちんちんズボズボされるの気持ちいいよぉ……！！%K%P
%LC清佳
%LC清佳
「はぁはぁ、春樹くんの言う通りだわ……！！」%K%P
「はぁはぁ、春樹くんの言う通りだわ……！！」%K%P
%LC清佳
%LC清佳
「優しくしようと思ってるのに、はぁはぁっ！\n　蛍のエッチな声聞いてたら、もうっ……！！」%K%P
「優しくしようと思ってるのに、はぁはぁっ！\n　蛍のエッチな声聞いてたら、もうっ……！！」%K%P
%LC蛍
%LC蛍
「んひぃんっ！！　あはぁんっ！！\n　あっ、はぁっ、あぁぁっっ！！」%K%P
「んひぃんっ！！　あはぁんっ！！\n　あっ、はぁっ、あぁぁっっ！！」%K%P
グラグラとゴンドラが揺れるほど、\n清佳ちゃんが勢いよくピストンしてくる。%K%P
グラグラとゴンドラが揺れるほど、\n清佳ちゃんが勢いよくピストンしてくる。%K%P
どんどん窓に押しつけられていってっ……！！\nああああっっ！！　より奥に入ってくるぅっっ……！！%K%P
どんどん窓に押しつけられていってっ……！！\nああああっっ！！　より奥に入ってくるぅっっ……！！%K%P
%LC蛍
%LC蛍
「ダ、ダメぇっ、もっとゆっくりっ、あああっ、\n　ゆっくりしてぇっっ……！！」%K%P
「ダ、ダメぇっ、もっとゆっくりっ、あああっ、\n　ゆっくりしてぇっっ……！！」%K%P
%LC蛍
%LC蛍
「バ、バレちゃうっ！！　外の人に、あっ、あっ！！\n　ホントにバレちゃうっっ……！！」%K%P
「バ、バレちゃうっ！！　外の人に、あっ、あっ！！\n　ホントにバレちゃうっっ……！！」%K%P
%LC蛍
%LC蛍
「こんなにゴンドラ揺らしてたら、ふぁあああっっ！！\n　みんな見ちゃうってばぁっっ……！！！」%K%P
「こんなにゴンドラ揺らしてたら、ふぁあああっっ！！\n　みんな見ちゃうってばぁっっ……！！！」%K%P
%LC清佳
%LC清佳
「もし見られても、はぁはぁっ、大丈夫よっ……！！\n　降りる前に男の服に着替えれば別人だと思われるしっ！」%K%P
「もし見られても、はぁはぁっ、大丈夫よっ……！！\n　降りる前に男の服に着替えれば別人だと思われるしっ！」%K%P
%LC蛍
%LC蛍
「そんなに上手くいかな――あっ、あっ、あっ、んぁ！！」%K%P
「そんなに上手くいかな――あっ、あっ、あっ、んぁ！！」%K%P
%LC清佳
%LC清佳
「蛍こそっ、はぁはぁっ、さっきより大声で\n　喘いでるじゃないっ。本当は見られたいんじゃないの？」%K%P
「蛍こそっ、はぁはぁっ、さっきより大声で\n　喘いでるじゃないっ。本当は見られたいんじゃないの？」%K%P
%LC蛍
%LC蛍
「ち、ちがっ、これは――あひぃいんっっ！！\n　おちんちんがぁ、ああ、気持ち良すぎてっ……！！」%K%P
「ち、ちがっ、これは――あひぃいんっっ！！\n　おちんちんがぁ、ああ、気持ち良すぎてっ……！！」%K%P
%LC蛍
%LC蛍
「我慢できなっ、あはぁんっ、あぁぁああっっ！！\n　エッチな声、んぁ、ふぁああ、勝手に出ちゃ……！！」%K%P
「我慢できなっ、あはぁんっ、あぁぁああっっ！！\n　エッチな声、んぁ、ふぁああ、勝手に出ちゃ……！！」%K%P
ズボズボされるのって、ああああっっ、\nこんなに気持ち良かったんだっ……！！%K%P
ズボズボされるのって、ああああっっ、\nこんなに気持ち良かったんだっ……！！%K%P
お尻の中、蹂躙されてるだけなのにっ、\n身体中がビクビクして、頭の中へんになってぇ……！！%K%P
お尻の中、蹂躙されてるだけなのにっ、\n身体中がビクビクして、頭の中へんになってぇ……！！%K%P
%LC清佳
%LC清佳
「ゴンドラの揺れより、はぁはぁっ！！\n　蛍の声の方がよっぽど目立つわよっ？」%K%P
「ゴンドラの揺れより、はぁはぁっ！！\n　蛍の声の方がよっぽど目立つわよっ？」%K%P
%LC清佳
%LC清佳
「そのまま喘ぎ続けたら、絶対バレちゃうわ……！！」%K%P
「そのまま喘ぎ続けたら、絶対バレちゃうわ……！！」%K%P
%LC蛍
%LC蛍
「わかってるっ、わかってるけどぉっっ……！！」%K%P
「わかってるっ、わかってるけどぉっっ……！！」%K%P
必死に声を押し殺そうとしながら、\n地上を、眼下のゴンドラを見やる。%K%P
必死に声を押し殺そうとしながら、\n地上を、眼下のゴンドラを見やる。%K%P
はぁはぁ、あ、あの女の人、\nなんだか不思議そうに顔を振ってっ……！！%K%P
はぁはぁ、あ、あの女の人、\nなんだか不思議そうに顔を振ってっ……！！%K%P
き、気づかれかけてるっ……！！\n変な声聞こえるって思われちゃってるっ……！！%K%P
き、気づかれかけてるっ……！！\n変な声聞こえるって思われちゃってるっ……！！%K%P
%LC蛍
%LC蛍
「あっ――あぁあんっ！！　あはぁあああんっ！！」%K%P
「あっ――あぁあんっ！！　あはぁあああんっ！！」%K%P
〜〜っっ！！　どうしてわたし、大声で喘いでっ……！？%K%P
〜〜っっ！！　どうしてわたし、大声で喘いでっ……！？%K%P
バ、バレそうなのにっ、あっ、あっ、あっ！！\nエッチしてるところ、見られそうなのにぃっ……！！%K%P
バ、バレそうなのにっ、あっ、あっ、あっ！！\nエッチしてるところ、見られそうなのにぃっ……！！%K%P
%LC蛍
%LC蛍
「んはぁんっ！！　あはぁっ！！　あっ、んっ、あっ！！」%K%P
「んはぁんっ！！　あはぁっ！！　あっ、んっ、あっ！！」%K%P
ダメっ、ダメダメダメっっ！！\n首上げてるっ、振り返られたらバレるぅぅっっ！！%K%P
ダメっ、ダメダメダメっっ！！\n首上げてるっ、振り返られたらバレるぅぅっっ！！%K%P
あぁ、もう無理っ、振り向くっ……！！\nあの人、振り向いちゃっ、ああっ、見るっ、見られる――%K%P
あぁ、もう無理っ、振り向くっ……！！\nあの人、振り向いちゃっ、ああっ、見るっ、見られる――%K%P
%LC蛍
%LC蛍
「くっ――はぁあああああああんんんっっ〜〜！！！」%K%P
「くっ――はぁあああああああんんんっっ〜〜！！！」%K%P
女性と目が合った瞬間――\nとてつもない快感が身体中に押し寄せた。%K%P
女性と目が合った瞬間――\nとてつもない快感が身体中に押し寄せた。%K%P
蕩けた顔で窓におっぱいを押しつけながら、\nわたしは目を見開いた女性の顔を見つめてしまっていた。%K%P
蕩けた顔で窓におっぱいを押しつけながら、\nわたしは目を見開いた女性の顔を見つめてしまっていた。%K%P
キ、キモチイイ……！！%K%P
キ、キモチイイ……！！%K%P
%LC蛍
%LC蛍
「あぁんっ、あはぁっ、んはぁっ、あぁっ……！！\n　もっと、あはぁ、もっと突いてぇっ……！！」%K%P
「あぁんっ、あはぁっ、んはぁっ、あぁっ……！！\n　もっと、あはぁ、もっと突いてぇっ……！！」%K%P
%LC蛍
%LC蛍
「わたしのお尻っ、あぁ、ぶっといおちんちんで\n　ズボズボしてぇっっ……！！」%K%P
「わたしのお尻っ、あぁ、ぶっといおちんちんで\n　ズボズボしてぇっっ……！！」%K%P
頭の回路が焼き切れて、おねだりまでしてしまう。\nこのキモチイイの、もっと感じたいっ……！！%K%P
頭の回路が焼き切れて、おねだりまでしてしまう。\nこのキモチイイの、もっと感じたいっ……！！%K%P
%LC清佳
%LC清佳
「はぁはぁっ、蛍の変態っ……♪\n　でも、可愛いっ、今の蛍、すごく可愛いわ……！！」%K%P
「はぁはぁっ、蛍の変態っ……♪\n　でも、可愛いっ、今の蛍、すごく可愛いわ……！！」%K%P
%LC清佳
%LC清佳
「いいわよっ、心行くまで突いてあげる……！\n　私のおちんちんで、もっと変態にしてあげるから……！」%K%P
「いいわよっ、心行くまで突いてあげる……！\n　私のおちんちんで、もっと変態にしてあげるから……！」%K%P
%LC蛍
%LC蛍
「あはぁっ！！　あぁあんっ！！\n　あっ、はぁっ、んぁっ、ああぁぁあっっ〜〜！！」%K%P
「あはぁっ！！　あぁあんっ！！\n　あっ、はぁっ、んぁっ、ああぁぁあっっ〜〜！！」%K%P
私の身体を浮き上がらせるほど強く、\n清佳ちゃんがわたしのおまんこを突き上げてくれる。%K%P
私の身体を浮き上がらせるほど強く、\n清佳ちゃんがわたしのおまんこを突き上げてくれる。%K%P
あはぁっ、キモチイイっっ……！！\n立ってられないぃっっ……！！%K%P
あはぁっ、キモチイイっっ……！！\n立ってられないぃっっ……！！%K%P
%LC蛍
%LC蛍
「もっとぉっ、あっ、あっ、あっ！！\n　もっとしてっ、もっと突いてぇっっ……！！」%K%P
「もっとぉっ、あっ、あっ、あっ！！\n　もっとしてっ、もっと突いてぇっっ……！！」%K%P
ガクつく膝で立つのを諦めて窓に身体を完全に預ける。\n乳首が、あぁ、窓で擦れてキモチイイっ……！！%K%P
ガクつく膝で立つのを諦めて窓に身体を完全に預ける。\n乳首が、あぁ、窓で擦れてキモチイイっ……！！%K%P
イ、イっちゃいそうっっ……！！\nわたしのおちんちんも、あああっ、腫れ上がって……！！%K%P
イ、イっちゃいそうっっ……！！\nわたしのおちんちんも、あああっ、腫れ上がって……！！%K%P
%LC清佳
%LC清佳
「蛍の顔っ、はぁはぁっ、物凄くえっちい……！！\n　写真に収めておきたいくらいっ……！！」%K%P
「蛍の顔っ、はぁはぁっ、物凄くえっちい……！！\n　写真に収めておきたいくらいっ……！！」%K%P
%LC清佳
%LC清佳
「観覧車から降りた後っ、はぁはぁっ、\n　周りの人に尋ねてみようかしら……！\n　撮ってる人が、ふふ、いるかもしれないしっ……！」%K%P
「観覧車から降りた後っ、はぁはぁっ、\n　周りの人に尋ねてみようかしら……！\n　撮ってる人が、ふふ、いるかもしれないしっ……！」%K%P
%LC蛍
%LC蛍
「〜〜〜〜〜〜っっ！！！」%K%P
「〜〜〜〜〜〜っっ！！！」%K%P
羞恥心を煽るような清佳ちゃんの言葉も\nもはやハッキリと快感に変換されてしまう。%K%P
羞恥心を煽るような清佳ちゃんの言葉も\nもはやハッキリと快感に変換されてしまう。%K%P
わたしの痴態がこっそり撮られてるかと思うと――\nあぁあああんっ！！　もっと発情しちゃって……！！%K%P
わたしの痴態がこっそり撮られてるかと思うと――\nあぁあああんっ！！　もっと発情しちゃって……！！%K%P
%LC蛍
%LC蛍
「あぁっ、イくっ、んはぁああっ、イっちゃうっ……！！」%K%P
「あぁっ、イくっ、んはぁああっ、イっちゃうっ……！！」%K%P
%LC蛍
%LC蛍
「キモチイイっ、ああぁっ、恥ずかしいのも、\n　おちんちんもっ、あっ、あっ、お尻もぉ……！！」%K%P
「キモチイイっ、ああぁっ、恥ずかしいのも、\n　おちんちんもっ、あっ、あっ、お尻もぉ……！！」%K%P
身体中が弾けそうっ……！！\nこんなの初めてっ……！！%K%P
身体中が弾けそうっ……！！\nこんなの初めてっ……！！%K%P
%LC蛍
%LC蛍
「清佳ちゃんっ、もっと奥っ、奥突いてぇっっ……！！」%K%P
「清佳ちゃんっ、もっと奥っ、奥突いてぇっっ……！！」%K%P
%LC蛍
%LC蛍
「グリグリしてぇっ、わたしのお尻、あっ、あっ！！\n　かき回してっ、おちんちんで引っ掻いてぇっっ……！！」%K%P
「グリグリしてぇっ、わたしのお尻、あっ、あっ！！\n　かき回してっ、おちんちんで引っ掻いてぇっっ……！！」%K%P
%LC清佳
%LC清佳
「はぁはぁっ！！　か、可愛いっ、エッチぃ……！！」%K%P
「はぁはぁっ！！　か、可愛いっ、エッチぃ……！！」%K%P
%LC蛍
%LC蛍
「あ゛ぁああっ！！　あ゛はぁっ、ああああっっ♪」%K%P
「あ゛ぁああっ！！　あ゛はぁっ、ああああっっ♪」%K%P
さっきの人、あはぁ、こっちチラチラ見てる……！！\nキモチイイっ、あぁ、もっと、もっと見てぇ……！！%K%P
さっきの人、あはぁ、こっちチラチラ見てる……！！\nキモチイイっ、あぁ、もっと、もっと見てぇ……！！%K%P
%LC蛍
%LC蛍
「あぁ、イくっ、んぁあああっ、イくイくイくぅぅ！！」%K%P
「あぁ、イくっ、んぁあああっ、イくイくイくぅぅ！！」%K%P
%LC蛍
%LC蛍
「み、見られてるのにっ、ああああっっ！！\n　エッチな声聞かれてるのにっ、あっ、あっ！！」%K%P
「み、見られてるのにっ、ああああっっ！！\n　エッチな声聞かれてるのにっ、あっ、あっ！！」%K%P
%LC蛍
%LC蛍
「わたしっ、あはっ、あはぁっ、あははぁっっ！！\n　わたしぃぃっっ……！！！」%K%P
「わたしっ、あはっ、あはぁっ、あははぁっっ！！\n　わたしぃぃっっ……！！！」%K%P
そして――ガタンとゴンドラが動き始めた、\nその瞬間だった。%K%P
そして――ガタンとゴンドラが動き始めた、\nその瞬間だった。%K%P
%LC蛍
%LC蛍
「イ゛っ――くぅぅぅぅんんんんんんっっ〜〜！！！！」%K%P
「イ゛っ――くぅぅぅぅんんんんんんっっ〜〜！！！！」%K%P
これまで出したこともない量の精液が\nスカートの中でぶちまけられる。%K%P
これまで出したこともない量の精液が\nスカートの中でぶちまけられる。%K%P
そのあまりの精液量にたちまちスカートから\n精子が垂れ落ちて、ショーツや太ももを淫らに濡らした。%K%P
そのあまりの精液量にたちまちスカートから\n精子が垂れ落ちて、ショーツや太ももを淫らに濡らした。%K%P
%LC蛍
%LC蛍
「はぁ、はぁ、はぁ……♪　キ、キモチイイ……♪」%K%P
「はぁ、はぁ、はぁ……♪　キ、キモチイイ……♪」%K%P
お尻でイって、おちんちんでもイって、\n二つのオーガニズムを同時に感じて。%K%P
お尻でイって、おちんちんでもイって、\n二つのオーガニズムを同時に感じて。%K%P
頭の中、はぁはぁ、もうトロトロ……♪\nこ、こんなにキモチイイの初めてぇ……♪%K%P
頭の中、はぁはぁ、もうトロトロ……♪\nこ、こんなにキモチイイの初めてぇ……♪%K%P
%LC清佳
%LC清佳
「想像以上に、はぁはぁ、乱れてくれて……。\n　私もめちゃくちゃ興奮しちゃった……」%K%P
「想像以上に、はぁはぁ、乱れてくれて……。\n　私もめちゃくちゃ興奮しちゃった……」%K%P
%LC清佳
%LC清佳
「でも大丈夫かしら……。\n　蛍、戻ってこられそう……？」%K%P
「でも大丈夫かしら……。\n　蛍、戻ってこられそう……？」%K%P
%LC蛍
%LC蛍
「はぁ、はぁ、はぁ……♪」%K%P
「はぁ、はぁ、はぁ……♪」%K%P
%LC清佳
%LC清佳
「……ヤリ過ぎたかも……」%K%P
「……ヤリ過ぎたかも……」%K%P
まだお尻の中がキュンキュンしてる。\nあはぁ、おちんちんもビクビクしてて……♪%K%P
まだお尻の中がキュンキュンしてる。\nあはぁ、おちんちんもビクビクしてて……♪%K%P
このキモチイイの、ずっと感じていたい……♪%K%P
このキモチイイの、ずっと感じていたい……♪%K%P
