%LC蛍
%LC蛍
「一応……様子だけ見に行こう」%K%P
「一応……様子だけ見に行こう」%K%P
自分の世話を焼くより清佳ちゃんのもとへ急げと\nお姉ちゃんは言ってくれた。%K%P
自分の世話を焼くより清佳ちゃんのもとへ急げと\nお姉ちゃんは言ってくれた。%K%P
でももし、お姉ちゃんが倒れていたりなんかしたら\n――それこそ悔やんでも悔やみきれない。%K%P
でももし、お姉ちゃんが倒れていたりなんかしたら\n――それこそ悔やんでも悔やみきれない。%K%P
時間をロスすると言っても、ほんの数分程度だ。\nそれでお姉ちゃんの安全を確認できるのなら――%K%P
時間をロスすると言っても、ほんの数分程度だ。\nそれでお姉ちゃんの安全を確認できるのなら――%K%P
%LC蛍
%LC蛍
「どう、お姉ちゃん？　酔いは覚めた？」%K%P
「どう、お姉ちゃん？　酔いは覚めた？」%K%P
リビングの扉を開けながら呼びかける。%K%P
リビングの扉を開けながら呼びかける。%K%P
すると――%K%P
すると――%K%P
%LC千鶴
%LC千鶴
「うーひっく……。んあー……？\n　あっれー……、ほひゃりゅぅ……？」%K%P
「うーひっく……。んあー……？\n　あっれー……、ほひゃりゅぅ……？」%K%P
%LC蛍
%LC蛍
「――って！？　泥酔しちゃってるじゃない！」%K%P
「――って！？　泥酔しちゃってるじゃない！」%K%P
ともすれば僕まで酔ってしまいそうなほど\n濃厚なアルコールの匂いが香ってくる。%K%P
ともすれば僕まで酔ってしまいそうなほど\n濃厚なアルコールの匂いが香ってくる。%K%P
さっきよりも、よっぽど酷い。%K%P
さっきよりも、よっぽど酷い。%K%P
%LC千鶴
%LC千鶴
「どーひへ、ほたりゅがいりゅのー……？\n　清佳ひゃんのトコ、行っひゃんじゃぁ……？」%K%P
「どーひへ、ほたりゅがいりゅのー……？\n　清佳ひゃんのトコ、行っひゃんじゃぁ……？」%K%P
%LC蛍
%LC蛍
「出かける前に一応様子を見に来たの。\n　良かったよ、そのまま出て行かないで」%K%P
「出かける前に一応様子を見に来たの。\n　良かったよ、そのまま出て行かないで」%K%P
%LC蛍
%LC蛍
「全くもう。まさかあれからずっと飲んでたの？\n　今日はもうお酒飲んじゃダメって言ったのに」%K%P
「全くもう。まさかあれからずっと飲んでたの？\n　今日はもうお酒飲んじゃダメって言ったのに」%K%P
%LC蛍
%LC蛍
「また派手にお酒もこぼしちゃって――\n　えと、タオルタオル――」%K%P
「また派手にお酒もこぼしちゃって――\n　えと、タオルタオル――」%K%P
%LC千鶴
%LC千鶴
「――バ、バカぁ……。あたひのこひょなんへ、\n　放っておいへいいっへばぁ……！」%K%P
「――バ、バカぁ……。あたひのこひょなんへ、\n　放っておいへいいっへばぁ……！」%K%P
%LC千鶴
%LC千鶴
「清佳ひゃんのトコ行きなよ……！\n　清佳ひゃん、ずっひょ待っへりゅよ？」%K%P
「清佳ひゃんのトコ行きなよ……！\n　清佳ひゃん、ずっひょ待っへりゅよ？」%K%P
%LC蛍
%LC蛍
「そう思うなら飲まないでよ……。こんな状態の\n　お姉ちゃんを一人にしておけるわけないじゃない」%K%P
「そう思うなら飲まないでよ……。こんな状態の\n　お姉ちゃんを一人にしておけるわけないじゃない」%K%P
%LC千鶴
%LC千鶴
「だ、だかりゃ、らいじょうぶだっへばぁ……！\n　一人で、んぁ、歩けりゅし――」%K%P
「だ、だかりゃ、らいじょうぶだっへばぁ……！\n　一人で、んぁ、歩けりゅし――」%K%P
%LC蛍
%LC蛍
「――ちょっ！　ダメだって！\n　そんなに酔ってるのに立ち上がろうとしたら――」%K%P
「――ちょっ！　ダメだって！\n　そんなに酔ってるのに立ち上がろうとしたら――」%K%P
%LC千鶴
%LC千鶴
「ふぁっ！？」%K%P
「ふぁっ！？」%K%P
%LC蛍
%LC蛍
「危ないっ！」%K%P
「危ないっ！」%K%P
フラフラと立ち上がった途端、すぐに足をもつれさせて\nお姉ちゃんがまたしても床へ尻餅をつく。%K%P
フラフラと立ち上がった途端、すぐに足をもつれさせて\nお姉ちゃんがまたしても床へ尻餅をつく。%K%P
%LC千鶴
%LC千鶴
「あ、あれ……。どーしへ、あたひ、\n　まひゃ座っへりゅの……？」%K%P
「あ、あれ……。どーしへ、あたひ、\n　まひゃ座っへりゅの……？」%K%P
%LC蛍
%LC蛍
「も、もうっ。無茶しないでってば……！\n　怪我したらどうするのさ……！」%K%P
「も、もうっ。無茶しないでってば……！\n　怪我したらどうするのさ……！」%K%P
%LC千鶴
%LC千鶴
「うっ……。ごめんなひゃい……」%K%P
「うっ……。ごめんなひゃい……」%K%P
%LC蛍
%LC蛍
「わかったら、じっとしてて。\n　身体を拭いたらお部屋まで連れて行ってあげるから」%K%P
「わかったら、じっとしてて。\n　身体を拭いたらお部屋まで連れて行ってあげるから」%K%P
%LC千鶴
%LC千鶴
「れ、れも、ほたりゅには清佳ひゃんとのデートが……」%K%P
「れ、れも、ほたりゅには清佳ひゃんとのデートが……」%K%P
%LC蛍
%LC蛍
「遅れるって連絡しておくよ。\n　それより大丈夫？　お尻痛くない？」%K%P
「遅れるって連絡しておくよ。\n　それより大丈夫？　お尻痛くない？」%K%P
%LC千鶴
%LC千鶴
「う……うん……」%K%P
「う……うん……」%K%P
お姉ちゃんがガックンガックンと大きく頷く。\nはぁ……まともに首も振れないくらい酔っ払っちゃって。%K%P
お姉ちゃんがガックンガックンと大きく頷く。\nはぁ……まともに首も振れないくらい酔っ払っちゃって。%K%P
肩をすくめつつ、お姉ちゃんの身体を拭いていく。\n着替えも持ってこなくちゃ。その前にお水かな。%K%P
肩をすくめつつ、お姉ちゃんの身体を拭いていく。\n着替えも持ってこなくちゃ。その前にお水かな。%K%P
%LC千鶴
%LC千鶴
「……ごめんね……」%K%P
「……ごめんね……」%K%P
%LC蛍
%LC蛍
「うん？」%K%P
「うん？」%K%P
%LC千鶴
%LC千鶴
「ごめんね……春樹。\n　あたひ、春樹に迷惑ばっかりかけてりゅよね……」%K%P
「ごめんね……春樹。\n　あたひ、春樹に迷惑ばっかりかけてりゅよね……」%K%P
不意にお姉ちゃんがしおらしく謝ってくる。%K%P
不意にお姉ちゃんがしおらしく謝ってくる。%K%P
珍しく落ち込んでるのかな……？\n蛍姿なのに、僕の名前呼んできてるし……。%K%P
珍しく落ち込んでるのかな……？\n蛍姿なのに、僕の名前呼んできてるし……。%K%P
%LC蛍
%LC蛍
「お互い様だってば。さっきは僕の方が\n　迷惑かけちゃってたもん」%K%P
「お互い様だってば。さっきは僕の方が\n　迷惑かけちゃってたもん」%K%P
%LC千鶴
%LC千鶴
「ううん……。あたひのほーがよっぽど\n　迷惑かけっちゃっへりゅよ……」%K%P
「ううん……。あたひのほーがよっぽど\n　迷惑かけっちゃっへりゅよ……」%K%P
%LC千鶴
%LC千鶴
「春樹の大切にゃデート、邪魔しへ……。\n　足ひっぱっへ……」%K%P
「春樹の大切にゃデート、邪魔しへ……。\n　足ひっぱっへ……」%K%P
%LC千鶴
%LC千鶴
「そもそも、あたひが春樹を女装させたりなんか\n　したかりゃ……いらない悩みを抱かせへ……」%K%P
「そもそも、あたひが春樹を女装させたりなんか\n　したかりゃ……いらない悩みを抱かせへ……」%K%P
%LC蛍
%LC蛍
「お姉ちゃん……」%K%P
「お姉ちゃん……」%K%P
%LC千鶴
%LC千鶴
「ごめんね……。ごめん……」%K%P
「ごめんね……。ごめん……」%K%P
こんなに弱々しいお姉ちゃんを見るのは久しぶりだ。%K%P
こんなに弱々しいお姉ちゃんを見るのは久しぶりだ。%K%P
あの時……以来かな。\nそういえば、あの頃からだっけ。%K%P
あの時……以来かな。\nそういえば、あの頃からだっけ。%K%P
お姉ちゃんが何故か事あるごとに\n僕を女装させるようになったのは。%K%P
お姉ちゃんが何故か事あるごとに\n僕を女装させるようになったのは。%K%P
%LC蛍
%LC蛍
「謝らなくていいよ。\n　このくらい、いつものことじゃない」%K%P
「謝らなくていいよ。\n　このくらい、いつものことじゃない」%K%P
%LC蛍
%LC蛍
「確かにデートには遅れるかもしれないけど、\n　事情を話せば清佳ちゃんも納得してくれると思うし」%K%P
「確かにデートには遅れるかもしれないけど、\n　事情を話せば清佳ちゃんも納得してくれると思うし」%K%P
%LC蛍
%LC蛍
「女装のことだって……そりゃ何度も嫌だと思ったけど、\n　おかげで清佳ちゃんと仲良くなれたわけだし……」%K%P
「女装のことだって……そりゃ何度も嫌だと思ったけど、\n　おかげで清佳ちゃんと仲良くなれたわけだし……」%K%P
%LC千鶴
%LC千鶴
「春樹……」%K%P
「春樹……」%K%P
%LC蛍
%LC蛍
「それに……清佳ちゃんかお姉ちゃんを選べって\n　言われたら、僕はきっとお姉ちゃんを選ぶから」%K%P
「それに……清佳ちゃんかお姉ちゃんを選べって\n　言われたら、僕はきっとお姉ちゃんを選ぶから」%K%P
%LC千鶴
%LC千鶴
「え……？」%K%P
「え……？」%K%P
%LC蛍
%LC蛍
「それくらい僕はお姉ちゃんを大切に想ってるってこと。\n　感謝もしてるし、困ってる時は助けたいと思ってる」%K%P
「それくらい僕はお姉ちゃんを大切に想ってるってこと。\n　感謝もしてるし、困ってる時は助けたいと思ってる」%K%P
%LC蛍
%LC蛍
「振り回されることも多いけど、\n　僕が落ち込んでる時はいつも相談に乗ってくれるし」%K%P
「振り回されることも多いけど、\n　僕が落ち込んでる時はいつも相談に乗ってくれるし」%K%P
%LC蛍
%LC蛍
「迷惑だなんて一度も思ったことないもん。\n　お姉ちゃんを好きだからこそ放っておけないんだよ？」%K%P
「迷惑だなんて一度も思ったことないもん。\n　お姉ちゃんを好きだからこそ放っておけないんだよ？」%K%P
%LC千鶴
%LC千鶴
「…………」%K%P
「…………」%K%P
励ましの言葉を聞いて、お姉ちゃんが押し黙る。%K%P
励ましの言葉を聞いて、お姉ちゃんが押し黙る。%K%P
ちょっとは元気出してもらえるといいな。\n落ち込んだ顔よりも、笑ってる顔の方が好きだから。%K%P
ちょっとは元気出してもらえるといいな。\n落ち込んだ顔よりも、笑ってる顔の方が好きだから。%K%P
%LC千鶴
%LC千鶴
「……だよ……」%K%P
「……だよ……」%K%P
%LC蛍
%LC蛍
「え？」%K%P
「え？」%K%P
%LC千鶴
%LC千鶴
「冗談でも……そんなこと言ったらダメだよ」%K%P
「冗談でも……そんなこと言ったらダメだよ」%K%P
%LC千鶴
%LC千鶴
「好きだなんて言われたら……あたし。\n　あたし――……」%K%P
「好きだなんて言われたら……あたし。\n　あたし――……」%K%P
%LC蛍
%LC蛍
「お姉、ちゃん？」%K%P
「お姉、ちゃん？」%K%P
%LC千鶴
%LC千鶴
「んっ……！　ちゅっ……！」%K%P
「んっ……！　ちゅっ……！」%K%P
――何が起こったのかわからなかった。%K%P
――何が起こったのかわからなかった。%K%P
気づけば、お姉ちゃんの顔が\n視界いっぱいに広がっていて。%K%P
気づけば、お姉ちゃんの顔が\n視界いっぱいに広がっていて。%K%P
酒気混じりの柔らかい何かが\n唇に押し当てられていて――%K%P
酒気混じりの柔らかい何かが\n唇に押し当てられていて――%K%P
%LC千鶴
%LC千鶴
「――んはぁ、はぁ、はぁ、はぁ」%K%P
「――んはぁ、はぁ、はぁ、はぁ」%K%P
お姉ちゃんの熱い吐息が顔に吹きかかってくる。\nその火照りに、アルコールの匂いに、頭がクラクラする。%K%P
お姉ちゃんの熱い吐息が顔に吹きかかってくる。\nその火照りに、アルコールの匂いに、頭がクラクラする。%K%P
%LC千鶴
%LC千鶴
「自分の気持ち、はぁ、はぁ……。\n　我慢できなくなっちゃう……」%K%P
「自分の気持ち、はぁ、はぁ……。\n　我慢できなくなっちゃう……」%K%P
%LC千鶴
%LC千鶴
「隠せなくなっちゃうよ――……」%K%P
「隠せなくなっちゃうよ――……」%K%P
%LC千鶴
%LC千鶴
「んっ……！　ちゅっ……！　んちゅぅっ……！！」%K%P
「んっ……！　ちゅっ……！　んちゅぅっ……！！」%K%P
お姉ちゃんががむしゃらに僕の唇を奪ってくる。%K%P
お姉ちゃんががむしゃらに僕の唇を奪ってくる。%K%P
僕は目の前が真っ白になりそうなほどの衝撃に、\n動揺してしまって。何も考えられなくて。%K%P
僕は目の前が真っ白になりそうなほどの衝撃に、\n動揺してしまって。何も考えられなくて。%K%P
熱のこもった唇の感触に、\nただただ惚けてしまうばかりで――%K%P
熱のこもった唇の感触に、\nただただ惚けてしまうばかりで――%K%P
%LC千鶴
%LC千鶴
「あたし……はぁ、はぁ……。\n　春樹が……好き……」%K%P
「あたし……はぁ、はぁ……。\n　春樹が……好き……」%K%P
%LC千鶴
%LC千鶴
「一人の男の子として……好き……」%K%P
「一人の男の子として……好き……」%K%P
%LC千鶴
%LC千鶴
「ずっと……ずっとずっと好きだった……。\n　小さい頃から、ずっとずっと……」%K%P
「ずっと……ずっとずっと好きだった……。\n　小さい頃から、ずっとずっと……」%K%P
%LC千鶴
%LC千鶴
「春樹が清佳ちゃんと出会う前から、\n　好きだったの……」%K%P
「春樹が清佳ちゃんと出会う前から、\n　好きだったの……」%K%P
コップに入れた水が溢れかえるかのように、\nお姉ちゃんが喋り続ける。%K%P
コップに入れた水が溢れかえるかのように、\nお姉ちゃんが喋り続ける。%K%P
好き――……%K%P
好き――……%K%P
%LC蛍
%LC蛍
「お姉ちゃんが、僕のことを……好き？」%K%P
「お姉ちゃんが、僕のことを……好き？」%K%P
%LC千鶴
%LC千鶴
「あ……っっ」%K%P
「あ……っっ」%K%P
ポツリと漏らした瞬間、\nお姉ちゃんは我に返ったかのように顔をしかめた。%K%P
ポツリと漏らした瞬間、\nお姉ちゃんは我に返ったかのように顔をしかめた。%K%P
唇を噛んで、今にも泣き出しそうなくらい、\n眉間にシワを寄せて俯く。%K%P
唇を噛んで、今にも泣き出しそうなくらい、\n眉間にシワを寄せて俯く。%K%P
何を口にすればいいかわからなかった。%K%P
何を口にすればいいかわからなかった。%K%P
沈黙が続けば続くほど気まずくなるとわかっているのに。\nだけど僕は自分が今どんな気持ちなのかもわからなくて。%K%P
沈黙が続けば続くほど気まずくなるとわかっているのに。\nだけど僕は自分が今どんな気持ちなのかもわからなくて。%K%P
声の出し方さえもわからなくなっていて――%K%P
声の出し方さえもわからなくなっていて――%K%P
%LC愛
%LC愛
「何を見つめ合っておられるのですか？」%K%P
「何を見つめ合っておられるのですか？」%K%P
不意打ちのようにかけられた声にビクリと震える。%K%P
不意打ちのようにかけられた声にビクリと震える。%K%P
振り返ると愛さんが立っていた。%K%P
振り返ると愛さんが立っていた。%K%P
%LC愛
%LC愛
「そのお姿……ふふ。どうやら清佳様の意を\n　汲んで下さったようですね？　良かったです」%K%P
「そのお姿……ふふ。どうやら清佳様の意を\n　汲んで下さったようですね？　良かったです」%K%P
%LC愛
%LC愛
「しかし急いで下さい。\n　花火大会が始まってしまいますから」%K%P
「しかし急いで下さい。\n　花火大会が始まってしまいますから」%K%P
いつも通りの口調で話しかけてくる彼女を見て、\n少しだけ平常心を取り戻す。%K%P
いつも通りの口調で話しかけてくる彼女を見て、\n少しだけ平常心を取り戻す。%K%P
そうだ。僕は清佳ちゃんと待ち合わせをしていて――%K%P
そうだ。僕は清佳ちゃんと待ち合わせをしていて――%K%P
%LC蛍
%LC蛍
「――ひゃっ！？」%K%P
「――ひゃっ！？」%K%P
背後で大きな物音が立つ。\n再び振り返ると――%K%P
背後で大きな物音が立つ。\n再び振り返ると――%K%P
%LC千鶴
%LC千鶴
「すぅ……すぅ……すぅ……」%K%P
「すぅ……すぅ……すぅ……」%K%P
%LC愛
%LC愛
「……はぁ。本当にだらしのない人ですね。\n　酔い止めを買いに走らされた愛はなんだったのですか」%K%P
「……はぁ。本当にだらしのない人ですね。\n　酔い止めを買いに走らされた愛はなんだったのですか」%K%P
穏やかな寝息を立てて眠るお姉ちゃんを見て、\n内心ホっとしてしまう。%K%P
穏やかな寝息を立てて眠るお姉ちゃんを見て、\n内心ホっとしてしまう。%K%P
あのまま話を続けていたら……\n一体どうなってしまったんだろう。%K%P
あのまま話を続けていたら……\n一体どうなってしまったんだろう。%K%P
%LC愛
%LC愛
「……何を突っ立っているのですか？\n　早く清佳様のもとへ急いで下さい」%K%P
「……何を突っ立っているのですか？\n　早く清佳様のもとへ急いで下さい」%K%P
%LC蛍
%LC蛍
「あ……！　で、でも……」%K%P
「あ……！　で、でも……」%K%P
%LC愛
%LC愛
「……言いましたよね？\n　清佳様を悲しませたら許しはしない。と」%K%P
「……言いましたよね？\n　清佳様を悲しませたら許しはしない。と」%K%P
%LC愛
%LC愛
「千鶴様の後処理は愛がしておきます。\n　あなたはすぐに発って下さい」%K%P
「千鶴様の後処理は愛がしておきます。\n　あなたはすぐに発って下さい」%K%P
%LC蛍
%LC蛍
「う、うん」%K%P
「う、うん」%K%P
愛さんに言われて、半ば朦朧としたまま走り出す。%K%P
愛さんに言われて、半ば朦朧としたまま走り出す。%K%P
頭の中は、お姉ちゃんのことでいっぱいだった。%K%P
頭の中は、お姉ちゃんのことでいっぱいだった。%K%P
%LC愛
%LC愛
「……行きましたか」%K%P
「……行きましたか」%K%P
%LC愛
%LC愛
「何があったのか知りませんが、\n　これは貸しですからね？」%K%P
「何があったのか知りませんが、\n　これは貸しですからね？」%K%P
%LC千鶴
%LC千鶴
「……うん。ありがとう、愛ちゃん……。\n　優しいんだね……」%K%P
「……うん。ありがとう、愛ちゃん……。\n　優しいんだね……」%K%P
%LC愛
%LC愛
「面倒事が嫌いなだけですよ。\n　あと寝るならお部屋で寝て下さい」%K%P
「面倒事が嫌いなだけですよ。\n　あと寝るならお部屋で寝て下さい」%K%P
%LC千鶴
%LC千鶴
「……うん。あと少ししたら、行くから……」%K%P
「……うん。あと少ししたら、行くから……」%K%P
