%LC蛍
%LC蛍
「わぁ……。すごい人の数……。\n　カメラマンさんもあんなにいっぱいいるんだ」%K%P
「わぁ……。すごい人の数……。\n　カメラマンさんもあんなにいっぱいいるんだ」%K%P
%LC清佳
%LC清佳
「メディア関係者も大勢呼んでおいたからね。\n　蛍の可愛さを全世界にアピールしたくって！」%K%P
「メディア関係者も大勢呼んでおいたからね。\n　蛍の可愛さを全世界にアピールしたくって！」%K%P
%LC蛍
%LC蛍
「あはは……。有り難いけど緊張しちゃうなぁ……」%K%P
「あはは……。有り難いけど緊張しちゃうなぁ……」%K%P
――迎えたファッションショー当日。\n僕は清佳ちゃんと一足先に会場入りしていた。%K%P
――迎えたファッションショー当日。\n僕は清佳ちゃんと一足先に会場入りしていた。%K%P
%LC清佳
%LC清佳
「でも良かった。蛍に参加してもらえて。ショーを\n　催した最大の理由がなくなっちゃうところだったわ」%K%P
「でも良かった。蛍に参加してもらえて。ショーを\n　催した最大の理由がなくなっちゃうところだったわ」%K%P
%LC蛍
%LC蛍
「こちらこそありがとね？\n　こんな機会をもらっちゃって」%K%P
「こちらこそありがとね？\n　こんな機会をもらっちゃって」%K%P
%LC清佳
%LC清佳
「いいのよ。私が最前列で蛍の晴れ姿を\n　見たかっただけだから」%K%P
「いいのよ。私が最前列で蛍の晴れ姿を\n　見たかっただけだから」%K%P
%LC清佳
%LC清佳
「今日のためにあえて昨日のリハも見に行かなかったし。\n　ふふ、楽しみにしてるわね、蛍っ」%K%P
「今日のためにあえて昨日のリハも見に行かなかったし。\n　ふふ、楽しみにしてるわね、蛍っ」%K%P
%LC蛍
%LC蛍
「うんっ。千鶴様の衣装の可愛さを\n　たくさんの人に知ってもらえるように頑張る！」%K%P
「うんっ。千鶴様の衣装の可愛さを\n　たくさんの人に知ってもらえるように頑張る！」%K%P
%LC清佳
%LC清佳
「その意気よ！」%K%P
「その意気よ！」%K%P
そうだ。緊張なんかしてる場合じゃない。\nお姉ちゃんの衣装を輝かせるためにも堂々としなくちゃ。%K%P
そうだ。緊張なんかしてる場合じゃない。\nお姉ちゃんの衣装を輝かせるためにも堂々としなくちゃ。%K%P
%LC清佳
%LC清佳
「それにしても愛と千鶴さんったら遅いわね……。\n　そろそろ準備し始めなくちゃいけないのに」%K%P
「それにしても愛と千鶴さんったら遅いわね……。\n　そろそろ準備し始めなくちゃいけないのに」%K%P
%LC清佳
%LC清佳
「衣装は千鶴さんが持ってるんでしょ？\n　リハを見て、直したい箇所ができたって」%K%P
「衣装は千鶴さんが持ってるんでしょ？\n　リハを見て、直したい箇所ができたって」%K%P
清佳ちゃんがキョロキョロと周りを見渡す。\nすると、ちょうど見覚えのある影が近づいてきた。%K%P
清佳ちゃんがキョロキョロと周りを見渡す。\nすると、ちょうど見覚えのある影が近づいてきた。%K%P
%LC愛
%LC愛
「お待たせ致しました。お時間は大丈夫ですか？」%K%P
「お待たせ致しました。お時間は大丈夫ですか？」%K%P
%LC清佳
%LC清佳
「遅いわよ、愛。って、千鶴さんは？」%K%P
「遅いわよ、愛。って、千鶴さんは？」%K%P
%LC愛
%LC愛
「それが……見に来られないと仰いまして」%K%P
「それが……見に来られないと仰いまして」%K%P
%LC清佳
%LC清佳
「え、どうして？　晴れ舞台なのに」%K%P
「え、どうして？　晴れ舞台なのに」%K%P
%LC愛
%LC愛
「愛もそう思ったのでできる限り説得はしたのですが。\n　恥ずかしいから。の一点張りで」%K%P
「愛もそう思ったのでできる限り説得はしたのですが。\n　恥ずかしいから。の一点張りで」%K%P
%LC清佳
%LC清佳
「そう……。気持ちはわからなくもないけれど……」%K%P
「そう……。気持ちはわからなくもないけれど……」%K%P
%LC蛍
%LC蛍
「…………」%K%P
「…………」%K%P
お姉ちゃんったら、もう……。\nこんなことだろうと思ったよ。%K%P
お姉ちゃんったら、もう……。\nこんなことだろうと思ったよ。%K%P
%LC清佳
%LC清佳
「とにかく準備を始めましょ？\n　愛、衣装は預かってきてるのよね？」%K%P
「とにかく準備を始めましょ？\n　愛、衣装は預かってきてるのよね？」%K%P
%LC愛
%LC愛
「はい。こちらに」%K%P
「はい。こちらに」%K%P
お姉ちゃんから渡されたのであろう、\n大きめの衣装ケースを愛さんが差し出してくる。%K%P
お姉ちゃんから渡されたのであろう、\n大きめの衣装ケースを愛さんが差し出してくる。%K%P
その時点で、僕は全てを察した。%K%P
その時点で、僕は全てを察した。%K%P
そうでなくても、\nこんな運び入れ方をしたらドレスが型崩れしてしまう。%K%P
そうでなくても、\nこんな運び入れ方をしたらドレスが型崩れしてしまう。%K%P
%LC清佳
%LC清佳
「愛……。あなた、中身の確認はしたの？」%K%P
「愛……。あなた、中身の確認はしたの？」%K%P
%LC愛
%LC愛
「はい？　いえ、千鶴様がそのまま持っていけと\n　仰ったもので……」%K%P
「はい？　いえ、千鶴様がそのまま持っていけと\n　仰ったもので……」%K%P
%LC清佳
%LC清佳
「……何も入ってないわよ。ケースの中に」%K%P
「……何も入ってないわよ。ケースの中に」%K%P
%LC愛
%LC愛
「え？」%K%P
「え？」%K%P
………………%K%P
………………%K%P
…………%K%P
…………%K%P
……%K%P
……%K%P
%LC千鶴
%LC千鶴
「はぁ……。春樹、怒ってるだろうなぁ……」%K%P
「はぁ……。春樹、怒ってるだろうなぁ……」%K%P
公園のベンチに一人座り込みながら、\n大きなため息を漏らす。%K%P
公園のベンチに一人座り込みながら、\n大きなため息を漏らす。%K%P
怒る以前に呆れちゃってるかも……。\nこの期に及んで、衣装を出し渋っちゃったし……。%K%P
怒る以前に呆れちゃってるかも……。\nこの期に及んで、衣装を出し渋っちゃったし……。%K%P
愛ちゃんには空の衣装ケースを渡した。%K%P
愛ちゃんには空の衣装ケースを渡した。%K%P
作ったドレスは誰にも見つからないように、\n昨夜から物置部屋の奥の奥に仕舞ってある。%K%P
作ったドレスは誰にも見つからないように、\n昨夜から物置部屋の奥の奥に仕舞ってある。%K%P
今から気づいて屋敷に取りに戻っても、\nショーが終わる前に見つけて戻ることはできないだろう。%K%P
今から気づいて屋敷に取りに戻っても、\nショーが終わる前に見つけて戻ることはできないだろう。%K%P
よしんぼ見つけられても着付けの時間やら何やらで、\n出番には間に合わないはずだ。%K%P
よしんぼ見つけられても着付けの時間やら何やらで、\n出番には間に合わないはずだ。%K%P
%LC千鶴
%LC千鶴
「ごめんね、春樹……」%K%P
「ごめんね、春樹……」%K%P
聞こえやしないのに虚空へ呟く。\n……謝るならしなきゃいいのにと自分でも思う。%K%P
聞こえやしないのに虚空へ呟く。\n……謝るならしなきゃいいのにと自分でも思う。%K%P
だけど、やっぱり怖い……。%K%P
だけど、やっぱり怖い……。%K%P
ファッションショーに出るってだけで、\n小さい頃のトラウマがフラッシュバックしてしまう。%K%P
ファッションショーに出るってだけで、\n小さい頃のトラウマがフラッシュバックしてしまう。%K%P
きっと春樹はあの日と同じように、\n喜んであたしの服を着てくれるんだろう。%K%P
きっと春樹はあの日と同じように、\n喜んであたしの服を着てくれるんだろう。%K%P
だけど、あの時聞こえてきた嘲笑が、\n貶すような視線が頭から離れない。%K%P
だけど、あの時聞こえてきた嘲笑が、\n貶すような視線が頭から離れない。%K%P
もし……あたしの衣装を着た春樹が\nまたあんな風に笑い物にされてしまったら。%K%P
もし……あたしの衣装を着た春樹が\nまたあんな風に笑い物にされてしまったら。%K%P
本気で作った衣装ですら、\n価値のあるものじゃないと嘲笑われてしまったら。%K%P
本気で作った衣装ですら、\n価値のあるものじゃないと嘲笑われてしまったら。%K%P
あたしはきっともう立ち直れない。\n春樹を笑われるのも、衣装を笑われるのも嫌だ。%K%P
あたしはきっともう立ち直れない。\n春樹を笑われるのも、衣装を笑われるのも嫌だ。%K%P
%LC千鶴
%LC千鶴
「やっぱりズルい女だよね、あたしは……。\n　いっつも逃げてばっかりで……」%K%P
「やっぱりズルい女だよね、あたしは……。\n　いっつも逃げてばっかりで……」%K%P
傷つくことが怖い。否定されるのが怖い。%K%P
傷つくことが怖い。否定されるのが怖い。%K%P
だから、逃げる。\nあたしはいつもそればっかりだ。%K%P
だから、逃げる。\nあたしはいつもそればっかりだ。%K%P
弟への好意を隠し続けてきたのもそう。\n好意を否定されて傷つくのが怖かった。%K%P
弟への好意を隠し続けてきたのもそう。\n好意を否定されて傷つくのが怖かった。%K%P
好意を受け止められた後も不安なままだ。\nだから身体の触れ合いばかり求めてしまう。%K%P
好意を受け止められた後も不安なままだ。\nだから身体の触れ合いばかり求めてしまう。%K%P
怖い。%K%P
怖い。%K%P
誰かに喜んで欲しいと思ってしたことを、\n否定されたり、迷惑がられたりすることが。%K%P
誰かに喜んで欲しいと思ってしたことを、\n否定されたり、迷惑がられたりすることが。%K%P
いつも考えてしまう。%K%P
いつも考えてしまう。%K%P
あたしの服も、あたし自身も、\n誰にも求められてないんじゃないかって。%K%P
あたしの服も、あたし自身も、\n誰にも求められてないんじゃないかって。%K%P
誰にも喜んでもらえないんじゃないかって。%K%P
誰にも喜んでもらえないんじゃないかって。%K%P
精一杯心を込めても、\nビリビリに破かれてしまうんじゃないかって。%K%P
精一杯心を込めても、\nビリビリに破かれてしまうんじゃないかって。%K%P
こんな気持ち、誰にもわかって\nもらえないかもしれないけれど。%K%P
こんな気持ち、誰にもわかって\nもらえないかもしれないけれど。%K%P
%LC千鶴
%LC千鶴
「…………歩こ」%K%P
「…………歩こ」%K%P
じっとしてると悪いことばかり考えてしまう。%K%P
じっとしてると悪いことばかり考えてしまう。%K%P
今はこれからのことを考えないと。\n差し当たってはどうやってみんなに謝るかだよね。%K%P
今はこれからのことを考えないと。\n差し当たってはどうやってみんなに謝るかだよね。%K%P
あんまり深刻にされるのはヤダな。%K%P
あんまり深刻にされるのはヤダな。%K%P
『ごめんごめん、直前でビビっちゃって』くらいの\n軽いノリで誤魔化すのが一番傷つかないかもしれな――%K%P
『ごめんごめん、直前でビビっちゃって』くらいの\n軽いノリで誤魔化すのが一番傷つかないかもしれな――%K%P
%LC千鶴
%LC千鶴
「――うわぁ！？　ちょ、ちょっと！\n　危うく人身事故なんだけど！？」%K%P
「――うわぁ！？　ちょ、ちょっと！\n　危うく人身事故なんだけど！？」%K%P
突然、黒塗りの高級車が\nあたしの前で壮絶な急停車を決めてくる。%K%P
突然、黒塗りの高級車が\nあたしの前で壮絶な急停車を決めてくる。%K%P
すると中から見慣れた顔が現れて――%K%P
すると中から見慣れた顔が現れて――%K%P
%LC清佳
%LC清佳
「こんなところにいたんですか……！\n　街中探し回りましたよっ！？」%K%P
「こんなところにいたんですか……！\n　街中探し回りましたよっ！？」%K%P
%LC千鶴
%LC千鶴
「ヤ、ヤバ、清佳ちゃんじゃん……！」%K%P
「ヤ、ヤバ、清佳ちゃんじゃん……！」%K%P
%LC清佳
%LC清佳
「逃がすかぁ！　愛っ！！」%K%P
「逃がすかぁ！　愛っ！！」%K%P
%LC愛
%LC愛
「仰せのままに」%K%P
「仰せのままに」%K%P
%LC千鶴
%LC千鶴
「ちょっ……！　い、衣装の在処なら教えないよっ？\n　今更教えても、もう遅いだろうし……！」%K%P
「ちょっ……！　い、衣装の在処なら教えないよっ？\n　今更教えても、もう遅いだろうし……！」%K%P
%LC清佳
%LC清佳
「いいから乗りなさいっ……！！\n　蛍の晴れ姿に間に合わなかったら、\n　いくら千鶴さんでも恨むわよっ……！！」%K%P
「いいから乗りなさいっ……！！\n　蛍の晴れ姿に間に合わなかったら、\n　いくら千鶴さんでも恨むわよっ……！！」%K%P
%LC千鶴
%LC千鶴
「だ、だから、もう何をしても\n　間に合わないってば……！！」%K%P
「だ、だから、もう何をしても\n　間に合わないってば……！！」%K%P
%LC清佳
%LC清佳
「うるさいわねっ、乗ればいいの乗れば！\n　蛍に千鶴さんを連れてきてって頼まれてるのっ！！」%K%P
「うるさいわねっ、乗ればいいの乗れば！\n　蛍に千鶴さんを連れてきてって頼まれてるのっ！！」%K%P
%LC千鶴
%LC千鶴
「ほ、蛍に？　――きゃっ！？」%K%P
「ほ、蛍に？　――きゃっ！？」%K%P
半ば誘拐のような形で車に乗せられる。\n……うぅ。春樹、やっぱ怒ってるのかなぁ。%K%P
半ば誘拐のような形で車に乗せられる。\n……うぅ。春樹、やっぱ怒ってるのかなぁ。%K%P
それともあたしが衣装持ってると思ってるとか？%K%P
それともあたしが衣装持ってると思ってるとか？%K%P
どちらにしても公衆の面前で\n土下座するくらいは覚悟しておいた方がいいかも……。%K%P
どちらにしても公衆の面前で\n土下座するくらいは覚悟しておいた方がいいかも……。%K%P
%LC清佳
%LC清佳
「――着いたわっ。ほら早く早く！」%K%P
「――着いたわっ。ほら早く早く！」%K%P
%LC千鶴
%LC千鶴
「わかったってばぁ……」%K%P
「わかったってばぁ……」%K%P
足取りの重いあたしとは対照的に、\n清佳ちゃんが急ぎ足で会場へと引っ張っていく。%K%P
足取りの重いあたしとは対照的に、\n清佳ちゃんが急ぎ足で会場へと引っ張っていく。%K%P
だけど――あれ？　どこに向かってるんだろ。%K%P
だけど――あれ？　どこに向かってるんだろ。%K%P
控え室はあっちじゃ――%K%P
控え室はあっちじゃ――%K%P
%LC清佳
%LC清佳
「はぁはぁ、間に合ったかしら……！？」%K%P
「はぁはぁ、間に合ったかしら……！？」%K%P
%LC愛
%LC愛
「どうでしょう。時間的にはギリギリですね」%K%P
「どうでしょう。時間的にはギリギリですね」%K%P
案内されたのは会場の最前列の席――フロントロウ。\nランウェイを歩くモデルを見るには絶好の場所だ。%K%P
案内されたのは会場の最前列の席――フロントロウ。\nランウェイを歩くモデルを見るには絶好の場所だ。%K%P
でも、どうしてここに？%K%P
でも、どうしてここに？%K%P
蛍がランウェイを歩けるはずがない。%K%P
蛍がランウェイを歩けるはずがない。%K%P
だってドレスは今も屋敷の物置に隠してあるはずで――%K%P
だってドレスは今も屋敷の物置に隠してあるはずで――%K%P
%LC蛍
%LC蛍
「お姉ちゃん――」%P
「お姉ちゃん――」%P
%LC千鶴
%LC千鶴
「――え？」%K%P
「――え？」%K%P
喝采が轟いていた。%K%P
喝采が轟いていた。%K%P
あたしに向けられたものじゃない。%K%P
あたしに向けられたものじゃない。%K%P
目の前の、あたしの作った衣装を着たモデルに――\nあたしの大好きな人に、皆が歓声と拍手を送っていた。%K%P
目の前の、あたしの作った衣装を着たモデルに――\nあたしの大好きな人に、皆が歓声と拍手を送っていた。%K%P
蛍がほんの少しだけ目尻を細めて微笑みかけてくる。\n「聞こえるでしょ？」とばかりに口元を僅かに緩める。%K%P
蛍がほんの少しだけ目尻を細めて微笑みかけてくる。\n「聞こえるでしょ？」とばかりに口元を僅かに緩める。%K%P
%LC千鶴
%LC千鶴
「どうして……」%K%P
「どうして……」%K%P
最初に漏らした言葉はそれだった。%K%P
最初に漏らした言葉はそれだった。%K%P
どうして。ドレスは隠しておいたはずなのに。\nどうして。こんなにも会場が沸き立っているんだろうか。%K%P
どうして。ドレスは隠しておいたはずなのに。\nどうして。こんなにも会場が沸き立っているんだろうか。%K%P
――考えるまでもない。%K%P
――考えるまでもない。%K%P
あたしが衣装を隠すことを蛍は見抜いていたんだ。\nあたしの衣装を見て皆が喜んでくれているんだ。%K%P
あたしが衣装を隠すことを蛍は見抜いていたんだ。\nあたしの衣装を見て皆が喜んでくれているんだ。%K%P
――頭の中がぐちゃぐちゃになる。%K%P
――頭の中がぐちゃぐちゃになる。%K%P
幾つもの「どうして」が心の中を同時に巡って、\nその答えに驚かされて、嬉しくなって、やっぱり驚いて。%K%P
幾つもの「どうして」が心の中を同時に巡って、\nその答えに驚かされて、嬉しくなって、やっぱり驚いて。%K%P
%LC千鶴
%LC千鶴
「どうして」%K%P
「どうして」%K%P
気づけばあたしは同じ言葉を漏らしていた。\n知らず知らず溢れ出した涙を止められないまま。%K%P
気づけばあたしは同じ言葉を漏らしていた。\n知らず知らず溢れ出した涙を止められないまま。%K%P
%LC蛍
%LC蛍
「言ったでしょ？」%K%P
「言ったでしょ？」%K%P
蛍がこっそり囁いてくる。%K%P
蛍がこっそり囁いてくる。%K%P
いいや、普段通りの声量なのかもしれない。\nあまりにも大きな歓声が蛍の声をかき消しているだけだ。%K%P
いいや、普段通りの声量なのかもしれない。\nあまりにも大きな歓声が蛍の声をかき消しているだけだ。%K%P
それでも、あたしの耳にははっきりと届いた。%K%P
それでも、あたしの耳にははっきりと届いた。%K%P
%LC蛍
%LC蛍
「お姉ちゃんの服は世界で一番可愛いって」%K%P
「お姉ちゃんの服は世界で一番可愛いって」%K%P
%LC蛍
%LC蛍
「みんな、そう思ってくれてるんだよ」%K%P
「みんな、そう思ってくれてるんだよ」%K%P
%LC千鶴
%LC千鶴
「っっ……！」%K%P
「っっ……！」%K%P
%LC春樹
%LC春樹
「おねえちゃんのつくったふくが\n　せかいでいっちばんかわいいんだって、\n　ぼくがしょーめーしてみせるからっ」%K%P
「おねえちゃんのつくったふくが\n　せかいでいっちばんかわいいんだって、\n　ぼくがしょーめーしてみせるからっ」%K%P
幼い日の言葉が脳裏に蘇る。\nあたしの自慢の弟は約束を果たしてくれた。%K%P
幼い日の言葉が脳裏に蘇る。\nあたしの自慢の弟は約束を果たしてくれた。%K%P
怖がって目を背けていたあたしに\n何もせずに諦めていたあたしに\n身を挺して証明してくれたんだ。%K%P
怖がって目を背けていたあたしに\n何もせずに諦めていたあたしに\n身を挺して証明してくれたんだ。%K%P
あたしが信じられなかったことを、\n誰よりもずっと信じ続けてくれていた。%K%P
あたしが信じられなかったことを、\n誰よりもずっと信じ続けてくれていた。%K%P
%LC蛍
%LC蛍
「えへへ」%K%P
「えへへ」%K%P
泣きじゃくるあたしに、\n蛍が満面の笑みを向けてくる。%K%P
泣きじゃくるあたしに、\n蛍が満面の笑みを向けてくる。%K%P
だからモデルがそんな笑顔を浮かべちゃって\nどうするんだよ……。ホントわかってない……。%K%P
だからモデルがそんな笑顔を浮かべちゃって\nどうするんだよ……。ホントわかってない……。%K%P
%LC千鶴
%LC千鶴
「バカ……。ホントにバカ……」%K%P
「バカ……。ホントにバカ……」%K%P
でも、本当にありがとう――……。%K%P
でも、本当にありがとう――……。%K%P
――お姉ちゃんが大粒の涙を浮かべながら、\n僕を見つめてきてくれる。%K%P
――お姉ちゃんが大粒の涙を浮かべながら、\n僕を見つめてきてくれる。%K%P
あの日と同じように顔をくしゃくしゃにしながら、\nだけど、幸せそうな、嬉しそうな顔を浮かべてくれる。%K%P
あの日と同じように顔をくしゃくしゃにしながら、\nだけど、幸せそうな、嬉しそうな顔を浮かべてくれる。%K%P
良かった。喜んでもらえて。%K%P
良かった。喜んでもらえて。%K%P
みんなの声を、称賛を、賛美を、聞いてもらえて。%K%P
みんなの声を、称賛を、賛美を、聞いてもらえて。%K%P
でも……ホントにお姉ちゃんは、\n変なところで弱気なんだから。%K%P
でも……ホントにお姉ちゃんは、\n変なところで弱気なんだから。%K%P
寸前で衣装を隠したりなんかして。\nおかげで一晩中屋敷の中を探す羽目になっちゃった。%K%P
寸前で衣装を隠したりなんかして。\nおかげで一晩中屋敷の中を探す羽目になっちゃった。%K%P
もうちょっと自分のことも僕のことも信じて欲しい。%K%P
もうちょっと自分のことも僕のことも信じて欲しい。%K%P
不安になる必要なんてないんだ。\nお姉ちゃんの服は世界で一番可愛いんだから。%K%P
不安になる必要なんてないんだ。\nお姉ちゃんの服は世界で一番可愛いんだから。%K%P
会場が揺れるほどの歓声が、\nそれを証明してくれている。%K%P
会場が揺れるほどの歓声が、\nそれを証明してくれている。%K%P
正直、女装するのは今でも恥ずかしい。\nドレスを着てランウェイを歩くなんて尚更だ。%K%P
正直、女装するのは今でも恥ずかしい。\nドレスを着てランウェイを歩くなんて尚更だ。%K%P
でも、こうして大勢の人に\nお姉ちゃんの服を見てもらえるのは嬉しいな。%K%P
でも、こうして大勢の人に\nお姉ちゃんの服を見てもらえるのは嬉しいな。%K%P
本当に、嬉しい。%K%P
本当に、嬉しい。%K%P
%LC蛍
%LC蛍
「えへへ」%K%P
「えへへ」%K%P
自然と笑顔が零れてしまう。%K%P
自然と笑顔が零れてしまう。%K%P
大好きなお姉ちゃんが喜んでくれていることに。\nみんながお姉ちゃんの衣装を褒めてくれていることに。%K%P
大好きなお姉ちゃんが喜んでくれていることに。\nみんながお姉ちゃんの衣装を褒めてくれていることに。%K%P
もっと見て欲しい。自慢させて欲しい。\n僕の愛する人の作った衣装を、見せびらかせて欲しい。%K%P
もっと見て欲しい。自慢させて欲しい。\n僕の愛する人の作った衣装を、見せびらかせて欲しい。%K%P
%LC千鶴
%LC千鶴
「春樹……」%K%P
「春樹……」%K%P
%LC蛍
%LC蛍
「ふふ」%K%P
「ふふ」%K%P
うれし泣きをするお姉ちゃんを見て、\nやっぱり頬が緩んでしまう。%K%P
うれし泣きをするお姉ちゃんを見て、\nやっぱり頬が緩んでしまう。%K%P
その顔を見て、もっともっと\nお姉ちゃんのドレスを見せびらかせたくなる。%K%P
その顔を見て、もっともっと\nお姉ちゃんのドレスを見せびらかせたくなる。%K%P
女装するのも、ふふ、悪くないや。\nお姉ちゃんの服の魅力を伝えられることが誇らしい。%K%P
女装するのも、ふふ、悪くないや。\nお姉ちゃんの服の魅力を伝えられることが誇らしい。%K%P
僕の恋人は、普段は大雑把でマイペースな割に、\nとっても臆病で照れ屋なところがあるから。%K%P
僕の恋人は、普段は大雑把でマイペースな割に、\nとっても臆病で照れ屋なところがあるから。%K%P
そんな恥ずかしがり屋な彼女のためにも、\n僕がこうして伝え続けていきたい。%K%P
そんな恥ずかしがり屋な彼女のためにも、\n僕がこうして伝え続けていきたい。%K%P
お姉ちゃんの服は世界で一番可愛いんだって――%K%P
お姉ちゃんの服は世界で一番可愛いんだって――%K%P
%LC千鶴
%LC千鶴
「本当に、ありがとう……」%K%P
「本当に、ありがとう……」%K%P
幸せそうに泣きじゃくる恋人の顔を見つめながら、\n僕はとびっきりのポーズを舞台の上で決めた。%K%P
幸せそうに泣きじゃくる恋人の顔を見つめながら、\n僕はとびっきりのポーズを舞台の上で決めた。%K%P
