%LC千鶴
%LC千鶴
「お姉ちゃんの淫乱まんこに……はぁはぁ。\n　逞しい弟チンポ、挿れて下さい……」%K%P
「お姉ちゃんの淫乱まんこに……はぁはぁ。\n　逞しい弟チンポ、挿れて下さい……」%K%P
%LC春樹
%LC春樹
「っっ」%K%P
「っっ」%K%P
初体験のそれとは思えない誘惑の仕方に、\n一瞬の戸惑いとそれ以上の興奮が漲ってくる。%K%P
初体験のそれとは思えない誘惑の仕方に、\n一瞬の戸惑いとそれ以上の興奮が漲ってくる。%K%P
%LC千鶴
%LC千鶴
「こんな誘い方でごめん……！\n　でも、はぁはぁ、お姉ちゃん我慢できなくて……！」%K%P
「こんな誘い方でごめん……！\n　でも、はぁはぁ、お姉ちゃん我慢できなくて……！」%K%P
%LC千鶴
%LC千鶴
「欲しいのっ……！　弟チンポ挿れて欲しいのっ……！\n　おまんこキュンキュンしすぎて苦しいのっ……！！」%K%P
「欲しいのっ……！　弟チンポ挿れて欲しいのっ……！\n　おまんこキュンキュンしすぎて苦しいのっ……！！」%K%P
%LC千鶴
%LC千鶴
「お願いっ、お姉ちゃんのスケベまんこ慰めてっ……？\n　ぶっといチンポでかき回してっ……？」%K%P
「お願いっ、お姉ちゃんのスケベまんこ慰めてっ……？\n　ぶっといチンポでかき回してっ……？」%K%P
火照りきった吐息を激しく漏らしながら、\nお姉ちゃんがくぱぁと自ら秘部を開いてくる。%K%P
火照りきった吐息を激しく漏らしながら、\nお姉ちゃんがくぱぁと自ら秘部を開いてくる。%K%P
こんなスケベな誘い方されちゃったら、もう――%K%P
こんなスケベな誘い方されちゃったら、もう――%K%P
%LC春樹
%LC春樹
「我慢できるはずないじゃないっ……！！」%K%P
「我慢できるはずないじゃないっ……！！」%K%P
%LC千鶴
%LC千鶴
「んぁっ――あはぁぁぁああああああんんんっっ〜〜！！」%K%P
「んぁっ――あはぁぁぁああああああんんんっっ〜〜！！」%K%P
これ見よがしに開かれた入り口に先っぽを押しつけ、\nそのまま一気に根元までおちんちんを沈める。%K%P
これ見よがしに開かれた入り口に先っぽを押しつけ、\nそのまま一気に根元までおちんちんを沈める。%K%P
瞬間――おちんちんの先から全身が蕩けてしまうような\n途方もない快感に包まれた。%K%P
瞬間――おちんちんの先から全身が蕩けてしまうような\n途方もない快感に包まれた。%K%P
%LC千鶴
%LC千鶴
「んはぁ……！　あぁあっっ……！\n　はいっ、入ってっ……！　硬いの膣内に入って……！！」%K%P
「んはぁ……！　あぁあっっ……！\n　はいっ、入ってっ……！　硬いの膣内に入って……！！」%K%P
%LC千鶴
%LC千鶴
「夢じゃないっ……！　夢じゃないんだよねっ……！？\n　本当に、はぁはぁ、大好きな人のがあたしの膣内にっ」%K%P
「夢じゃないっ……！　夢じゃないんだよねっ……！？\n　本当に、はぁはぁ、大好きな人のがあたしの膣内にっ」%K%P
%LC春樹
%LC春樹
「そうだよ、はぁはぁ……！　僕のおちんちんが\n　お姉ちゃんの膣内に根元まで入ってるから……！」%K%P
「そうだよ、はぁはぁ……！　僕のおちんちんが\n　お姉ちゃんの膣内に根元まで入ってるから……！」%K%P
%LC千鶴
%LC千鶴
「〜〜っっ！　し、幸せぇ……！！\n　気持ちいいっ、あっ、あぁっ、身体動いちゃ……！！」%K%P
「〜〜っっ！　し、幸せぇ……！！\n　気持ちいいっ、あっ、あぁっ、身体動いちゃ……！！」%K%P
僕が腰を振るまでもなく、お姉ちゃんが\nいやらしくお尻を振っておちんちんを抽挿してくる。%K%P
僕が腰を振るまでもなく、お姉ちゃんが\nいやらしくお尻を振っておちんちんを抽挿してくる。%K%P
%LC千鶴
%LC千鶴
「あぁ……！　ホントに入ってるっ……！\n　熱くて太いのが、あっ、あっ、膣内で動いて……！」%K%P
「あぁ……！　ホントに入ってるっ……！\n　熱くて太いのが、あっ、あっ、膣内で動いて……！」%K%P
%LC千鶴
%LC千鶴
「オ、オナニーと比べられないくらい、あぁん……！\n　気持ちいいっ……！　想像の何百倍も気持ちいい……！」%K%P
「オ、オナニーと比べられないくらい、あぁん……！\n　気持ちいいっ……！　想像の何百倍も気持ちいい……！」%K%P
%LC春樹
%LC春樹
「んっ、はぁん……！　そんな風に動かれると、\n　僕のでオナニーしてるように見えるけど……！」%K%P
「んっ、はぁん……！　そんな風に動かれると、\n　僕のでオナニーしてるように見えるけど……！」%K%P
%LC千鶴
%LC千鶴
「あっ、ご、ごめん……！　そんなつもりなくて……！\n　ただ、んはぁんっ、気持ち良すぎて身体が勝手にっ」%K%P
「あっ、ご、ごめん……！　そんなつもりなくて……！\n　ただ、んはぁんっ、気持ち良すぎて身体が勝手にっ」%K%P
%LC千鶴
%LC千鶴
「もっと、んぁ、繋がれたことに喜びたいんだけどっ。\n　あっ、あっ、あぁんっ、感じすぎて、あぁあ……！」%K%P
「もっと、んぁ、繋がれたことに喜びたいんだけどっ。\n　あっ、あっ、あぁんっ、感じすぎて、あぁあ……！」%K%P
初めての痛みも感じていないのか、\nお姉ちゃんが止められないとばかりに腰をくねらせる。%K%P
初めての痛みも感じていないのか、\nお姉ちゃんが止められないとばかりに腰をくねらせる。%K%P
はぁはぁ、エロい……！\nこんなにお姉ちゃんがエロかったなんて……！%K%P
はぁはぁ、エロい……！\nこんなにお姉ちゃんがエロかったなんて……！%K%P
尋常じゃないほど性欲が膨れあがってくる。\nお姉ちゃんのおまんこを思いっきり突きたい……！%K%P
尋常じゃないほど性欲が膨れあがってくる。\nお姉ちゃんのおまんこを思いっきり突きたい……！%K%P
%LC千鶴
%LC千鶴
%XS20「――あひぃんんっっ！！」%XE%K%P
%XS20「――あひぃんんっっ！！」%XE%K%P
大きなお尻に腰を打ち付けるように突き上げると、\nお姉ちゃんは顔を強く反りあげて喘いだ。%K%P
大きなお尻に腰を打ち付けるように突き上げると、\nお姉ちゃんは顔を強く反りあげて喘いだ。%K%P
煮えたぎったドロドロのスケベ汁が絡みついてきて、\n膣内のヒダヒダがちゅぱちゅぱと吸い付いてくる。%K%P
煮えたぎったドロドロのスケベ汁が絡みついてきて、\n膣内のヒダヒダがちゅぱちゅぱと吸い付いてくる。%K%P
まるでおちんちん全体がトロトロのおまんこに\n絶え間なくディープなフェラをされてるみたいだ……！%K%P
まるでおちんちん全体がトロトロのおまんこに\n絶え間なくディープなフェラをされてるみたいだ……！%K%P
何も考えられなくなるほど――気持ちいいっ！%K%P
何も考えられなくなるほど――気持ちいいっ！%K%P
%LC千鶴
%LC千鶴
「あっ、あっ、あっ、あっ！！\n　ずんずん来てるっ、ああっ、来てるっ、来てるっ！！」%K%P
「あっ、あっ、あっ、あっ！！\n　ずんずん来てるっ、ああっ、来てるっ、来てるっ！！」%K%P
%LC千鶴
%LC千鶴
「気持ちいいっ、あああっ、気持ちいいよぉっ……！！\n　イくっ、ふぁああああっっ、イっくぅっっ〜〜！！」%K%P
「気持ちいいっ、あああっ、気持ちいいよぉっ……！！\n　イくっ、ふぁああああっっ、イっくぅっっ〜〜！！」%K%P
%LC春樹
%LC春樹
「はぁはぁっ、お姉ちゃん、ホント淫乱すぎっ……！！\n　初めてに見えないよっ……！！」%K%P
「はぁはぁっ、お姉ちゃん、ホント淫乱すぎっ……！！\n　初めてに見えないよっ……！！」%K%P
%LC千鶴
%LC千鶴
「っっ。ご、ごめんなさいっ……！！\n　でも――はぁああんっ、気持ち良すぎてっ……！！」%K%P
「っっ。ご、ごめんなさいっ……！！\n　でも――はぁああんっ、気持ち良すぎてっ……！！」%K%P
%LC千鶴
%LC千鶴
「ずっとっ、あっ、あっ、膣内に挿れるのだけは、\n　あぁんっ、我慢してきたからっ……！！」%K%P
「ずっとっ、あっ、あっ、膣内に挿れるのだけは、\n　あぁんっ、我慢してきたからっ……！！」%K%P
%LC千鶴
%LC千鶴
「もしもあたしの恋が叶う日が来たらって、ふぁあっ！\n　初めてだけは、取っておいたからっ……！！」%K%P
「もしもあたしの恋が叶う日が来たらって、ふぁあっ！\n　初めてだけは、取っておいたからっ……！！」%K%P
%LC千鶴
%LC千鶴
「だからこうして大好きな弟に初めて捧げられて……！\n　あっ、あっ、あっ、あっ、嬉しくて、幸せで……！！」%K%P
「だからこうして大好きな弟に初めて捧げられて……！\n　あっ、あっ、あっ、あっ、嬉しくて、幸せで……！！」%K%P
%LC千鶴
%LC千鶴
「今まで我慢してきた分の性欲がっ、はぁあああんっ！！\n　一気に溢れ出してきてる感じがしてっっ……！！」%K%P
「今まで我慢してきた分の性欲がっ、はぁあああんっ！！\n　一気に溢れ出してきてる感じがしてっっ……！！」%K%P
がむしゃらに抱きついてくるかのように、\nおまんこがギュウギュウにおちんちんを締め付けてくる。%K%P
がむしゃらに抱きついてくるかのように、\nおまんこがギュウギュウにおちんちんを締め付けてくる。%K%P
%LC千鶴
%LC千鶴
「お姉ちゃんばっかり感じちゃって、\n　んぁっ、あっ、あっ、あっ、ごめんねっ……！！」%K%P
「お姉ちゃんばっかり感じちゃって、\n　んぁっ、あっ、あっ、あっ、ごめんねっ……！！」%K%P
%LC千鶴
%LC千鶴
「こんなに感じてたら引くよねっ……！！\n　スケベで、あぁああんっ、ごめんなさいっ……！！」%K%P
「こんなに感じてたら引くよねっ……！！\n　スケベで、あぁああんっ、ごめんなさいっ……！！」%K%P
%LC春樹
%LC春樹
「はぁはぁっ、僕だって感じてるよっ……！！\n　お姉ちゃんのおまんこ、すごく気持ちいいっ……！！」%K%P
「はぁはぁっ、僕だって感じてるよっ……！！\n　お姉ちゃんのおまんこ、すごく気持ちいいっ……！！」%K%P
%LC春樹
%LC春樹
「さっき出したところなのに、んはぁはぁ……！！\n　また射精しそうになってるもんっっ……！！」%K%P
「さっき出したところなのに、んはぁはぁ……！！\n　また射精しそうになってるもんっっ……！！」%K%P
%LC千鶴
%LC千鶴
「射精っっ――う、嬉しいっ……！！\n　いつでも出していいからっ！！」%K%P
「射精っっ――う、嬉しいっ……！！\n　いつでも出していいからっ！！」%K%P
%LC千鶴
%LC千鶴
「お姉ちゃんのおまんこっ、好きなだけ突いてっ？\n　お姉ちゃんのおまんこでいっぱい気持ち良くなってぇ！」%K%P
「お姉ちゃんのおまんこっ、好きなだけ突いてっ？\n　お姉ちゃんのおまんこでいっぱい気持ち良くなってぇ！」%K%P
%LC春樹
%LC春樹
「くはぁっ……！　そんなに動かれたら……！！」%K%P
「くはぁっ……！　そんなに動かれたら……！！」%K%P
僕の腰振りに合わせて\nお姉ちゃんが身体を揺らしてくる。%K%P
僕の腰振りに合わせて\nお姉ちゃんが身体を揺らしてくる。%K%P
よりいっそう根元までおちんちんが\n突き込まれていって――%K%P
よりいっそう根元までおちんちんが\n突き込まれていって――%K%P
%LC千鶴
%LC千鶴
「あはぁああああんっっ！！\n　ふぁんっ！　あぁんっ、んぁあああんっっ！！」%K%P
「あはぁああああんっっ！！\n　ふぁんっ！　あぁんっ、んぁあああんっっ！！」%K%P
%LC千鶴
%LC千鶴
「気持ちいいっ……！！　一番奥まで届いてる……！！\n　あはぁっ、んはぁあっ、身体弾けそうっ……！！」%K%P
「気持ちいいっ……！！　一番奥まで届いてる……！！\n　あはぁっ、んはぁあっ、身体弾けそうっ……！！」%K%P
%LC千鶴
%LC千鶴
「もっとっ、あああっ、もっと突いてっ……！！\n　お姉ちゃんのおまんこっ、たくさん突いてぇ……！！」%K%P
「もっとっ、あああっ、もっと突いてっ……！！\n　お姉ちゃんのおまんこっ、たくさん突いてぇ……！！」%K%P
性欲にまみれた雌の顔をして\nおねだりしてくる姿がエロすぎる。%K%P
性欲にまみれた雌の顔をして\nおねだりしてくる姿がエロすぎる。%K%P
お姉ちゃんのこんな顔っ、こんな姿っ、こんな声っ、\n今まで見たことがないっっ……！！%K%P
お姉ちゃんのこんな顔っ、こんな姿っ、こんな声っ、\n今まで見たことがないっっ……！！%K%P
%LC千鶴
%LC千鶴
「あはぁんっ！　んはぁんっ！！\n　あっ、あっ、あっ、あぁああああっっ〜〜！！」%K%P
「あはぁんっ！　んはぁんっ！！\n　あっ、あっ、あっ、あぁああああっっ〜〜！！」%K%P
%LC千鶴
%LC千鶴
「イくっ、んぁあああっ、きもちいいっっ！！\n　イくっ、イくっ、イくイくイくぅぅ〜〜！！！」%K%P
「イくっ、んぁあああっ、きもちいいっっ！！\n　イくっ、イくっ、イくイくイくぅぅ〜〜！！！」%K%P
絶頂おまんこの痙攣が僕のおちんちんを\nより激しく扱いてくる。はぁはぁ、僕ももう……！！%K%P
絶頂おまんこの痙攣が僕のおちんちんを\nより激しく扱いてくる。はぁはぁ、僕ももう……！！%K%P
%LC千鶴
%LC千鶴
「チンポっ、ふぁああっ、ブルブルしてるぅっ……！！\n　はぁはぁっ、精子きてるっ、えへへ、きてるぅ……！！」%K%P
「チンポっ、ふぁああっ、ブルブルしてるぅっ……！！\n　はぁはぁっ、精子きてるっ、えへへ、きてるぅ……！！」%K%P
%LC千鶴
%LC千鶴
「お願いっ、あっ、あっ、膣内にっ……！！\n　膣内に出してぇっっ……！！」%K%P
「お願いっ、あっ、あっ、膣内にっ……！！\n　膣内に出してぇっっ……！！」%K%P
%LC春樹
%LC春樹
「はぁはぁっ、膣内にって……！」%K%P
「はぁはぁっ、膣内にって……！」%K%P
%LC千鶴
%LC千鶴
「ダメっ？　やっぱりダメぇっ？\n　お姉ちゃんとじゃ子作りできないっ？　したくないっ？」%K%P
「ダメっ？　やっぱりダメぇっ？\n　お姉ちゃんとじゃ子作りできないっ？　したくないっ？」%K%P
%LC千鶴
%LC千鶴
「お姉ちゃんは、ふぁ、あぁ、欲しいっ……！！\n　大好きな弟の女にっ――女になりたいっ……！！」%K%P
「お姉ちゃんは、ふぁ、あぁ、欲しいっ……！！\n　大好きな弟の女にっ――女になりたいっ……！！」%K%P
%LC千鶴
%LC千鶴
「姉じゃなくて、あっ、はぁっ、んぁっ……！！\n　ちゃんとした恋人にっ……！！　エッチする度に\n　中出ししちゃうような恋人にしてもらいたい……！！」%K%P
「姉じゃなくて、あっ、はぁっ、んぁっ……！！\n　ちゃんとした恋人にっ……！！　エッチする度に\n　中出ししちゃうような恋人にしてもらいたい……！！」%K%P
%LC春樹
%LC春樹
「お姉ちゃ――千鶴っっ！！」%K%P
「お姉ちゃ――千鶴っっ！！」%K%P
%LC千鶴
%LC千鶴
「名前呼んでくれて――あぁああんっ！！\n　あっ、あっ、あっ、あっ、激しいっ、すごいっ……！！」%K%P
「名前呼んでくれて――あぁああんっ！！\n　あっ、あっ、あっ、あっ、激しいっ、すごいっ……！！」%K%P
%LC春樹
%LC春樹
「出すよっ、千鶴の膣内に出すからっ……！！\n　僕の精子で千鶴を僕の女にするからっっ……！！」%K%P
「出すよっ、千鶴の膣内に出すからっ……！！\n　僕の精子で千鶴を僕の女にするからっっ……！！」%K%P
%LC千鶴
%LC千鶴
「うんっ、してっ、女にしてっっ……！！\n　あなただけの女にっ、恋人にっっ……！！」%K%P
「うんっ、してっ、女にしてっっ……！！\n　あなただけの女にっ、恋人にっっ……！！」%K%P
%LC千鶴
%LC千鶴
「あなたの精子でっ、あっ、あっ、あっ！！\n　あなたの子種でぇっっ……！！」%K%P
「あなたの精子でっ、あっ、あっ、あっ！！\n　あなたの子種でぇっっ……！！」%K%P
%LC千鶴
%LC千鶴
「あたしをあなたの女に――してぇぇええっっ〜〜！！！」%K%P
「あたしをあなたの女に――してぇぇええっっ〜〜！！！」%K%P
%LC千鶴
%LC千鶴
「あっ、あっ、あっ、あっ、あっ！！！\n　あふぁあああああああああっっ〜〜！！！！！」%K%P
「あっ、あっ、あっ、あっ、あっ！！！\n　あふぁあああああああああっっ〜〜！！！！！」%K%P
最奥にゴリゴリおちんちんを押しつけながら、\nありったけの精液を注ぎ込む。%K%P
最奥にゴリゴリおちんちんを押しつけながら、\nありったけの精液を注ぎ込む。%K%P
%LC千鶴
%LC千鶴
「んぁああっっ！！　ビュービュー来てるっ……！！\n　ザーメンたくさん入ってきてるぅっっ……！！」%K%P
「んぁああっっ！！　ビュービュー来てるっ……！！\n　ザーメンたくさん入ってきてるぅっっ……！！」%K%P
%LC千鶴
%LC千鶴
「う、嬉しいっ……！！　あはぁ……！！\n　女に、はぁはぁ、大好きな人の女にしてもらえたんだっ」%K%P
「う、嬉しいっ……！！　あはぁ……！！\n　女に、はぁはぁ、大好きな人の女にしてもらえたんだっ」%K%P
お腹に力を込めて大好きな人に精を注ぎ続ける。\nこれでもかというほど、出し続ける。%K%P
お腹に力を込めて大好きな人に精を注ぎ続ける。\nこれでもかというほど、出し続ける。%K%P
%LC千鶴
%LC千鶴
「んはぁ……！　はぁ、はぁ、はぁ……！！\n　あ、ありがと。無茶なお願い聞いてくれて……」%K%P
「んはぁ……！　はぁ、はぁ、はぁ……！！\n　あ、ありがと。無茶なお願い聞いてくれて……」%K%P
%LC春樹
%LC春樹
「僕が千鶴の膣内に出したかっただけだよ」%K%P
「僕が千鶴の膣内に出したかっただけだよ」%K%P
%LC千鶴
%LC千鶴
「ち、千鶴……えへへへへへぇ……」%K%P
「ち、千鶴……えへへへへへぇ……」%K%P
恋人同士っぽく下の名前で呼ぶと、\n千鶴はそれはもう嬉しそうに顔を綻ばせてくれた。%K%P
恋人同士っぽく下の名前で呼ぶと、\n千鶴はそれはもう嬉しそうに顔を綻ばせてくれた。%K%P
%LC千鶴
%LC千鶴
「あの……さ。もう一つ、おねだりしても……いい？」%K%P
「あの……さ。もう一つ、おねだりしても……いい？」%K%P
%LC春樹
%LC春樹
「うん？」%K%P
「うん？」%K%P
%LC千鶴
%LC千鶴
「お……お尻にも、その。挿れて欲しい……」%K%P
「お……お尻にも、その。挿れて欲しい……」%K%P
%LC春樹
%LC春樹
「お、お尻にも！？」%K%P
「お、お尻にも！？」%K%P
%LC千鶴
%LC千鶴
「〜〜っっ！　や、やっぱり変態過ぎるよね……！\n　わ、忘れてっ！　今のなし、なしでいいから……！」%K%P
「〜〜っっ！　や、やっぱり変態過ぎるよね……！\n　わ、忘れてっ！　今のなし、なしでいいから……！」%K%P
慌てた様子で千鶴が首をブンブン横に振る。%K%P
慌てた様子で千鶴が首をブンブン横に振る。%K%P
でも本当は挿れて欲しいんだろう。\n割れ目よりも遥かに小さい菊穴がヒクついていた。%K%P
でも本当は挿れて欲しいんだろう。\n割れ目よりも遥かに小さい菊穴がヒクついていた。%K%P
……すごくえっちい。正直、僕も挿れてみたい。%K%P
……すごくえっちい。正直、僕も挿れてみたい。%K%P
そう思った時には――千鶴のアナルに\nおちんちんの先っぽを押し当てていた。%K%P
そう思った時には――千鶴のアナルに\nおちんちんの先っぽを押し当てていた。%K%P
%LC千鶴
%LC千鶴
「ん゛ひぃっっ！！」%K%P
「ん゛ひぃっっ！！」%K%P
%LC春樹
%LC春樹
「キツ……！！　んっ……！！\n　い、痛くないっ？」%K%P
「キツ……！！　んっ……！！\n　い、痛くないっ？」%K%P
%LC千鶴
%LC千鶴
「い、痛いぃ……！！　痛いけど、くはぁ……！！\n　気持ちいいっ……！！　あ、あふぁ……！！」%K%P
「い、痛いぃ……！！　痛いけど、くはぁ……！！\n　気持ちいいっ……！！　あ、あふぁ……！！」%K%P
まだ亀頭の先を挿れた程度なのにこの締め付け……！\n明らかにサイズの合わないものを挿れてるこの感覚……！%K%P
まだ亀頭の先を挿れた程度なのにこの締め付け……！\n明らかにサイズの合わないものを挿れてるこの感覚……！%K%P
だけど、物凄く興奮する……！\n僕のが千鶴のお尻の穴をこじあけていく様に……！%K%P
だけど、物凄く興奮する……！\n僕のが千鶴のお尻の穴をこじあけていく様に……！%K%P
%LC千鶴
%LC千鶴
「お゛っ……！　お゛おおおっっ……！！\n　はいっ、入ってきてるぅっ……！！」%K%P
「お゛っ……！　お゛おおおっっ……！！\n　はいっ、入ってきてるぅっ……！！」%K%P
%LC千鶴
%LC千鶴
「お尻、あ゛はぁ……！　焼けそうっ……！！\n　お腹っ、ん゛ぁ、パ、パンパンれっ……！！」%K%P
「お尻、あ゛はぁ……！　焼けそうっ……！！\n　お腹っ、ん゛ぁ、パ、パンパンれっ……！！」%K%P
%LC千鶴
%LC千鶴
「しゅ、しゅごいっっ……！！\n　自分の指より全然太いぃっっ……！！」%K%P
「しゅ、しゅごいっっ……！！\n　自分の指より全然太いぃっっ……！！」%K%P
%LC春樹
%LC春樹
「はぁはぁっ、お尻には指挿れてたんだっ？」%K%P
「はぁはぁっ、お尻には指挿れてたんだっ？」%K%P
%LC千鶴
%LC千鶴
「っっ。い、挿れてたっ……！\n　弟のチンポ妄想して挿れてたのぉ……！！」%K%P
「っっ。い、挿れてたっ……！\n　弟のチンポ妄想して挿れてたのぉ……！！」%K%P
だからだろうか。挿入を促すように腸液が溢れてくる。%K%P
だからだろうか。挿入を促すように腸液が溢れてくる。%K%P
さっき指を挿れた時もそうだった。\n当たり前のように僕の指を呑み込んでいって――%K%P
さっき指を挿れた時もそうだった。\n当たり前のように僕の指を呑み込んでいって――%K%P
%LC千鶴
%LC千鶴
「い、一気にぃ……！　一気に挿れてぇ……！！\n　根元まで一気に挿れて欲しいぃっ……！！」%K%P
「い、一気にぃ……！　一気に挿れてぇ……！！\n　根元まで一気に挿れて欲しいぃっ……！！」%K%P
%LC春樹
%LC春樹
「はぁはぁ、そんなことしたら、\n　すごく痛いんじゃっ……！」%K%P
「はぁはぁ、そんなことしたら、\n　すごく痛いんじゃっ……！」%K%P
%LC千鶴
%LC千鶴
「そ、それが、いいのっ……！！\n　痛くして欲しいのっっ……！！」%K%P
「そ、それが、いいのっ……！！\n　痛くして欲しいのっっ……！！」%K%P
%LC千鶴
%LC千鶴
「恋人チンポに、ん゛ぁぁ……！！\n　無理やりこじ開けて欲しいのぉ……！！」%K%P
「恋人チンポに、ん゛ぁぁ……！！\n　無理やりこじ開けて欲しいのぉ……！！」%K%P
苦しそうに大粒の汗を浮かべながら、\n恍惚とした表情で千鶴が訴えてくる。%K%P
苦しそうに大粒の汗を浮かべながら、\n恍惚とした表情で千鶴が訴えてくる。%K%P
本当に僕のお姉ちゃんは、\nいいや、恋人は――%K%P
本当に僕のお姉ちゃんは、\nいいや、恋人は――%K%P
%LC春樹
%LC春樹
「――ド変態だねっ！！」%K%P
「――ド変態だねっ！！」%K%P
%LC千鶴
%LC千鶴
「お゛っ――お゛ほぉおおおおおおっっ〜〜！！！」%K%P
「お゛っ――お゛ほぉおおおおおおっっ〜〜！！！」%K%P
ともすれば、ひり出されそうな抵抗感の中、\nおちんちんの硬さを以て強引に根元まで突き入れる。%K%P
ともすれば、ひり出されそうな抵抗感の中、\nおちんちんの硬さを以て強引に根元まで突き入れる。%K%P
%LC千鶴
%LC千鶴
「ぎ、ぎもひいいっっ……！！　しゅごひぃっっ……！！\n　い、痛ひぃっっ……！！　イ、イくぅぅっっ……！！」%K%P
「ぎ、ぎもひいいっっ……！！　しゅごひぃっっ……！！\n　い、痛ひぃっっ……！！　イ、イくぅぅっっ……！！」%K%P
%LC春樹
%LC春樹
「んんっっ……！！　動くよ、千鶴っ……！！」%K%P
「んんっっ……！！　動くよ、千鶴っ……！！」%K%P
%LC千鶴
%LC千鶴
「ら、らめっ、待っへっっ……！！\n　もう少し慣らしてかりゃ――」%K%P
「ら、らめっ、待っへっっ……！！\n　もう少し慣らしてかりゃ――」%K%P
千鶴はそう訴えてくるけれど、\nそんな悠長なことをしている余裕はなかった。%K%P
千鶴はそう訴えてくるけれど、\nそんな悠長なことをしている余裕はなかった。%K%P
%LC千鶴
%LC千鶴
「お゛ほぉ！？　ん゛ぉおっっ！！　ん゛ぁっ！！\n　あ゛っ、あ゛っ、あ゛っ、あ゛ああっ！！！」%K%P
「お゛ほぉ！？　ん゛ぉおっっ！！　ん゛ぁっ！！\n　あ゛っ、あ゛っ、あ゛っ、あ゛ああっ！！！」%K%P
はぁはぁっ、気持ちいいっ……！！%K%P
はぁはぁっ、気持ちいいっ……！！%K%P
膣内とは違うスベスベで肉厚な腸の壁が、\nおちんちんをめちゃくちゃ窮屈に圧迫してくる……！！%K%P
膣内とは違うスベスベで肉厚な腸の壁が、\nおちんちんをめちゃくちゃ窮屈に圧迫してくる……！！%K%P
一度突き出したらとめられない……！！%K%P
一度突き出したらとめられない……！！%K%P
%LC千鶴
%LC千鶴
「らめっ、ん゛はぁっ、らめっ、らめぇっっ！！\n　激ししゅぎっ、壊れりゅっ、お尻壊れりゅぅっ！！」%K%P
「らめっ、ん゛はぁっ、らめっ、らめぇっっ！！\n　激ししゅぎっ、壊れりゅっ、お尻壊れりゅぅっ！！」%K%P
%LC春樹
%LC春樹
「そこまで言うなら、んんっ、突くのやめようかっ？」%K%P
「そこまで言うなら、んんっ、突くのやめようかっ？」%K%P
%LC千鶴
%LC千鶴
「あ゛あぁぁっっ、らめぇっっ……！！\n　続けてっ、あ゛っ、あ゛っ、いっぱい突いてぇっ！！」%K%P
「あ゛あぁぁっっ、らめぇっっ……！！\n　続けてっ、あ゛っ、あ゛っ、いっぱい突いてぇっ！！」%K%P
%LC春樹
%LC春樹
「はぁはぁっ、やっぱりド変態だねっ……！！」%K%P
「はぁはぁっ、やっぱりド変態だねっ……！！」%K%P
%LC千鶴
%LC千鶴
「あ゛ひぃぃぃいいんんんっっ！！！」%K%P
「あ゛ひぃぃぃいいんんんっっ！！！」%K%P
大きなお尻が波打つほど激しく腰を打ち付ける。\nやはり千鶴は無理やり犯されるようなのが好みみたいだ。%K%P
大きなお尻が波打つほど激しく腰を打ち付ける。\nやはり千鶴は無理やり犯されるようなのが好みみたいだ。%K%P
だからあえて僕は千鶴のことを一切気遣わず、\nただ欲望の赴くままに腰を突き入れていく――%K%P
だからあえて僕は千鶴のことを一切気遣わず、\nただ欲望の赴くままに腰を突き入れていく――%K%P
%LC千鶴
%LC千鶴
「ん゛はぁっ！　あ゛ぁあんっ！　あ゛ひぃあっっ！！\n　ヤバいっ、ん゛ぁあっ、これヤバいヤバいヤバいぃ！！」%K%P
「ん゛はぁっ！　あ゛ぁあんっ！　あ゛ひぃあっっ！！\n　ヤバいっ、ん゛ぁあっ、これヤバいヤバいヤバいぃ！！」%K%P
%LC千鶴
%LC千鶴
「何度も大きいのしてりゅみたいなっ……！！\n　すごくぶっといのっ、何度も出してるみたいなっ……！」%K%P
「何度も大きいのしてりゅみたいなっ……！！\n　すごくぶっといのっ、何度も出してるみたいなっ……！」%K%P
%LC千鶴
%LC千鶴
「恥ずかしっ、あ゛ぁあっ、変に力こもっへっ……！！\n　らめっ、ん゛ぁあっ、らめっ、らめぇっ……！！」%K%P
「恥ずかしっ、あ゛ぁあっ、変に力こもっへっ……！！\n　らめっ、ん゛ぁあっ、らめっ、らめぇっ……！！」%K%P
奥に突き入れると一際圧迫感が強くなる。\nおちんちんをひり出そうと力んできて……！！%K%P
奥に突き入れると一際圧迫感が強くなる。\nおちんちんをひり出そうと力んできて……！！%K%P
%LC春樹
%LC春樹
「普段こんな風に気張って、はぁはぁっ……！！\n　大きいのしてるんだっ？　すごい力だよっ？」%K%P
「普段こんな風に気張って、はぁはぁっ……！！\n　大きいのしてるんだっ？　すごい力だよっ？」%K%P
%LC千鶴
%LC千鶴
「〜〜っっ！！　い、言わないでぇ……！！\n　そんなハズいこと聞かないでぇ……！！」%K%P
「〜〜っっ！！　い、言わないでぇ……！！\n　そんなハズいこと聞かないでぇ……！！」%K%P
羞恥心を煽るように言うと、\n腸内の潤いがさらに増した。%K%P
羞恥心を煽るように言うと、\n腸内の潤いがさらに増した。%K%P
そのドＭっぷりに僕の興奮もさらに高まっていく。%K%P
そのドＭっぷりに僕の興奮もさらに高まっていく。%K%P
%LC千鶴
%LC千鶴
「あ゛ぁあっっ！！　ふ、膨らんでっっ……！！\n　チンポっ、お尻の中れ膨らんでりゅっっ……！！」%K%P
「あ゛ぁあっっ！！　ふ、膨らんでっっ……！！\n　チンポっ、お尻の中れ膨らんでりゅっっ……！！」%K%P
%LC千鶴
%LC千鶴
「き、気持ちいいのっ？　あたしのお尻っ、\n　あっ、あっ、あっ、気持ちいいのぉっ？」%K%P
「き、気持ちいいのっ？　あたしのお尻っ、\n　あっ、あっ、あっ、気持ちいいのぉっ？」%K%P
%LC春樹
%LC春樹
「気持ち良くなかったらっ、はぁはぁっ、\n　こんなに夢中になって突いてないよっ！」%K%P
「気持ち良くなかったらっ、はぁはぁっ、\n　こんなに夢中になって突いてないよっ！」%K%P
%LC千鶴
%LC千鶴
「〜〜っっ！！　う、嬉しいっ……！！\n　ん゛ぁっ、あ゛はぁっっ……！！」%K%P
「〜〜っっ！！　う、嬉しいっ……！！\n　ん゛ぁっ、あ゛はぁっっ……！！」%K%P
%LC千鶴
%LC千鶴
「だ、出していいよっ……！！\n　あ゛ぁっ、お尻の中にも出して……！！」%K%P
「だ、出していいよっ……！！\n　あ゛ぁっ、お尻の中にも出して……！！」%K%P
%LC千鶴
%LC千鶴
「口にも、おまんこにも出してもらったから……！！\n　あとはっ、お尻にもっ、お尻にも欲しいっ……！！」%K%P
「口にも、おまんこにも出してもらったから……！！\n　あとはっ、お尻にもっ、お尻にも欲しいっ……！！」%K%P
%LC千鶴
%LC千鶴
「あたしの全部の穴……！　あ゛っ、あ゛っ、あ゛っ、\n　大好きな人のザーメンでマーキングして欲しい……！」%K%P
「あたしの全部の穴……！　あ゛っ、あ゛っ、あ゛っ、\n　大好きな人のザーメンでマーキングして欲しい……！」%K%P
千鶴の言葉が射精欲を昂ぶらせる。\n僕もしたいっ、大好きな人の全てにマーキングしたいっ！%K%P
千鶴の言葉が射精欲を昂ぶらせる。\n僕もしたいっ、大好きな人の全てにマーキングしたいっ！%K%P
%LC千鶴
%LC千鶴
「ん゛ぁっ、あ゛っ、あ゛っ、あ゛っ！！\n　激ひいっ、イ゛ぐっ、あ゛あああっ、イ゛ぐぅっ！！」%K%P
「ん゛ぁっ、あ゛っ、あ゛っ、あ゛っ！！\n　激ひいっ、イ゛ぐっ、あ゛あああっ、イ゛ぐぅっ！！」%K%P
%LC千鶴
%LC千鶴
「だひへっっ！！　あ゛あああっっ！！！\n　熱いのドピュドピュしへぇっっ！！」%K%P
「だひへっっ！！　あ゛あああっっ！！！\n　熱いのドピュドピュしへぇっっ！！」%K%P
%LC千鶴
%LC千鶴
「あたしの身体にっ、全部にぃっ、\n　大好きな人のザーメンっ、あ゛ぁああっっ！！」%K%P
「あたしの身体にっ、全部にぃっ、\n　大好きな人のザーメンっ、あ゛ぁああっっ！！」%K%P
%LC千鶴
%LC千鶴
「たっぷり注ぎこんでぇぇええええっっ〜〜！！」%K%P
「たっぷり注ぎこんでぇぇええええっっ〜〜！！」%K%P
%LC千鶴
%LC千鶴
「お゛ほぉっ――お゛っ、お゛おおおおおおっっ！！\n　ん゛ぉおおおおおおおおおおおっっ〜〜！！！！！」%K%P
「お゛ほぉっ――お゛っ、お゛おおおおおおっっ！！\n　ん゛ぉおおおおおおおおおおおっっ〜〜！！！！！」%K%P
熱い滾りをぶちまけた瞬間、\n千鶴は下品すぎる絶叫を上げながら身体を痙攣させた。%K%P
熱い滾りをぶちまけた瞬間、\n千鶴は下品すぎる絶叫を上げながら身体を痙攣させた。%K%P
そのあられのない姿に僕はもう\nめちゃくちゃ興奮してしまって射精がとまらない。%K%P
そのあられのない姿に僕はもう\nめちゃくちゃ興奮してしまって射精がとまらない。%K%P
%LC千鶴
%LC千鶴
「イ゛ぐっ、イ゛ぐぅぅっっ〜〜！！\n　お尻焼けっ、焼けりゅっ、ぎもひいいいっっ……！！」%K%P
「イ゛ぐっ、イ゛ぐぅぅっっ〜〜！！\n　お尻焼けっ、焼けりゅっ、ぎもひいいいっっ……！！」%K%P
%LC千鶴
%LC千鶴
「しゅごひ――イ゛ぐぅっっ！！\n　イ゛ぐのとまらな――イ゛ぐっ、イ゛ぐイ゛ぐぅ！！！」%K%P
「しゅごひ――イ゛ぐぅっっ！！\n　イ゛ぐのとまらな――イ゛ぐっ、イ゛ぐイ゛ぐぅ！！！」%K%P
大口を開けたまま千鶴が何度も何度も\nビクビクビクと跳ね上がる。%K%P
大口を開けたまま千鶴が何度も何度も\nビクビクビクと跳ね上がる。%K%P
ただでさえ窮屈なアナルがさらに締まって――んんっ！！\n一滴残らず精子が搾り取られちゃうっ……！！%K%P
ただでさえ窮屈なアナルがさらに締まって――んんっ！！\n一滴残らず精子が搾り取られちゃうっ……！！%K%P
%LC千鶴
%LC千鶴
「しゅ、しゅごひっっ……！！　あ゛はぁぁ……！！\n　ぎもひいいっ、あ゛ぁ、お尻熱いぃ……！！」%K%P
「しゅ、しゅごひっっ……！！　あ゛はぁぁ……！！\n　ぎもひいいっ、あ゛ぁ、お尻熱いぃ……！！」%K%P
%LC千鶴
%LC千鶴
「このチンポのきもひよさ教えられたら、もう……！\n　オナニーなんへ、できなひよぉ……！」%K%P
「このチンポのきもひよさ教えられたら、もう……！\n　オナニーなんへ、できなひよぉ……！」%K%P
ぐったりと机にもたりかかりながら、\n千鶴が恍惚とした顔で喘ぎ続ける。%K%P
ぐったりと机にもたりかかりながら、\n千鶴が恍惚とした顔で喘ぎ続ける。%K%P
そんな彼女へ気が済むまで精を注ぎ込んだところで、\n僕はゆっくりとおちんちんを抜いた。%K%P
そんな彼女へ気が済むまで精を注ぎ込んだところで、\n僕はゆっくりとおちんちんを抜いた。%K%P
%LC千鶴
%LC千鶴
「あ゛はぁ……！　んはぁ……！　はぁ、はぁ……！！\n　しゅ、しゅごかっひゃ……！　まだ身体震えへ……！」%K%P
「あ゛はぁ……！　んはぁ……！　はぁ、はぁ……！！\n　しゅ、しゅごかっひゃ……！　まだ身体震えへ……！」%K%P
%LC千鶴
%LC千鶴
「力、んはぁ、はぁ、全然入んなひ……！\n　アナル、んひぁ、閉じらんないくりゃい……」%K%P
「力、んはぁ、はぁ、全然入んなひ……！\n　アナル、んひぁ、閉じらんないくりゃい……」%K%P
おまんこから溢れた精子とアナルから溢れた精子が\nボタボタとショーツへ垂れ落ちていく。%K%P
おまんこから溢れた精子とアナルから溢れた精子が\nボタボタとショーツへ垂れ落ちていく。%K%P
こんなに、はぁはぁ、出したんだ……。\n自分でもビックリするくらい射精しちゃって……。%K%P
こんなに、はぁはぁ、出したんだ……。\n自分でもビックリするくらい射精しちゃって……。%K%P
%LC千鶴
%LC千鶴
「えへ、えへへぇ……。でも幸せ……。\n　大好きな人にあたしの初めて全部、あげられて……」%K%P
「えへ、えへへぇ……。でも幸せ……。\n　大好きな人にあたしの初めて全部、あげられて……」%K%P
%LC春樹
%LC春樹
「はぁはぁ、千鶴……」%K%P
「はぁはぁ、千鶴……」%K%P
%LC千鶴
%LC千鶴
「んはぁ……！　名前呼ばれるだけでイきそ……。\n　も、もっと呼んで……？」%K%P
「んはぁ……！　名前呼ばれるだけでイきそ……。\n　も、もっと呼んで……？」%K%P
%LC春樹
%LC春樹
「千鶴……。千鶴、千鶴……！」%K%P
「千鶴……。千鶴、千鶴……！」%K%P
%LC千鶴
%LC千鶴
「ふぁっ、あぁぁあ……！！\n　えへ、えへへぇ、ヤバい、また発情してきた……！」%K%P
「ふぁっ、あぁぁあ……！！\n　えへ、えへへぇ、ヤバい、また発情してきた……！」%K%P
千鶴が淫らな表情を僕に向けてくる。%K%P
千鶴が淫らな表情を僕に向けてくる。%K%P
%LC千鶴
%LC千鶴
「もっとしてくれる……？\n　エロいこと、はぁはぁ、もっとしたい……」%K%P
「もっとしてくれる……？\n　エロいこと、はぁはぁ、もっとしたい……」%K%P
%LC千鶴
%LC千鶴
「どんな変態なプレイでも構わないから……。\n　はぁはぁ、む、むしろ変態なプレイでいいから……」%K%P
「どんな変態なプレイでも構わないから……。\n　はぁはぁ、む、むしろ変態なプレイでいいから……」%K%P
%LC千鶴
%LC千鶴
「あたしを……はぁはぁ。あなた好みの女に、\n　んはぁ……調教して……？」%K%P
「あたしを……はぁはぁ。あなた好みの女に、\n　んはぁ……調教して……？」%K%P
