%LC千鶴
%LC千鶴
「ん……どう、気持ちいい？　リクエストしてくれた、\n　お姉ちゃんのおっぱい、だよ？」%K%P
「ん……どう、気持ちいい？　リクエストしてくれた、\n　お姉ちゃんのおっぱい、だよ？」%K%P
%LC春樹
%LC春樹
「っっ。う、うん。あったかくてフワフワしてて……。\n　挟まれてるだけでもドキドキしちゃう……」%K%P
「っっ。う、うん。あったかくてフワフワしてて……。\n　挟まれてるだけでもドキドキしちゃう……」%K%P
目の前に広がるお姉ちゃんのおまんこもすごくエロい。%K%P
目の前に広がるお姉ちゃんのおまんこもすごくエロい。%K%P
ショーツを下ろしただけで\nネバネバの糸がやらしく引いて。%K%P
ショーツを下ろしただけで\nネバネバの糸がやらしく引いて。%K%P
触ってもいないのに、エッチな股間の唇が\nヒクヒクと愛液を垂らしながら震えていて……。%K%P
触ってもいないのに、エッチな股間の唇が\nヒクヒクと愛液を垂らしながら震えていて……。%K%P
%LC千鶴
%LC千鶴
「あ、あんまりジロジロ見られるとハズいよ……」%K%P
「あ、あんまりジロジロ見られるとハズいよ……」%K%P
%LC春樹
%LC春樹
「だって、お姉ちゃんのおまんこ、\n　何もしてないのにすごくドロドロで……」%K%P
「だって、お姉ちゃんのおまんこ、\n　何もしてないのにすごくドロドロで……」%K%P
%LC千鶴
%LC千鶴
「さ、さっきまでオナニーしてたからだって。\n　既にできあがっちゃってる状態なの……！」%K%P
「さ、さっきまでオナニーしてたからだって。\n　既にできあがっちゃってる状態なの……！」%K%P
恥じらうお姉ちゃんの声が聞こえてくる。\nそれと同時に、愛液がとろりと溢れ出してきた。%K%P
恥じらうお姉ちゃんの声が聞こえてくる。\nそれと同時に、愛液がとろりと溢れ出してきた。%K%P
僕に見られてるだけで……感じてくれてるのかな？\n案外お姉ちゃんってＭなのかも……。%K%P
僕に見られてるだけで……感じてくれてるのかな？\n案外お姉ちゃんってＭなのかも……。%K%P
%LC千鶴
%LC千鶴
「そっちだって人のこと言えないよ……？\n　おっぱいで挟んだだけでビクビクしてるし……」%K%P
「そっちだって人のこと言えないよ……？\n　おっぱいで挟んだだけでビクビクしてるし……」%K%P
%LC千鶴
%LC千鶴
「……どんどん硬くなってきてる。\n　先っぽからも我慢汁溢れてきてるし……」%K%P
「……どんどん硬くなってきてる。\n　先っぽからも我慢汁溢れてきてるし……」%K%P
%LC春樹
%LC春樹
「んっ……！　ふぁ……！」%K%P
「んっ……！　ふぁ……！」%K%P
お姉ちゃんが軽く胸を揺らして、\nおちんちんを扱いてくる。%K%P
お姉ちゃんが軽く胸を揺らして、\nおちんちんを扱いてくる。%K%P
ふくよかな感触がむにゅんむにゅんと\n竿を撫で回してきて、んん、気持ちいい。%K%P
ふくよかな感触がむにゅんむにゅんと\n竿を撫で回してきて、んん、気持ちいい。%K%P
%LC千鶴
%LC千鶴
「はぁ……はぁ……。敏感なんだね……？\n　ちょっと動かしただけで感じてくれて……」%K%P
「はぁ……はぁ……。敏感なんだね……？\n　ちょっと動かしただけで感じてくれて……」%K%P
%LC千鶴
%LC千鶴
「ヤバい……。嬉しい……。\n　めちゃくちゃ興奮しちゃう……」%K%P
「ヤバい……。嬉しい……。\n　めちゃくちゃ興奮しちゃう……」%K%P
お姉ちゃんの発情を示すように、\nおまんこから愛液がタラっと垂れ落ちてくる。%K%P
お姉ちゃんの発情を示すように、\nおまんこから愛液がタラっと垂れ落ちてくる。%K%P
その淫らすぎる光景に我慢できなくて、\n指先を大きく開いた割れ目に伸ばした。%K%P
その淫らすぎる光景に我慢できなくて、\n指先を大きく開いた割れ目に伸ばした。%K%P
%LC千鶴
%LC千鶴
「ひぃあ……！　あぁあん……！」%K%P
「ひぃあ……！　あぁあん……！」%K%P
つぷ、と僅かに指先を挿れただけで、\n堰を切ったように愛液がとぷとぷと溢れ出してくる。%K%P
つぷ、と僅かに指先を挿れただけで、\n堰を切ったように愛液がとぷとぷと溢れ出してくる。%K%P
ぽたぽたと粘っこいおつゆが僕の顔に垂れ落ちてきて、\nはぁはぁ、えっちい匂いが顔中に広がってくる。%K%P
ぽたぽたと粘っこいおつゆが僕の顔に垂れ落ちてきて、\nはぁはぁ、えっちい匂いが顔中に広がってくる。%K%P
%LC千鶴
%LC千鶴
「そ、想像してたよりドキドキするね……。\n　弟に、んんっ、触られるの……」%K%P
「そ、想像してたよりドキドキするね……。\n　弟に、んんっ、触られるの……」%K%P
%LC千鶴
%LC千鶴
「ど……どうかな？　お姉ちゃんのおまんこ……。\n　オナニーばっかりしてるから、その……」%K%P
「ど……どうかな？　お姉ちゃんのおまんこ……。\n　オナニーばっかりしてるから、その……」%K%P
%LC春樹
%LC春樹
「す、すごく綺麗だよ……？\n　もっと触りたいくらい……」%K%P
「す、すごく綺麗だよ……？\n　もっと触りたいくらい……」%K%P
%LC千鶴
%LC千鶴
「っっ。い、いいよ？　好きに触って……？\n　あたしも、その。好きにさせてもらうから……」%K%P
「っっ。い、いいよ？　好きに触って……？\n　あたしも、その。好きにさせてもらうから……」%K%P
%LC千鶴
%LC千鶴
「というか、はぁはぁ……。我慢できない……。\n　さっきからチンポがすごいの……」%K%P
「というか、はぁはぁ……。我慢できない……。\n　さっきからチンポがすごいの……」%K%P
%LC千鶴
%LC千鶴
「おまんこ触るだけで、んん、ビクってしてて……。\n　発情したみたいに我慢汁ダラダラ溢れさせてて……」%K%P
「おまんこ触るだけで、んん、ビクってしてて……。\n　発情したみたいに我慢汁ダラダラ溢れさせてて……」%K%P
%LC千鶴
%LC千鶴
「大好きな弟が……はぁはぁ。あたしの身体で\n　興奮してくれてるのがわかって……」%K%P
「大好きな弟が……はぁはぁ。あたしの身体で\n　興奮してくれてるのがわかって……」%K%P
%LC春樹
%LC春樹
「んはぁ……んんっ……」%K%P
「んはぁ……んんっ……」%K%P
熱い吐息を漏らしながら、\nお姉ちゃんが胸を揺らしてきてくれる。%K%P
熱い吐息を漏らしながら、\nお姉ちゃんが胸を揺らしてきてくれる。%K%P
フワフワなのにギュッと握られているような、\nその相反する摩擦が気持ちいい……。%K%P
フワフワなのにギュッと握られているような、\nその相反する摩擦が気持ちいい……。%K%P
僕も、はぁはぁ、お姉ちゃんのこと気持ち良くしたい。%K%P
僕も、はぁはぁ、お姉ちゃんのこと気持ち良くしたい。%K%P
%LC千鶴
%LC千鶴
「んぁ……！　はぁん……！　指、んんっ……！\n　膣内に入って、きて……！」%K%P
「んぁ……！　はぁん……！　指、んんっ……！\n　膣内に入って、きて……！」%K%P
%LC千鶴
%LC千鶴
「ヤバい、んんっ、めちゃ気持ちいい……！\n　んはぁ、あぁん……！　想像の何倍も……！」%K%P
「ヤバい、んんっ、めちゃ気持ちいい……！\n　んはぁ、あぁん……！　想像の何倍も……！」%K%P
まだ第一関節すら挿れきっていないのに、\nお姉ちゃんがビクビクと身体を悶えさせる。%K%P
まだ第一関節すら挿れきっていないのに、\nお姉ちゃんがビクビクと身体を悶えさせる。%K%P
はぁはぁ、熱い……。指がふやけそうなくらい、\n膣内がトロトロしてて……。%K%P
はぁはぁ、熱い……。指がふやけそうなくらい、\n膣内がトロトロしてて……。%K%P
おまんこがヒクつきながら指を咥え込んでくる。\nこんなに力強く締め付けてくるんだ……。%K%P
おまんこがヒクつきながら指を咥え込んでくる。\nこんなに力強く締め付けてくるんだ……。%K%P
%LC千鶴
%LC千鶴
「はぁはぁ、ホントすごい……んんっ！\n　おっぱいの中でチンポが飛び跳ねてる……！」%K%P
「はぁはぁ、ホントすごい……んんっ！\n　おっぱいの中でチンポが飛び跳ねてる……！」%K%P
%LC千鶴
%LC千鶴
「先っぽがどんどん充血して……はぁはぁ。\n　膨らんできてるよ……？　えっちいおつゆ垂らしながら」%K%P
「先っぽがどんどん充血して……はぁはぁ。\n　膨らんできてるよ……？　えっちいおつゆ垂らしながら」%K%P
お互いがお互いに発情していく様を間近で眺めながら、\n二人して火照った吐息を漏らす。%K%P
お互いがお互いに発情していく様を間近で眺めながら、\n二人して火照った吐息を漏らす。%K%P
そして、気がついた時には――%K%P
そして、気がついた時には――%K%P
%LC春樹・千鶴
%LC春樹・千鶴
「れろぉ――んふぅんっ！？」%K%P
「れろぉ――んふぅんっ！？」%K%P
二人揃って、相手の性器に舌を伸ばしていた。%K%P
二人揃って、相手の性器に舌を伸ばしていた。%K%P
%LC千鶴
%LC千鶴
「い、いきなり、れろぉ……ぺろろ、舐めるなんて」%K%P
「い、いきなり、れろぉ……ぺろろ、舐めるなんて」%K%P
%LC春樹
%LC春樹
「お姉ちゃんこそ、んちゅ……れろぉ……」%K%P
「お姉ちゃんこそ、んちゅ……れろぉ……」%K%P
%LC千鶴
%LC千鶴
「だって、ぺろ……れろろ……んちゅぅ……。\n　とっても美味しそうなんだもん、弟チンポ……」%K%P
「だって、ぺろ……れろろ……んちゅぅ……。\n　とっても美味しそうなんだもん、弟チンポ……」%K%P
%LC春樹
%LC春樹
「僕も、はぁはぁ、こんな甘い蜜ずっと垂らされたら、\n　んれろ、ぺろろぉ、むしゃぶりついちゃうよ……」%K%P
「僕も、はぁはぁ、こんな甘い蜜ずっと垂らされたら、\n　んれろ、ぺろろぉ、むしゃぶりついちゃうよ……」%K%P
はぁはぁ、ちょっぴり酸味があるけど甘い……。\nこれがお姉ちゃんのおまんこの味なんだ……！%K%P
はぁはぁ、ちょっぴり酸味があるけど甘い……。\nこれがお姉ちゃんのおまんこの味なんだ……！%K%P
膣内を舐め回すのにも興奮しちゃう……！\n剥き出しの淫肉の感触が気持ち良くて。%K%P
膣内を舐め回すのにも興奮しちゃう……！\n剥き出しの淫肉の感触が気持ち良くて。%K%P
%LC千鶴
%LC千鶴
「あっ、あぁあんっ……！　し、舌ヤバいっ……！\n　ニュルニュル、んんっ、入ってきて……！」%K%P
「あっ、あぁあんっ……！　し、舌ヤバいっ……！\n　ニュルニュル、んんっ、入ってきて……！」%K%P
%LC千鶴
%LC千鶴
「指と、ふぁああっ、全然違うっ……！\n　気持ちいい、んんんっっ、イ、イく、ん゛んっ！！」%K%P
「指と、ふぁああっ、全然違うっ……！\n　気持ちいい、んんんっっ、イ、イく、ん゛んっ！！」%K%P
グっと舌先を突き出しただけで、\nお姉ちゃんが激しく身悶える。%K%P
グっと舌先を突き出しただけで、\nお姉ちゃんが激しく身悶える。%K%P
膣内が一気に窮屈になって、\n挿れていた舌が思いっきり締め付けられた。%K%P
膣内が一気に窮屈になって、\n挿れていた舌が思いっきり締め付けられた。%K%P
%LC春樹
%LC春樹
「お姉ちゃん、いま……」%K%P
「お姉ちゃん、いま……」%K%P
%LC千鶴
%LC千鶴
「う……うん。ちょっとイった……はぁはぁ。\n　クンニ、はぁはぁ、すごい気持ち良くて……」%K%P
「う……うん。ちょっとイった……はぁはぁ。\n　クンニ、はぁはぁ、すごい気持ち良くて……」%K%P
嬉しい。もっとイかせたい――%K%P
嬉しい。もっとイかせたい――%K%P
%LC春樹
%LC春樹
「んれろっ……！　れろろぉっ、ぺろろぉ……！！」%K%P
「んれろっ……！　れろろぉっ、ぺろろぉ……！！」%K%P
%LC千鶴
%LC千鶴
「ん゛んっ……！！　ま、待って――あぁんっ！！\n　イったばっかでまだ――んはぁああんっっ……！！」%K%P
「ん゛んっ……！！　ま、待って――あぁんっ！！\n　イったばっかでまだ――んはぁああんっっ……！！」%K%P
%LC千鶴
%LC千鶴
「ダメっ、あっ、ああああっっ……！！\n　またイくっ、ん゛んっ、イくっ、イくぅっ……！！」%K%P
「ダメっ、あっ、ああああっっ……！！\n　またイくっ、ん゛んっ、イくっ、イくぅっ……！！」%K%P
%LC春樹
%LC春樹
「んちゅぅっ――んぢゅるるるるるっっ！！」%K%P
「んちゅぅっ――んぢゅるるるるるっっ！！」%K%P
%LC千鶴
%LC千鶴
「ん゛ひっ――あぁぁああああんんっっ〜〜！！」%K%P
「ん゛ひっ――あぁぁああああんんっっ〜〜！！」%K%P
おまんこに吸い付くと、お姉ちゃんは\nさっきよりも大きく身体を跳ね上げた。%K%P
おまんこに吸い付くと、お姉ちゃんは\nさっきよりも大きく身体を跳ね上げた。%K%P
飲み干したはずの愛液が津波のように\n膣内から噴き出してきて、僕の口の中をいっぱいにする。%K%P
飲み干したはずの愛液が津波のように\n膣内から噴き出してきて、僕の口の中をいっぱいにする。%K%P
%LC千鶴
%LC千鶴
「え、えっちいおつゆ飲んじゃうなんて……」%K%P
「え、えっちいおつゆ飲んじゃうなんて……」%K%P
%LC春樹
%LC春樹
「はぁはぁ……。僕、お姉ちゃんの愛液好きかも……。\n　おまんこ舐めるのもすごく好き……」%K%P
「はぁはぁ……。僕、お姉ちゃんの愛液好きかも……。\n　おまんこ舐めるのもすごく好き……」%K%P
%LC千鶴
%LC千鶴
「〜〜っっ！　へ、変なコト言うなってばぁ……！」%K%P
「〜〜っっ！　へ、変なコト言うなってばぁ……！」%K%P
%LC春樹
%LC春樹
「お姉ちゃんは嫌いなんだ？\n　僕におまんこ舐められるの」%K%P
「お姉ちゃんは嫌いなんだ？\n　僕におまんこ舐められるの」%K%P
%LC千鶴
%LC千鶴
「き……嫌いだなんて一言も……」%K%P
「き……嫌いだなんて一言も……」%K%P
%LC春樹
%LC春樹
「じゃあ、舐めて欲しい？」%K%P
「じゃあ、舐めて欲しい？」%K%P
%LC千鶴
%LC千鶴
「そ、それは……はぁはぁ……」%K%P
「そ、それは……はぁはぁ……」%K%P
尋ねると、お姉ちゃんはさらにおまんこを濡らした。\n……やっぱりＭなのかな？　どっちにしても可愛い。%K%P
尋ねると、お姉ちゃんはさらにおまんこを濡らした。\n……やっぱりＭなのかな？　どっちにしても可愛い。%K%P
%LC春樹
%LC春樹
「舐めない方がいいならやめておくけど」%K%P
「舐めない方がいいならやめておくけど」%K%P
%LC千鶴
%LC千鶴
「っっ。ま、待って。舐めて欲しいっ。\n　お願い、舐めて……？」%K%P
「っっ。ま、待って。舐めて欲しいっ。\n　お願い、舐めて……？」%K%P
%LC千鶴
%LC千鶴
「お姉ちゃんの、はぁはぁ、スケベまんこ……。\n　いっぱい舐めて欲しい……」%K%P
「お姉ちゃんの、はぁはぁ、スケベまんこ……。\n　いっぱい舐めて欲しい……」%K%P
その羞恥混じりのおねだりが\n僕の中のＳ心を目覚めさせる。%K%P
その羞恥混じりのおねだりが\n僕の中のＳ心を目覚めさせる。%K%P
%LC春樹
%LC春樹
「じゃあ、さっきみたいに僕のも舐めて欲しいな。\n　すごく気持ち良かったから」%K%P
「じゃあ、さっきみたいに僕のも舐めて欲しいな。\n　すごく気持ち良かったから」%K%P
%LC千鶴
%LC千鶴
「はぁ、はぁ……。も、もちろん……」%K%P
「はぁ、はぁ……。も、もちろん……」%K%P
すると、お姉ちゃんは僕の言う通りに\n再び舌を伸ばしてくれて――%K%P
すると、お姉ちゃんは僕の言う通りに\n再び舌を伸ばしてくれて――%K%P
%LC千鶴
%LC千鶴
「んれろぉ……！　ぺろぉ……！　んれろろぉ……！」%K%P
「んれろぉ……！　ぺろぉ……！　んれろろぉ……！」%K%P
嫌がることなく、むしろ嬉しそうに\nおちんちんを舐め回してくれる。%K%P
嫌がることなく、むしろ嬉しそうに\nおちんちんを舐め回してくれる。%K%P
%LC千鶴
%LC千鶴
「ど、どう？　んちゅ、れろぉ、気持ちいい……？」%K%P
「ど、どう？　んちゅ、れろぉ、気持ちいい……？」%K%P
%LC春樹
%LC春樹
「うん、すごく、んんっ、気持ちいい……。\n　おっぱいも動かして欲しいな」%K%P
「うん、すごく、んんっ、気持ちいい……。\n　おっぱいも動かして欲しいな」%K%P
%LC千鶴
%LC千鶴
「う、うんっ……！　んっ、ふっ……！\n　れろっ、ぺろろぉ……！」%K%P
「う、うんっ……！　んっ、ふっ……！\n　れろっ、ぺろろぉ……！」%K%P
%LC春樹
%LC春樹
「先っぽの方舐められるの、んふ、気持ちいいから。\n　その辺り、たくさんペロペロして？」%K%P
「先っぽの方舐められるの、んふ、気持ちいいから。\n　その辺り、たくさんペロペロして？」%K%P
%LC千鶴
%LC千鶴
「さ、先っぽ……んれろぉ……ぺろろぉ。\n　んれろれろ、ぺろぺろぺろぉ……」%K%P
「さ、先っぽ……んれろぉ……ぺろろぉ。\n　んれろれろ、ぺろぺろぺろぉ……」%K%P
%LC春樹
%LC春樹
「おっぱい動かすの忘れてるよ」%K%P
「おっぱい動かすの忘れてるよ」%K%P
%LC千鶴
%LC千鶴
「っっ。ご、ごめん。ん……！　ふっ……！\n　ぺろろぉっ、れろれろれろぉ……！」%K%P
「っっ。ご、ごめん。ん……！　ふっ……！\n　ぺろろぉっ、れろれろれろぉ……！」%K%P
命令っぽく告げると、お姉ちゃんは\nおまんこを濡らしながら必死に奉仕してくれる。%K%P
命令っぽく告げると、お姉ちゃんは\nおまんこを濡らしながら必死に奉仕してくれる。%K%P
なんだか楽しい。そして、えっちい……。\n何より気持ちいい……。%K%P
なんだか楽しい。そして、えっちい……。\n何より気持ちいい……。%K%P
%LC千鶴
%LC千鶴
「んれろぉ……ぺろ、れろろぉ……。\n　んっ、ふっ……んんっ……！」%K%P
「んれろぉ……ぺろ、れろろぉ……。\n　んっ、ふっ……んんっ……！」%K%P
%LC千鶴
%LC千鶴
「あ……あの……。あ、あたしのも……」%K%P
「あ……あの……。あ、あたしのも……」%K%P
%LC春樹
%LC春樹
「うん？」%K%P
「うん？」%K%P
%LC千鶴
%LC千鶴
「っっ。だ、だから、その……。\n　幾らでもチンポ舐めるから、その……」%K%P
「っっ。だ、だから、その……。\n　幾らでもチンポ舐めるから、その……」%K%P
お姉ちゃんが物欲しそうに腰を振ってくる。\n僕はあえて気づかない振りをした。%K%P
お姉ちゃんが物欲しそうに腰を振ってくる。\n僕はあえて気づかない振りをした。%K%P
%LC春樹
%LC春樹
「何？　はっきり言って？」%K%P
「何？　はっきり言って？」%K%P
%LC千鶴
%LC千鶴
「んはぁぁ……！！　はぁはぁ……！」%K%P
「んはぁぁ……！！　はぁはぁ……！」%K%P
聞き返すだけでお姉ちゃんが悶える。%K%P
聞き返すだけでお姉ちゃんが悶える。%K%P
エッチする前に「春樹も男の子だね〜」と\n煽ってきた人だとは思えないマゾヒストっぷりだ。%K%P
エッチする前に「春樹も男の子だね〜」と\n煽ってきた人だとは思えないマゾヒストっぷりだ。%K%P
%LC千鶴
%LC千鶴
「な……舐めて？　お姉ちゃんのおまんこ……」%K%P
「な……舐めて？　お姉ちゃんのおまんこ……」%K%P
%LC春樹
%LC春樹
「声が小さくて聞こえないよ」%K%P
「声が小さくて聞こえないよ」%K%P
%LC千鶴
%LC千鶴
「〜〜っっ！！　な、舐めてっ！！\n　ペロペロしてっ！！　お姉ちゃんのおまんこっっ！！」%K%P
「〜〜っっ！！　な、舐めてっ！！\n　ペロペロしてっ！！　お姉ちゃんのおまんこっっ！！」%K%P
お姉ちゃんが絶叫して訴える。\nヤバい、我慢汁ビュルって出た。%K%P
お姉ちゃんが絶叫して訴える。\nヤバい、我慢汁ビュルって出た。%K%P
%LC春樹
%LC春樹
「お姉ちゃん……れろろろ。めちゃくちゃ可愛い……」%K%P
「お姉ちゃん……れろろろ。めちゃくちゃ可愛い……」%K%P
%LC千鶴
%LC千鶴
「あはぁぁあぁんんんっっ…………！！\n　あっ、あぁぁ、き、気持ちいい……」%K%P
「あはぁぁあぁんんんっっ…………！！\n　あっ、あぁぁ、き、気持ちいい……」%K%P
%LC春樹
%LC春樹
「ほら……んれろぉ。お姉ちゃんも舐めて？」%K%P
「ほら……んれろぉ。お姉ちゃんも舐めて？」%K%P
%LC千鶴
%LC千鶴
「は、はいっ……！　れろぉ、ぺろろぉ……！\n　んっ、ふっ、れろれろれろぉ……！！」%K%P
「は、はいっ……！　れろぉ、ぺろろぉ……！\n　んっ、ふっ、れろれろれろぉ……！！」%K%P
言ってもないのに返事まで「はい」に変えながら、\nお姉ちゃんが僕のおちんちんを舐め回す。%K%P
言ってもないのに返事まで「はい」に変えながら、\nお姉ちゃんが僕のおちんちんを舐め回す。%K%P
膣内は明らかに先程よりも温度が上がっていて、\nおまんこの味も比べものにならないほど濃くなっていた。%K%P
膣内は明らかに先程よりも温度が上がっていて、\nおまんこの味も比べものにならないほど濃くなっていた。%K%P
%LC千鶴
%LC千鶴
「ん゛っ、ん゛んんんっっ〜〜！！\n　んはぁはぁ、れろぉっ、ぺろろぉっ……！！」%K%P
「ん゛っ、ん゛んんんっっ〜〜！！\n　んはぁはぁ、れろぉっ、ぺろろぉっ……！！」%K%P
%LC千鶴
%LC千鶴
「お、弟に、はぁはぁ、何回もイかされてる……！\n　弟のチンポ舐めながら、はぁはぁ、イかされて……！」%K%P
「お、弟に、はぁはぁ、何回もイかされてる……！\n　弟のチンポ舐めながら、はぁはぁ、イかされて……！」%K%P
お姉ちゃんの昂ぶりがおちんちんを舐め回す舌先や\n火照ったおっぱいから、ありありと伝わってくる。%K%P
お姉ちゃんの昂ぶりがおちんちんを舐め回す舌先や\n火照ったおっぱいから、ありありと伝わってくる。%K%P
もっとお姉ちゃんにエロいことさせたい……。\nエロいことしたい……！%K%P
もっとお姉ちゃんにエロいことさせたい……。\nエロいことしたい……！%K%P
%LC春樹
%LC春樹
「んれろぉ、ぺろぉ……。\n　お姉ちゃん、そのまましゃぶって」%K%P
「んれろぉ、ぺろぉ……。\n　お姉ちゃん、そのまましゃぶって」%K%P
%LC千鶴
%LC千鶴
「は、はい……！」%K%P
「は、はい……！」%K%P
少しも嫌がることなく、お姉ちゃんが\n発情声で返事してくる。そして、その一瞬後――%K%P
少しも嫌がることなく、お姉ちゃんが\n発情声で返事してくる。そして、その一瞬後――%K%P
%LC千鶴
%LC千鶴
「はむぅんっ……！　んちゅぅっ、んっ、ふっ、んんっ！」%K%P
「はむぅんっ……！　んちゅぅっ、んっ、ふっ、んんっ！」%K%P
唾液まみれの熱い感触におちんちんが包み込まれる。\nんん、言ってもないのに吸い付いてきて……！%K%P
唾液まみれの熱い感触におちんちんが包み込まれる。\nんん、言ってもないのに吸い付いてきて……！%K%P
%LC千鶴
%LC千鶴
「はぁ、はぁ――んはぁむ、んふ、んちゅっ……！\n　おいしい……はぁはぁ、弟チンポ、おいしいっ……！」%K%P
「はぁ、はぁ――んはぁむ、んふ、んちゅっ……！\n　おいしい……はぁはぁ、弟チンポ、おいしいっ……！」%K%P
%LC千鶴
%LC千鶴
「これがずっと妄想してた、はぁはぁ、\n　弟チンポの味なんら……んちゅぅっ……！！」%K%P
「これがずっと妄想してた、はぁはぁ、\n　弟チンポの味なんら……んちゅぅっ……！！」%K%P
熱に浮いたような雰囲気で、\nお姉ちゃんが一心不乱にしゃぶりついてくる。%K%P
熱に浮いたような雰囲気で、\nお姉ちゃんが一心不乱にしゃぶりついてくる。%K%P
気持ちいいのはもちろん、\nお姉ちゃんの淫乱っぷりがエロい……！%K%P
気持ちいいのはもちろん、\nお姉ちゃんの淫乱っぷりがエロい……！%K%P
%LC千鶴
%LC千鶴
「しゃぶるのっ、んぢゅぷっ、ぢゅぱっ……！\n　やめらんなひっ……！」%K%P
「しゃぶるのっ、んぢゅぷっ、ぢゅぱっ……！\n　やめらんなひっ……！」%K%P
%LC千鶴
%LC千鶴
「チ、チンポぉ、んっ、んっ、んちゅぅっ……！\n　大好きな弟のチンポっ、やっと咥えられて……！」%K%P
「チ、チンポぉ、んっ、んっ、んちゅぅっ……！\n　大好きな弟のチンポっ、やっと咥えられて……！」%K%P
%LC千鶴
%LC千鶴
「ビクビク、んふっ、しへりゅっ……！\n　嬉ひいっ、んぢゅるるっ、幸せぇ……！」%K%P
「ビクビク、んふっ、しへりゅっ……！\n　嬉ひいっ、んぢゅるるっ、幸せぇ……！」%K%P
んはぁ……！　あぁんっ……！\nフェラの勢いがすごいっ、我慢汁が吸い出されてっ……！%K%P
んはぁ……！　あぁんっ……！\nフェラの勢いがすごいっ、我慢汁が吸い出されてっ……！%K%P
%LC春樹
%LC春樹
「僕のおちんちんっ、はぁはぁっ、\n　そんなにしゃぶりたかったんだっ？」%K%P
「僕のおちんちんっ、はぁはぁっ、\n　そんなにしゃぶりたかったんだっ？」%K%P
%LC千鶴
%LC千鶴
「うんっ、ずっひょっ、んっ、んっ、んっ……！\n　ずっひょしゃぶりたかっひゃっ……！」%K%P
「うんっ、ずっひょっ、んっ、んっ、んっ……！\n　ずっひょしゃぶりたかっひゃっ……！」%K%P
%LC千鶴
%LC千鶴
「毎晩、んふぅっ、んちゅぅっ……！\n　咥える妄想しへたかりゃっ……！\n　こうしへ、んぢゅぷぷっ、ぢゅぷっ、しゃぶる妄想っ」%K%P
「毎晩、んふぅっ、んちゅぅっ……！\n　咥える妄想しへたかりゃっ……！\n　こうしへ、んぢゅぷぷっ、ぢゅぷっ、しゃぶる妄想っ」%K%P
%LC春樹
%LC春樹
「手コキとかじゃ、はぁはぁ、ないんだねっ」%K%P
「手コキとかじゃ、はぁはぁ、ないんだねっ」%K%P
%LC千鶴
%LC千鶴
「そんな妄想、んちゅぅっ……！\n　数年前に卒業しちゃってへっ……！」%K%P
「そんな妄想、んちゅぅっ……！\n　数年前に卒業しちゃってへっ……！」%K%P
僕をオカズにオナニーを繰り返してる間に、\nどんどん妄想が過激になっていったってことなのかも。%K%P
僕をオカズにオナニーを繰り返してる間に、\nどんどん妄想が過激になっていったってことなのかも。%K%P
そういえばさっきも、はぁはぁ……。\nお尻がどうとか言ってたし……。%K%P
そういえばさっきも、はぁはぁ……。\nお尻がどうとか言ってたし……。%K%P
なら――%K%P
なら――%K%P
%LC千鶴
%LC千鶴
「ん゛っ！？　ん゛ふぅぅんんんっっ〜〜！！？」%K%P
「ん゛っ！？　ん゛ふぅぅんんんっっ〜〜！！？」%K%P
お尻の穴に、指先を沈めていく。\nすると、お姉ちゃんはガクガクと激しく悶えた。%K%P
お尻の穴に、指先を沈めていく。\nすると、お姉ちゃんはガクガクと激しく悶えた。%K%P
%LC千鶴
%LC千鶴
「しょ、しょこ、らめっ――ん゛んんっっ！！\n　お尻っ、ん゛んっ、らめっ、ん゛ふぅんんっっ！！」%K%P
「しょ、しょこ、らめっ――ん゛んんっっ！！\n　お尻っ、ん゛んっ、らめっ、ん゛ふぅんんっっ！！」%K%P
快感で震える喉の感触が気持ちいい。\nギュウギュウにおちんちんを締め付けてきて……！%K%P
快感で震える喉の感触が気持ちいい。\nギュウギュウにおちんちんを締め付けてきて……！%K%P
それにお尻の穴もヤバい……！\n指一本くらいなら余裕で入っていくほど濡れて……！%K%P
それにお尻の穴もヤバい……！\n指一本くらいなら余裕で入っていくほど濡れて……！%K%P
%LC千鶴
%LC千鶴
「ん゛んっ、ん゛ふぅぅんっっ！！\n　らめっ、ずぼずぼしちゃらめぇ……！！」%K%P
「ん゛んっ、ん゛ふぅぅんっっ！！\n　らめっ、ずぼずぼしちゃらめぇ……！！」%K%P
%LC春樹
%LC春樹
「はぁはぁ。いいからお姉ちゃんは僕のしゃぶってよ。\n　僕は僕でお姉ちゃんの身体を楽しんでるから」%K%P
「はぁはぁ。いいからお姉ちゃんは僕のしゃぶってよ。\n　僕は僕でお姉ちゃんの身体を楽しんでるから」%K%P
%LC千鶴
%LC千鶴
「〜〜っっ！！　んはぁむぅんっ……！\n　んぢゅぷっ、ぢゅぽっ、ぢゅぷっ、ぢゅぷぷぅ……！！」%K%P
「〜〜っっ！！　んはぁむぅんっ……！\n　んぢゅぷっ、ぢゅぽっ、ぢゅぷっ、ぢゅぷぷぅ……！！」%K%P
しゃぶってと言うと、お姉ちゃんは痙攣しつつも\n必死に顔を上下に動かしてくれた。%K%P
しゃぶってと言うと、お姉ちゃんは痙攣しつつも\n必死に顔を上下に動かしてくれた。%K%P
僕はフェラの快感に酔いしれながらも、\nヒクつくアナルをゆっくりほじくっていく。%K%P
僕はフェラの快感に酔いしれながらも、\nヒクつくアナルをゆっくりほじくっていく。%K%P
%LC春樹
%LC春樹
「お姉ちゃんのお尻の穴、はぁはぁ、\n　おまんこよりもえっちいかも……！」%K%P
「お姉ちゃんのお尻の穴、はぁはぁ、\n　おまんこよりもえっちいかも……！」%K%P
%LC春樹
%LC春樹
「相当弄ってたんだ？　指がどんどん、んんっ、\n　呑み込まれていくよ？」%K%P
「相当弄ってたんだ？　指がどんどん、んんっ、\n　呑み込まれていくよ？」%K%P
%LC春樹
%LC春樹
「こんな風に僕にお尻の穴弄ってもらう妄想してたんだ？\n　お姉ちゃんって、ド変態だったんだね……？」%K%P
「こんな風に僕にお尻の穴弄ってもらう妄想してたんだ？\n　お姉ちゃんって、ド変態だったんだね……？」%K%P
%LC千鶴
%LC千鶴
「ご、ごめんなさいっ……！　ド変態でごめん……！！\n　気持ち悪いお姉ちゃんでごめんなさい……！」%K%P
「ご、ごめんなさいっ……！　ド変態でごめん……！！\n　気持ち悪いお姉ちゃんでごめんなさい……！」%K%P
%LC春樹
%LC春樹
「謝ってるフリして感じてるよね？\n　お尻の穴、んふ、ギュウギュウだってば」%K%P
「謝ってるフリして感じてるよね？\n　お尻の穴、んふ、ギュウギュウだってば」%K%P
%LC千鶴
%LC千鶴
「〜〜っっ！！」%K%P
「〜〜っっ！！」%K%P
図星を突かれたせいか、お姉ちゃんの口腔の温度が\nさらに上昇してくる。その煮えたぎる熱さが気持ちいい。%K%P
図星を突かれたせいか、お姉ちゃんの口腔の温度が\nさらに上昇してくる。その煮えたぎる熱さが気持ちいい。%K%P
%LC春樹
%LC春樹
「そのまましゃぶって？　はぁはぁ……！\n　僕も、んんっ、イきそうで……！」%K%P
「そのまましゃぶって？　はぁはぁ……！\n　僕も、んんっ、イきそうで……！」%K%P
%LC千鶴
%LC千鶴
「ふ、ふぁいっ……！　んぢゅぶっ、ぢゅぶぶっ……！\n　んっ、ふっ、ん゛んっ、んぢゅぅっ……！！」%K%P
「ふ、ふぁいっ……！　んぢゅぶっ、ぢゅぶぶっ……！\n　んっ、ふっ、ん゛んっ、んぢゅぅっ……！！」%K%P
イきそうだと告げると、お姉ちゃんはアナルを\n弄られているのも厭わずにフェラを続けてくれる。%K%P
イきそうだと告げると、お姉ちゃんはアナルを\n弄られているのも厭わずにフェラを続けてくれる。%K%P
はぁはぁ、その従順な態度もめちゃくちゃエロい……！\nパイズリとフェラの快感も相まって射精したくなる……！%K%P
はぁはぁ、その従順な態度もめちゃくちゃエロい……！\nパイズリとフェラの快感も相まって射精したくなる……！%K%P
%LC千鶴
%LC千鶴
「んぢゅぶっ、ぢゅぱぢゅぶっ……！\n　チンポっ、んふぅんっ、ビクビクしへきへ……！」%K%P
「んぢゅぶっ、ぢゅぱぢゅぶっ……！\n　チンポっ、んふぅんっ、ビクビクしへきへ……！」%K%P
%LC千鶴
%LC千鶴
「ほんひょに、んぢゅぅぅっ……！　出そうなんら……！\n　あたひの、んっ、んっ、パイズリフェラれ……！」%K%P
「ほんひょに、んぢゅぅぅっ……！　出そうなんら……！\n　あたひの、んっ、んっ、パイズリフェラれ……！」%K%P
%LC春樹
%LC春樹
「んんっ、いい……！　そのまま、はぁはぁ……！\n　そのままもっと激しくしてっっ……！！」%K%P
「んんっ、いい……！　そのまま、はぁはぁ……！\n　そのままもっと激しくしてっっ……！！」%K%P
%LC千鶴
%LC千鶴
「ふぁいっ……！　ぢゅぶっ、じゃぶっ……！\n　んっ、んっ、んっ、んっ、んんんっっ……！！」%K%P
「ふぁいっ……！　ぢゅぶっ、じゃぶっ……！\n　んっ、んっ、んっ、んっ、んんんっっ……！！」%K%P
竿を激しく胸で擦りあげながら、\nチンポに吸い付いて精子を吸い上げようとしてくれる。%K%P
竿を激しく胸で擦りあげながら、\nチンポに吸い付いて精子を吸い上げようとしてくれる。%K%P
くはぁ……！　気持ちいい……！！\n尿道もペロペロ舐められてっっ……！！%K%P
くはぁ……！　気持ちいい……！！\n尿道もペロペロ舐められてっっ……！！%K%P
%LC春樹
%LC春樹
「はぁはぁっ、出すよ、お姉ちゃん……！\n　口でっ、んんっ、受け止めてっ……！！」%K%P
「はぁはぁっ、出すよ、お姉ちゃん……！\n　口でっ、んんっ、受け止めてっ……！！」%K%P
%LC千鶴
%LC千鶴
「んふぅんっ！！　んっ、んっ、んっ、んっ！！\n　んぢゅぶぶっ、ぢゅぷっ、ぢゅぶぶぶぶっっ！！」%K%P
「んふぅんっ！！　んっ、んっ、んっ、んっ！！\n　んぢゅぶぶっ、ぢゅぷっ、ぢゅぶぶぶぶっっ！！」%K%P
自然と僕の手にも力が入る。ほぐれきったアナルに\n人差し指を丸ごと沈めてしまって――%K%P
自然と僕の手にも力が入る。ほぐれきったアナルに\n人差し指を丸ごと沈めてしまって――%K%P
%LC千鶴
%LC千鶴
「ん゛んんんっっ！！　ん゛ふぅんんんっっ……！！\n　んぢゅぶっ……！　ぢゅぶぶぶっ、れろろぉ……！！」%K%P
「ん゛んんんっっ！！　ん゛ふぅんんんっっ……！！\n　んぢゅぶっ……！　ぢゅぶぶぶっ、れろろぉ……！！」%K%P
はぁはぁ、イきながらもチンポを\nしゃぶり続けるお姉ちゃんの姿がエロい……！！%K%P
はぁはぁ、イきながらもチンポを\nしゃぶり続けるお姉ちゃんの姿がエロい……！！%K%P
イくっ、んんっっ……！！　出るっっ……！！%K%P
イくっ、んんっっ……！！　出るっっ……！！%K%P
%LC千鶴
%LC千鶴
「ん゛ぶっ――ん゛んっっ！！！？\n　ん゛ふぅぅぅぅんんんんんんんんっっ〜〜！！！」%K%P
「ん゛ぶっ――ん゛んっっ！！！？\n　ん゛ふぅぅぅぅんんんんんんんんっっ〜〜！！！」%K%P
次の瞬間、僕はお姉ちゃんの口の中に、\n思いっきり精を吐き出してしまっていた。%K%P
次の瞬間、僕はお姉ちゃんの口の中に、\n思いっきり精を吐き出してしまっていた。%K%P
お姉ちゃんは一瞬、驚いた顔をしたものの、\nすぐに嬉しそうに鼻を鳴らして――%K%P
お姉ちゃんは一瞬、驚いた顔をしたものの、\nすぐに嬉しそうに鼻を鳴らして――%K%P
%LC千鶴
%LC千鶴
「んごくくっ……！　ごくっ……！！\n　ごくごくごくごくっっ、ぢゅるるるっ……！！」%K%P
「んごくくっ……！　ごくっ……！！\n　ごくごくごくごくっっ、ぢゅるるるっ……！！」%K%P
%LC春樹
%LC春樹
「くはぁ……！　それ、んん、気持ちいい……！！」%K%P
「くはぁ……！　それ、んん、気持ちいい……！！」%K%P
%LC千鶴
%LC千鶴
「んふっ……！！　んぢゅるるるるるっ、ごくくっ！！\n　ぢゅぅぅぅぅぅぅっっ〜〜……！！！」%K%P
「んふっ……！！　んぢゅるるるるるっ、ごくくっ！！\n　ぢゅぅぅぅぅぅぅっっ〜〜……！！！」%K%P
喉を鳴らしてお姉ちゃんが精子を飲み干してくれる。\n吸い付きの圧迫感と搾り出される感覚が気持ちいい……！%K%P
喉を鳴らしてお姉ちゃんが精子を飲み干してくれる。\n吸い付きの圧迫感と搾り出される感覚が気持ちいい……！%K%P
そして、最後の一滴まで飲み干してくれたところで、\nお姉ちゃんはゆっくりと口を離して――%K%P
そして、最後の一滴まで飲み干してくれたところで、\nお姉ちゃんはゆっくりと口を離して――%K%P
%LC千鶴
%LC千鶴
「んはぁ……！　はぁ、はぁ……！\n　これが、夢にまで見たザーメンの味……んはぁ……！」%K%P
「んはぁ……！　はぁ、はぁ……！\n　これが、夢にまで見たザーメンの味……んはぁ……！」%K%P
%LC千鶴
%LC千鶴
「大好きな弟の、はぁはぁ、ザーメン……！\n　リアルに飲んじゃった……」%K%P
「大好きな弟の、はぁはぁ、ザーメン……！\n　リアルに飲んじゃった……」%K%P
いっそう興奮したような吐息を漏らしながら、\nお姉ちゃんが呟く。%K%P
いっそう興奮したような吐息を漏らしながら、\nお姉ちゃんが呟く。%K%P
%LC春樹
%LC春樹
「はぁはぁ……。気持ち良かった……。\n　ありがとう、お姉ちゃん……」%K%P
「はぁはぁ……。気持ち良かった……。\n　ありがとう、お姉ちゃん……」%K%P
%LC千鶴
%LC千鶴
「う、ううん……。あたしも、はぁはぁ……。\n　イ、イきまくってて……」%K%P
「う、ううん……。あたしも、はぁはぁ……。\n　イ、イきまくってて……」%K%P
%LC千鶴
%LC千鶴
「まさかお尻まで、はぁはぁ、弄ってもらえるなんて\n　思ってなかったし……！」%K%P
「まさかお尻まで、はぁはぁ、弄ってもらえるなんて\n　思ってなかったし……！」%K%P
%LC千鶴
%LC千鶴
「い……嫌じゃなかった？\n　お尻なんて、はぁはぁ、ほじほじするの……」%K%P
「い……嫌じゃなかった？\n　お尻なんて、はぁはぁ、ほじほじするの……」%K%P
%LC春樹
%LC春樹
「ううん。なんなら、はぁはぁ……。\n　次は舐めてみようかと思ったくらい」%K%P
「ううん。なんなら、はぁはぁ……。\n　次は舐めてみようかと思ったくらい」%K%P
%LC千鶴
%LC千鶴
「舐め――〜〜っっ！　ば、ばっちいからダメ……！」%K%P
「舐め――〜〜っっ！　ば、ばっちいからダメ……！」%K%P
%LC春樹
%LC春樹
「して欲しくないの？」%K%P
「して欲しくないの？」%K%P
%LC千鶴
%LC千鶴
「それは、えと……！　し、して欲しくないかと言えば\n　そうじゃないけど、で、でも……！」%K%P
「それは、えと……！　し、して欲しくないかと言えば\n　そうじゃないけど、で、でも……！」%K%P
お尻をヒクヒクさせながら、お姉ちゃんが照れまくる。\nそんな変態な姿も可愛かった。%K%P
お尻をヒクヒクさせながら、お姉ちゃんが照れまくる。\nそんな変態な姿も可愛かった。%K%P
%LC千鶴
%LC千鶴
「それより、その……。もし嫌じゃなければ……」%K%P
「それより、その……。もし嫌じゃなければ……」%K%P
熱い吐息がおちんちんに吹きかかってくる。%K%P
熱い吐息がおちんちんに吹きかかってくる。%K%P
何を言いたいのかは、それで十分伝わってきた。\n伝わってきたけど――%K%P
何を言いたいのかは、それで十分伝わってきた。\n伝わってきたけど――%K%P
%LC春樹
%LC春樹
「……嫌じゃなければ？」%K%P
「……嫌じゃなければ？」%K%P
%LC千鶴
%LC千鶴
「っっ。だ、だから、その……！」%K%P
「っっ。だ、だから、その……！」%K%P
お姉ちゃんのマゾ心を揺さぶるように\nあえて聞き返す。%K%P
お姉ちゃんのマゾ心を揺さぶるように\nあえて聞き返す。%K%P
するとお姉ちゃんは立ち上がって\n机にもたれかかり――%K%P
するとお姉ちゃんは立ち上がって\n机にもたれかかり――%K%P
