………………%K%P
………………%K%P
…………%K%P
…………%K%P
……%K%P
……%K%P
%LC蛍
%LC蛍
「今日から夏休みかぁ……。\n　どんな夏休みになるんだろう」%K%P
「今日から夏休みかぁ……。\n　どんな夏休みになるんだろう」%K%P
お屋敷にいる間は蛍として過ごさなくちゃいけないし、\n春樹としていられる時間がさらに減っちゃうんだよね。%K%P
お屋敷にいる間は蛍として過ごさなくちゃいけないし、\n春樹としていられる時間がさらに減っちゃうんだよね。%K%P
清佳ちゃんと過ごす時間も増えるだろうし。\nそれ自体は……僕も構わないんだけど。%K%P
清佳ちゃんと過ごす時間も増えるだろうし。\nそれ自体は……僕も構わないんだけど。%K%P
お姉ちゃんと付き合った以上、女装の秘密を\n墓まで秘密を持っていく覚悟も決めたし。%K%P
お姉ちゃんと付き合った以上、女装の秘密を\n墓まで秘密を持っていく覚悟も決めたし。%K%P
だからこそ清佳ちゃんと過ごす時は、\n親友の蛍としてこれからも接して行こうと思ってる。%K%P
だからこそ清佳ちゃんと過ごす時は、\n親友の蛍としてこれからも接して行こうと思ってる。%K%P
でも、そうなると――%K%P
でも、そうなると――%K%P
%LC蛍
%LC蛍
「……またお姉ちゃんに\n　ヤキモチ焼かれそうな気がする」%K%P
「……またお姉ちゃんに\n　ヤキモチ焼かれそうな気がする」%K%P
この間もすごかったもんね……。%K%P
この間もすごかったもんね……。%K%P
僕の取り合いだとかで、この夏休み、\n二人の仲が悪くなったりしないといいけど――%K%P
僕の取り合いだとかで、この夏休み、\n二人の仲が悪くなったりしないといいけど――%K%P
%LC千鶴
%LC千鶴
『だーかーらー。何度も言わせないでよ』%K%P
『だーかーらー。何度も言わせないでよ』%K%P
%LC清佳
%LC清佳
『な、納得できません！\n　本当に蛍がそう言ったんですかっ？』%K%P
『な、納得できません！\n　本当に蛍がそう言ったんですかっ？』%K%P
%LC蛍
%LC蛍
「――って。な、なに？」%K%P
「――って。な、なに？」%K%P
通りがかったお姉ちゃんの部屋の中から、\n言い争うような声が聞こえてきた。%K%P
通りがかったお姉ちゃんの部屋の中から、\n言い争うような声が聞こえてきた。%K%P
まさか本当に僕を取り合って\nケンカしちゃってるんじゃ……！？%K%P
まさか本当に僕を取り合って\nケンカしちゃってるんじゃ……！？%K%P
%LC千鶴
%LC千鶴
『ほ、蛍のことはおいておいて。\n　とにかく、あたしは――』%K%P
『ほ、蛍のことはおいておいて。\n　とにかく、あたしは――』%K%P
%LC蛍
%LC蛍
%XS20「――ケンカはダメだよ、二人とも！！」%XE%K%P
%XS20「――ケンカはダメだよ、二人とも！！」%XE%K%P
%LC千鶴・清佳
%LC千鶴・清佳
「え？」%K%P
「え？」%K%P
%LC蛍
%LC蛍
「わたしのことで争わないで……！\n　わたしは、えと、少なくとも蛍は――」%K%P
「わたしのことで争わないで……！\n　わたしは、えと、少なくとも蛍は――」%K%P
%LC蛍
%LC蛍
「蛍は、千鶴様も清佳ちゃんも、\n　どっちも大切だと思ってるから！」%K%P
「蛍は、千鶴様も清佳ちゃんも、\n　どっちも大切だと思ってるから！」%K%P
%LC千鶴・清佳
%LC千鶴・清佳
「…………」%K%P
「…………」%K%P
二人の間に割り込んで思いの丈を叫ぶ。%K%P
二人の間に割り込んで思いの丈を叫ぶ。%K%P
……だけどなんだか様子がおかしいぞ？%K%P
……だけどなんだか様子がおかしいぞ？%K%P
%LC清佳
%LC清佳
「えと、蛍。大切だって言ってくれたのは嬉しいけど。\n　別に千鶴さんとケンカなんかしてないわよ？」%K%P
「えと、蛍。大切だって言ってくれたのは嬉しいけど。\n　別に千鶴さんとケンカなんかしてないわよ？」%K%P
%LC蛍
%LC蛍
「ふぇ？」%K%P
「ふぇ？」%K%P
%LC千鶴
%LC千鶴
「そうそう。ちょっと仕事の話をしてただけだって」%K%P
「そうそう。ちょっと仕事の話をしてただけだって」%K%P
%LC蛍
%LC蛍
「お仕事の話……？」%K%P
「お仕事の話……？」%K%P
%LC清佳
%LC清佳
「ええ。ファッションショーの件よ」%K%P
「ええ。ファッションショーの件よ」%K%P
%LC蛍
%LC蛍
「ファッションショー……？」%K%P
「ファッションショー……？」%K%P
割り込んでいったはいいけれど、\n二人の話に僕は首を右へ左へ傾かせるばかりだった。%K%P
割り込んでいったはいいけれど、\n二人の話に僕は首を右へ左へ傾かせるばかりだった。%K%P
%LC清佳
%LC清佳
「千鶴さん……やっぱり蛍に話してなかったんですね。\n　ごらんの反応なんですけど」%K%P
「千鶴さん……やっぱり蛍に話してなかったんですね。\n　ごらんの反応なんですけど」%K%P
%LC千鶴
%LC千鶴
「そ、それは……！」%K%P
「そ、それは……！」%K%P
%LC蛍
%LC蛍
「話が全然掴めないんだけど……どういうこと？」%K%P
「話が全然掴めないんだけど……どういうこと？」%K%P
%LC清佳
%LC清佳
「ああ……えっとね？　ファッションショーに\n　千鶴さんの衣装を出そうって話」%K%P
「ああ……えっとね？　ファッションショーに\n　千鶴さんの衣装を出そうって話」%K%P
%LC清佳
%LC清佳
「ほら私、ここに宿泊させてもらう時に\n　ＨＯＴＡＴＵＲＵの援助も引き受けたじゃない？\n　ブランドを有名にするために何か手伝えないかと思って」%K%P
「ほら私、ここに宿泊させてもらう時に\n　ＨＯＴＡＴＵＲＵの援助も引き受けたじゃない？\n　ブランドを有名にするために何か手伝えないかと思って」%K%P
%LC蛍
%LC蛍
「それで……ファッションショーに？\n　そ、そんな話よく持ってきてくれたね？」%K%P
「それで……ファッションショーに？\n　そ、そんな話よく持ってきてくれたね？」%K%P
%LC清佳
%LC清佳
「ふふん。持ってきたんじゃなくて、作ったの。\n　第一回楠ガールズコレクション――今夏、堂々開催よ！」%K%P
「ふふん。持ってきたんじゃなくて、作ったの。\n　第一回楠ガールズコレクション――今夏、堂々開催よ！」%K%P
%LC蛍
%LC蛍
「えっ！？　楠ガールズコレクション……！？」%K%P
「えっ！？　楠ガールズコレクション……！？」%K%P
%LC清佳
%LC清佳
「知り合いのファッションブランドの人たちに\n　声をかけて参加者を募ったりしてね？\n　私、職業柄そっちの業界とのつながりも強いから」%K%P
「知り合いのファッションブランドの人たちに\n　声をかけて参加者を募ったりしてね？\n　私、職業柄そっちの業界とのつながりも強いから」%K%P
そういえば清佳ちゃん、\n化粧品会社を経営してるんだっけ。%K%P
そういえば清佳ちゃん、\n化粧品会社を経営してるんだっけ。%K%P
そうでなくても世に名高い\n楠グループのお嬢様だし……。%K%P
そうでなくても世に名高い\n楠グループのお嬢様だし……。%K%P
相変わらずやることの規模が大きすぎる……。%K%P
相変わらずやることの規模が大きすぎる……。%K%P
%LC蛍
%LC蛍
「で、でも、そこまでしてくれなくても……」%K%P
「で、でも、そこまでしてくれなくても……」%K%P
%LC清佳
%LC清佳
「全然足りないくらいだわ！\n　蛍と千鶴さんにはお世話になりっぱなしだもん！」%K%P
「全然足りないくらいだわ！\n　蛍と千鶴さんにはお世話になりっぱなしだもん！」%K%P
%LC清佳
%LC清佳
「それにファッションショーとなれば――はぁはぁ。\n　蛍がランウェイを格好良く歩く姿も見られるし……！」%K%P
「それにファッションショーとなれば――はぁはぁ。\n　蛍がランウェイを格好良く歩く姿も見られるし……！」%K%P
ああ……。それが狙いだったんだね、清佳ちゃん……。%K%P
ああ……。それが狙いだったんだね、清佳ちゃん……。%K%P
でもファッションショーか……。\n確かにいい話ではあるんだけど。%K%P
でもファッションショーか……。\n確かにいい話ではあるんだけど。%K%P
%LC蛍
%LC蛍
「おねえ――千鶴様が断ったんだ？」%K%P
「おねえ――千鶴様が断ったんだ？」%K%P
%LC千鶴
%LC千鶴
「うっ……」%K%P
「うっ……」%K%P
%LC清佳
%LC清佳
「そうなのよ。最初は乗り気だったのに。\n　ここへ来て『蛍が出たくないって言ってる』\n　――なんて嘘までついて」%K%P
「そうなのよ。最初は乗り気だったのに。\n　ここへ来て『蛍が出たくないって言ってる』\n　――なんて嘘までついて」%K%P
%LC千鶴
%LC千鶴
「ほ、蛍が出たくないのは本当だってば。\n　フランスにいた頃もファッションショーだけは\n　絶対に出ないからって言ってたし」%K%P
「ほ、蛍が出たくないのは本当だってば。\n　フランスにいた頃もファッションショーだけは\n　絶対に出ないからって言ってたし」%K%P
まぁ出たいか出たくないかで言えば出たくない。\n僕、男の子だし。あの頃は特に女装が嫌だったし。%K%P
まぁ出たいか出たくないかで言えば出たくない。\n僕、男の子だし。あの頃は特に女装が嫌だったし。%K%P
ランウェイを歩くなんて以ての外だ。\n女装がバレたりしたら一巻の終わりだもん。%K%P
ランウェイを歩くなんて以ての外だ。\n女装がバレたりしたら一巻の終わりだもん。%K%P
けど、本当に出たくないのは――%K%P
けど、本当に出たくないのは――%K%P
%LC千鶴
%LC千鶴
「とにかく、この話は終わり！　ショーは出ない！\n　衣装も出さない！　今日は遅いし、もう寝よう！」%K%P
「とにかく、この話は終わり！　ショーは出ない！\n　衣装も出さない！　今日は遅いし、もう寝よう！」%K%P
%LC清佳
%LC清佳
「むぅ。これ以上ないチャンスですよ？\n　蛍のウォーキングも見られるのに……」%K%P
「むぅ。これ以上ないチャンスですよ？\n　蛍のウォーキングも見られるのに……」%K%P
%LC千鶴
%LC千鶴
「はいはい。とりあえず今日は寝た寝た。\n　話をするにしても明日ね」%K%P
「はいはい。とりあえず今日は寝た寝た。\n　話をするにしても明日ね」%K%P
渋々といった様子で清佳ちゃんが部屋から出て行く。%K%P
渋々といった様子で清佳ちゃんが部屋から出て行く。%K%P
%LC千鶴
%LC千鶴
「ほら蛍も部屋に戻りなよ」%K%P
「ほら蛍も部屋に戻りなよ」%K%P
%LC蛍
%LC蛍
「……本当に断っちゃうの？　いい話だと思うよ？」%K%P
「……本当に断っちゃうの？　いい話だと思うよ？」%K%P
%LC千鶴
%LC千鶴
「蛍まで何さ……。別にファッションショーなんかに\n　出なくても、食べていけるだけは稼げてるじゃん」%K%P
「蛍まで何さ……。別にファッションショーなんかに\n　出なくても、食べていけるだけは稼げてるじゃん」%K%P
%LC蛍
%LC蛍
「やっぱりまだ……ショーに衣装を出すのが怖い？」%K%P
「やっぱりまだ……ショーに衣装を出すのが怖い？」%K%P
%LC千鶴
%LC千鶴
「っっ」%K%P
「っっ」%K%P
お姉ちゃんが声を詰まらせる。%K%P
お姉ちゃんが声を詰まらせる。%K%P
実際、フランスで活動していた時も、\nファッションショーへの参加の打診は何度もあった。%K%P
実際、フランスで活動していた時も、\nファッションショーへの参加の打診は何度もあった。%K%P
それを断り続けていたのは、\n女装バレの危険性からという話ももちろん大きい。%K%P
それを断り続けていたのは、\n女装バレの危険性からという話ももちろん大きい。%K%P
だけど、それ以上にお姉ちゃんが\n衣装を出したがらなかったからだ。%K%P
だけど、それ以上にお姉ちゃんが\n衣装を出したがらなかったからだ。%K%P
きっと……小さい頃、ショー直前に衣装を\n破り捨てられたことがトラウマになってるんだろう。%K%P
きっと……小さい頃、ショー直前に衣装を\n破り捨てられたことがトラウマになってるんだろう。%K%P
あのとき僕はお姉ちゃんを元気づけたくて舞台に\n立ったけれど、衣装を破り捨てられた事実は変わらない。%K%P
あのとき僕はお姉ちゃんを元気づけたくて舞台に\n立ったけれど、衣装を破り捨てられた事実は変わらない。%K%P
ショーの話を聞く度に「またあの時のように」と\nお姉ちゃんが思ってしまうのも当たり前だ。%K%P
ショーの話を聞く度に「またあの時のように」と\nお姉ちゃんが思ってしまうのも当たり前だ。%K%P
だけど――%K%P
だけど――%K%P
%LC蛍
%LC蛍
「今度のショーには出ようと思ってたんじゃないの？\n　だから、似たドレスを作ってたんだよね？」%K%P
「今度のショーには出ようと思ってたんじゃないの？\n　だから、似たドレスを作ってたんだよね？」%K%P
%LC千鶴
%LC千鶴
「それは……」%K%P
「それは……」%K%P
前に見た「趣味で作ってる」と言っていた衣装。%K%P
前に見た「趣味で作ってる」と言っていた衣装。%K%P
今ならわかる。あれはファッションショーに\n出そうと作った物だったんだ。%K%P
今ならわかる。あれはファッションショーに\n出そうと作った物だったんだ。%K%P
もしかしたら清佳ちゃんから話をもらうよりも\nもっと前から制作を始めていたのかもしれない。%K%P
もしかしたら清佳ちゃんから話をもらうよりも\nもっと前から制作を始めていたのかもしれない。%K%P
「ずっと手が止まっていた」とも言っていたから。%K%P
「ずっと手が止まっていた」とも言っていたから。%K%P
%LC蛍
%LC蛍
「もしお姉ちゃんがその気なら――\n　僕はモデルとして出るよ？」%K%P
「もしお姉ちゃんがその気なら――\n　僕はモデルとして出るよ？」%K%P
%LC蛍
%LC蛍
「お姉ちゃんの衣装が世界で一番可愛いことを\n　舞台の上で証明してみせるから」%K%P
「お姉ちゃんの衣装が世界で一番可愛いことを\n　舞台の上で証明してみせるから」%K%P
%LC千鶴
%LC千鶴
「春樹……」%K%P
「春樹……」%K%P
お姉ちゃんが僕をじっと見つめて押し黙る。%K%P
お姉ちゃんが僕をじっと見つめて押し黙る。%K%P
けれど、すぐに冗談めかしに肩を竦めた。%K%P
けれど、すぐに冗談めかしに肩を竦めた。%K%P
%LC千鶴
%LC千鶴
「全くもう……。今までは女の子の格好させようと\n　する度に、めちゃくちゃ嫌がってたクセに……」%K%P
「全くもう……。今までは女の子の格好させようと\n　する度に、めちゃくちゃ嫌がってたクセに……」%K%P
%LC蛍
%LC蛍
「それは、えと……！」%K%P
「それは、えと……！」%K%P
%LC千鶴
%LC千鶴
「モデルも辞めるって言ってたよね？\n　なのに急にやる気出しちゃってさ〜」%K%P
「モデルも辞めるって言ってたよね？\n　なのに急にやる気出しちゃってさ〜」%K%P
%LC蛍
%LC蛍
「す、少しでも好きな人の役に立ちたいって\n　思ってるからじゃない……！　悪いっ？」%K%P
「す、少しでも好きな人の役に立ちたいって\n　思ってるからじゃない……！　悪いっ？」%K%P
%LC千鶴
%LC千鶴
「ふふ、全然。あたしの服を世界で一番\n　可愛く見せてくれるのは我が妹だって、\n　あたしも思ってるから」%K%P
「ふふ、全然。あたしの服を世界で一番\n　可愛く見せてくれるのは我が妹だって、\n　あたしも思ってるから」%K%P
%LC蛍
%LC蛍
「弟だってば！」%K%P
「弟だってば！」%K%P
%LC千鶴
%LC千鶴
「あはは。その姿で言われても説得力皆無だよ」%K%P
「あはは。その姿で言われても説得力皆無だよ」%K%P
ケタケタとお姉ちゃんがおかしそうに笑う。%K%P
ケタケタとお姉ちゃんがおかしそうに笑う。%K%P
そして、笑顔で頷いてきてくれた。%K%P
そして、笑顔で頷いてきてくれた。%K%P
%LC千鶴
%LC千鶴
「そうだね。春樹がそう言ってくれるなら、\n　出してみよっかな。例のドレス」%K%P
「そうだね。春樹がそう言ってくれるなら、\n　出してみよっかな。例のドレス」%K%P
%LC蛍
%LC蛍
「お姉ちゃん……！　――ふふっ、うん！　任せて！\n　絶対グランプリを勝ち取ってみせるから！」%K%P
「お姉ちゃん……！　――ふふっ、うん！　任せて！\n　絶対グランプリを勝ち取ってみせるから！」%K%P
%LC千鶴
%LC千鶴
「ま、そこまで高望みはしないけどね。\n　とにかく一度試着してみてくれる？」%K%P
「ま、そこまで高望みはしないけどね。\n　とにかく一度試着してみてくれる？」%K%P
%LC千鶴
%LC千鶴
「春樹のボディ使って作ってたから、\n　大きくサイズがズレてることはないと思うけど」%K%P
「春樹のボディ使って作ってたから、\n　大きくサイズがズレてることはないと思うけど」%K%P
隠すようにクローゼットの中に仕舞ってあったドレスを\nお姉ちゃんが取り出して、渡してくれる。%K%P
隠すようにクローゼットの中に仕舞ってあったドレスを\nお姉ちゃんが取り出して、渡してくれる。%K%P
そうして試着してサイズ感を見ながら、\n着ながらじゃないと直せない細かい箇所を確認していく。%K%P
そうして試着してサイズ感を見ながら、\n着ながらじゃないと直せない細かい箇所を確認していく。%K%P
%LC千鶴
%LC千鶴
「春樹」%K%P
「春樹」%K%P
%LC蛍
%LC蛍
「うん？」%K%P
「うん？」%K%P
%LC千鶴
%LC千鶴
「……ホント、ありがとね」%K%P
「……ホント、ありがとね」%K%P
%LC千鶴
%LC千鶴
「春樹の言う通りだよ。あたしさ。\n　ずっと自分の衣装をショーに出すの怖がってて……」%K%P
「春樹の言う通りだよ。あたしさ。\n　ずっと自分の衣装をショーに出すの怖がってて……」%K%P
%LC千鶴
%LC千鶴
「でも春樹と付き合ってさ……。\n　好きだって言ってもらえて……。\n　有り得ないと思ってたことが叶って」%K%P
「でも春樹と付き合ってさ……。\n　好きだって言ってもらえて……。\n　有り得ないと思ってたことが叶って」%K%P
%LC千鶴
%LC千鶴
「それで勝手に勇気もらってさ。\n　今なら……って思ってたんだ。\n　あと一歩が、その。踏み出せなかったけど」%K%P
「それで勝手に勇気もらってさ。\n　今なら……って思ってたんだ。\n　あと一歩が、その。踏み出せなかったけど」%K%P
%LC蛍
%LC蛍
「お姉ちゃん……」%K%P
「お姉ちゃん……」%K%P
照れくさそうに、お姉ちゃんが\nぽつりぽつりと自分の気持ちを話してくれる。%K%P
照れくさそうに、お姉ちゃんが\nぽつりぽつりと自分の気持ちを話してくれる。%K%P
%LC千鶴
%LC千鶴
「やっぱり春樹は格好良いね？」%K%P
「やっぱり春樹は格好良いね？」%K%P
%LC千鶴
%LC千鶴
「あたしがうじうじしてるとさ。\n　いっつもヒーローみたいに現れてくれて」%K%P
「あたしがうじうじしてるとさ。\n　いっつもヒーローみたいに現れてくれて」%K%P
%LC千鶴
%LC千鶴
「そういうところ、ふふ。\n　男らしいと思ってるよ？」%K%P
「そういうところ、ふふ。\n　男らしいと思ってるよ？」%K%P
%LC蛍
%LC蛍
「そ、そう？　だったら嬉しいけど」%K%P
「そ、そう？　だったら嬉しいけど」%K%P
%LC千鶴
%LC千鶴
「うん。自慢の弟で、ふふ、自慢の彼氏だよ？」%K%P
「うん。自慢の弟で、ふふ、自慢の彼氏だよ？」%K%P
僕が試着した衣装を確認しながら、\nお姉ちゃんが幸せそうに囁いてくれる。%K%P
僕が試着した衣装を確認しながら、\nお姉ちゃんが幸せそうに囁いてくれる。%K%P
%LC千鶴
%LC千鶴
「あたしは……逃げてばっかりだからさ」%K%P
「あたしは……逃げてばっかりだからさ」%K%P
