………………%K%P
………………%K%P
…………%K%P
…………%K%P
……%K%P
……%K%P
%LC千鶴
%LC千鶴
「――あっ、あああああっ！！\n　イくっ、イくイくイくぅぅっっ〜〜！！」%K%P
「――あっ、あああああっ！！\n　イくっ、イくイくイくぅぅっっ〜〜！！」%K%P
%LC千鶴
%LC千鶴
「ふぁああああああっっ、イっくぅぅぅ〜〜！！！」%K%P
「ふぁああああああっっ、イっくぅぅぅ〜〜！！！」%K%P
%LC千鶴
%LC千鶴
「んはぁ……！　はぁ、はぁ……！\n　も、もうダメぇ……。イきすぎて死ぬぅ……」%K%P
「んはぁ……！　はぁ、はぁ……！\n　も、もうダメぇ……。イきすぎて死ぬぅ……」%K%P
%LC春樹
%LC春樹
「はぁはぁ……。僕ももう空っぽかも……」%K%P
「はぁはぁ……。僕ももう空っぽかも……」%K%P
あれから何時間、身体を重ねていただろうか。\n気づけば窓の外はオレンジ色に染まっていた。%K%P
あれから何時間、身体を重ねていただろうか。\n気づけば窓の外はオレンジ色に染まっていた。%K%P
%LC春樹
%LC春樹
「お姉ちゃん、ホント性欲強すぎだよ……」%K%P
「お姉ちゃん、ホント性欲強すぎだよ……」%K%P
%LC千鶴
%LC千鶴
「うっ……。ご、ごめん……。春樹と付き合えたと\n　思うと今まで抑えてた気持ちが爆発しちゃって……」%K%P
「うっ……。ご、ごめん……。春樹と付き合えたと\n　思うと今まで抑えてた気持ちが爆発しちゃって……」%K%P
精液まみれの身体でお姉ちゃんが恥ずかしそうに呟く。%K%P
精液まみれの身体でお姉ちゃんが恥ずかしそうに呟く。%K%P
%LC千鶴
%LC千鶴
「今更だけど、さ。本当に良かったの……？\n　あたし、春樹のお姉ちゃんなんだよ……？」%K%P
「今更だけど、さ。本当に良かったの……？\n　あたし、春樹のお姉ちゃんなんだよ……？」%K%P
%LC春樹
%LC春樹
「本当に今更だね……。これだけエッチしておいて……」%K%P
「本当に今更だね……。これだけエッチしておいて……」%K%P
%LC千鶴
%LC千鶴
「だ、だって、その。\n　かなりインモラルな関係だし……」%K%P
「だ、だって、その。\n　かなりインモラルな関係だし……」%K%P
%LC千鶴
%LC千鶴
「無理して受け入れなくていいんだよ……？\n　あたしはその。今日の思い出だけでも十分というか……」%K%P
「無理して受け入れなくていいんだよ……？\n　あたしはその。今日の思い出だけでも十分というか……」%K%P
%LC春樹
%LC春樹
「無理なんかしてないよ。僕はお姉ちゃんのことが、\n　千鶴のことが好きだ。心から好きだよ」%K%P
「無理なんかしてないよ。僕はお姉ちゃんのことが、\n　千鶴のことが好きだ。心から好きだよ」%K%P
%LC千鶴
%LC千鶴
「っっ。は、春樹……」%K%P
「っっ。は、春樹……」%K%P
不安そうな顔をする千鶴をそっと抱き寄せる。\nそして躊躇うことなく唇を奪った。%K%P
不安そうな顔をする千鶴をそっと抱き寄せる。\nそして躊躇うことなく唇を奪った。%K%P
%LC千鶴
%LC千鶴
「んちゅ……んっ、ちゅ……んちゅぁ……」%K%P
「んちゅ……んっ、ちゅ……んちゅぁ……」%K%P
%LC千鶴
%LC千鶴
「はぁ、はぁ……。また濡れちゃう……」%K%P
「はぁ、はぁ……。また濡れちゃう……」%K%P
%LC春樹
%LC春樹
「ダメだよ。そろそろ清佳ちゃんと愛さんも\n　帰ってくる頃だろうし。僕も着替えないと……」%K%P
「ダメだよ。そろそろ清佳ちゃんと愛さんも\n　帰ってくる頃だろうし。僕も着替えないと……」%K%P
%LC千鶴
%LC千鶴
「う……うん。そうだよね……」%K%P
「う……うん。そうだよね……」%K%P
残念そうな顔をする千鶴を見て、\n少し胸が痛んでしまう。%K%P
残念そうな顔をする千鶴を見て、\n少し胸が痛んでしまう。%K%P
%LC千鶴
%LC千鶴
「また……その。してくれる……？\n　あたしのこと、抱いてくれるかな……？」%K%P
「また……その。してくれる……？\n　あたしのこと、抱いてくれるかな……？」%K%P
%LC春樹
%LC春樹
「もちろん」%K%P
「もちろん」%K%P
%LC千鶴
%LC千鶴
「えへへ……」%K%P
「えへへ……」%K%P
その乙女のような姿に、おちんちんが硬くなってしまう。\nもしかしたら性欲の強さは遺伝なのかもしれない。%K%P
その乙女のような姿に、おちんちんが硬くなってしまう。\nもしかしたら性欲の強さは遺伝なのかもしれない。%K%P
%LC千鶴
%LC千鶴
「あ……！　んはぁ、おっぱい、ん、揉まれて……！」%K%P
「あ……！　んはぁ、おっぱい、ん、揉まれて……！」%K%P
%LC千鶴
%LC千鶴
「き、着替えるんじゃなかったの？\n　こんなことされたら、んはぁ、あたし……」%K%P
「き、着替えるんじゃなかったの？\n　こんなことされたら、んはぁ、あたし……」%K%P
%LC春樹
%LC春樹
「……もう少しだけいいかなって」%K%P
「……もう少しだけいいかなって」%K%P
%LC千鶴
%LC千鶴
「え、えへへ……。じゃあ、んちゅっ……。\n　一旦チンポ綺麗に、れろろぉ、するね……？」%K%P
「え、えへへ……。じゃあ、んちゅっ……。\n　一旦チンポ綺麗に、れろろぉ、するね……？」%K%P
%LC春樹
%LC春樹
「ん、んんっ……！」%K%P
「ん、んんっ……！」%K%P
さっきまで膣内に挿れていたおちんちんを\n千鶴が当たり前のように咥えてお掃除してくれる。%K%P
さっきまで膣内に挿れていたおちんちんを\n千鶴が当たり前のように咥えてお掃除してくれる。%K%P
改めて考えると本当にインモラルな関係だ。\n実のお姉ちゃんが弟のおちんちんを咥えてるなんて。%K%P
改めて考えると本当にインモラルな関係だ。\n実のお姉ちゃんが弟のおちんちんを咥えてるなんて。%K%P
こんな姿、絶対に他人には見せられな――%K%P
こんな姿、絶対に他人には見せられな――%K%P
――い゛！？%K%P
――い゛！？%K%P
%LC清佳
%LC清佳
「あっ――〜〜っっ！！\n　マ、マズいわ、愛、気づかれちゃった……！」%K%P
「あっ――〜〜っっ！！\n　マ、マズいわ、愛、気づかれちゃった……！」%K%P
%LC愛
%LC愛
「た、退散致しましょう……！\n　盗み見るものではありませんし……！」%K%P
「た、退散致しましょう……！\n　盗み見るものではありませんし……！」%K%P
%LC千鶴
%LC千鶴
「〜〜っっ！？　清佳ちゃん、愛ちゃん！？」%K%P
「〜〜っっ！？　清佳ちゃん、愛ちゃん！？」%K%P
%LC春樹
%LC春樹
「い、いつっ！？　いつから見てたのっ……！？」%K%P
「い、いつっ！？　いつから見てたのっ……！？」%K%P
%LC清佳
%LC清佳
「ごごご、ごめんなさいっ……！！\n　扉が少し開いてて、変な声が聞こえたものだから……！」%K%P
「ごごご、ごめんなさいっ……！！\n　扉が少し開いてて、変な声が聞こえたものだから……！」%K%P
%LC清佳
%LC清佳
「ふ、二人がそういう関係だとも知らなくて……！\n　い、いえ私はおかしいとは思わないわ……！\n　恋愛の形は人それぞれだものっ……！！」%K%P
「ふ、二人がそういう関係だとも知らなくて……！\n　い、いえ私はおかしいとは思わないわ……！\n　恋愛の形は人それぞれだものっ……！！」%K%P
%LC愛
%LC愛
「正直、愛は驚きましたが……。\n　春樹様は、その……だと思っておりましたし」%K%P
「正直、愛は驚きましたが……。\n　春樹様は、その……だと思っておりましたし」%K%P
%LC春樹・千鶴
%LC春樹・千鶴
%XS21「〜〜っっ！！」%XE%K%P
%XS21「〜〜っっ！！」%XE%K%P
%LC清佳
%LC清佳
「そ、そうだ。今日は蛍を私の家にご招待しようかしら。\n　ねっ、愛っ？　どうかしらっ？」%K%P
「そ、そうだ。今日は蛍を私の家にご招待しようかしら。\n　ねっ、愛っ？　どうかしらっ？」%K%P
%LC愛
%LC愛
「……恐らく蛍様は別の場所で外泊済みでしょう。\n　本日はもう会えないと思われます」%K%P
「……恐らく蛍様は別の場所で外泊済みでしょう。\n　本日はもう会えないと思われます」%K%P
%LC清佳
%LC清佳
「えっ……！？　つまり蛍も二人の関係を知って――\n　そ、そうよね。知らないわけないわよね……！」%K%P
「えっ……！？　つまり蛍も二人の関係を知って――\n　そ、そうよね。知らないわけないわよね……！」%K%P
%LC清佳
%LC清佳
「と、とにかく私たちも今日は実家に帰るから。\n　お二人とも、ご、ごゆっくり……！！」%K%P
「と、とにかく私たちも今日は実家に帰るから。\n　お二人とも、ご、ごゆっくり……！！」%K%P
そうして清佳ちゃんと愛さんが\n焦った様子で走り去って行く。%K%P
そうして清佳ちゃんと愛さんが\n焦った様子で走り去って行く。%K%P
%LC千鶴
%LC千鶴
「ご、ごめんね。あたしが何度もおねだりしたから……」%K%P
「ご、ごめんね。あたしが何度もおねだりしたから……」%K%P
%LC春樹
%LC春樹
「う、ううん。僕もしたかったし……。\n　いつかは二人にも言わなきゃと思ってたから……」%K%P
「う、ううん。僕もしたかったし……。\n　いつかは二人にも言わなきゃと思ってたから……」%K%P
だけど、こんな形でバレることになるとは。\nいや、今はそんなことより――%K%P
だけど、こんな形でバレることになるとは。\nいや、今はそんなことより――%K%P
%LC千鶴
%LC千鶴
「……二人とも、今日は泊まっていかないらしいね？」%K%P
「……二人とも、今日は泊まっていかないらしいね？」%K%P
%LC春樹
%LC春樹
「う……うん」%K%P
「う……うん」%K%P
お姉ちゃんが、千鶴が、火照った顔で見つめてくる。%K%P
お姉ちゃんが、千鶴が、火照った顔で見つめてくる。%K%P
本当に僕たち姉弟は底なしにえっちいみたいだ。%K%P
本当に僕たち姉弟は底なしにえっちいみたいだ。%K%P
