%LC千鶴
%LC千鶴
「ふむふむ……」%K%P
「ふむふむ……」%K%P
%LC蛍
%LC蛍
「ね、ねぇ。まだ終わらないの……？」%K%P
「ね、ねぇ。まだ終わらないの……？」%K%P
%LC千鶴
%LC千鶴
「まーだ。今度の衣装はかなりサイズ感がシビアだから。\n　みっちり採寸しておかないと」%K%P
「まーだ。今度の衣装はかなりサイズ感がシビアだから。\n　みっちり採寸しておかないと」%K%P
%LC蛍
%LC蛍
「……ふふ……」%K%P
「……ふふ……」%K%P
メジャー片手に真剣な顔で採寸を続ける\nお姉ちゃんを見て、思わず笑みが漏れてしまう。%K%P
メジャー片手に真剣な顔で採寸を続ける\nお姉ちゃんを見て、思わず笑みが漏れてしまう。%K%P
あのファッションショーを終えてからというもの、\nお姉ちゃんはより一層仕事に打ち込むようになった。%K%P
あのファッションショーを終えてからというもの、\nお姉ちゃんはより一層仕事に打ち込むようになった。%K%P
迷いも晴れてくれたのかな？\nこうしてショー向けに新しい衣装も作り始めている。%K%P
迷いも晴れてくれたのかな？\nこうしてショー向けに新しい衣装も作り始めている。%K%P
僕も頑張らなきゃね。お姉ちゃんの服を、\nめいっぱい魅力的に見せられるモデルになるんだ――%K%P
僕も頑張らなきゃね。お姉ちゃんの服を、\nめいっぱい魅力的に見せられるモデルになるんだ――%K%P
%LC千鶴
%LC千鶴
「……あ。余計なモノが付いてるせいでサイズが。\n　これ邪魔だからちょん切っちゃうね〜」%K%P
「……あ。余計なモノが付いてるせいでサイズが。\n　これ邪魔だからちょん切っちゃうね〜」%K%P
%LC蛍
%LC蛍
「わかった〜」%K%P
「わかった〜」%K%P
%LC蛍
%LC蛍
「じゃない！！　ダメに決まってるでしょ！？\n　冷たい鉄みたいなのが触れたんだけど！？」%K%P
「じゃない！！　ダメに決まってるでしょ！？\n　冷たい鉄みたいなのが触れたんだけど！？」%K%P
%LC千鶴
%LC千鶴
「お。良い感じに小っちゃくなった」%K%P
「お。良い感じに小っちゃくなった」%K%P
%LC蛍
%LC蛍
「ひぃあっ！？　んっっ……！！\n　い、いじいじしないでってば……！！」%K%P
「ひぃあっ！？　んっっ……！！\n　い、いじいじしないでってば……！！」%K%P
%LC千鶴
%LC千鶴
「あ……ふふ。今度はおっきくなってきたや。\n　ちょっと触っただけで勃起するとかエロいね〜？」%K%P
「あ……ふふ。今度はおっきくなってきたや。\n　ちょっと触っただけで勃起するとかエロいね〜？」%K%P
%LC蛍
%LC蛍
「〜〜っっ！！　もうっ……！！\n　せっかく僕もやる気出してたところだったのに……！」%K%P
「〜〜っっ！！　もうっ……！！\n　せっかく僕もやる気出してたところだったのに……！」%K%P
%LC千鶴
%LC千鶴
「あらら。怒っちゃった。\n　ちょっとした冗談じゃんか〜」%K%P
「あらら。怒っちゃった。\n　ちょっとした冗談じゃんか〜」%K%P
ケタケタと笑いながらからかってくる\nお姉ちゃんを見て、違う意味で血の巡りが良くなる。%K%P
ケタケタと笑いながらからかってくる\nお姉ちゃんを見て、違う意味で血の巡りが良くなる。%K%P
本当にこの姉は、いつまで経っても……！%K%P
本当にこの姉は、いつまで経っても……！%K%P
%LC千鶴
%LC千鶴
「ごめんごめんって。蛍が妙に嬉しそうな顔してるから\n　ちょっぴり照れくさくなっちゃってさ」%K%P
「ごめんごめんって。蛍が妙に嬉しそうな顔してるから\n　ちょっぴり照れくさくなっちゃってさ」%K%P
%LC蛍
%LC蛍
「え？」%K%P
「え？」%K%P
%LC千鶴
%LC千鶴
「これでもさ。すっごい感謝してるんだよ？\n　あの日、蛍があたしのためにランウェイを歩いてくれて」%K%P
「これでもさ。すっごい感謝してるんだよ？\n　あの日、蛍があたしのためにランウェイを歩いてくれて」%K%P
%LC千鶴
%LC千鶴
「おかげで自信付けられたよ。本当に。\n　あたしは服を作っていいんだって思えた」%K%P
「おかげで自信付けられたよ。本当に。\n　あたしは服を作っていいんだって思えた」%K%P
%LC蛍
%LC蛍
「お姉ちゃん……」%K%P
「お姉ちゃん……」%K%P
……ズルいよ。怒ろうとしたところだったのに、\nいきなり感謝を告げてきて……。%K%P
……ズルいよ。怒ろうとしたところだったのに、\nいきなり感謝を告げてきて……。%K%P
これじゃあ何も言えなくなっちゃうじゃない。%K%P
これじゃあ何も言えなくなっちゃうじゃない。%K%P
%LC千鶴
%LC千鶴
「ね。またあのドレス着てくれない？」%K%P
「ね。またあのドレス着てくれない？」%K%P
%LC蛍
%LC蛍
「えっ？　ま、また？」%K%P
「えっ？　ま、また？」%K%P
%LC千鶴
%LC千鶴
「いいじゃん。定期的に見たくなるんだもん」%K%P
「いいじゃん。定期的に見たくなるんだもん」%K%P
%LC蛍
%LC蛍
「も……もう……」%K%P
「も……もう……」%K%P
例のドレスを渡してくるお姉ちゃんに\n小さくため息を吐きつつも言われたとおり着替える。%K%P
例のドレスを渡してくるお姉ちゃんに\n小さくため息を吐きつつも言われたとおり着替える。%K%P
%LC千鶴
%LC千鶴
「わぁ……。やっぱ可愛い……。\n　何度見てもグランプリだね、これは」%K%P
「わぁ……。やっぱ可愛い……。\n　何度見てもグランプリだね、これは」%K%P
%LC蛍
%LC蛍
「あ、あんまり見られると恥ずかしいってば」%K%P
「あ、あんまり見られると恥ずかしいってば」%K%P
%LC千鶴
%LC千鶴
「いいじゃん。しっかり見せてよ。\n　あの時は涙のせいでよく見れなかったしさ」%K%P
「いいじゃん。しっかり見せてよ。\n　あの時は涙のせいでよく見れなかったしさ」%K%P
そう言って、お姉ちゃんが\n僕のドレス姿をじっくりねっとりと眺めてくる。%K%P
そう言って、お姉ちゃんが\n僕のドレス姿をじっくりねっとりと眺めてくる。%K%P
か、顔が近すぎて――%K%P
か、顔が近すぎて――%K%P
%LC千鶴
%LC千鶴
「いやぁ。蛍はやっぱあたしの最高のパートナー……\n　って。あれあれ……？」%K%P
「いやぁ。蛍はやっぱあたしの最高のパートナー……\n　って。あれあれ……？」%K%P
%LC蛍
%LC蛍
「〜〜っっ。な、何さ？」%K%P
「〜〜っっ。な、何さ？」%K%P
%LC千鶴
%LC千鶴
「何さ。って、ふふふ。\n　まーた勃起してんじゃん」%K%P
「何さ。って、ふふふ。\n　まーた勃起してんじゃん」%K%P
膨れあがった股間を見て、\nお姉ちゃんが悪戯っぽい笑みを浮かべてくる。%K%P
膨れあがった股間を見て、\nお姉ちゃんが悪戯っぽい笑みを浮かべてくる。%K%P
%LC千鶴
%LC千鶴
「あたし、なんもしてないのにさ〜？\n　これは一体どういうことかね〜？」%K%P
「あたし、なんもしてないのにさ〜？\n　これは一体どういうことかね〜？」%K%P
%LC蛍
%LC蛍
「し、仕方ないじゃない。\n　好きな人の顔が、その……。\n　近くにあったんだから……」%K%P
「し、仕方ないじゃない。\n　好きな人の顔が、その……。\n　近くにあったんだから……」%K%P
%LC千鶴
%LC千鶴
「っっ。そ、そういうこと言うの反則……！\n　あたしの方まで照れちゃうじゃん……！」%K%P
「っっ。そ、そういうこと言うの反則……！\n　あたしの方まで照れちゃうじゃん……！」%K%P
素直な気持ちを告げると、\nお姉ちゃんは途端に乙女の顔をした。%K%P
素直な気持ちを告げると、\nお姉ちゃんは途端に乙女の顔をした。%K%P
その赤く染まった可愛い顔を見て、\n昂ぶりがさらに増してしまう。%K%P
その赤く染まった可愛い顔を見て、\n昂ぶりがさらに増してしまう。%K%P
%LC千鶴
%LC千鶴
「そう言えば……その。\n　最近ご無沙汰だったもんね。\n　あたしも衣装製作ばっかりしてたし……」%K%P
「そう言えば……その。\n　最近ご無沙汰だったもんね。\n　あたしも衣装製作ばっかりしてたし……」%K%P
%LC蛍
%LC蛍
「い、いいことじゃない？\n　それだけ集中できてるってことなんだから……。\n　前みたいにエッチばっかりしてるより健全だろうし……」%K%P
「い、いいことじゃない？\n　それだけ集中できてるってことなんだから……。\n　前みたいにエッチばっかりしてるより健全だろうし……」%K%P
%LC千鶴
%LC千鶴
「それは……うん。そうかもだけど……」%K%P
「それは……うん。そうかもだけど……」%K%P
なんとなく気恥ずかしくなって、\n二人揃って相手の顔をチラチラ見やる。%K%P
なんとなく気恥ずかしくなって、\n二人揃って相手の顔をチラチラ見やる。%K%P
そして、数回目が合った時だった。%K%P
そして、数回目が合った時だった。%K%P
%LC千鶴
%LC千鶴
「ん……ちゅっ……」%K%P
「ん……ちゅっ……」%K%P
%LC蛍
%LC蛍
「ん、んんっ……！」%K%P
「ん、んんっ……！」%K%P
不意に唇を奪われる。%K%P
不意に唇を奪われる。%K%P
%LC千鶴
%LC千鶴
「そゆこと言われると……はぁはぁ。\n　不健全なコトしたくなっちゃうじゃん……」%K%P
「そゆこと言われると……はぁはぁ。\n　不健全なコトしたくなっちゃうじゃん……」%K%P
%LC蛍
%LC蛍
「も……もう。お姉ちゃんのスケベ……」%K%P
「も……もう。お姉ちゃんのスケベ……」%K%P
%LC千鶴
%LC千鶴
「む……。先に勃起したのは蛍の方じゃん。\n　スケベなのはどっちなのさ」%K%P
「む……。先に勃起したのは蛍の方じゃん。\n　スケベなのはどっちなのさ」%K%P
%LC蛍
%LC蛍
「う……。それを言われると……」%K%P
「う……。それを言われると……」%K%P
ぐうの音も出なくなって、たじろいでしまう。\nするとお姉ちゃんは再び僕をからかい始めた。%K%P
ぐうの音も出なくなって、たじろいでしまう。\nするとお姉ちゃんは再び僕をからかい始めた。%K%P
%LC千鶴
%LC千鶴
「ほーら。言ってみなよ？\n　お姉ちゃんとエッチしたい。って」%K%P
「ほーら。言ってみなよ？\n　お姉ちゃんとエッチしたい。って」%K%P
%LC蛍
%LC蛍
「っっ。べ、別に僕は――ひぃあんっ！？」%K%P
「っっ。べ、別に僕は――ひぃあんっ！？」%K%P
%LC千鶴
%LC千鶴
「んん〜？　身体は素直だけどなぁ？\n　チンポこーんなに勃ってんじゃん」%K%P
「んん〜？　身体は素直だけどなぁ？\n　チンポこーんなに勃ってんじゃん」%K%P
%LC蛍
%LC蛍
「や、やめっ。恥ずかしいってば……！\n　せっかくのドレスも汚れちゃうっ……！」%K%P
「や、やめっ。恥ずかしいってば……！\n　せっかくのドレスも汚れちゃうっ……！」%K%P
お姉ちゃんがドレス越しにおちんちんを扱いてくる。\nが、我慢汁が溢れちゃうじゃない……！%K%P
お姉ちゃんがドレス越しにおちんちんを扱いてくる。\nが、我慢汁が溢れちゃうじゃない……！%K%P
%LC千鶴
%LC千鶴
「恥ずかしがる蛍も可愛い……。\n　ふふふ。女装したままエッチするのも有りかもね？」%K%P
「恥ずかしがる蛍も可愛い……。\n　ふふふ。女装したままエッチするのも有りかもね？」%K%P
%LC蛍
%LC蛍
「じょ、女装したままって」%K%P
「じょ、女装したままって」%K%P
%LC千鶴
%LC千鶴
「そう言えばあたし、蛍のご主人様なんだっけ？\n　ふふふ。千鶴様って呼んでよ」%K%P
「そう言えばあたし、蛍のご主人様なんだっけ？\n　ふふふ。千鶴様って呼んでよ」%K%P
%LC蛍
%LC蛍
「呼ばないから……！\n　清佳ちゃんが一緒の時ならともかく……！」%K%P
「呼ばないから……！\n　清佳ちゃんが一緒の時ならともかく……！」%K%P
%LC千鶴
%LC千鶴
「いいじゃんいいじゃん。\n　そういうプレイもたまには良くない？\n　きっと萌えるし、燃えるってば〜」%K%P
「いいじゃんいいじゃん。\n　そういうプレイもたまには良くない？\n　きっと萌えるし、燃えるってば〜」%K%P
%LC蛍
%LC蛍
「萌えて、燃えるのはお姉ちゃんだけ――」%K%P
「萌えて、燃えるのはお姉ちゃんだけ――」%K%P
%LC蛍
%LC蛍
「――きゃあっ！？」%K%P
「――きゃあっ！？」%K%P
僕の言葉を無視して、\nお姉ちゃんがベッドに押し倒してくる。%K%P
僕の言葉を無視して、\nお姉ちゃんがベッドに押し倒してくる。%K%P
%LC千鶴
%LC千鶴
「悲鳴も可愛い。なんか、はぁはぁ、\n　女の子を襲ってる気がしてきた……！」%K%P
「悲鳴も可愛い。なんか、はぁはぁ、\n　女の子を襲ってる気がしてきた……！」%K%P
%LC蛍
%LC蛍
「ちょ、ちょっと、目が怖いってば……！\n　――ひぃあ！？　ぬ、脱がさないで……！！」%K%P
「ちょ、ちょっと、目が怖いってば……！\n　――ひぃあ！？　ぬ、脱がさないで……！！」%K%P
%LC千鶴
%LC千鶴
「『脱がさないで下さい』でしょ？\n　ま、拒まれてもやめるつもりないんだけど♪」%K%P
「『脱がさないで下さい』でしょ？\n　ま、拒まれてもやめるつもりないんだけど♪」%K%P
%LC蛍
%LC蛍
「ひぃあっ、んっ！　やめっ――」%K%P
「ひぃあっ、んっ！　やめっ――」%K%P
%LC千鶴
%LC千鶴
「――ご開帳〜♪」%K%P
「――ご開帳〜♪」%K%P
