………………%K%P
………………%K%P
…………%K%P
…………%K%P
……%K%P
……%K%P
そして、数日後――%K%P
そして、数日後――%K%P
%LC蛍
%LC蛍
「お姉ちゃん？　朝だよ――って」%K%P
「お姉ちゃん？　朝だよ――って」%K%P
%LC千鶴
%LC千鶴
「――ひぃあ！？　ノ、ノックくらいしなよ！」%K%P
「――ひぃあ！？　ノ、ノックくらいしなよ！」%K%P
%LC蛍
%LC蛍
「寝坊してないなんて珍しいね？　何してたの？」%K%P
「寝坊してないなんて珍しいね？　何してたの？」%K%P
%LC千鶴
%LC千鶴
「べ、別に何もしてないってば」%K%P
「べ、別に何もしてないってば」%K%P
%LC蛍
%LC蛍
「わぁ……。可愛いドレス……！」%K%P
「わぁ……。可愛いドレス……！」%K%P
%LC千鶴
%LC千鶴
「ちょっ、勝手に見んな……！\n　もうっ……！」%K%P
「ちょっ、勝手に見んな……！\n　もうっ……！」%K%P
%LC蛍
%LC蛍
「いつの間にこんなの作ってたのっ？\n　全然知らなかったや」%K%P
「いつの間にこんなの作ってたのっ？\n　全然知らなかったや」%K%P
%LC千鶴
%LC千鶴
「ちょいちょい暇な時に……。\n　完全に趣味で作ってる一着だから……」%K%P
「ちょいちょい暇な時に……。\n　完全に趣味で作ってる一着だから……」%K%P
%LC千鶴
%LC千鶴
「実はずっと……その。手が止まってたんだけどさ。\n　なんだか無性に完成させたくなって……」%K%P
「実はずっと……その。手が止まってたんだけどさ。\n　なんだか無性に完成させたくなって……」%K%P
%LC蛍
%LC蛍
「ふーん？」%K%P
「ふーん？」%K%P
お姉ちゃんが恥ずかしそうに顔を赤くする。\nよっぽど思い入れが強いのかな……。%K%P
お姉ちゃんが恥ずかしそうに顔を赤くする。\nよっぽど思い入れが強いのかな……。%K%P
よくよく見ると、なんだか不思議な懐かしさを覚える。%K%P
よくよく見ると、なんだか不思議な懐かしさを覚える。%K%P
あ……そうだ、これ。お姉ちゃんがデザイナー教室の\nショーに出そうとしていたドレスに似てるんだ。%K%P
あ……そうだ、これ。お姉ちゃんがデザイナー教室の\nショーに出そうとしていたドレスに似てるんだ。%K%P
%LC千鶴
%LC千鶴
「あんまりジロジロ見ないでってば……！\n　そ、それよりどうしたの？　朝ご飯か何か？」%K%P
「あんまりジロジロ見ないでってば……！\n　そ、それよりどうしたの？　朝ご飯か何か？」%K%P
%LC蛍
%LC蛍
「あ、うん。てっきり寝てると思ってたから、\n　僕たちは先に食べちゃったんだけど」%K%P
「あ、うん。てっきり寝てると思ってたから、\n　僕たちは先に食べちゃったんだけど」%K%P
%LC千鶴
%LC千鶴
「む……失礼な。あたしだって、\n　たまには早起きしてるって」%K%P
「む……失礼な。あたしだって、\n　たまには早起きしてるって」%K%P
%LC蛍
%LC蛍
「ふふ。そうみたいだね。\n　じゃあリビング行こ？　温め直すから」%K%P
「ふふ。そうみたいだね。\n　じゃあリビング行こ？　温め直すから」%K%P
%LC千鶴
%LC千鶴
「あ……待って。つまりさ。清佳ちゃんと愛ちゃん、\n　いまリビングにいない感じ？」%K%P
「あ……待って。つまりさ。清佳ちゃんと愛ちゃん、\n　いまリビングにいない感じ？」%K%P
%LC蛍
%LC蛍
「そうだよ？　二人ともお部屋に戻っていったけど」%K%P
「そうだよ？　二人ともお部屋に戻っていったけど」%K%P
%LC千鶴
%LC千鶴
「だったら、その――」%K%P
「だったら、その――」%K%P
%LC千鶴
%LC千鶴
「ん……ちゅっ、ちゅぁ……んふ……」%K%P
「ん……ちゅっ、ちゅぁ……んふ……」%K%P
%LC蛍
%LC蛍
「ん、んふ……！　ダ、ダメだよ、お姉ちゃん……。\n　清佳ちゃんたちが来ちゃう……」%K%P
「ん、んふ……！　ダ、ダメだよ、お姉ちゃん……。\n　清佳ちゃんたちが来ちゃう……」%K%P
%LC千鶴
%LC千鶴
「もう少しだけ……ちゅぁ、ん……。\n　あともうちょっとだけキスさせて……？」%K%P
「もう少しだけ……ちゅぁ、ん……。\n　あともうちょっとだけキスさせて……？」%K%P
%LC千鶴
%LC千鶴
「ここなら、ん……もし誰か来てもすぐわかるし。\n　この前みたいに覗かれる心配も、ん、ないしさ……」%K%P
「ここなら、ん……もし誰か来てもすぐわかるし。\n　この前みたいに覗かれる心配も、ん、ないしさ……」%K%P
キッチンの陰に座りこんで隠れながら唇を重ね合う。%K%P
キッチンの陰に座りこんで隠れながら唇を重ね合う。%K%P
――お姉ちゃんと付き合ってからというもの、\nこういう時間が増えに増えた。%K%P
――お姉ちゃんと付き合ってからというもの、\nこういう時間が増えに増えた。%K%P
%LC千鶴
%LC千鶴
「ん……好き……ちゅ、ん……大好き……」%K%P
「ん……好き……ちゅ、ん……大好き……」%K%P
%LC蛍
%LC蛍
「はぁはぁ……。僕も好きだよ……？\n　んふ、んちゅ……大好きだけど……」%K%P
「はぁはぁ……。僕も好きだよ……？\n　んふ、んちゅ……大好きだけど……」%K%P
蛍姿でキスしてる場面を見られるのはマズい。\n清佳ちゃんにはまだ春樹＝蛍だって明かせてないし。%K%P
蛍姿でキスしてる場面を見られるのはマズい。\n清佳ちゃんにはまだ春樹＝蛍だって明かせてないし。%K%P
かといってウィッグを外せるわけでもない。%K%P
かといってウィッグを外せるわけでもない。%K%P
だからこそお姉ちゃんの部屋じゃなくて、\nキッチンの陰でキスしてるわけだけど――%K%P
だからこそお姉ちゃんの部屋じゃなくて、\nキッチンの陰でキスしてるわけだけど――%K%P
%LC千鶴
%LC千鶴
「はぁはぁ、ご、ごめんね……？\n　わかってるんだけど……」%K%P
「はぁはぁ、ご、ごめんね……？\n　わかってるんだけど……」%K%P
%LC蛍
%LC蛍
「う、ううん。僕も嬉しいよ……？\n　キスは……その。したいし……」%K%P
「う、ううん。僕も嬉しいよ……？\n　キスは……その。したいし……」%K%P
%LC千鶴
%LC千鶴
「はぁ、はぁ……。キスだけ……？」%K%P
「はぁ、はぁ……。キスだけ……？」%K%P
%LC蛍
%LC蛍
「だ、だけってわけじゃないけど……」%K%P
「だ、だけってわけじゃないけど……」%K%P
%LC千鶴
%LC千鶴
「我慢しなくて……はぁはぁ。いいんだよ……？\n　お姉ちゃんの身体、好きなだけ触って……？」%K%P
「我慢しなくて……はぁはぁ。いいんだよ……？\n　お姉ちゃんの身体、好きなだけ触って……？」%K%P
%LC千鶴
%LC千鶴
「おっぱい、んはぁん……。揉んだりして……？」%K%P
「おっぱい、んはぁん……。揉んだりして……？」%K%P
%LC蛍
%LC蛍
「ふぁ……！」%K%P
「ふぁ……！」%K%P
お姉ちゃんが僕の手を握って、\n自分の胸に押し当ててくる。%K%P
お姉ちゃんが僕の手を握って、\n自分の胸に押し当ててくる。%K%P
柔らかくて気持ちいい……。\nすっごくエッチでたまらない……。%K%P
柔らかくて気持ちいい……。\nすっごくエッチでたまらない……。%K%P
勃起したおちんちんがショーツから飛び出ちゃいそう。\nスカートが、はぁはぁ、不自然に膨らんじゃって……。%K%P
勃起したおちんちんがショーツから飛び出ちゃいそう。\nスカートが、はぁはぁ、不自然に膨らんじゃって……。%K%P
こんなところ、もし清佳ちゃんに見られたら――%K%P
こんなところ、もし清佳ちゃんに見られたら――%K%P
%LC清佳
%LC清佳
「ほーったるっ。……あら？　いないのかしら」%K%P
「ほーったるっ。……あら？　いないのかしら」%K%P
――き、清佳ちゃん……！？\nもう戻ってきちゃったの……！？%K%P
――き、清佳ちゃん……！？\nもう戻ってきちゃったの……！？%K%P
お……落ち着け。\nとにかくおちんちんを鎮めないと……！%K%P
お……落ち着け。\nとにかくおちんちんを鎮めないと……！%K%P
%LC千鶴
%LC千鶴
「…………」%K%P
「…………」%K%P
%LC千鶴
%LC千鶴
「ん……ちゅっ……！」%K%P
「ん……ちゅっ……！」%K%P
%LC蛍
%LC蛍
「〜〜っっ！？」%K%P
「〜〜っっ！？」%K%P
お姉ちゃん……！？\n待って。いま勃起を鎮めようとしてるのに……！%K%P
お姉ちゃん……！？\n待って。いま勃起を鎮めようとしてるのに……！%K%P
%LC千鶴
%LC千鶴
「……やっぱり清佳ちゃんのことが大切なんだ？」%K%P
「……やっぱり清佳ちゃんのことが大切なんだ？」%K%P
%LC蛍
%LC蛍
「っっ。それとこれとは話が別で――」%K%P
「っっ。それとこれとは話が別で――」%K%P
%LC清佳
%LC清佳
「――あ。そんなところにいたの？」%K%P
「――あ。そんなところにいたの？」%K%P
不意に清佳ちゃんの声が聞こえてくる。%K%P
不意に清佳ちゃんの声が聞こえてくる。%K%P
%LC清佳
%LC清佳
「おはよう、蛍……と、千鶴さん？\n　どうしたの？　二人してキッチンに座り込んで……」%K%P
「おはよう、蛍……と、千鶴さん？\n　どうしたの？　二人してキッチンに座り込んで……」%K%P
%LC蛍
%LC蛍
「あ、あはは。なんでもないよ？\n　ちょっと捜し物してただけ」%K%P
「あ、あはは。なんでもないよ？\n　ちょっと捜し物してただけ」%K%P
%LC清佳
%LC清佳
「ふーん？　見つかったの？」%K%P
「ふーん？　見つかったの？」%K%P
%LC蛍
%LC蛍
「う、うん。大丈夫だよ」%K%P
「う、うん。大丈夫だよ」%K%P
疑問符を浮かべつつも、\n清佳ちゃんが一応の納得をしてくれる。%K%P
疑問符を浮かべつつも、\n清佳ちゃんが一応の納得をしてくれる。%K%P
%LC清佳
%LC清佳
「それより蛍。どこか遊びに行かない？」%K%P
「それより蛍。どこか遊びに行かない？」%K%P
%LC蛍
%LC蛍
「えっ？　どこかってどこへ？」%K%P
「えっ？　どこかってどこへ？」%K%P
%LC清佳
%LC清佳
「それはまだ決めていないけど……。\n　と、とにかく今日はお休みだし外出しましょ？」%K%P
「それはまだ決めていないけど……。\n　と、とにかく今日はお休みだし外出しましょ？」%K%P
%LC蛍
%LC蛍
「ふぇっ……！？」%K%P
「ふぇっ……！？」%K%P
清佳ちゃんがグっと僕を抱き寄せてくる。\nそして、至近距離で耳打ちしてきた。%K%P
清佳ちゃんがグっと僕を抱き寄せてくる。\nそして、至近距離で耳打ちしてきた。%K%P
%LC清佳
%LC清佳
「今日こそ春樹くんがやってくるかもしれないでしょ？\n　千鶴さんと二人きりにさせてあげた方がいいわ」%K%P
「今日こそ春樹くんがやってくるかもしれないでしょ？\n　千鶴さんと二人きりにさせてあげた方がいいわ」%K%P
%LC清佳
%LC清佳
「私たちがいると邪魔だろうし……。\n　こ、この前みたいなこともできないだろうし……！」%K%P
「私たちがいると邪魔だろうし……。\n　こ、この前みたいなこともできないだろうし……！」%K%P
顔を真っ赤にして清佳ちゃんが囁いてくる。\n僕を蛍だと信じてくれているからこその気遣いだ。%K%P
顔を真っ赤にして清佳ちゃんが囁いてくる。\n僕を蛍だと信じてくれているからこその気遣いだ。%K%P
でも、こんなにくっつかれると――%K%P
でも、こんなにくっつかれると――%K%P
%LC千鶴
%LC千鶴
「…………」%K%P
「…………」%K%P
やはりというか――\nお姉ちゃんがふくれ面をして睨みつけてくる。%K%P
やはりというか――\nお姉ちゃんがふくれ面をして睨みつけてくる。%K%P
%LC清佳
%LC清佳
「あ、そうだ。この間の話は考えてくれた？\n　しばらくの間、私のお屋敷に蛍が住むって話」%K%P
「あ、そうだ。この間の話は考えてくれた？\n　しばらくの間、私のお屋敷に蛍が住むって話」%K%P
%LC蛍
%LC蛍
「えっ！？　そ、そんな話してたっけ？」%K%P
「えっ！？　そ、そんな話してたっけ？」%K%P
%LC清佳
%LC清佳
「してたわよ。蛍も……その。辛いでしょ？\n　好きな人が他の人とイチャついてるのを見るのは……」%K%P
「してたわよ。蛍も……その。辛いでしょ？\n　好きな人が他の人とイチャついてるのを見るのは……」%K%P
{春樹:ぼく}とお姉ちゃんのことを言っているんだろうけど、\n今まさにお姉ちゃんからは僕と清佳ちゃんが\nイチャついてるように見えてるわけで……！%K%P
{春樹:ぼく}とお姉ちゃんのことを言っているんだろうけど、\n今まさにお姉ちゃんからは僕と清佳ちゃんが\nイチャついてるように見えてるわけで……！%K%P
%LC千鶴
%LC千鶴
「むぅ……！」%K%P
「むぅ……！」%K%P
%LC蛍
%LC蛍
「あっ――」%K%P
「あっ――」%K%P
拗ねてしまったのかお姉ちゃんがリビングから出ていく。%K%P
拗ねてしまったのかお姉ちゃんがリビングから出ていく。%K%P
しかし、その十数秒後――%K%P
しかし、その十数秒後――%K%P
%LC千鶴
%LC千鶴
「ほーったるっ」%K%P
「ほーったるっ」%K%P
%LC蛍
%LC蛍
「ひぃあっ！？　ち、千鶴様っ！？」%K%P
「ひぃあっ！？　ち、千鶴様っ！？」%K%P
なんで水着姿！？　というか、ち、近いよ……！%K%P
なんで水着姿！？　というか、ち、近いよ……！%K%P
%LC千鶴
%LC千鶴
「清佳ちゃんとどっか遊びに行くつもりなの〜？\n　今日はあたしと遊ぼうって昨日話してたじゃ〜ん」%K%P
「清佳ちゃんとどっか遊びに行くつもりなの〜？\n　今日はあたしと遊ぼうって昨日話してたじゃ〜ん」%K%P
%LC清佳
%LC清佳
「そ、そうだったんですか？　ごめんなさい。\n　てっきり千鶴さんは春樹くんと……」%K%P
「そ、そうだったんですか？　ごめんなさい。\n　てっきり千鶴さんは春樹くんと……」%K%P
%LC千鶴
%LC千鶴
「いいのいいの。ちっと話してただけだから。\n　蛍の自由にした方がいいと思うし」%K%P
「いいのいいの。ちっと話してただけだから。\n　蛍の自由にした方がいいと思うし」%K%P
%LC千鶴
%LC千鶴
「蛍の……好きな人と一緒に遊べばいいんじゃない？」%K%P
「蛍の……好きな人と一緒に遊べばいいんじゃない？」%K%P
%LC蛍
%LC蛍
「わ、わたしの好きな人とって……！」%K%P
「わ、わたしの好きな人とって……！」%K%P
お姉ちゃんがわざとらしく姿勢をかがめて\n胸の谷間を見せつけながら上目遣いに見つめてくる。%K%P
お姉ちゃんがわざとらしく姿勢をかがめて\n胸の谷間を見せつけながら上目遣いに見つめてくる。%K%P
%LC千鶴
%LC千鶴
「ね……。蛍は、ん……。どっちを選ぶの……？」%K%P
「ね……。蛍は、ん……。どっちを選ぶの……？」%K%P
%LC千鶴
%LC千鶴
「あたし……？　それとも、清佳ちゃん……？」%K%P
「あたし……？　それとも、清佳ちゃん……？」%K%P
%XS20そして甘い声で囁いてきて――〜〜っっ！！%XE%K%P
%XS20そして甘い声で囁いてきて――〜〜っっ！！%XE%K%P
%LC清佳
%LC清佳
「……千鶴さん。そんな訊き方をされたら、\n　流石に私も黙っていられません」%K%P
「……千鶴さん。そんな訊き方をされたら、\n　流石に私も黙っていられません」%K%P
%LC蛍
%LC蛍
「き、清佳ちゃん？」%K%P
「き、清佳ちゃん？」%K%P
%LC千鶴
%LC千鶴
「え〜なにさ？　あたしはあくまで、\n　蛍の好きにしたらいいって言ってるだけじゃん」%K%P
「え〜なにさ？　あたしはあくまで、\n　蛍の好きにしたらいいって言ってるだけじゃん」%K%P
%LC清佳
%LC清佳
「何をいけしゃあしゃあと……！\n　わざわざ水着に着替えてまで誘惑してるクセに……！」%K%P
「何をいけしゃあしゃあと……！\n　わざわざ水着に着替えてまで誘惑してるクセに……！」%K%P
%LC千鶴
%LC千鶴
「誘惑なんてしてないってば〜。\n　気のせいだよ、き・の・せ・い」%K%P
「誘惑なんてしてないってば〜。\n　気のせいだよ、き・の・せ・い」%K%P
%LC清佳
%LC清佳
「じゃあどうして蛍に胸を押しつけてるんですかっ。\n　そういうことは春樹くんにして下さいっ……！」%K%P
「じゃあどうして蛍に胸を押しつけてるんですかっ。\n　そういうことは春樹くんにして下さいっ……！」%K%P
%LC清佳
%LC清佳
「蛍は――私のものですっっ！！」%K%P
「蛍は――私のものですっっ！！」%K%P
%LC蛍
%LC蛍
「ちょっ――なに脱いでるの清佳ちゃん！？」%K%P
「ちょっ――なに脱いでるの清佳ちゃん！？」%K%P
%LC清佳
%LC清佳
「き、決まってるじゃないっ。誘惑してるの……！」%K%P
「き、決まってるじゃないっ。誘惑してるの……！」%K%P
%LC清佳
%LC清佳
「ね……どうかしら？　大きさでは劣るけど……。\n　張りと形なら千鶴さんより上よ？\n　揉み心地もいいと思うわ……」%K%P
「ね……どうかしら？　大きさでは劣るけど……。\n　張りと形なら千鶴さんより上よ？\n　揉み心地もいいと思うわ……」%K%P
%LC蛍
%LC蛍
「ひゃっ……！　お、押しつけないで、んん……！」%K%P
「ひゃっ……！　お、押しつけないで、んん……！」%K%P
%LC千鶴
%LC千鶴
「え〜？　柔らかさなら、んふ、\n　あたしの方が断然上だよ」%K%P
「え〜？　柔らかさなら、んふ、\n　あたしの方が断然上だよ」%K%P
%LC千鶴
%LC千鶴
「ほら見て？　少し押しつけただけで、\n　こんなにひしゃげてる……。超フワフワだよ？」%K%P
「ほら見て？　少し押しつけただけで、\n　こんなにひしゃげてる……。超フワフワだよ？」%K%P
%LC蛍
%LC蛍
「〜〜っっ！！」%K%P
「〜〜っっ！！」%K%P
お姉ちゃんと清佳ちゃんが\n競い合うようにおっぱいを押しつけてくる。%K%P
お姉ちゃんと清佳ちゃんが\n競い合うようにおっぱいを押しつけてくる。%K%P
男心をくすぐる感触が、\nこれでもかと伝わってきて――%K%P
男心をくすぐる感触が、\nこれでもかと伝わってきて――%K%P
%LC清佳
%LC清佳
「蛍は私を選んでくれるわよね……？\n　千鶴さんじゃなくて私を選んでくれるわよね……？」%K%P
「蛍は私を選んでくれるわよね……？\n　千鶴さんじゃなくて私を選んでくれるわよね……？」%K%P
%LC千鶴
%LC千鶴
「あたしを選んでくれるんでしょ……？\n　二人でさっきの続き……ふふ。しよ？」%K%P
「あたしを選んでくれるんでしょ……？\n　二人でさっきの続き……ふふ。しよ？」%K%P
ダ、ダメっ。こんなことされたら勃起しちゃう。\n逃げないと、ああでも、逃げられない……！！%K%P
ダ、ダメっ。こんなことされたら勃起しちゃう。\n逃げないと、ああでも、逃げられない……！！%K%P
一体どうすれば……！！%K%P
一体どうすれば……！！%K%P
%LC愛
%LC愛
「――コホン」%K%P
「――コホン」%K%P
%LC清佳・千鶴
%LC清佳・千鶴
「っっ」%K%P
「っっ」%K%P
%LC愛
%LC愛
「いつからこのお屋敷は\n　いかがわしい女の乱交場になったのですか」%K%P
「いつからこのお屋敷は\n　いかがわしい女の乱交場になったのですか」%K%P
%LC愛
%LC愛
「休日に羽目を外したいのはわかりますが、\n　もっと健全なことをされてはどうです？」%K%P
「休日に羽目を外したいのはわかりますが、\n　もっと健全なことをされてはどうです？」%K%P
%LC千鶴
%LC千鶴
「あ――あははっ。そうだよね……！\n　ご、ごめんね。昨日の酔いが残ってたっぽくて……！」%K%P
「あ――あははっ。そうだよね……！\n　ご、ごめんね。昨日の酔いが残ってたっぽくて……！」%K%P
%LC清佳
%LC清佳
「よ、酔ってらしたんですね？　あ、あはは……！\n　私もついムキになってしまって……！」%K%P
「よ、酔ってらしたんですね？　あ、あはは……！\n　私もついムキになってしまって……！」%K%P
愛さんの冷たい視線を受けて、\n正気を取り戻したのか二人が僕から離れる。%K%P
愛さんの冷たい視線を受けて、\n正気を取り戻したのか二人が僕から離れる。%K%P
%LC愛
%LC愛
「…………」%K%P
「…………」%K%P
%LC愛
%LC愛
「時に清佳様。そろそろ発ちませんと」%K%P
「時に清佳様。そろそろ発ちませんと」%K%P
%LC清佳
%LC清佳
「えっ？　今日、何か予定があったかしら？」%K%P
「えっ？　今日、何か予定があったかしら？」%K%P
%LC愛
%LC愛
「はい。大事な会議の日ですよ」%K%P
「はい。大事な会議の日ですよ」%K%P
%LC清佳
%LC清佳
「会議？　会議は月曜日のはずじゃ――」%K%P
「会議？　会議は月曜日のはずじゃ――」%K%P
%LC愛
%LC愛
「――先程、春樹様がお屋敷に向かわれていると\n　連絡が入りました。お邪魔になる前に出ましょう」%K%P
「――先程、春樹様がお屋敷に向かわれていると\n　連絡が入りました。お邪魔になる前に出ましょう」%K%P
%LC清佳
%LC清佳
「そ、そういうこと。なら蛍も一緒に――」%K%P
「そ、そういうこと。なら蛍も一緒に――」%K%P
%LC愛
%LC愛
「蛍様は本日モデルのお仕事があるとのことです。\n　それよりも早く行きましょう」%K%P
「蛍様は本日モデルのお仕事があるとのことです。\n　それよりも早く行きましょう」%K%P
%LC清佳
%LC清佳
「そうだったのね……。蛍を残していくのは\n　少し不安だけど……まぁ春樹くんが来るのなら」%K%P
「そうだったのね……。蛍を残していくのは\n　少し不安だけど……まぁ春樹くんが来るのなら」%K%P
%LC清佳
%LC清佳
「コホン。じゃあ私と愛は行くわ。\n　蛍。くれぐれもその。千鶴さんに襲われないようにね」%K%P
「コホン。じゃあ私と愛は行くわ。\n　蛍。くれぐれもその。千鶴さんに襲われないようにね」%K%P
%LC蛍
%LC蛍
「あはは……うん」%K%P
「あはは……うん」%K%P
%LC愛
%LC愛
「……イチャつくのは結構ですが。清佳様のためにも\n　男バレするような行為は慎んで下さい」%K%P
「……イチャつくのは結構ですが。清佳様のためにも\n　男バレするような行為は慎んで下さい」%K%P
%LC千鶴
%LC千鶴
「は、はい……。ごめんなさい……」%K%P
「は、はい……。ごめんなさい……」%K%P
清佳ちゃんが出て行った後、\n愛さんが捨て台詞のように耳打ちして立ち去っていく。%K%P
清佳ちゃんが出て行った後、\n愛さんが捨て台詞のように耳打ちして立ち去っていく。%K%P
どうやら事情を察した愛さんが\n気を利かせて二人きりにしてくれたみたいだ。%K%P
どうやら事情を察した愛さんが\n気を利かせて二人きりにしてくれたみたいだ。%K%P
%LC蛍
%LC蛍
「もう……。お姉ちゃんがヤキモチ焼くから……」%K%P
「もう……。お姉ちゃんがヤキモチ焼くから……」%K%P
%LC千鶴
%LC千鶴
「春樹が清佳ちゃんにデレデレしてるからだもん。\n　ついさっきまであたしとチュッチュしてたのにさ」%K%P
「春樹が清佳ちゃんにデレデレしてるからだもん。\n　ついさっきまであたしとチュッチュしてたのにさ」%K%P
%LC蛍
%LC蛍
「デ、デレデレなんてしてないってば」%K%P
「デ、デレデレなんてしてないってば」%K%P
%LC千鶴
%LC千鶴
「嘘だ。清佳ちゃんにくっつかれて喜んでたじゃん。\n　清佳ちゃんの裸もガン見してたし」%K%P
「嘘だ。清佳ちゃんにくっつかれて喜んでたじゃん。\n　清佳ちゃんの裸もガン見してたし」%K%P
呟きながら、お姉ちゃんが僕をぎゅっと抱きしめてくる。%K%P
呟きながら、お姉ちゃんが僕をぎゅっと抱きしめてくる。%K%P
%LC千鶴
%LC千鶴
「あたし、ん……ちゅっ。これでも嫉妬深いから……。\n　あんまり他の女の子とイチャイチャしてたらヤだよ？」%K%P
「あたし、ん……ちゅっ。これでも嫉妬深いから……。\n　あんまり他の女の子とイチャイチャしてたらヤだよ？」%K%P
%LC蛍
%LC蛍
「お姉ちゃ――んふ……」%K%P
「お姉ちゃ――んふ……」%K%P
%LC千鶴
%LC千鶴
「これでも、ちゅぁ、んちゅ……我慢してる方だもん。\n　本当は、ちゅぁ……ん。一日中エッチしてたいくらいで」%K%P
「これでも、ちゅぁ、んちゅ……我慢してる方だもん。\n　本当は、ちゅぁ……ん。一日中エッチしてたいくらいで」%K%P
%LC千鶴
%LC千鶴
「こんなこと思ったらダメだけど……はぁはぁ。\n　清佳ちゃんと愛ちゃんがいなかったらいいな、とか。\n　思っちゃったりもしてるし……」%K%P
「こんなこと思ったらダメだけど……はぁはぁ。\n　清佳ちゃんと愛ちゃんがいなかったらいいな、とか。\n　思っちゃったりもしてるし……」%K%P
%LC蛍
%LC蛍
「はぁはぁ……お姉ちゃん……」%K%P
「はぁはぁ……お姉ちゃん……」%K%P
%LC千鶴
%LC千鶴
「……二人きりだしさ。千鶴って呼んで……？」%K%P
「……二人きりだしさ。千鶴って呼んで……？」%K%P
%LC蛍
%LC蛍
「千鶴……」%K%P
「千鶴……」%K%P
%LC千鶴
%LC千鶴
「んふ……。えへへ……」%K%P
「んふ……。えへへ……」%K%P
名前を呼んだだけで幸せそうに微笑んでくれる。\n……可愛いなぁ、もう。%K%P
名前を呼んだだけで幸せそうに微笑んでくれる。\n……可愛いなぁ、もう。%K%P
%LC千鶴
%LC千鶴
「好き……ん、ちゅ……大好きだよ？\n　ちゅぁ、んぁむ、れろろ……好き……」%K%P
「好き……ん、ちゅ……大好きだよ？\n　ちゅぁ、んぁむ、れろろ……好き……」%K%P
%LC蛍
%LC蛍
「ん、んふっ……。僕も好きだよ……？\n　んふ、んちゅ……ぺろろぉ……」%K%P
「ん、んふっ……。僕も好きだよ……？\n　んふ、んちゅ……ぺろろぉ……」%K%P
%LC千鶴
%LC千鶴
「なら……ぷはぁ、はぁはぁ、エッチしよ？\n　早く、ん、ちゅ……セックスしたい」%K%P
「なら……ぷはぁ、はぁはぁ、エッチしよ？\n　早く、ん、ちゅ……セックスしたい」%K%P
%LC蛍
%LC蛍
「もう……。さっき愛さんに健全に羽根を伸ばせって\n　言われたところなのに」%K%P
「もう……。さっき愛さんに健全に羽根を伸ばせって\n　言われたところなのに」%K%P
%LC千鶴
%LC千鶴
「いいの。どうせ姉と弟が付き合ってる時点で、\n　不健全なんだから」%K%P
「いいの。どうせ姉と弟が付き合ってる時点で、\n　不健全なんだから」%K%P
%LC千鶴
%LC千鶴
「それとも春樹はあたしと、\n　不健全なことしたくないっての？」%K%P
「それとも春樹はあたしと、\n　不健全なことしたくないっての？」%K%P
%LC蛍
%LC蛍
「そ、そんなことはないけど……」%K%P
「そ、そんなことはないけど……」%K%P
今だって千鶴の水着姿から目が離せない。\n誘惑された時も清佳ちゃんよりドキドキして……。%K%P
今だって千鶴の水着姿から目が離せない。\n誘惑された時も清佳ちゃんよりドキドキして……。%K%P
%LC千鶴
%LC千鶴
「あたしはさ。いつでも春樹と不健全なことしたいよ？」%K%P
「あたしはさ。いつでも春樹と不健全なことしたいよ？」%K%P
%LC千鶴
%LC千鶴
「おっぱいも、おまんこも、暇があれば触って欲しい。\n　キスも……んちゅっ、いっぱいしたい……」%K%P
「おっぱいも、おまんこも、暇があれば触って欲しい。\n　キスも……んちゅっ、いっぱいしたい……」%K%P
%LC蛍
%LC蛍
「ふぁ……」%K%P
「ふぁ……」%K%P
千鶴がソファーへ僕を座らせてくる。\nそして、そのまま僕の膝の上に乗ってきた。%K%P
千鶴がソファーへ僕を座らせてくる。\nそして、そのまま僕の膝の上に乗ってきた。%K%P
僕の手も自然と千鶴のおっぱいに伸びてしまう。\n水着越しに揉んでいって、ゆっくり布をズラして。%K%P
僕の手も自然と千鶴のおっぱいに伸びてしまう。\n水着越しに揉んでいって、ゆっくり布をズラして。%K%P
%LC千鶴
%LC千鶴
「二人きりだし……ウィッグ取っちゃっていいよね？\n　あたしさ。春樹の可愛い顔……大好きなんだ」%K%P
「二人きりだし……ウィッグ取っちゃっていいよね？\n　あたしさ。春樹の可愛い顔……大好きなんだ」%K%P
%LC春樹
%LC春樹
「ウィッグだけとは言わず全部脱ぐよ……？\n　女装したままだと男らしくないし……」%K%P
「ウィッグだけとは言わず全部脱ぐよ……？\n　女装したままだと男らしくないし……」%K%P
%LC千鶴
%LC千鶴
「あはは。春樹に男らしさなんて求めてないってば」%K%P
「あはは。春樹に男らしさなんて求めてないってば」%K%P
%LC春樹
%LC春樹
「む……。それは聞き捨てならないんだけど」%K%P
「む……。それは聞き捨てならないんだけど」%K%P
%LC千鶴
%LC千鶴
「ごめんごめん。春樹が男らしくないって\n　言ってるわけじゃないよ？」%K%P
「ごめんごめん。春樹が男らしくないって\n　言ってるわけじゃないよ？」%K%P
%LC千鶴
%LC千鶴
「ただ……あたしの好きな春樹の\n　男らしいところに姿形は関係ないって話」%K%P
「ただ……あたしの好きな春樹の\n　男らしいところに姿形は関係ないって話」%K%P
%LC春樹
%LC春樹
「それってどういう――わっ」%K%P
「それってどういう――わっ」%K%P
%LC千鶴
%LC千鶴
「ごめん。もう我慢できない……。\n　今はそんな話より……」%K%P
「ごめん。もう我慢できない……。\n　今はそんな話より……」%K%P
%LC千鶴
%LC千鶴
「エッチ……しよ？」%K%P
「エッチ……しよ？」%K%P
そっとウィッグが外される。%K%P
そっとウィッグが外される。%K%P
パサリと床に落ちるその音が\n僕たちを男と女の関係に変える合図になった。%K%P
パサリと床に落ちるその音が\n僕たちを男と女の関係に変える合図になった。%K%P
