%LC蛍
%LC蛍
「…………」%K%P
「…………」%K%P
昨夜は一睡もできなかった。%K%P
昨夜は一睡もできなかった。%K%P
一晩経ったのに、まだ頭の中が混乱してる。%K%P
一晩経ったのに、まだ頭の中が混乱してる。%K%P
%LC千鶴
%LC千鶴
「あたし……はぁ、はぁ……。\n　春樹が……好き……」%K%P
「あたし……はぁ、はぁ……。\n　春樹が……好き……」%K%P
%LC千鶴
%LC千鶴
「一人の男の子として……好き……」%K%P
「一人の男の子として……好き……」%K%P
%LC千鶴
%LC千鶴
「ずっと……ずっとずっと好きだった……。\n　小さい頃から、ずっとずっと……」%K%P
「ずっと……ずっとずっと好きだった……。\n　小さい頃から、ずっとずっと……」%K%P
%LC千鶴
%LC千鶴
「春樹が清佳ちゃんと出会う前から、\n　好きだったの……」%K%P
「春樹が清佳ちゃんと出会う前から、\n　好きだったの……」%K%P
考えたこともなかった。%K%P
考えたこともなかった。%K%P
だって僕たちは血の繋がった姉弟で。\nそういう感情とは無縁の仲だと思っていたから。%K%P
だって僕たちは血の繋がった姉弟で。\nそういう感情とは無縁の仲だと思っていたから。%K%P
%LC蛍
%LC蛍
「……朝ご飯でも作ろう……」%K%P
「……朝ご飯でも作ろう……」%K%P
思考を先送りにするようにベッドから這い出る。%K%P
思考を先送りにするようにベッドから這い出る。%K%P
そしてリビングへ向かった。%K%P
そしてリビングへ向かった。%K%P
あれ……この音。先客がいるみたいだ。\n愛さんかな？　朝ご飯作ってくれてるのかも。%K%P
あれ……この音。先客がいるみたいだ。\n愛さんかな？　朝ご飯作ってくれてるのかも。%K%P
%LC千鶴
%LC千鶴
「あ。蛍じゃん。おはよっ」%K%P
「あ。蛍じゃん。おはよっ」%K%P
%LC蛍
%LC蛍
%XS20「えっ、お姉ちゃんっ？」%XE%K%P
%XS20「えっ、お姉ちゃんっ？」%XE%K%P
キッチンからぬっと姿を見せてきた彼女の姿に\nギクリと身体が膠着してしまう。%K%P
キッチンからぬっと姿を見せてきた彼女の姿に\nギクリと身体が膠着してしまう。%K%P
%LC蛍
%LC蛍
「ど、どうして、寝ぼすけのお姉ちゃんが\n　こんな朝早くに起きてるのっ？」%K%P
「ど、どうして、寝ぼすけのお姉ちゃんが\n　こんな朝早くに起きてるのっ？」%K%P
%LC千鶴
%LC千鶴
「いやー……。全然覚えてないんだけど、\n　昨日すっごい醜態さらしたっぽいじゃん？」%K%P
「いやー……。全然覚えてないんだけど、\n　昨日すっごい醜態さらしたっぽいじゃん？」%K%P
%LC千鶴
%LC千鶴
「だからこれを機に真人間になろうと思ってさ。\n　ふふん。朝ご飯食べる？　作ってあるよ？」%K%P
「だからこれを機に真人間になろうと思ってさ。\n　ふふん。朝ご飯食べる？　作ってあるよ？」%K%P
普段通りの調子でお姉ちゃんが話しかけてくる。\nむしろ、いつもより元気いっぱいなくらいだ。%K%P
普段通りの調子でお姉ちゃんが話しかけてくる。\nむしろ、いつもより元気いっぱいなくらいだ。%K%P
昨日のこと、覚えてないって言ってるけど……。%K%P
昨日のこと、覚えてないって言ってるけど……。%K%P
%LC千鶴
%LC千鶴
「……どうしたの？　人の顔、じーっと見て……」%K%P
「……どうしたの？　人の顔、じーっと見て……」%K%P
%LC蛍
%LC蛍
「あ、えと。ホ、ホントに昨日のこと覚えてないの？」%K%P
「あ、えと。ホ、ホントに昨日のこと覚えてないの？」%K%P
%LC千鶴
%LC千鶴
「うん。……もしかして、やっぱあたし、\n　なんかやらかしちゃってたりした？」%K%P
「うん。……もしかして、やっぱあたし、\n　なんかやらかしちゃってたりした？」%K%P
%LC蛍
%LC蛍
「う、ううん。そういうわけじゃないけど……！」%K%P
「う、ううん。そういうわけじゃないけど……！」%K%P
真顔で尋ねてくるお姉ちゃんに、\nつい首を横に振って応えてしまう。%K%P
真顔で尋ねてくるお姉ちゃんに、\nつい首を横に振って応えてしまう。%K%P
……忘れてるなら、それはそれで良かったかも。%K%P
……忘れてるなら、それはそれで良かったかも。%K%P
覚えていないのなら、それで……。%K%P
覚えていないのなら、それで……。%K%P
%LC千鶴
%LC千鶴
「…………」%K%P
「…………」%K%P
%LC千鶴
%LC千鶴
「さて、と。清佳ちゃんと愛ちゃんを\n　起こしてきてくれる？　朝食にしよ？」%K%P
「さて、と。清佳ちゃんと愛ちゃんを\n　起こしてきてくれる？　朝食にしよ？」%K%P
%LC蛍
%LC蛍
「うん……」%K%P
「うん……」%K%P
本当に……何も覚えてないのかな。%K%P
本当に……何も覚えてないのかな。%K%P
%LC蛍
%LC蛍
「それじゃあ、いってらっしゃい」%K%P
「それじゃあ、いってらっしゃい」%K%P
%LC千鶴
%LC千鶴
「いってらっしゃい、二人とも」%K%P
「いってらっしゃい、二人とも」%K%P
%LC清佳
%LC清佳
「ふふ。なんだか新鮮ですね。\n　千鶴さんに送り出されるのは」%K%P
「ふふ。なんだか新鮮ですね。\n　千鶴さんに送り出されるのは」%K%P
見送りに出て来たお姉ちゃんが珍しいのか、\n清佳ちゃんが冗談っぽく笑う。%K%P
見送りに出て来たお姉ちゃんが珍しいのか、\n清佳ちゃんが冗談っぽく笑う。%K%P
%LC清佳
%LC清佳
「それより体調は大丈夫なの、蛍？\n　昨日はずーっと上の空だったけれど……」%K%P
「それより体調は大丈夫なの、蛍？\n　昨日はずーっと上の空だったけれど……」%K%P
%LC蛍
%LC蛍
「う、うん。ごめんね、清佳ちゃん。\n　せっかく誘ってくれたのに……」%K%P
「う、うん。ごめんね、清佳ちゃん。\n　せっかく誘ってくれたのに……」%K%P
正直、昨日のデートのことを何も思い出せない。%K%P
正直、昨日のデートのことを何も思い出せない。%K%P
お姉ちゃんの告白で頭がいっぱいで、\n他のことは何も考えられなかった。%K%P
お姉ちゃんの告白で頭がいっぱいで、\n他のことは何も考えられなかった。%K%P
清佳ちゃんには本当に悪いことしちゃったな……。\n楽しみにしてくれていたのに……。%K%P
清佳ちゃんには本当に悪いことしちゃったな……。\n楽しみにしてくれていたのに……。%K%P
%LC清佳
%LC清佳
「ふふ、気にしないでいいわよ。\n　元気な時にまた遊んでくれたらいいから」%K%P
「ふふ、気にしないでいいわよ。\n　元気な時にまた遊んでくれたらいいから」%K%P
%LC愛
%LC愛
「清佳様。そろそろ」%K%P
「清佳様。そろそろ」%K%P
%LC清佳
%LC清佳
「ええ。それじゃあ、蛍、千鶴さん。いってきます」%K%P
「ええ。それじゃあ、蛍、千鶴さん。いってきます」%K%P
%LC蛍
%LC蛍
「う、うん」%K%P
「う、うん」%K%P
%LC千鶴
%LC千鶴
「いってらっしゃーい」%K%P
「いってらっしゃーい」%K%P
そうして二人が迎えの車に乗り込んでいく。%K%P
そうして二人が迎えの車に乗り込んでいく。%K%P
%LC千鶴
%LC千鶴
「さーて。仕事仕事っと。\n　春樹も早く着替えて登校しちゃいなよ」%K%P
「さーて。仕事仕事っと。\n　春樹も早く着替えて登校しちゃいなよ」%K%P
%LC蛍
%LC蛍
「あ、お姉ちゃん――」%K%P
「あ、お姉ちゃん――」%K%P
逃げるようにお姉ちゃんが立ち去っていく。%K%P
逃げるようにお姉ちゃんが立ち去っていく。%K%P
ううん。逃げるように、なんて気にしすぎなのかな。\n勝手にそう感じてしまってるだけなのかも。%K%P
ううん。逃げるように、なんて気にしすぎなのかな。\n勝手にそう感じてしまってるだけなのかも。%K%P
%LC蛍
%LC蛍
「って。こうしちゃいられない。\n　僕も準備しなくちゃ……！」%K%P
「って。こうしちゃいられない。\n　僕も準備しなくちゃ……！」%K%P
%LC春樹
%LC春樹
「……ふぅ……」%K%P
「……ふぅ……」%K%P
なんだか足取りが重い。\n一人になると、色々考えちゃって……。%K%P
なんだか足取りが重い。\n一人になると、色々考えちゃって……。%K%P
%LC春樹
%LC春樹
「…………」%K%P
「…………」%K%P
指先で唇に触れる。\nお姉ちゃんの唇、すごく柔らかかったなぁ……。%K%P
指先で唇に触れる。\nお姉ちゃんの唇、すごく柔らかかったなぁ……。%K%P
%LC春樹
%LC春樹
「――って。ぼ、僕は何を思い出して……！\n　相手はお姉ちゃんなのに――……」%K%P
「――って。ぼ、僕は何を思い出して……！\n　相手はお姉ちゃんなのに――……」%K%P
人知れず首を横に振りかけて――気づく。%K%P
人知れず首を横に振りかけて――気づく。%K%P
そっか。お姉ちゃんも……\nきっとこんな風に悩んでたんだ。%K%P
そっか。お姉ちゃんも……\nきっとこんな風に悩んでたんだ。%K%P
『弟なのに』って、自分を責めていたに違いない。%K%P
『弟なのに』って、自分を責めていたに違いない。%K%P
だからこそ、今朝から急に真面目になろうとしちゃって。\n僕と、距離を取ろうとして。%K%P
だからこそ、今朝から急に真面目になろうとしちゃって。\n僕と、距離を取ろうとして。%K%P
%LC春樹
%LC春樹
「……嘘が下手なのは遺伝かな……」%K%P
「……嘘が下手なのは遺伝かな……」%K%P
お姉ちゃんが昨日のことを覚えているのはわかっていた。%K%P
お姉ちゃんが昨日のことを覚えているのはわかっていた。%K%P
どうしたらいいかわからなくて、\n僕も気づかない振りをしていたけれど――もうやめよう。%K%P
どうしたらいいかわからなくて、\n僕も気づかない振りをしていたけれど――もうやめよう。%K%P
お姉ちゃんとちゃんと話さなくちゃいけない。\n今もお姉ちゃんは一人で苦しんでいると思うから。%K%P
お姉ちゃんとちゃんと話さなくちゃいけない。\n今もお姉ちゃんは一人で苦しんでいると思うから。%K%P
%LC春樹
%LC春樹
「っっ」%K%P
「っっ」%K%P
来た道を引き返す。%K%P
来た道を引き返す。%K%P
お姉ちゃんに会いに行くんだ――%K%P
お姉ちゃんに会いに行くんだ――%K%P
%LC春樹
%LC春樹
「はぁはぁ……。お姉ちゃんはお部屋かな……」%K%P
「はぁはぁ……。お姉ちゃんはお部屋かな……」%K%P
廊下を歩きながら呼吸を整える。%K%P
廊下を歩きながら呼吸を整える。%K%P
本当言うと、お姉ちゃんの気持ちに対する答えは\nまだ出てない。何を言えばいいかもわからない。%K%P
本当言うと、お姉ちゃんの気持ちに対する答えは\nまだ出てない。何を言えばいいかもわからない。%K%P
だけど……いま逃げだしてしまったら、\n二度とお姉ちゃんと笑い合えない気がする。%K%P
だけど……いま逃げだしてしまったら、\n二度とお姉ちゃんと笑い合えない気がする。%K%P
時間が経てば経つほど遠慮や気まずさが増長して、\nお姉ちゃんとの距離がどんどん離れていく気がする。%K%P
時間が経てば経つほど遠慮や気まずさが増長して、\nお姉ちゃんとの距離がどんどん離れていく気がする。%K%P
――そんなのは絶対に嫌だ。%K%P
――そんなのは絶対に嫌だ。%K%P
%LC春樹
%LC春樹
「っっ」%K%P
「っっ」%K%P
お姉ちゃんの部屋の前に辿り着く。%K%P
お姉ちゃんの部屋の前に辿り着く。%K%P
そしてドアノブに手をかけようとした――その時だった。%K%P
そしてドアノブに手をかけようとした――その時だった。%K%P
%LC千鶴
%LC千鶴
『あっ……んっ。春樹……あっ、はぁん……！』%K%P
『あっ……んっ。春樹……あっ、はぁん……！』%K%P
お姉ちゃんの艶やかで甘い声が\n部屋の中から聞こえてくる。%K%P
お姉ちゃんの艶やかで甘い声が\n部屋の中から聞こえてくる。%K%P
こ、これってまさか――……%K%P
こ、これってまさか――……%K%P
%LC千鶴
%LC千鶴
『んはぁ……あぁん。もっと触って……あっ、\n　弄って……。お姉ちゃんの、ふぁ、身体……』%K%P
『んはぁ……あぁん。もっと触って……あっ、\n　弄って……。お姉ちゃんの、ふぁ、身体……』%K%P
%LC千鶴
%LC千鶴
『んぁ……！　そこ、あぁ、気持ちいい……！\n　ふぁ、あっ……！　あぁぁ……！！』%K%P
『んぁ……！　そこ、あぁ、気持ちいい……！\n　ふぁ、あっ……！　あぁぁ……！！』%K%P
オオオ、オナニー……！？\nお姉ちゃん、オナニーしてるの……！！？%K%P
オオオ、オナニー……！？\nお姉ちゃん、オナニーしてるの……！！？%K%P
しかも僕の名前を呼んで……！\n恥ずかし――じゃなくて、こ、これじゃ入れないよ。%K%P
しかも僕の名前を呼んで……！\n恥ずかし――じゃなくて、こ、これじゃ入れないよ。%K%P
どうしよう、想定外だ……！\nとにかく、一旦この場を離れないと……！%K%P
どうしよう、想定外だ……！\nとにかく、一旦この場を離れないと……！%K%P
%LC千鶴
%LC千鶴
『ん゛んっ……！　またお尻、んはぁ……！\n　ほ、ほじほじして……！　ハズいよ、春樹ぃ……！』%K%P
『ん゛んっ……！　またお尻、んはぁ……！\n　ほ、ほじほじして……！　ハズいよ、春樹ぃ……！』%K%P
――お尻！？　お尻責めてる想定なの！？%K%P
――お尻！？　お尻責めてる想定なの！？%K%P
確かにお姉ちゃんのお尻ってムチムチしてて\n気持ちよさそうだけど――じゃないってば！！%K%P
確かにお姉ちゃんのお尻ってムチムチしてて\n気持ちよさそうだけど――じゃないってば！！%K%P
盗み聞きなんてしちゃダメ。ダメだってば。%K%P
盗み聞きなんてしちゃダメ。ダメだってば。%K%P
%LC春樹
%LC春樹
「…………」%K%P
「…………」%K%P
で、でも、もうちょっとだけ……。%K%P
で、でも、もうちょっとだけ……。%K%P
%LC千鶴
%LC千鶴
『あっ……！　ああんっ……！\n　指激しっ、んんっ、んはぁっ……！！』%K%P
『あっ……！　ああんっ……！\n　指激しっ、んんっ、んはぁっ……！！』%K%P
お姉ちゃんの声がどんどん大きくなっていく。\nはぁはぁ、こ、こんな声聞いたことないよ……！%K%P
お姉ちゃんの声がどんどん大きくなっていく。\nはぁはぁ、こ、こんな声聞いたことないよ……！%K%P
%LC千鶴
%LC千鶴
『ダメ、あああっ、イ、イくっ……！\n　お姉ちゃん、あぁ、イっちゃうよ、春樹ぃ……！！』%K%P
『ダメ、あああっ、イ、イくっ……！\n　お姉ちゃん、あぁ、イっちゃうよ、春樹ぃ……！！』%K%P
%LC春樹
%LC春樹
「はぁはぁ……！」%K%P
「はぁはぁ……！」%K%P
おちんちんがパンパンになってしまう。\n思いっきり扉へ耳を押しつけてしまって。%K%P
おちんちんがパンパンになってしまう。\n思いっきり扉へ耳を押しつけてしまって。%K%P
お姉ちゃんの激しい息づかいがえっちい。\nこんなにも、ひいひい喘いで……！%K%P
お姉ちゃんの激しい息づかいがえっちい。\nこんなにも、ひいひい喘いで……！%K%P
%LC千鶴
%LC千鶴
『んぁっ、ああっ、あっ、あっ、あっ、あっ、あっ！！\n　イくっ、イくイくっ、んんんっ、イっっ――』%K%P
『んぁっ、ああっ、あっ、あっ、あっ、あっ、あっ！！\n　イくっ、イくイくっ、んんんっ、イっっ――』%K%P
〜〜っっ！！　え、えっち過ぎ――%K%P
〜〜っっ！！　え、えっち過ぎ――%K%P
%LC春樹
%LC春樹
「へっ――？」%K%P
「へっ――？」%K%P
体重を預けすぎたのか、\n扉が開いてしまって浮遊感に包まれる。%K%P
体重を預けすぎたのか、\n扉が開いてしまって浮遊感に包まれる。%K%P
そして、次の瞬間――%K%P
そして、次の瞬間――%K%P
%LC春樹
%LC春樹
「あぶっ！？」%K%P
「あぶっ！？」%K%P
%LC千鶴
%LC千鶴
「えっ――……？　〜〜っっ！！？」%K%P
「えっ――……？　〜〜っっ！！？」%K%P
部屋の中へバタリと倒れてしまう。\nすると、お姉ちゃんの声にならない悲鳴が聞こえてきた。%K%P
部屋の中へバタリと倒れてしまう。\nすると、お姉ちゃんの声にならない悲鳴が聞こえてきた。%K%P
%LC千鶴
%LC千鶴
「どどど、どうして春樹がっ……！！？\n　学園行ったんじゃっ……！！」%K%P
「どどど、どうして春樹がっ……！！？\n　学園行ったんじゃっ……！！」%K%P
お姉ちゃんがバサっと首まで布団を被って、\n恥ずかしそうに僕を見てくる。%K%P
お姉ちゃんがバサっと首まで布団を被って、\n恥ずかしそうに僕を見てくる。%K%P
%LC千鶴
%LC千鶴
「……も、もしかして聞いてたの？\n　扉の外で、ずっと……」%K%P
「……も、もしかして聞いてたの？\n　扉の外で、ずっと……」%K%P
%LC春樹
%LC春樹
「それは、えと……！　そのっ……！！」%K%P
「それは、えと……！　そのっ……！！」%K%P
%LC千鶴
%LC千鶴
「ズボン……テント張ってる……」%K%P
「ズボン……テント張ってる……」%K%P
%LC春樹
%LC春樹
「〜〜っっ！！」%K%P
「〜〜っっ！！」%K%P
指摘されて、慌てて股間を隠す。\nけれど、時既に遅しだ。%K%P
指摘されて、慌てて股間を隠す。\nけれど、時既に遅しだ。%K%P
%LC千鶴
%LC千鶴
「っっ。へ、変態……！\n　お姉ちゃんので、こ、興奮するなんて……！」%K%P
「っっ。へ、変態……！\n　お姉ちゃんので、こ、興奮するなんて……！」%K%P
%LC春樹
%LC春樹
「おおお、お姉ちゃんこそ……！\n　僕をオカズにしてたじゃないっ……！」%K%P
「おおお、お姉ちゃんこそ……！\n　僕をオカズにしてたじゃないっ……！」%K%P
%LC千鶴
%LC千鶴
「〜〜っっ！　ち、違うっ……！\n　春樹と同じ名前の別人だってばっ……！！」%K%P
「〜〜っっ！　ち、違うっ……！\n　春樹と同じ名前の別人だってばっ……！！」%K%P
%LC千鶴
%LC千鶴
「というかいつから聞いてたのっ？\n　いつから気づいてたのっ？　今までも聞いてたのっ？」%K%P
「というかいつから聞いてたのっ？\n　いつから気づいてたのっ？　今までも聞いてたのっ？」%K%P
%LC春樹
%LC春樹
「い、今までって……。今日だけじゃないんだ……」%K%P
「い、今までって……。今日だけじゃないんだ……」%K%P
%LC千鶴
%LC千鶴
「っっ！？　し、してないっ……！\n　今日だけだってば……！！」%K%P
「っっ！？　し、してないっ……！\n　今日だけだってば……！！」%K%P
誤魔化そうとするけど、\nお姉ちゃんの顔は真っ赤だった。%K%P
誤魔化そうとするけど、\nお姉ちゃんの顔は真っ赤だった。%K%P
もしかして……僕が登校した後、\n毎日オナニーしてた、とか？%K%P
もしかして……僕が登校した後、\n毎日オナニーしてた、とか？%K%P
%LC千鶴
%LC千鶴
「とにかく出てってよっ……！\n　そもそもなんで帰ってきてんのさっ！」%K%P
「とにかく出てってよっ……！\n　そもそもなんで帰ってきてんのさっ！」%K%P
%LC春樹
%LC春樹
「お姉ちゃんと話をしようと思って……！」%K%P
「お姉ちゃんと話をしようと思って……！」%K%P
%LC千鶴
%LC千鶴
「話っ？　昨日のことなら忘れてよっ……！\n　酔った勢いで言っちゃっただけで――……」%K%P
「話っ？　昨日のことなら忘れてよっ……！\n　酔った勢いで言っちゃっただけで――……」%K%P
と口走ったところで、お姉ちゃんが\n「しまった」という顔をする。%K%P
と口走ったところで、お姉ちゃんが\n「しまった」という顔をする。%K%P
%LC春樹
%LC春樹
「やっぱり、覚えてたんだ？」%K%P
「やっぱり、覚えてたんだ？」%K%P
%LC千鶴
%LC千鶴
「うっ……」%K%P
「うっ……」%K%P
%LC春樹
%LC春樹
「どうして忘れたふりしてたの？\n　……って言わなくてもわかるけどさ」%K%P
「どうして忘れたふりしてたの？\n　……って言わなくてもわかるけどさ」%K%P
%LC千鶴
%LC千鶴
「わかるって……何がわかるのさ」%K%P
「わかるって……何がわかるのさ」%K%P
%LC千鶴
%LC千鶴
「春樹にはわかんないよ。\n　弟にガチ恋しちゃってる姉の気持ちなんて……」%K%P
「春樹にはわかんないよ。\n　弟にガチ恋しちゃってる姉の気持ちなんて……」%K%P
%LC千鶴
%LC千鶴
「ああもう……どうして言っちゃったんだろ。\n　今までずーっと隠してきたのに……」%K%P
「ああもう……どうして言っちゃったんだろ。\n　今までずーっと隠してきたのに……」%K%P
%LC春樹
%LC春樹
「酔っ払うからじゃない。\n　お酒はほどほどにってあれほど言ってるのにさ」%K%P
「酔っ払うからじゃない。\n　お酒はほどほどにってあれほど言ってるのにさ」%K%P
%LC千鶴
%LC千鶴
「は、春樹があたしのこと好きとか言うからじゃん。\n　……そういう意味じゃないってわかってても、\n　酔った時に言われたら考えらんないよ……」%K%P
「は、春樹があたしのこと好きとか言うからじゃん。\n　……そういう意味じゃないってわかってても、\n　酔った時に言われたら考えらんないよ……」%K%P
観念したように、お姉ちゃんがポツポツと話し始める。%K%P
観念したように、お姉ちゃんがポツポツと話し始める。%K%P
%LC千鶴
%LC千鶴
「気持ち悪いお姉ちゃんでごめんね……。\n　でもホント、気にしなくていいから……」%K%P
「気持ち悪いお姉ちゃんでごめんね……。\n　でもホント、気にしなくていいから……」%K%P
%LC千鶴
%LC千鶴
「春樹が清佳ちゃんのこと好きなのも知ってるし……。\n　そもそも弟と付き合えるわけないのもわかってるし……」%K%P
「春樹が清佳ちゃんのこと好きなのも知ってるし……。\n　そもそも弟と付き合えるわけないのもわかってるし……」%K%P
自嘲するように呟くと、\nお姉ちゃんは大きく息を吐いて肩を竦めた。%K%P
自嘲するように呟くと、\nお姉ちゃんは大きく息を吐いて肩を竦めた。%K%P
%LC千鶴
%LC千鶴
「大方これからギクシャクし続けるのが嫌で\n　話に来てくれたんでしょ？　なら全部話すよ」%K%P
「大方これからギクシャクし続けるのが嫌で\n　話に来てくれたんでしょ？　なら全部話すよ」%K%P
%LC千鶴
%LC千鶴
「あたしは春樹が好き。弟が好き。弟をオカズに\n　毎日オナニーしちゃう変態」%K%P
「あたしは春樹が好き。弟が好き。弟をオカズに\n　毎日オナニーしちゃう変態」%K%P
%LC千鶴
%LC千鶴
「春樹を女装させてたのも男として意識しないため。\n　清佳ちゃんの恋を応援してたのも恋を諦めるため」%K%P
「春樹を女装させてたのも男として意識しないため。\n　清佳ちゃんの恋を応援してたのも恋を諦めるため」%K%P
%LC千鶴
%LC千鶴
「ま……女として意識されたくて裸見せたりしてたけど。\n　寝てる春樹にこっそりキスしたこともあるよ。何回も」%K%P
「ま……女として意識されたくて裸見せたりしてたけど。\n　寝てる春樹にこっそりキスしたこともあるよ。何回も」%K%P
%LC千鶴
%LC千鶴
「これで全部だよ。あたしの秘密は全部言った」%K%P
「これで全部だよ。あたしの秘密は全部言った」%K%P
%LC千鶴
%LC千鶴
「あーなんか、めっちゃスッキリしたよ。\n　やっぱ打ち明けると違うね〜。生まれ変わった気分」%K%P
「あーなんか、めっちゃスッキリしたよ。\n　やっぱ打ち明けると違うね〜。生まれ変わった気分」%K%P
%LC春樹
%LC春樹
「お姉ちゃん……」%K%P
「お姉ちゃん……」%K%P
%LC千鶴
%LC千鶴
「さ。そういうことだから行って。\n　遅刻しちゃうよ？」%K%P
「さ。そういうことだから行って。\n　遅刻しちゃうよ？」%K%P
%LC千鶴
%LC千鶴
「あたしはさっきの春樹の勃起思い出しながら、\n　オナニーの続きでもするからさ。ほら行ってよ。\n　イく寸前で止められてムラムラしちゃってんの」%K%P
「あたしはさっきの春樹の勃起思い出しながら、\n　オナニーの続きでもするからさ。ほら行ってよ。\n　イく寸前で止められてムラムラしちゃってんの」%K%P
そう言ってお姉ちゃんが\n僕を部屋から追い出そうとしてくる。%K%P
そう言ってお姉ちゃんが\n僕を部屋から追い出そうとしてくる。%K%P
だけど僕は動けなかった。%K%P
だけど僕は動けなかった。%K%P
%LC千鶴
%LC千鶴
「……もう。春樹はイチイチ気にしすぎだよ。\n　あたしは今ので踏ん切りついたからさ」%K%P
「……もう。春樹はイチイチ気にしすぎだよ。\n　あたしは今ので踏ん切りついたからさ」%K%P
%LC千鶴
%LC千鶴
「約束する。今までと何も変わらず接するって。\n　だから春樹も……そうして欲しいな？」%K%P
「約束する。今までと何も変わらず接するって。\n　だから春樹も……そうして欲しいな？」%K%P
%LC千鶴
%LC千鶴
「正直、嬉しいよ？　春樹があたしのことで\n　悩んでくれて。それだけ大切に想ってくれてて……」%K%P
「正直、嬉しいよ？　春樹があたしのことで\n　悩んでくれて。それだけ大切に想ってくれてて……」%K%P
%LC春樹
%LC春樹
「……お姉ちゃん」%K%P
「……お姉ちゃん」%K%P
%LC千鶴
%LC千鶴
「あたしは、その気持ちだけで十分だよ。十分だからさ」%K%P
「あたしは、その気持ちだけで十分だよ。十分だからさ」%K%P
%LC千鶴
%LC千鶴
「春樹もはっきり言ってくれていいよ？\n　思ってるコト、そのまま伝えてくれていいから」%K%P
「春樹もはっきり言ってくれていいよ？\n　思ってるコト、そのまま伝えてくれていいから」%K%P
%LC千鶴
%LC千鶴
「気持ち悪いなら気持ち悪いって言って？\n　あたしを傷つけるとか、考えなくていいから」%K%P
「気持ち悪いなら気持ち悪いって言って？\n　あたしを傷つけるとか、考えなくていいから」%K%P
%LC千鶴
%LC千鶴
「むしろ……ちゃんと振って欲しいかも。\n　その方がお互いのためになるじゃん」%K%P
「むしろ……ちゃんと振って欲しいかも。\n　その方がお互いのためになるじゃん」%K%P
あやすような口調でお姉ちゃんが告げてくる。\nだけど、それでも僕は返答に窮してしまった。%K%P
あやすような口調でお姉ちゃんが告げてくる。\nだけど、それでも僕は返答に窮してしまった。%K%P
いざお姉ちゃんに気持ちを告げられると、\n身体中が熱くなって、心臓がドキドキして。%K%P
いざお姉ちゃんに気持ちを告げられると、\n身体中が熱くなって、心臓がドキドキして。%K%P
%LC春樹
%LC春樹
「わからないんだ……」%K%P
「わからないんだ……」%K%P
%LC千鶴
%LC千鶴
「え？」%K%P
「え？」%K%P
%LC春樹
%LC春樹
「自分の気持ちが全然わからない。\n　お姉ちゃんは、僕のお姉ちゃんで、大事な人で……」%K%P
「自分の気持ちが全然わからない。\n　お姉ちゃんは、僕のお姉ちゃんで、大事な人で……」%K%P
%LC千鶴
%LC千鶴
「春樹……」%K%P
「春樹……」%K%P
%LC春樹
%LC春樹
「どうだっていい人なら僕だって悩まなかった。\n　たとえ告白されても、好きだって言われても――」%K%P
「どうだっていい人なら僕だって悩まなかった。\n　たとえ告白されても、好きだって言われても――」%K%P
――だけど、この気持ちはなんだ？%K%P
――だけど、この気持ちはなんだ？%K%P
振りたくない。僕はそう思ってしまってる。%K%P
振りたくない。僕はそう思ってしまってる。%K%P
%LC春樹
%LC春樹
「お姉ちゃんの告白が心の底から嬉しい……。\n　すっごく嬉しいんだ……！」%K%P
「お姉ちゃんの告白が心の底から嬉しい……。\n　すっごく嬉しいんだ……！」%K%P
%LC千鶴
%LC千鶴
「っっ。そ、そんなこと言われても……。\n　清佳ちゃんのコト好きなんでしょ？」%K%P
「っっ。そ、そんなこと言われても……。\n　清佳ちゃんのコト好きなんでしょ？」%K%P
%LC春樹
%LC春樹
「そうだけど……！　そうなんだけど……！\n　だけど、っっ、だけど……！！」%K%P
「そうだけど……！　そうなんだけど……！\n　だけど、っっ、だけど……！！」%K%P
昨夜は一睡もできなかった。\nお姉ちゃんの告白、キスを、一晩中思い出していた。%K%P
昨夜は一睡もできなかった。\nお姉ちゃんの告白、キスを、一晩中思い出していた。%K%P
清佳ちゃんとのデート中もお姉ちゃんのことばかり\n考えてしまっていた。%K%P
清佳ちゃんとのデート中もお姉ちゃんのことばかり\n考えてしまっていた。%K%P
今日だってずっとそうだ。\nだからこそ僕はここへ来て――%K%P
今日だってずっとそうだ。\nだからこそ僕はここへ来て――%K%P
%LC春樹
%LC春樹
「僕も……好き……なのかも」%K%P
「僕も……好き……なのかも」%K%P
%LC千鶴
%LC千鶴
「え…………」%K%P
「え…………」%K%P
口にした瞬間、モヤモヤしていた感情が\n確固とした形を得たように思えた。%K%P
口にした瞬間、モヤモヤしていた感情が\n確固とした形を得たように思えた。%K%P
そうだ……。好きなんだ……。%K%P
そうだ……。好きなんだ……。%K%P
僕もお姉ちゃんのことが。%K%P
僕もお姉ちゃんのことが。%K%P
ずっと姉として見ていたから気づいていなかっただけで。\nいけないと思っていたから無意識に蓋をしていただけで。%K%P
ずっと姉として見ていたから気づいていなかっただけで。\nいけないと思っていたから無意識に蓋をしていただけで。%K%P
%LC春樹
%LC春樹
「好き……。僕もお姉ちゃんが好きだ。\n　一人の女性として好きなんだ」%K%P
「好き……。僕もお姉ちゃんが好きだ。\n　一人の女性として好きなんだ」%K%P
確かめるように何度も口にする。\nその度に全身に熱がこもっていく。%K%P
確かめるように何度も口にする。\nその度に全身に熱がこもっていく。%K%P
%LC千鶴
%LC千鶴
「っっ。バカ言わないで……！\n　あたしはそんな言葉を聞きたくて言ったわけじゃ……！」%K%P
「っっ。バカ言わないで……！\n　あたしはそんな言葉を聞きたくて言ったわけじゃ……！」%K%P
%LC千鶴
%LC千鶴
「振ってよっ……！　振って欲しくて言ったのに……！\n　どうして好きとか言っちゃうのさ……！！」%K%P
「振ってよっ……！　振って欲しくて言ったのに……！\n　どうして好きとか言っちゃうのさ……！！」%K%P
%LC春樹
%LC春樹
「でも、これが僕のホントの気持ちなんだ」%K%P
「でも、これが僕のホントの気持ちなんだ」%K%P
%LC千鶴
%LC千鶴
「清佳ちゃんは？　付き合いたいのは、\n　清佳ちゃんなんでしょっ……！」%K%P
「清佳ちゃんは？　付き合いたいのは、\n　清佳ちゃんなんでしょっ……！」%K%P
%LC春樹
%LC春樹
「それは――……」%K%P
「それは――……」%K%P
わからない。\n同じくらい好きなのかもしれない。%K%P
わからない。\n同じくらい好きなのかもしれない。%K%P
いいや。もしかすると、清佳ちゃんよりも――%K%P
いいや。もしかすると、清佳ちゃんよりも――%K%P
%LC千鶴
%LC千鶴
「清佳ちゃんの方が……好きなんだよね？\n　そう言って？　それだけでいいから……」%K%P
「清佳ちゃんの方が……好きなんだよね？\n　そう言って？　それだけでいいから……」%K%P
%LC春樹
%LC春樹
「…………」%K%P
「…………」%K%P
%LC千鶴
%LC千鶴
「黙ってないで言って……？　早く言って……？\n　じゃないと、あたし……あたし――」%K%P
「黙ってないで言って……？　早く言って……？\n　じゃないと、あたし……あたし――」%K%P
お姉ちゃんが目の前へやってくる。\n頬を赤くして、照れた顔で僕を見つめてくれる。%K%P
お姉ちゃんが目の前へやってくる。\n頬を赤くして、照れた顔で僕を見つめてくれる。%K%P
その顔に見とれてしまう。\nお姉ちゃんの顔を異性として見ている自分がいる。%K%P
その顔に見とれてしまう。\nお姉ちゃんの顔を異性として見ている自分がいる。%K%P
%LC千鶴
%LC千鶴
「……振って？　あたしのコト、はっきり振って？\n　清佳ちゃんが好きだって言って……？」%K%P
「……振って？　あたしのコト、はっきり振って？\n　清佳ちゃんが好きだって言って……？」%K%P
%LC千鶴
%LC千鶴
「これ以上あたしに、変な希望持たせないでよ……」%K%P
「これ以上あたしに、変な希望持たせないでよ……」%K%P
お姉ちゃんが苦しそうな顔で訴えてくる。\nそんな辛そうな顔を見たくなかった。%K%P
お姉ちゃんが苦しそうな顔で訴えてくる。\nそんな辛そうな顔を見たくなかった。%K%P
だから僕は――%K%P
だから僕は――%K%P
%LC千鶴
%LC千鶴
「んんっ……！？」%K%P
「んんっ……！？」%K%P
お姉ちゃんを抱き寄せてキスをする。\n昨日、お姉ちゃんにしてもらったことと逆のことをする。%K%P
お姉ちゃんを抱き寄せてキスをする。\n昨日、お姉ちゃんにしてもらったことと逆のことをする。%K%P
%LC千鶴
%LC千鶴
「ぷは……はぁ、はぁ、はぁ……は、春樹……？」%K%P
「ぷは……はぁ、はぁ、はぁ……は、春樹……？」%K%P
%LC春樹
%LC春樹
「これが僕の答えだと思う。ううん、答えだ」%K%P
「これが僕の答えだと思う。ううん、答えだ」%K%P
%LC春樹
%LC春樹
「僕はお姉ちゃんのことが好きだ。\n　清佳ちゃんよりも、好きなんだ」%K%P
「僕はお姉ちゃんのことが好きだ。\n　清佳ちゃんよりも、好きなんだ」%K%P
お姉ちゃんの目を真っ直ぐ見て伝える。\n自分の気持ちをはっきりと。%K%P
お姉ちゃんの目を真っ直ぐ見て伝える。\n自分の気持ちをはっきりと。%K%P
するとお姉ちゃんは目尻に涙を溢れさせて――%K%P
するとお姉ちゃんは目尻に涙を溢れさせて――%K%P
%LC千鶴
%LC千鶴
「バカぁ……。なんでそうなるんだよぉ……」%K%P
「バカぁ……。なんでそうなるんだよぉ……」%K%P
%LC千鶴
%LC千鶴
「姉と弟なんだよ？　許されるわけないじゃん。\n　だから、あたしはずっと言わずにいたのに……！」%K%P
「姉と弟なんだよ？　許されるわけないじゃん。\n　だから、あたしはずっと言わずにいたのに……！」%K%P
%LC春樹
%LC春樹
「でも、本当にそう思ったんだよ。\n　だから自然と身体も、口も動いたんだ」%K%P
「でも、本当にそう思ったんだよ。\n　だから自然と身体も、口も動いたんだ」%K%P
清佳ちゃんはよく言っていた。\n言葉に詰まるようなことは口にするべきじゃない。と。%K%P
清佳ちゃんはよく言っていた。\n言葉に詰まるようなことは口にするべきじゃない。と。%K%P
それは無理をして紡いだ言葉だから。\n自分の心に嘘をついて、形にした言葉だから。と。%K%P
それは無理をして紡いだ言葉だから。\n自分の心に嘘をついて、形にした言葉だから。と。%K%P
――けれど僕は今、自然と言葉が溢れてくる。%K%P
――けれど僕は今、自然と言葉が溢れてくる。%K%P
お姉ちゃんに伝えたい想いが、\n心の底から込み上がってくる。%K%P
お姉ちゃんに伝えたい想いが、\n心の底から込み上がってくる。%K%P
%LC春樹
%LC春樹
「お姉ちゃんのことが好きだ。\n　姉とか弟とか関係なく好きなんだ」%K%P
「お姉ちゃんのことが好きだ。\n　姉とか弟とか関係なく好きなんだ」%K%P
%LC千鶴
%LC千鶴
「っっ」%K%P
「っっ」%K%P
%LC春樹
%LC春樹
「きっと……今まで清佳ちゃんに告白できなかったのは\n　ずっとお姉ちゃんのことが気になってたからだよ」%K%P
「きっと……今まで清佳ちゃんに告白できなかったのは\n　ずっとお姉ちゃんのことが気になってたからだよ」%K%P
%LC春樹
%LC春樹
「どこかでお姉ちゃんと付き合いたいって\n　想ってる自分がいたんだ。無意識だったとは思うけど」%K%P
「どこかでお姉ちゃんと付き合いたいって\n　想ってる自分がいたんだ。無意識だったとは思うけど」%K%P
%LC春樹
%LC春樹
「だから……お姉ちゃんさえ良ければ、\n　僕と付き合って欲しい」%K%P
「だから……お姉ちゃんさえ良ければ、\n　僕と付き合って欲しい」%K%P
%LC春樹
%LC春樹
「僕の恋人に……なって欲しい」%K%P
「僕の恋人に……なって欲しい」%K%P
%LC千鶴
%LC千鶴
「こ、恋人にって……」%K%P
「こ、恋人にって……」%K%P
お姉ちゃんがイチゴのように顔を赤くして、\n恥ずかしそうに視線を右往左往させる。%K%P
お姉ちゃんがイチゴのように顔を赤くして、\n恥ずかしそうに視線を右往左往させる。%K%P
%LC千鶴
%LC千鶴
「春樹は……いつも唐突で、勝手過ぎるよ……」%K%P
「春樹は……いつも唐突で、勝手過ぎるよ……」%K%P
%LC千鶴
%LC千鶴
「あの日も、なんも説明しないであたしを\n　引っ張って行って。勝手にあたしのドレス着て……」%K%P
「あの日も、なんも説明しないであたしを\n　引っ張って行って。勝手にあたしのドレス着て……」%K%P
%LC千鶴
%LC千鶴
「今日だっていきなり部屋に来て。\n　好きだとか、付き合ってほしいとか、ほざきだして――」%K%P
「今日だっていきなり部屋に来て。\n　好きだとか、付き合ってほしいとか、ほざきだして――」%K%P
不意にお姉ちゃんの顔が近づいてくる。%K%P
不意にお姉ちゃんの顔が近づいてくる。%K%P
%LC千鶴
%LC千鶴
「んっ……！　ちゅっ……！　んふ、んちゅっ……！」%K%P
「んっ……！　ちゅっ……！　んふ、んちゅっ……！」%K%P
次の瞬間にはお姉ちゃんと僕の距離はゼロになっていた。%K%P
次の瞬間にはお姉ちゃんと僕の距離はゼロになっていた。%K%P
唇どころか歯までぶつかりあうほど勢いよく、\nお姉ちゃんが唇を重ねてきてくれる。%K%P
唇どころか歯までぶつかりあうほど勢いよく、\nお姉ちゃんが唇を重ねてきてくれる。%K%P
%LC千鶴
%LC千鶴
「ぷは、はぁ、はぁ……！\n　好き……あたしも好き……！」%K%P
「ぷは、はぁ、はぁ……！\n　好き……あたしも好き……！」%K%P
%LC千鶴
%LC千鶴
「付き合いたい……！　彼女にして欲しい……！」%K%P
「付き合いたい……！　彼女にして欲しい……！」%K%P
%LC千鶴
%LC千鶴
「一緒に……幸せになりたい」%K%P
「一緒に……幸せになりたい」%K%P
お姉ちゃんが真っ直ぐ僕を見て、伝えてきてくれる。%K%P
お姉ちゃんが真っ直ぐ僕を見て、伝えてきてくれる。%K%P
返事はもう要らなかった。\nそれよりも先に二人揃って身体が動いた。%K%P
返事はもう要らなかった。\nそれよりも先に二人揃って身体が動いた。%K%P
%LC千鶴
%LC千鶴
「ん……ちゅ……んちゅ……ちゅ……」%K%P
「ん……ちゅ……んちゅ……ちゅ……」%K%P
ぎゅっと抱きしめ合いながらキスを交わし合う。\n大好きな人に、言葉にできない気持ちを伝え合う。%K%P
ぎゅっと抱きしめ合いながらキスを交わし合う。\n大好きな人に、言葉にできない気持ちを伝え合う。%K%P
%LC千鶴
%LC千鶴
「本当に……いいんだよね？　後悔、しない？」%K%P
「本当に……いいんだよね？　後悔、しない？」%K%P
%LC春樹
%LC春樹
「うん。絶対しない。\n　僕もお姉ちゃんと一緒に幸せになりたい」%K%P
「うん。絶対しない。\n　僕もお姉ちゃんと一緒に幸せになりたい」%K%P
%LC千鶴
%LC千鶴
「えへへ……ちゅっ、ん……嬉しい……」%K%P
「えへへ……ちゅっ、ん……嬉しい……」%K%P
%LC千鶴
%LC千鶴
「絶対無理だと思ってたから……。\n　諦めるしかないと思ってたから……」%K%P
「絶対無理だと思ってたから……。\n　諦めるしかないと思ってたから……」%K%P
%LC千鶴
%LC千鶴
「酔っ払って良かったかも……えへへ。\n　じゃなかったら付き合えてないと思うし」%K%P
「酔っ払って良かったかも……えへへ。\n　じゃなかったら付き合えてないと思うし」%K%P
%LC春樹
%LC春樹
「お酒はほどほどにして欲しいけどね……」%K%P
「お酒はほどほどにして欲しいけどね……」%K%P
やっと、いつもの僕らに戻れた気がする。%K%P
やっと、いつもの僕らに戻れた気がする。%K%P
いいや――それよりも先の関係になれたんだ。%K%P
いいや――それよりも先の関係になれたんだ。%K%P
%LC千鶴
%LC千鶴
「もっとキスしていい……？\n　舌とか挿れたい……」%K%P
「もっとキスしていい……？\n　舌とか挿れたい……」%K%P
%LC春樹
%LC春樹
「えっ？　い、いいけど……」%K%P
「えっ？　い、いいけど……」%K%P
%LC千鶴
%LC千鶴
「えへへ……。んっ……ちゅっ、\n　れろろぉ……ぺろろぉ……」%K%P
「えへへ……。んっ……ちゅっ、\n　れろろぉ……ぺろろぉ……」%K%P
お姉ちゃんが僕の口にしゃぶりつきながら、\nやらしく舌を絡ませてくる。%K%P
お姉ちゃんが僕の口にしゃぶりつきながら、\nやらしく舌を絡ませてくる。%K%P
蕩けるような熱さが口の中でれろんれろんと動いて、\nんん、気持ちいい……。%K%P
蕩けるような熱さが口の中でれろんれろんと動いて、\nんん、気持ちいい……。%K%P
%LC千鶴
%LC千鶴
「はぁはぁ……。美味しい……。春樹の口ん中……。\n　舌絡ませるの、めちゃ気持ちいいし……。\n　ベロチュー好きだわ、あたし……」%K%P
「はぁはぁ……。美味しい……。春樹の口ん中……。\n　舌絡ませるの、めちゃ気持ちいいし……。\n　ベロチュー好きだわ、あたし……」%K%P
%LC千鶴
%LC千鶴
「ね……。もうさ。隠すのもめんどいし、\n　色々ぶっちゃけて言っちゃっていい……？」%K%P
「ね……。もうさ。隠すのもめんどいし、\n　色々ぶっちゃけて言っちゃっていい……？」%K%P
%LC春樹
%LC春樹
「う、うん……？」%K%P
「う、うん……？」%K%P
%LC千鶴
%LC千鶴
「もっとエロいことしたい……。\n　春樹のチンポ舐めたりとかさ」%K%P
「もっとエロいことしたい……。\n　春樹のチンポ舐めたりとかさ」%K%P
%LC春樹
%LC春樹
「へっ！？　な、舐めたりって――……！？」%K%P
「へっ！？　な、舐めたりって――……！？」%K%P
%LC千鶴
%LC千鶴
「……やっぱダメ？\n　お姉ちゃんとそういうことできない？」%K%P
「……やっぱダメ？\n　お姉ちゃんとそういうことできない？」%K%P
%LC春樹
%LC春樹
「そ、そういうわけじゃないけど……！\n　唐突すぎて……！　が、学園もあるし……！」%K%P
「そ、そういうわけじゃないけど……！\n　唐突すぎて……！　が、学園もあるし……！」%K%P
%LC千鶴
%LC千鶴
「サボっちゃいなよ。それとも……\n　お姉ちゃんとのエッチよりガッコの方がいいの？」%K%P
「サボっちゃいなよ。それとも……\n　お姉ちゃんとのエッチよりガッコの方がいいの？」%K%P
%LC春樹
%LC春樹
「そ、それは……」%K%P
「そ、それは……」%K%P
%LC千鶴
%LC千鶴
「……今あたし、えげつないほど興奮しちゃってんの。\n　長年の恋が叶って……。諦めてた夢が叶って……」%K%P
「……今あたし、えげつないほど興奮しちゃってんの。\n　長年の恋が叶って……。諦めてた夢が叶って……」%K%P
%LC千鶴
%LC千鶴
「ついさっきまでオナニーもしてたし……。\n　それもイく寸前で邪魔されちゃったし……」%K%P
「ついさっきまでオナニーもしてたし……。\n　それもイく寸前で邪魔されちゃったし……」%K%P
熱っぽい瞳でお姉ちゃんが見つめてくる。%K%P
熱っぽい瞳でお姉ちゃんが見つめてくる。%K%P
%LC千鶴
%LC千鶴
「恥ずかしいなら、座ってるだけでもいいからさ……。\n　エロいことさせて……？　エロいこと……したい」%K%P
「恥ずかしいなら、座ってるだけでもいいからさ……。\n　エロいことさせて……？　エロいこと……したい」%K%P
%LC千鶴
%LC千鶴
「大好きな恋人と……。\n　妄想の中じゃなくて現実でエロいことしたいんだ……」%K%P
「大好きな恋人と……。\n　妄想の中じゃなくて現実でエロいことしたいんだ……」%K%P
恋人と呼ばれて、否応なしに身体が火照る。\nいいや、その前から十分に火照ってる。%K%P
恋人と呼ばれて、否応なしに身体が火照る。\nいいや、その前から十分に火照ってる。%K%P
%LC春樹
%LC春樹
「な、なら、その。お願いがあるんだけど……」%K%P
「な、なら、その。お願いがあるんだけど……」%K%P
%LC千鶴
%LC千鶴
「……うん？」%K%P
「……うん？」%K%P
お願い事を口にすると、\nお姉ちゃんは二つ返事で頷いてくれた。%K%P
お願い事を口にすると、\nお姉ちゃんは二つ返事で頷いてくれた。%K%P
%LC千鶴
%LC千鶴
「ふふ、春樹も男の子だね〜」%K%P
「ふふ、春樹も男の子だね〜」%K%P
%LC春樹
%LC春樹
「っっ。だって……」%K%P
「っっ。だって……」%K%P
%LC千鶴
%LC千鶴
「いいって。……むしろ、嬉しい。あたしのこと\n　エロい目で見てもらえてるんだってわかってさ」%K%P
「いいって。……むしろ、嬉しい。あたしのこと\n　エロい目で見てもらえてるんだってわかってさ」%K%P
%LC千鶴
%LC千鶴
「じゃあ……しよ？\n　お姉ちゃんと、エロいことしよ？」%K%P
「じゃあ……しよ？\n　お姉ちゃんと、エロいことしよ？」%K%P
%LC春樹
%LC春樹
「う、うん」%K%P
「う、うん」%K%P
二人してちょっぴり照れながらベッドへ倒れ込む。%K%P
二人してちょっぴり照れながらベッドへ倒れ込む。%K%P
そして、お互いにそれぞれのズボンをパンツごと\nゆっくりと下ろしていって――%K%P
そして、お互いにそれぞれのズボンをパンツごと\nゆっくりと下ろしていって――%K%P
