%LC千鶴
%LC千鶴
「んはぁむ……ん、ちゅ……れろぉ、れろろぉ……」%K%P
「んはぁむ……ん、ちゅ……れろぉ、れろろぉ……」%K%P
%LC千鶴
%LC千鶴
「もっと、んふ、ベロ絡ませてきて……？\n　ぺろろぉ、れろ……んれろろぉ……」%K%P
「もっと、んふ、ベロ絡ませてきて……？\n　ぺろろぉ、れろ……んれろろぉ……」%K%P
%LC春樹
%LC春樹
「うん……れろ……ぺろろぉ……」%K%P
「うん……れろ……ぺろろぉ……」%K%P
もはや我慢する必要もないとばかりに、\n千鶴が前のめりになって僕の唇を奪ってくる。%K%P
もはや我慢する必要もないとばかりに、\n千鶴が前のめりになって僕の唇を奪ってくる。%K%P
こっそりキスしていた時とは違う、\nまるで僕を食べようとしているかのような激しいキス。%K%P
こっそりキスしていた時とは違う、\nまるで僕を食べようとしているかのような激しいキス。%K%P
千鶴の口腔は熱い涎でトロトロになっていて、\nその火照り具合が彼女の発情っぷりを如実に表していた。%K%P
千鶴の口腔は熱い涎でトロトロになっていて、\nその火照り具合が彼女の発情っぷりを如実に表していた。%K%P
%LC千鶴
%LC千鶴
「んちゅぅっ……好き、れろろぉ、好きぃ……」%K%P
「んちゅぅっ……好き、れろろぉ、好きぃ……」%K%P
%LC千鶴
%LC千鶴
「もっと、んはぁむ、んちゅぅ……イチャイチャしよ？\n　大好きな人と……れろろぉ、乱れまくりたい……」%K%P
「もっと、んはぁむ、んちゅぅ……イチャイチャしよ？\n　大好きな人と……れろろぉ、乱れまくりたい……」%K%P
%LC春樹
%LC春樹
「んちゅ、ん……はぁはぁ、相変わらずスケベなんだから」%K%P
「んちゅ、ん……はぁはぁ、相変わらずスケベなんだから」%K%P
%LC千鶴
%LC千鶴
「んっ、んふぅんっ……！！」%K%P
「んっ、んふぅんっ……！！」%K%P
ねだるように舌先を伸ばしてくる千鶴に応えながら、\nその豊満な乳房を揉み回していく。%K%P
ねだるように舌先を伸ばしてくる千鶴に応えながら、\nその豊満な乳房を揉み回していく。%K%P
すっごく柔らかい……。とってもフワフワだ……。%K%P
すっごく柔らかい……。とってもフワフワだ……。%K%P
少し力を入れるだけで指先がむにゅっと沈んでいって\nエロい乳肉が指の間からはみ出してくる。%K%P
少し力を入れるだけで指先がむにゅっと沈んでいって\nエロい乳肉が指の間からはみ出してくる。%K%P
まるで手の平全体がおっぱいに呑み込まれていくような\n心地がして――視覚的にも手触り的にも気持ちいい。%K%P
まるで手の平全体がおっぱいに呑み込まれていくような\n心地がして――視覚的にも手触り的にも気持ちいい。%K%P
%LC千鶴
%LC千鶴
「はぁん……！　あ、はぁ……！\n　たくさん揉んでいいよ……？　たくさん揉んで……？」%K%P
「はぁん……！　あ、はぁ……！\n　たくさん揉んでいいよ……？　たくさん揉んで……？」%K%P
%LC千鶴
%LC千鶴
「あたしのおっぱい、はぁはぁ……。\n　めちゃくちゃにして欲しい……」%K%P
「あたしのおっぱい、はぁはぁ……。\n　めちゃくちゃにして欲しい……」%K%P
甘えるように囁いてきながら、\n千鶴がおっぱいを押しつけてくる。%K%P
甘えるように囁いてきながら、\n千鶴がおっぱいを押しつけてくる。%K%P
可愛いな……。普段はだらしないのに、\nエッチの時になると途端に甘えん坊になっちゃって。%K%P
可愛いな……。普段はだらしないのに、\nエッチの時になると途端に甘えん坊になっちゃって。%K%P
%LC千鶴
%LC千鶴
「んふぅん……！　んはぁ、あぁん……！\n　ちゅぁ……ん、んふ、れろろ、れろぉ……！」%K%P
「んふぅん……！　んはぁ、あぁん……！\n　ちゅぁ……ん、んふ、れろろ、れろぉ……！」%K%P
%LC千鶴
%LC千鶴
「きもちいい、んんっ……！　れろろぉ、ぺろぉ……！」%K%P
「きもちいい、んんっ……！　れろろぉ、ぺろぉ……！」%K%P
ビクリビクリと快感に震えながらも、\nうっとりとベロを絡ませてくる千鶴。%K%P
ビクリビクリと快感に震えながらも、\nうっとりとベロを絡ませてくる千鶴。%K%P
僕もめちゃくちゃ気持ちいい……。\n永遠にこうしていたいくらい。%K%P
僕もめちゃくちゃ気持ちいい……。\n永遠にこうしていたいくらい。%K%P
%LC千鶴
%LC千鶴
「ぷはぁ……はぁはぁ。えへへ、チンポ、\n　ビクビクさせてくれてる……」%K%P
「ぷはぁ……はぁはぁ。えへへ、チンポ、\n　ビクビクさせてくれてる……」%K%P
%LC千鶴
%LC千鶴
「興奮、はぁはぁ、してくれてるんだ？\n　あたしとベロチューして……、おっぱい揉んで……」%K%P
「興奮、はぁはぁ、してくれてるんだ？\n　あたしとベロチューして……、おっぱい揉んで……」%K%P
%LC春樹
%LC春樹
「ずっと興奮しっぱなしだよ……？」%K%P
「ずっと興奮しっぱなしだよ……？」%K%P
%LC千鶴
%LC千鶴
「えへへ、嬉しい……。あたしばっかり積極的だから、\n　迷惑かなって思ったりもしててさ……」%K%P
「えへへ、嬉しい……。あたしばっかり積極的だから、\n　迷惑かなって思ったりもしててさ……」%K%P
%LC春樹
%LC春樹
「迷惑なことなんてないよ。まぁ……所構わずキス\n　されたりすると、色んな意味でドキドキしちゃうけど」%K%P
「迷惑なことなんてないよ。まぁ……所構わずキス\n　されたりすると、色んな意味でドキドキしちゃうけど」%K%P
%LC千鶴
%LC千鶴
「だって……んはぁん。ホントいつでもエッチなこと\n　していたいんだもん……」%K%P
「だって……んはぁん。ホントいつでもエッチなこと\n　していたいんだもん……」%K%P
熱しきられた吐息を漏らしながら、\n興奮した様子で千鶴が僕を見つめてくる。%K%P
熱しきられた吐息を漏らしながら、\n興奮した様子で千鶴が僕を見つめてくる。%K%P
%LC春樹
%LC春樹
「そんなに見られると恥ずかしい……。\n　中途半端に女装しちゃってるし……」%K%P
「そんなに見られると恥ずかしい……。\n　中途半端に女装しちゃってるし……」%K%P
%LC千鶴
%LC千鶴
「いいじゃん。可愛いよ……？\n　ウィッグ付けてなくても似合ってる」%K%P
「いいじゃん。可愛いよ……？\n　ウィッグ付けてなくても似合ってる」%K%P
%LC春樹
%LC春樹
「褒められてる気がしないんだけど……」%K%P
「褒められてる気がしないんだけど……」%K%P
%LC千鶴
%LC千鶴
「褒めてるよ。すっごいスケベ……。\n　変態チックで興奮しちゃう……」%K%P
「褒めてるよ。すっごいスケベ……。\n　変態チックで興奮しちゃう……」%K%P
%LC春樹
%LC春樹
「っっ。ふ、服装で興奮されても……」%K%P
「っっ。ふ、服装で興奮されても……」%K%P
%LC千鶴
%LC千鶴
「む……。服装でとはご挨拶だなぁ。\n　あたしが作った服なのに」%K%P
「む……。服装でとはご挨拶だなぁ。\n　あたしが作った服なのに」%K%P
%LC春樹
%LC春樹
「ふ、服が悪いってわけじゃないよ。\n　それを言ったら、その。僕だって……」%K%P
「ふ、服が悪いってわけじゃないよ。\n　それを言ったら、その。僕だって……」%K%P
%LC千鶴
%LC千鶴
「ふぁん……！」%K%P
「ふぁん……！」%K%P
千鶴の水着姿を直視すると、\nつい手に力が入ってしまう。%K%P
千鶴の水着姿を直視すると、\nつい手に力が入ってしまう。%K%P
%LC千鶴
%LC千鶴
「はぁはぁ……。あたしの水着姿エロい……？」%K%P
「はぁはぁ……。あたしの水着姿エロい……？」%K%P
%LC春樹
%LC春樹
「う、うん……」%K%P
「う、うん……」%K%P
%LC千鶴
%LC千鶴
「清佳ちゃんの裸より、興奮する……？」%K%P
「清佳ちゃんの裸より、興奮する……？」%K%P
そう尋ねてくる千鶴に、照れつつも頷き返す。%K%P
そう尋ねてくる千鶴に、照れつつも頷き返す。%K%P
%LC千鶴
%LC千鶴
「えへへ……。なら着てきた甲斐があったかも……。\n　誘惑、ん、大成功してたんだ……？」%K%P
「えへへ……。なら着てきた甲斐があったかも……。\n　誘惑、ん、大成功してたんだ……？」%K%P
%LC春樹
%LC春樹
「し、してたよ……？\n　すごくムラムラさせられちゃってた……」%K%P
「し、してたよ……？\n　すごくムラムラさせられちゃってた……」%K%P
%LC春樹
%LC春樹
「早くこの水着をめくりあげて……はぁはぁ。\n　こんな風におっぱい揉みたいって思っちゃって……」%K%P
「早くこの水着をめくりあげて……はぁはぁ。\n　こんな風におっぱい揉みたいって思っちゃって……」%K%P
%LC千鶴
%LC千鶴
「ふぁあん……！　あ、はぁん……！\n　えへへ、ヤバい、嬉しすぎる……」%K%P
「ふぁあん……！　あ、はぁん……！\n　えへへ、ヤバい、嬉しすぎる……」%K%P
昂ぶりのままにおっぱいを揉む。\n手の平に広がるマシュマロのような柔らかさがえっちい。%K%P
昂ぶりのままにおっぱいを揉む。\n手の平に広がるマシュマロのような柔らかさがえっちい。%K%P
%LC千鶴
%LC千鶴
「遠慮しなくていいからね……？\n　あたしのおっぱい、好きなだけ揉んで……？」%K%P
「遠慮しなくていいからね……？\n　あたしのおっぱい、好きなだけ揉んで……？」%K%P
%LC千鶴
%LC千鶴
「あたしの身体全部、好きにしてくれていいから……。\n　はぁはぁ、むしろ好きにされたい……」%K%P
「あたしの身体全部、好きにしてくれていいから……。\n　はぁはぁ、むしろ好きにされたい……」%K%P
%LC千鶴
%LC千鶴
「あたしと同じくらい積極的に……はぁはぁ。\n　あたしの身体に貪りついて欲しいな……」%K%P
「あたしと同じくらい積極的に……はぁはぁ。\n　あたしの身体に貪りついて欲しいな……」%K%P
%LC春樹
%LC春樹
「ホントにスケベだね？」%K%P
「ホントにスケベだね？」%K%P
%LC千鶴
%LC千鶴
「スケベなのは否定しないけど……。\n　あたしばっかり積極的だと不安になるし……」%K%P
「スケベなのは否定しないけど……。\n　あたしばっかり積極的だと不安になるし……」%K%P
%LC春樹
%LC春樹
「不安？」%K%P
「不安？」%K%P
%LC千鶴
%LC千鶴
「だから、その……。やっぱりあたしと\n　エッチしたくないのかなって思ったりさ……」%K%P
「だから、その……。やっぱりあたしと\n　エッチしたくないのかなって思ったりさ……」%K%P
%LC春樹
%LC春樹
「もう……。変なところでマイナス思考なんだから」%K%P
「もう……。変なところでマイナス思考なんだから」%K%P
%LC千鶴
%LC千鶴
「あぁん……ん、ふぁんっ……！」%K%P
「あぁん……ん、ふぁんっ……！」%K%P
千鶴を安心させるように、\n僕は殊更いやらしく彼女の乳房を揉みしだいていく。%K%P
千鶴を安心させるように、\n僕は殊更いやらしく彼女の乳房を揉みしだいていく。%K%P
%LC春樹
%LC春樹
「僕だって、んはぁん、エッチしたいよ……？\n　いつだって大好きな千鶴とエッチしたいもん」%K%P
「僕だって、んはぁん、エッチしたいよ……？\n　いつだって大好きな千鶴とエッチしたいもん」%K%P
%LC千鶴
%LC千鶴
%XS20「だ、大好きな千鶴――〜〜っっ！！」%XE%K%P
%XS20「だ、大好きな千鶴――〜〜っっ！！」%XE%K%P
%LC春樹
%LC春樹
「おっぱいだって、たくさん揉みたいし……。\n　おまんこ、たくさん突いたりもしたい……」%K%P
「おっぱいだって、たくさん揉みたいし……。\n　おまんこ、たくさん突いたりもしたい……」%K%P
%LC春樹
%LC春樹
「千鶴と、ん、ちゅ……。\n　一日中だってイチャイチャしてたいもん」%K%P
「千鶴と、ん、ちゅ……。\n　一日中だってイチャイチャしてたいもん」%K%P
%LC千鶴
%LC千鶴
%XS20「〜〜っっ！　ぬ、濡れるぅ……！」%XE%K%P
%XS20「〜〜っっ！　ぬ、濡れるぅ……！」%XE%K%P
軽く愛撫をしながら耳元で囁くだけで\n千鶴がブルブルと震える。%K%P
軽く愛撫をしながら耳元で囁くだけで\n千鶴がブルブルと震える。%K%P
竿の半ばに押し当てられた割れ目が熱い。\n触ってもいないのに愛液が溢れ出してる。%K%P
竿の半ばに押し当てられた割れ目が熱い。\n触ってもいないのに愛液が溢れ出してる。%K%P
%LC千鶴
%LC千鶴
「じゃ、じゃあ、挿れていい……？\n　またお姉ちゃんと近親相姦セックスしてくれる……？」%K%P
「じゃ、じゃあ、挿れていい……？\n　またお姉ちゃんと近親相姦セックスしてくれる……？」%K%P
%LC春樹
%LC春樹
「近親相姦セックスって……。\n　確かにそうだけど、わざわざ言わなくても……」%K%P
「近親相姦セックスって……。\n　確かにそうだけど、わざわざ言わなくても……」%K%P
%LC千鶴
%LC千鶴
「だって未だに不安なんだもん……。\n　ふとした時に弟だって思うと……。\n　あたしはいいけど。いっぱいしたいけど……」%K%P
「だって未だに不安なんだもん……。\n　ふとした時に弟だって思うと……。\n　あたしはいいけど。いっぱいしたいけど……」%K%P
%LC春樹
%LC春樹
「もう……千鶴、ううん、お姉ちゃんったら」%K%P
「もう……千鶴、ううん、お姉ちゃんったら」%K%P
僕のことを全然わかってくれてない。%K%P
僕のことを全然わかってくれてない。%K%P
僕からアプローチする暇もないくらい、\nお姉ちゃんが積極的過ぎるだけなんだ。%K%P
僕からアプローチする暇もないくらい、\nお姉ちゃんが積極的過ぎるだけなんだ。%K%P
そうじゃなかったら僕だって――%K%P
そうじゃなかったら僕だって――%K%P
%LC春樹
%LC春樹
「近親相姦なんてどうでもいいくらい、\n　セックスしたいんだから――！！」%K%P
「近親相姦なんてどうでもいいくらい、\n　セックスしたいんだから――！！」%K%P
%LC千鶴
%LC千鶴
「ちょっ――あっ！！　あっ、あぁああんっっ！！」%K%P
「ちょっ――あっ！！　あっ、あぁああんっっ！！」%K%P
千鶴の身体を持ち上げて、\nそのまま僕のおちんちんに腰を落とさせる。%K%P
千鶴の身体を持ち上げて、\nそのまま僕のおちんちんに腰を落とさせる。%K%P
愛液まみれの淫肉におちんちんが\n包み込まれる心地が気持ちいい……！%K%P
愛液まみれの淫肉におちんちんが\n包み込まれる心地が気持ちいい……！%K%P
特にこの体勢だと根元の根元まで沈み込んでいって――%K%P
特にこの体勢だと根元の根元まで沈み込んでいって――%K%P
%LC千鶴
%LC千鶴
「チンポ、はぁはぁ、おっきい……！\n　んはぁ、めちゃくちゃ熱い、ガッチガチ……！」%K%P
「チンポ、はぁはぁ、おっきい……！\n　んはぁ、めちゃくちゃ熱い、ガッチガチ……！」%K%P
%LC春樹
%LC春樹
「それだけ、はぁはぁ、お姉ちゃんとの\n　セックスを楽しみにしてたってことだよ……！」%K%P
「それだけ、はぁはぁ、お姉ちゃんとの\n　セックスを楽しみにしてたってことだよ……！」%K%P
%LC千鶴
%LC千鶴
「〜〜っっ！　嬉しい……！　んはぁ、好き……！\n　んっ、あはぁんっ、好きっ、好きぃっ……！！」%K%P
「〜〜っっ！　嬉しい……！　んはぁ、好き……！\n　んっ、あはぁんっ、好きっ、好きぃっ……！！」%K%P
挿れただけで発情しきってしまったのか、\nお姉ちゃんがまた雌の顔をして腰を揺らしてくる。%K%P
挿れただけで発情しきってしまったのか、\nお姉ちゃんがまた雌の顔をして腰を揺らしてくる。%K%P
トロトロのヌルヌルが絡みついてきて気持ちいい……。\nんはぁ、子宮口がチュッチュしてきて……。%K%P
トロトロのヌルヌルが絡みついてきて気持ちいい……。\nんはぁ、子宮口がチュッチュしてきて……。%K%P
%LC千鶴
%LC千鶴
「いっぱいセックスしよっ？　あっ、はぁんっ、んぁっ、\n　お姉ちゃんとセックスして？」%K%P
「いっぱいセックスしよっ？　あっ、はぁんっ、んぁっ、\n　お姉ちゃんとセックスして？」%K%P
%LC千鶴
%LC千鶴
「繋がっていたいのっ、んぁっ、あっ、はぁん……！\n　大好きな弟と、んぁあんっ、ずっとっ……！」%K%P
「繋がっていたいのっ、んぁっ、あっ、はぁん……！\n　大好きな弟と、んぁあんっ、ずっとっ……！」%K%P
%LC千鶴
%LC千鶴
「今まで我慢してた分、ふぁ、あぁんっ……！\n　たくさん、あっ、あっ、触れ合っていたくて……！」%K%P
「今まで我慢してた分、ふぁ、あぁんっ……！\n　たくさん、あっ、あっ、触れ合っていたくて……！」%K%P
僕とのつながりを確かめるように、\nお姉ちゃんがおちんちんを締め付けてくる。%K%P
僕とのつながりを確かめるように、\nお姉ちゃんがおちんちんを締め付けてくる。%K%P
僕への好意の強さがこれでもかと伝わってきて、\nとても嬉しい。それに、んん、すごく気持ち良くて。%K%P
僕への好意の強さがこれでもかと伝わってきて、\nとても嬉しい。それに、んん、すごく気持ち良くて。%K%P
%LC千鶴
%LC千鶴
「ふぁあんっ、あはぁ、あぁあんっ……！\n　突き上げられるの、あっ、あっ、気持ちいい……！」%K%P
「ふぁあんっ、あはぁ、あぁあんっ……！\n　突き上げられるの、あっ、あっ、気持ちいい……！」%K%P
%LC千鶴
%LC千鶴
「重く、あぁんっ、ないっ？　大丈夫っ？」%K%P
「重く、あぁんっ、ないっ？　大丈夫っ？」%K%P
%LC春樹
%LC春樹
「とっても重いよっ？　だって、はぁはぁ、\n　こんなに大きいものぶら下がってるし……！」%K%P
「とっても重いよっ？　だって、はぁはぁ、\n　こんなに大きいものぶら下がってるし……！」%K%P
%LC千鶴
%LC千鶴
「ふぁっ、ああぁあんっ……！！」%K%P
「ふぁっ、ああぁあんっ……！！」%K%P
お姉ちゃんの体重を持ち上げながら、\n豊満すぎるおっぱいを掬い上げるように揉んでいく。%K%P
お姉ちゃんの体重を持ち上げながら、\n豊満すぎるおっぱいを掬い上げるように揉んでいく。%K%P
この重量感が堪らない……！　まさしく爆乳だ……！\n持ち上げながら揉むと、より弾力が際立って……！%K%P
この重量感が堪らない……！　まさしく爆乳だ……！\n持ち上げながら揉むと、より弾力が際立って……！%K%P
%LC千鶴
%LC千鶴
「お姉ちゃんのおっぱい、気持ちいいっ？\n　揉むと、あっ、んっ、興奮しちゃうかなっ？」%K%P
「お姉ちゃんのおっぱい、気持ちいいっ？\n　揉むと、あっ、んっ、興奮しちゃうかなっ？」%K%P
%LC春樹
%LC春樹
「興奮しまくりだよ……！　当たり前じゃない……！\n　付き合う前から、はぁはぁ、えっちいと思ってたしっ」%K%P
「興奮しまくりだよ……！　当たり前じゃない……！\n　付き合う前から、はぁはぁ、えっちいと思ってたしっ」%K%P
%LC千鶴
%LC千鶴
「それは知ってたっ……！\n　エロい目で見てくれてるの、嬉しくて……！」%K%P
「それは知ってたっ……！\n　エロい目で見てくれてるの、嬉しくて……！」%K%P
%LC千鶴
%LC千鶴
「こんな風に、あぁあんっ、揉みしだかれるの、\n　あっ、はぁ、いっつも妄想しててっ……！」%K%P
「こんな風に、あぁあんっ、揉みしだかれるの、\n　あっ、はぁ、いっつも妄想しててっ……！」%K%P
%LC春樹
%LC春樹
「僕だって妄想したことあったもん……！\n　お姉ちゃんのおっぱい触ってみたいって……！」%K%P
「僕だって妄想したことあったもん……！\n　お姉ちゃんのおっぱい触ってみたいって……！」%K%P
%LC春樹
%LC春樹
「だから今、はぁはぁ、めちゃくちゃ興奮してる……！\n　お姉ちゃんのおっぱい、好きに揉ませてもらって……！」%K%P
「だから今、はぁはぁ、めちゃくちゃ興奮してる……！\n　お姉ちゃんのおっぱい、好きに揉ませてもらって……！」%K%P
%LC千鶴
%LC千鶴
「えへっ、えへへっ……！　じゃあもっと揉んでっ？\n　ギュウギュウ握ったりしてもいいよっ？」%K%P
「えへっ、えへへっ……！　じゃあもっと揉んでっ？\n　ギュウギュウ握ったりしてもいいよっ？」%K%P
%LC千鶴
%LC千鶴
「ううんっ、もっと乱暴に揉んで欲しいっ……！\n　痛いくらい、んはぁ、揉みしだいてっ？」%K%P
「ううんっ、もっと乱暴に揉んで欲しいっ……！\n　痛いくらい、んはぁ、揉みしだいてっ？」%K%P
言われるまでもなく手に力が入る。\nこの爆乳を思いっきり揉みまくりたい……！%K%P
言われるまでもなく手に力が入る。\nこの爆乳を思いっきり揉みまくりたい……！%K%P
%LC千鶴
%LC千鶴
「くはぁぁあんっっ……！！　あふぁ、あはぁ……！！\n　乳搾りみたいに握り締められてっ……！！」%K%P
「くはぁぁあんっっ……！！　あふぁ、あはぁ……！！\n　乳搾りみたいに握り締められてっ……！！」%K%P
%LC千鶴
%LC千鶴
「ヤバい、これ気持ちいい……！\n　んはぁ、あぁんっ、刺激、超強いっ……！！」%K%P
「ヤバい、これ気持ちいい……！\n　んはぁ、あぁんっ、刺激、超強いっ……！！」%K%P
%LC千鶴
%LC千鶴
「あふぁ、ダメっ、ああああっ……！！\n　ギュウギュウされるとイく――んん、イくぅっ……！！」%K%P
「あふぁ、ダメっ、ああああっ……！！\n　ギュウギュウされるとイく――んん、イくぅっ……！！」%K%P
%LC春樹
%LC春樹
「ホントにマゾだよね、お姉ちゃん……！\n　それに、はぁはぁ、ホント敏感すぎ……！」%K%P
「ホントにマゾだよね、お姉ちゃん……！\n　それに、はぁはぁ、ホント敏感すぎ……！」%K%P
%LC千鶴
%LC千鶴
「だ、だって、気持ち良くてっ――あふぁあっ！！\n　チンポもっ、ふぁ、おっぱいもっ……！！」%K%P
「だ、だって、気持ち良くてっ――あふぁあっ！！\n　チンポもっ、ふぁ、おっぱいもっ……！！」%K%P
腰を揺らしているのか、はたまた悶えているだけなのか。\nお姉ちゃんが僕の膝の上で身体をビクビク跳ね上げる。%K%P
腰を揺らしているのか、はたまた悶えているだけなのか。\nお姉ちゃんが僕の膝の上で身体をビクビク跳ね上げる。%K%P
%LC千鶴
%LC千鶴
「この体勢っ、ああぁっ、ヤバすぎっ……！！\n　身じろぎするだけで、ふぁ、奥擦れて……！！」%K%P
「この体勢っ、ああぁっ、ヤバすぎっ……！！\n　身じろぎするだけで、ふぁ、奥擦れて……！！」%K%P
%LC千鶴
%LC千鶴
「ビクってした途端っ、んぁあっ！！\n　ズンってなってっ、あっ、あぁっ、イくっ、イくぅ！！」%K%P
「ビクってした途端っ、んぁあっ！！\n　ズンってなってっ、あっ、あぁっ、イくっ、イくぅ！！」%K%P
どうやら後者だったらしい。\nイきっぱなしの顔でお姉ちゃんが大口を開けて喘ぐ。%K%P
どうやら後者だったらしい。\nイきっぱなしの顔でお姉ちゃんが大口を開けて喘ぐ。%K%P
その快感に酔っ払った姿が\nすさまじくエロいっ……！%K%P
その快感に酔っ払った姿が\nすさまじくエロいっ……！%K%P
%LC千鶴
%LC千鶴
「今日は、あぁあんっ、あたしが気持ち良くしたげようと\n　思ってたのにっ、あっ、あっ、む、無理かもっ……！」%K%P
「今日は、あぁあんっ、あたしが気持ち良くしたげようと\n　思ってたのにっ、あっ、あっ、む、無理かもっ……！」%K%P
%LC千鶴
%LC千鶴
「腰振ろうと思うと――ふぁあああっ！\n　イ、イっちゃって……！　全然動いてられない……！」%K%P
「腰振ろうと思うと――ふぁあああっ！\n　イ、イっちゃって……！　全然動いてられない……！」%K%P
%LC春樹
%LC春樹
「そんなに気持ちいいんだっ……？\n　僕の、はぁはぁ、おちんちんっ……！」%K%P
「そんなに気持ちいいんだっ……？\n　僕の、はぁはぁ、おちんちんっ……！」%K%P
%LC千鶴
%LC千鶴
「気持ち良すぎるくらいだってばぁ……！！\n　身体中、んはぁ、ビクビクしっぱなしだもん……！！」%K%P
「気持ち良すぎるくらいだってばぁ……！！\n　身体中、んはぁ、ビクビクしっぱなしだもん……！！」%K%P
お姉ちゃんよりはマシかもしれないけれど、\nかくいう僕もビクビクが止まらない。%K%P
お姉ちゃんよりはマシかもしれないけれど、\nかくいう僕もビクビクが止まらない。%K%P
もっと、はぁはぁ、もっと、\nお姉ちゃんのおまんこでおちんちん扱きたい……！！%K%P
もっと、はぁはぁ、もっと、\nお姉ちゃんのおまんこでおちんちん扱きたい……！！%K%P
%LC千鶴
%LC千鶴
「あひぃぃんっ！！　あはぁんっ！！　あぁあっ！！\n　あっ、あっ、あっ、あぁあああああっっ！！」%K%P
「あひぃぃんっ！！　あはぁんっ！！　あぁあっ！！\n　あっ、あっ、あっ、あぁあああああっっ！！」%K%P
%LC千鶴
%LC千鶴
「激しっ――イくっ、イくイくイくぅぅ〜〜！！」%K%P
「激しっ――イくっ、イくイくイくぅぅ〜〜！！」%K%P
%LC千鶴
%LC千鶴
「んぁあああああっっ〜〜！！\n　奥グリグリするのヤバいっ、ああ、ヤバいヤバいっ！！」%K%P
「んぁあああああっっ〜〜！！\n　奥グリグリするのヤバいっ、ああ、ヤバいヤバいっ！！」%K%P
お姉ちゃんのおっぱいを鷲掴みにして支えにしながら、\nがむしゃらに腰を振って膣奥を突き込んでいく。%K%P
お姉ちゃんのおっぱいを鷲掴みにして支えにしながら、\nがむしゃらに腰を振って膣奥を突き込んでいく。%K%P
%LC千鶴
%LC千鶴
「ダ、ダメぇっ、あたしがっ、あっ、あああっ……！！\n　あたしが気持ち良くしたげるって言ったのにぃ……！！」%K%P
「ダ、ダメぇっ、あたしがっ、あっ、あああっ……！！\n　あたしが気持ち良くしたげるって言ったのにぃ……！！」%K%P
%LC春樹
%LC春樹
「十分、はぁはぁっ、気持ちいいってばっ……！！」%K%P
「十分、はぁはぁっ、気持ちいいってばっ……！！」%K%P
%LC千鶴
%LC千鶴
「十分じゃヤダのっ……！　お姉ちゃんも、\n　あっ、ああっ、リードしてあげたいのっ……！！」%K%P
「十分じゃヤダのっ……！　お姉ちゃんも、\n　あっ、ああっ、リードしてあげたいのっ……！！」%K%P
%LC千鶴
%LC千鶴
「弟のチンポっ、んぁぁあっ……！！\n　おまんこで気持ち良くしたげたいのっ……！！」%K%P
「弟のチンポっ、んぁぁあっ……！！\n　おまんこで気持ち良くしたげたいのっ……！！」%K%P
言葉とは裏腹に余裕なさげなトロ顔で\n見つめてきながら、お姉ちゃんが腰を振り返してくる。%K%P
言葉とは裏腹に余裕なさげなトロ顔で\n見つめてきながら、お姉ちゃんが腰を振り返してくる。%K%P
%LC千鶴
%LC千鶴
「んはぁっ！　んぁああっ！　んはぁぁぁ……！！\n　これっ、どうっ？　きもっ、気持ちいいっ？」%K%P
「んはぁっ！　んぁああっ！　んはぁぁぁ……！！\n　これっ、どうっ？　きもっ、気持ちいいっ？」%K%P
%LC千鶴
%LC千鶴
「もっと身体浮かせた方がいいっ？\n　くはぁっ……！！　ふぁぁああっっ……！！」%K%P
「もっと身体浮かせた方がいいっ？\n　くはぁっ……！！　ふぁぁああっっ……！！」%K%P
大声で喘ぎながらもお姉ちゃんが腰を振ってくれる。\nその必死さが、むしろエロい……！%K%P
大声で喘ぎながらもお姉ちゃんが腰を振ってくれる。\nその必死さが、むしろエロい……！%K%P
腰の振り方どうこうよりも、\nよっぽど僕の性欲を煽ってくる。%K%P
腰の振り方どうこうよりも、\nよっぽど僕の性欲を煽ってくる。%K%P
%LC千鶴
%LC千鶴
「えへっ、えへへっ、チンポ震えてるっ……！！\n　もっと感じてっ？　気持ち良くなってっ？」%K%P
「えへっ、えへへっ、チンポ震えてるっ……！！\n　もっと感じてっ？　気持ち良くなってっ？」%K%P
%LC千鶴
%LC千鶴
「お姉ちゃんみたいにっ――ん゛はぁぁっっ！！\n　イきっ、イきまくってっっ……？」%K%P
「お姉ちゃんみたいにっ――ん゛はぁぁっっ！！\n　イきっ、イきまくってっっ……？」%K%P
ジュブジュブと卑猥な水音を響かせながら、\nお姉ちゃんが激しく身体を揺らしてくる。%K%P
ジュブジュブと卑猥な水音を響かせながら、\nお姉ちゃんが激しく身体を揺らしてくる。%K%P
はぁはぁ、気持ちいい……！　自分で突くのと違って\n問答無用に感じさせられちゃって……！%K%P
はぁはぁ、気持ちいい……！　自分で突くのと違って\n問答無用に感じさせられちゃって……！%K%P
%LC千鶴
%LC千鶴
「嬉しいっ、あはぁっ、んはぁっっ……！！\n　もっと気持ち良くなってっ……！！\n　お姉ちゃんのおまんこで感じてっ……！！」%K%P
「嬉しいっ、あはぁっ、んはぁっっ……！！\n　もっと気持ち良くなってっ……！！\n　お姉ちゃんのおまんこで感じてっ……！！」%K%P
%LC千鶴
%LC千鶴
「お姉ちゃんのっ、ああぁっ、\n　おまんこジャンキーになるくらいっ……！！\n　あっ、あっ、お姉ちゃんとのセックス、好きになってぇ」%K%P
「お姉ちゃんのっ、ああぁっ、\n　おまんこジャンキーになるくらいっ……！！\n　あっ、あっ、お姉ちゃんとのセックス、好きになってぇ」%K%P
%LC春樹
%LC春樹
「お姉ちゃんのっ、はぁはぁ、おまんこジャンキーって」%K%P
「お姉ちゃんのっ、はぁはぁ、おまんこジャンキーって」%K%P
%LC千鶴
%LC千鶴
「いつでもしたくなっちゃうくらいっ、あっ、あっ、\n　はまって欲しいってことっ……！！」%K%P
「いつでもしたくなっちゃうくらいっ、あっ、あっ、\n　はまって欲しいってことっ……！！」%K%P
%LC千鶴
%LC千鶴
「あたしはもうっ、あぁんっ、弟チンポジャンキーに\n　なっちゃってるからっっ……！！」%K%P
「あたしはもうっ、あぁんっ、弟チンポジャンキーに\n　なっちゃってるからっっ……！！」%K%P
%LC千鶴
%LC千鶴
「一日一回以上、ふぁ、あぁあんっ……！！\n　セックスしないと、あっ、あっ、禁断症状でちゃうっ」%K%P
「一日一回以上、ふぁ、あぁあんっ……！！\n　セックスしないと、あっ、あっ、禁断症状でちゃうっ」%K%P
%LC千鶴
%LC千鶴
「大好きな弟の顔見るだけでっ……！\n　んぁ、あぁあんっ、襲いたくなっちゃうっ……！！」%K%P
「大好きな弟の顔見るだけでっ……！\n　んぁ、あぁあんっ、襲いたくなっちゃうっ……！！」%K%P
%LC春樹
%LC春樹
「それっ、んはぁ、いつものお姉ちゃんじゃない……！」%K%P
「それっ、んはぁ、いつものお姉ちゃんじゃない……！」%K%P
%LC千鶴
%LC千鶴
「つまりそれくらいっ、あっ、あっ、あっ……！！\n　あたしは弟とセックスしたいのぉっっ……！！！」%K%P
「つまりそれくらいっ、あっ、あっ、あっ……！！\n　あたしは弟とセックスしたいのぉっっ……！！！」%K%P
%LC千鶴
%LC千鶴
「んちゅぅっ……！！　んふっ、んんっっ！！\n　んれろろぉっ、れろぉっ――ん゛んんっっ！！」%K%P
「んちゅぅっ……！！　んふっ、んんっっ！！\n　んれろろぉっ、れろぉっ――ん゛んんっっ！！」%K%P
パンパンに膨れあがった性欲が弾けるように、\nお姉ちゃんががむしゃらにベロを絡ませてくる。%K%P
パンパンに膨れあがった性欲が弾けるように、\nお姉ちゃんががむしゃらにベロを絡ませてくる。%K%P
%LC千鶴
%LC千鶴
「しゅきっ、れろろっ、だいしゅきぃっ……！！\n　んふっ、んちゅぁっ、しゅきっ、しゅきぃ……！！」%K%P
「しゅきっ、れろろっ、だいしゅきぃっ……！！\n　んふっ、んちゅぁっ、しゅきっ、しゅきぃ……！！」%K%P
%LC千鶴
%LC千鶴
「何回セックスしても伝えきれないくらい好きっ……！！\n　どれだけキスしてもし足りないくらい好きっっ……！！」%K%P
「何回セックスしても伝えきれないくらい好きっ……！！\n　どれだけキスしてもし足りないくらい好きっっ……！！」%K%P
%LC千鶴
%LC千鶴
「ずっと、んちゅっ、ずっと繋がってたいっ……！！\n　んぁっ、ああっ、大好きな弟とセックスしたいっ……！」%K%P
「ずっと、んちゅっ、ずっと繋がってたいっ……！！\n　んぁっ、ああっ、大好きな弟とセックスしたいっ……！」%K%P
剥き出しの感情を唇で、おまんこで伝えられて、\nめちゃくちゃに愛欲が昂ぶる。%K%P
剥き出しの感情を唇で、おまんこで伝えられて、\nめちゃくちゃに愛欲が昂ぶる。%K%P
僕も大好きなお姉ちゃんに射精したいっ……！！\n何回でも射精して愛を伝えたいっ……！！%K%P
僕も大好きなお姉ちゃんに射精したいっ……！！\n何回でも射精して愛を伝えたいっ……！！%K%P
%LC千鶴
%LC千鶴
「れろぉっ、ぺろろろぉっ……！！\n　ビュービューしてっ？　膣内に出してっ？」%K%P
「れろぉっ、ぺろろろぉっ……！！\n　ビュービューしてっ？　膣内に出してっ？」%K%P
%LC千鶴
%LC千鶴
「欲しがってるのっ、れろぉっ、ぺろろぉ……！\n　お姉ちゃんのスケベまんこっ、弟の精子欲しがってるの」%K%P
「欲しがってるのっ、れろぉっ、ぺろろぉ……！\n　お姉ちゃんのスケベまんこっ、弟の精子欲しがってるの」%K%P
%LC千鶴
%LC千鶴
「だからっ、んちゅっ、れろれろぉっ……！\n　いっぱいにしてっ？　弟のザーメンでっ、あっ、んぁっ、\n　お姉ちゃんのおまんこっ、パンパンにしてっ？」%K%P
「だからっ、んちゅっ、れろれろぉっ……！\n　いっぱいにしてっ？　弟のザーメンでっ、あっ、んぁっ、\n　お姉ちゃんのおまんこっ、パンパンにしてっ？」%K%P
%LC千鶴
%LC千鶴
「弟ザーメンジャンキーのエロまんこにっ、\n　んちゅぅっ、れろろぉっ……！！\n　特濃精子っ、いっぱいっ、いっぱいっ……！！」%K%P
「弟ザーメンジャンキーのエロまんこにっ、\n　んちゅぅっ、れろろぉっ……！！\n　特濃精子っ、いっぱいっ、いっぱいっ……！！」%K%P
%LC千鶴
%LC千鶴
「いっぱいっ――ドピュドピュしてぇぇええっっ〜〜！！」%K%P
「いっぱいっ――ドピュドピュしてぇぇええっっ〜〜！！」%K%P
%LC千鶴
%LC千鶴
「あっ、あっ、あっ、あっ、あっ――\n　――ふぁあああああああああああっっ〜〜！！！！」%K%P
「あっ、あっ、あっ、あっ、あっ――\n　――ふぁあああああああああああっっ〜〜！！！！」%K%P
半ば無理やり搾り取られるように、\nお姉ちゃんの膣内へ射精する。%K%P
半ば無理やり搾り取られるように、\nお姉ちゃんの膣内へ射精する。%K%P
僕もお姉ちゃんも絶頂の快感に激しく悶えてしまって、\nお互いの身体を力いっぱいに抱きしめていた。%K%P
僕もお姉ちゃんも絶頂の快感に激しく悶えてしまって、\nお互いの身体を力いっぱいに抱きしめていた。%K%P
%LC千鶴
%LC千鶴
「きもちっ、あああっ、気持ちいいっっ……！！\n　やっぱり好きっ、中出しされるの大好きっ……！！」%K%P
「きもちっ、あああっ、気持ちいいっっ……！！\n　やっぱり好きっ、中出しされるの大好きっ……！！」%K%P
%LC千鶴
%LC千鶴
「全部、はぁはぁ、全部出してっ……！！\n　熱いの全部っ、んはぁ、ザーメン搾り出して……！！」%K%P
「全部、はぁはぁ、全部出してっ……！！\n　熱いの全部っ、んはぁ、ザーメン搾り出して……！！」%K%P
%LC春樹
%LC春樹
「んはぁ……！！　んんんっっ……！！」%K%P
「んはぁ……！！　んんんっっ……！！」%K%P
巧みにおちんちんを扱かれて精子を吸い出される。\nはぁはぁ、めちゃくちゃ気持ちいい……！！%K%P
巧みにおちんちんを扱かれて精子を吸い出される。\nはぁはぁ、めちゃくちゃ気持ちいい……！！%K%P
%LC千鶴
%LC千鶴
「はぁ、はぁ、はぁ……！！　まだ、出てる……。\n　えへへ……はぁはぁ、気持ちいい……！」%K%P
「はぁ、はぁ、はぁ……！！　まだ、出てる……。\n　えへへ……はぁはぁ、気持ちいい……！」%K%P
絶頂の余韻に身体を震わせながら、\nお姉ちゃんが幸せそうな笑みを向けてくれる。%K%P
絶頂の余韻に身体を震わせながら、\nお姉ちゃんが幸せそうな笑みを向けてくれる。%K%P
%LC春樹
%LC春樹
「はぁはぁ、どう？　満足した……？」%K%P
「はぁはぁ、どう？　満足した……？」%K%P
%LC千鶴
%LC千鶴
「……ううん。全然……。\n　まだまだエッチし足んない……」%K%P
「……ううん。全然……。\n　まだまだエッチし足んない……」%K%P
%LC春樹
%LC春樹
「もう……。ホントにエッチなんだから……」%K%P
「もう……。ホントにエッチなんだから……」%K%P
%LC千鶴
%LC千鶴
「なら……満足してるの？」%K%P
「なら……満足してるの？」%K%P
%LC春樹
%LC春樹
「……してないけど」%K%P
「……してないけど」%K%P
%LC千鶴
%LC千鶴
「ふふ。なら、お互い様じゃん……。\n　今日は一日セックスデート……だね？」%K%P
「ふふ。なら、お互い様じゃん……。\n　今日は一日セックスデート……だね？」%K%P
%LC春樹
%LC春樹
「むしろ付き合ってから\n　セックス以外してないような……」%K%P
「むしろ付き合ってから\n　セックス以外してないような……」%K%P
%LC千鶴
%LC千鶴
「だって……どっかデート行くより、\n　エッチしてる方が幸せなんだもん……」%K%P
「だって……どっかデート行くより、\n　エッチしてる方が幸せなんだもん……」%K%P
%LC春樹
%LC春樹
「考えてみると、それも不健全だよね……」%K%P
「考えてみると、それも不健全だよね……」%K%P
でも、そんな不健全な時間に\n僕もまた幸せを感じてしまってる。%K%P
でも、そんな不健全な時間に\n僕もまた幸せを感じてしまってる。%K%P
姉と弟として過ごしてきた時間が\n長かったからかもしれない。%K%P
姉と弟として過ごしてきた時間が\n長かったからかもしれない。%K%P
改めてデートに行くよりも、\nこうして愛し合える喜びをもっと味わっていたいんだ。%K%P
改めてデートに行くよりも、\nこうして愛し合える喜びをもっと味わっていたいんだ。%K%P
%LC春樹
%LC春樹
「僕も……とっくにジャンキーだったみたい」%K%P
「僕も……とっくにジャンキーだったみたい」%K%P
%LC千鶴
%LC千鶴
「え？」%K%P
「え？」%K%P
%LC春樹
%LC春樹
「う、ううん。なんでもない」%K%P
「う、ううん。なんでもない」%K%P
恥ずかしくなって顔を逸らしつつも、ついお姉ちゃんの\nおまんこを突いて、おっぱいを揉んでしまう。%K%P
恥ずかしくなって顔を逸らしつつも、ついお姉ちゃんの\nおまんこを突いて、おっぱいを揉んでしまう。%K%P
お姉ちゃんもまた僕に口づけしたり、\nおちんちんをグリグリ擦ってきたりしてくる。%K%P
お姉ちゃんもまた僕に口づけしたり、\nおちんちんをグリグリ擦ってきたりしてくる。%K%P
%LC千鶴
%LC千鶴
「えへへ……。繋がってるのマジで幸せ……。\n　ずっとこうして繋がっていたい……」%K%P
「えへへ……。繋がってるのマジで幸せ……。\n　ずっとこうして繋がっていたい……」%K%P
%LC春樹
%LC春樹
「うん……。今日は一日こうしてよっか。\n　どこに行くにも二人一緒がいいな……」%K%P
「うん……。今日は一日こうしてよっか。\n　どこに行くにも二人一緒がいいな……」%K%P
%LC千鶴
%LC千鶴
「えへへ……。清佳ちゃんや愛ちゃんが\n　一緒に暮らしてくれてて良かったね……？」%K%P
「えへへ……。清佳ちゃんや愛ちゃんが\n　一緒に暮らしてくれてて良かったね……？」%K%P
%LC千鶴
%LC千鶴
「じゃないと、あたしたち……。\n　日がな一日セックスしちゃってそうだもん」%K%P
「じゃないと、あたしたち……。\n　日がな一日セックスしちゃってそうだもん」%K%P
%LC千鶴
%LC千鶴
「ま……今日は、日がな一日セックスするんだけど」%K%P
「ま……今日は、日がな一日セックスするんだけど」%K%P
お姉ちゃんがぎゅっと抱きついてくる。\n僕もそんな彼女を抱きしめ返す。%K%P
お姉ちゃんがぎゅっと抱きついてくる。\n僕もそんな彼女を抱きしめ返す。%K%P
%LC千鶴
%LC千鶴
「さ……続き、しよ？」%K%P
「さ……続き、しよ？」%K%P
%LC千鶴
%LC千鶴
「お姉ちゃんと、幸せな幸せな\n　近親相姦セックス……して欲しいな？」%K%P
「お姉ちゃんと、幸せな幸せな\n　近親相姦セックス……して欲しいな？」%K%P
%LC春樹
%LC春樹
「もう……。恋人扱いして欲しいのか、\n　お姉ちゃん扱いして欲しいのかどっちなのさ……」%K%P
「もう……。恋人扱いして欲しいのか、\n　お姉ちゃん扱いして欲しいのかどっちなのさ……」%K%P
%LC千鶴
%LC千鶴
「えへへ、どっちも」%K%P
「えへへ、どっちも」%K%P
恋人兼お姉ちゃんが幸せそうに微笑む。\nその顔を見るだけでおちんちんが硬さを取り戻していく。%K%P
恋人兼お姉ちゃんが幸せそうに微笑む。\nその顔を見るだけでおちんちんが硬さを取り戻していく。%K%P
どうやら僕も恋人兼弟の立場が\n気に入っちゃってるみたいだ。%K%P
どうやら僕も恋人兼弟の立場が\n気に入っちゃってるみたいだ。%K%P
